******************************************************************************
            TI ARM Clang Linker Unix v3.2.0                    
******************************************************************************
>> Linked Fri Apr 19 13:35:15 2024

OUTPUT FILE NAME:   <pwmled1.out>
ENTRY POINT SYMBOL: "resetISR"  address: 00001b1d


MEMORY CONFIGURATION

         name            origin    length      used     unused   attr    fill
----------------------  --------  ---------  --------  --------  ----  --------
  FLASH                 00000000   00080000  00001cdd  0007e323  R  X
  SRAM                  20000000   00009000  000027bb  00006845  RW X
  S2RRAM                40098000   00001000  00000000  00001000  RW  
  CCFG                  4e020000   00000800  00000800  00000000  R   
  LOG_DATA              90000000   00040000  00000000  00040000  R   
  LOG_PTR               94000008   00040000  00000000  00040000  R   


SEGMENT ALLOCATION MAP

run origin  load origin   length   init length attrs members
----------  ----------- ---------- ----------- ----- -------
00000000    00000000    00001c93   00001c93    r-x
  00000000    00000000    0000008c   0000008c    r-- .resetVecs
  0000008c    0000008c    00001b62   00001b62    r-x .text
  00001bf0    00001bf0    000000a3   000000a3    r-- .rodata
00001c94    00001c94    00000008   00000008    rw-
  00001c94    00001c94    00000008   00000008    rw- .args
00001c9c    00001c9c    00000044   00000044    r--
  00001c9c    00001c9c    00000044   00000044    r-- .cinit
20000000    20000000    00002333   00000000    rw-
  20000000    20000000    00002000   00000000    rw- .sysmem
  20002000    20002000    000001ac   00000000    rw- .bss
  200021b0    200021b0    00000183   00000000    rw- .data
20008c00    20008c00    00000400   00000000    rw-
  20008c00    20008c00    00000400   00000000    rw- .stack
4e020000    4e020000    00000800   00000800    r--
  4e020000    4e020000    00000800   00000800    r-- .ccfg


SECTION ALLOCATION MAP

 output                                  attributes/
section   page    origin      length       input sections
--------  ----  ----------  ----------   ----------------
.resetVecs 
*          0    00000000    0000008c     
                  00000000    0000008c     nortos_cc23x0r5.a : startup_cc23x0r5_ticlang.c.obj (.resetVecs)

.binit     0    00000000    00000000     

.text      0    0000008c    00001b62     
                  0000008c    00000140     nortos_cc23x0r5.a : PowerCC23X0_nortos.c.obj (.text.PowerCC23X0_standbyPolicy)
                  000001cc    00000120     drivers_cc23x0r5.a : LGPTimerLPF3.c.obj (.text.LGPTimerLPF3_open)
                  000002ec    000000dc                        : GPIOLPF3.c.obj (.text.GPIO_init)
                  000003c8    000000d0                        : PWMTimerLPF3.c.obj (.text.PWMTimerLPF3_open)
                  00000498    000000a4                        : PWMTimerLPF3.c.obj (.text.PWMTimerLPF3_setDutyAndPeriod)
                  0000053c    000000a4                        : PWMTimerLPF3.c.obj (.text.PWMTimerLPF3_setPeriod)
                  000005e0    000000a2     libclang_rt.builtins.a : udivmoddi4.S.obj (.text)
                  00000682    00000002     ti_drivers_config.obj (.text.Board_initHook)
                  00000684    000000a0     drivers_cc23x0r5.a : LGPTimerLPF3.c.obj (.text.LGPTimerLPF3_initHw)
                  00000724    0000009c                        : PowerCC23X0.c.obj (.text.Power_init)
                  000007c0    0000009c     nortos_cc23x0r5.a : SemaphoreP_nortos.c.obj (.text.SemaphoreP_pend)
                  0000085c    00000084     drivers_cc23x0r5.a : LGPTimerLPF3.c.obj (.text.LGPTimerLPF3_close)
                  000008e0    00000078     nortos_cc23x0r5.a : ClockPLPF3_nortos.c.obj (.text.ClockP_hwiCallback)
                  00000958    00000078                       : HwiPCC23X0_nortos.c.obj (.text.HwiP_construct)
                  000009d0    00000078     drivers_cc23x0r5.a : PowerCC23X0.c.obj (.text.PowerCC23X0_oscillatorISR)
                  00000a48    00000078     libc.a : copy_decompress_lzss.c.obj (.text:decompress:lzss)
                  00000ac0    00000074     nortos_cc23x0r5.a : ClockPLPF3_nortos.c.obj (.text.ClockP_startup)
                  00000b34    0000006c     drivers_cc23x0r5.a : PWMTimerLPF3.c.obj (.text.PWMTimerLPF3_setDuty)
                  00000ba0    0000006c                        : PowerCC23X0.c.obj (.text.PowerCC23X0_startHFXT)
                  00000c0c    00000064     nortos_cc23x0r5.a : ClockPLPF3_nortos.c.obj (.text.ClockP_start)
                  00000c70    00000064     drivers_cc23x0r5.a : GPIOLPF3.c.obj (.text.GPIO_setConfigAndMux)
                  00000cd4    00000064     driverlib.a : interrupt.c.obj (.text.IntSetPriority)
                  00000d38    00000064     pwmled1.obj (.text.mainThread)
                  00000d9c    00000060     drivers_cc23x0r5.a : PWMTimerLPF3.c.obj (.text.PWMTimerLPF3_getDutyCounts)
                  00000dfc    0000005c     nortos_cc23x0r5.a : ClockPLPF3_nortos.c.obj (.text.ClockP_walkQueueDynamic)
                  00000e58    0000005c                       : SemaphoreP_nortos.c.obj (.text.SemaphoreP_construct)
                  00000eb4    00000058     drivers_cc23x0r5.a : PowerCC23X0.c.obj (.text.Power_releaseDependency)
                  00000f0c    00000058                        : PowerCC23X0.c.obj (.text.Power_setDependency)
                  00000f64    00000058     libclang_rt.builtins.a : clzsi2.c.obj (.text.__clzsi2)
                  00000fbc    00000058     nortos_cc23x0r5.a : ClockPLPF3_nortos.c.obj (.text.sleepTicks)
                  00001014    00000054     ti_drivers_config.obj (.text.Board_shutDownExtFlash)
                  00001068    00000054     driverlib.a : lrfd.c.obj (.text.LRFDApplyClockDependencies)
                  000010bc    0000004c     ti_drivers_config.obj (.text.Board_sendExtFlashByte)
                  00001108    0000004c     drivers_cc23x0r5.a : PowerCC23X0.c.obj (.text.Power_sleep)
                  00001154    00000048     nortos_cc23x0r5.a : ClockPLPF3_nortos.c.obj (.text.ClockP_construct)
                  0000119c    00000044     drivers_cc23x0r5.a : PWMTimerLPF3.c.obj (.text.PWMTimerLPF3_getPeriodCounts)
                  000011e0    00000040                        : PWM.c.obj (.text.PWM_init)
                  00001220    00000040                        : PWM.c.obj (.text.PWM_open)
                  00001260    00000040     nortos_cc23x0r5.a : SemaphoreP_nortos.c.obj (.text.SemaphoreP_post)
                  000012a0    00000040     libclang_rt.builtins.a : aeabi_uidivmod.S.obj (.text.__aeabi_uidivmod)
                  000012e0    0000003c     libc.a : autoinit.c.obj (.text:__TI_auto_init_nobinit_nopinit)
                  0000131c    0000003a     libclang_rt.builtins.a : muldsi3.S.obj (.text.__muldsi3)
                  00001356    00000002     driverlib.a : interrupt.c.obj (.text.IntDefaultHandler)
                  00001358    00000038     drivers_cc23x0r5.a : GPIOLPF3.c.obj (.text.GPIO_hwiIntFxn)
                  00001390    00000038     driverlib.a : interrupt.c.obj (.text.IntClearPend)
                  000013c8    00000034     ti_drivers_config.obj (.text.Board_wakeUpExtFlash)
                  000013fc    00000034     drivers_cc23x0r5.a : LGPTimerLPF3.c.obj (.text.LGPTimerLPF3_setInitialChannelCompVal)
                  00001430    00000034                        : LGPTimerLPF3.c.obj (.text.LGPTimerLPF3_setNextChannelCompVal)
                  00001464    00000034                        : PowerCC23X0.c.obj (.text.PowerCC23X0_notify)
                  00001498    00000030                        : GPIO.c.obj (.text.GPIO_resetConfig)
                  000014c8    00000030     driverlib.a : interrupt.c.obj (.text.IntIsEnabled)
                  000014f8    00000030     drivers_cc23x0r5.a : LGPTimerLPF3.c.obj (.text.LGPTimerLPF3_setInitialCounterTarget)
                  00001528    00000030                        : LGPTimerLPF3.c.obj (.text.LGPTimerLPF3_setNextCounterTarget)
                  00001558    00000030                        : PowerCC23X0.c.obj (.text.Power_getDependencyCount)
                  00001588    00000030                        : PowerCC23X0.c.obj (.text.Power_releaseConstraint)
                  000015b8    0000002c     driverlib.a : interrupt.c.obj (.text.IntRegister)
                  000015e4    0000002c     drivers_cc23x0r5.a : PowerCC23X0.c.obj (.text.PowerCC23X0_setDependencyCount)
                  00001610    0000002c                        : PowerCC23X0.c.obj (.text.Power_setConstraint)
                  0000163c    0000002c     driverlib.a : setup.c.obj (.text.SetupTrimDevice)
                  00001668    0000002a     drivers_cc23x0r5.a : PWMTimerLPF3.c.obj (.text.PWMTimerLPF3_start)
                  00001692    00000002                        : PWMTimerLPF3.c.obj (.text.PWMTimerLPF3_init)
                  00001694    00000028     ti_drivers_config.obj (.text.Board_init)
                  000016bc    00000028     nortos_cc23x0r5.a : ClockPLPF3_nortos.c.obj (.text.ClockP_usleep)
                  000016e4    00000028     driverlib.a : interrupt.c.obj (.text.IntDisable)
                  0000170c    00000028                 : interrupt.c.obj (.text.IntEnable)
                  00001734    00000028     drivers_cc23x0r5.a : List.c.obj (.text.List_remove)
                  0000175c    00000028                        : PowerCC23X0.c.obj (.text.Power_registerNotify)
                  00001784    00000024     nortos_cc23x0r5.a : HwiPCC23X0_nortos.c.obj (.text.HwiP_dispatch)
                  000017a8    00000024     drivers_cc23x0r5.a : LGPTimerLPF3.c.obj (.text.LGPTimerLPF3_start)
                  000017cc    00000024                        : List.c.obj (.text.List_put)
                  000017f0    00000024                        : PWMTimerLPF3.c.obj (.text.PWMTimerLPF3_stop)
                  00001814    00000024                        : PowerCC23X0.c.obj (.text.PowerLPF3_selectLFXT)
                  00001838    00000024     libclang_rt.builtins.a : muldi3.S.obj (.text.__muldi3)
                  0000185c    00000024     libc.a : boot_cortex_m.c.obj (.text:_c_int00)
                  00001880    00000020     nortos_cc23x0r5.a : ClockPLPF3_nortos.c.obj (.text.ClockP_add)
                  000018a0    0000001e     drivers_cc23x0r5.a : LGPTimerLPF3.c.obj (.text.LGPTimerLPF3_stop)
                  000018be    00000002     nortos_cc23x0r5.a : SemaphoreP_nortos.c.obj (.text.SemaphoreP_destruct)
                  000018c0    0000001e     libclang_rt.builtins.a : ashldi3.S.obj (.text.__ashldi3)
                  000018de    00000002                            : aeabi_div0.c.obj (.text.__aeabi_idiv0)
                  000018e0    0000001c     drivers_cc23x0r5.a : GPIO.c.obj (.text.GPIO_setCallback)
                  000018fc    0000001c     driverlib.a : lrfd.c.obj (.text.LRFDReleaseClockDependency)
                  00001918    0000001c                 : lrfd.c.obj (.text.LRFDSetClockDependency)
                  00001934    0000001c     libc.a : args_main.c.obj (.text._args_main)
                  00001950    00000018     nortos_cc23x0r5.a : HwiPCC23X0_nortos.c.obj (.text.HwiP_inISR)
                  00001968    00000018                       : HwiPCC23X0_nortos.c.obj (.text.HwiP_setFunc)
                  00001980    00000018     drivers_cc23x0r5.a : LGPTimerLPF3.c.obj (.text.LGPTimerLPF3HwiFxn)
                  00001998    00000018                        : PowerCC23X0.c.obj (.text.Power_idleFunc)
                  000019b0    00000016                        : LGPTimerLPF3.c.obj (.text.LGPTimerLPF3_getCounterWidth)
                  000019c6    00000016     libc.a : copy_zero_init.c.obj (.text:decompress:ZI:__TI_zero_init_nomemset)
                  000019dc    00000014     nortos_cc23x0r5.a : ClockPLPF3_nortos.c.obj (.text.ClockP_destruct)
                  000019f0    00000014     drivers_cc23x0r5.a : GPIOLPF3.c.obj (.text.GPIO_disableInt)
                  00001a04    00000014                        : GPIOLPF3.c.obj (.text.GPIO_write)
                  00001a18    00000014     driverlib.a : interrupt.c.obj (.text.IntUnregister)
                  00001a2c    00000014     drivers_cc23x0r5.a : List.c.obj (.text.List_clearList)
                  00001a40    00000014     libclang_rt.builtins.a : aeabi_uldivmod.S.obj (.text.__aeabi_uldivmod)
                  00001a54    00000012     nortos_cc23x0r5.a : HwiPCC23X0_nortos.c.obj (.text.HwiP_destruct)
                  00001a66    00000012     drivers_cc23x0r5.a : PWMTimerLPF3.c.obj (.text.PWMTimerLPF3_close)
                  00001a78    00000012     libc.a : memcpy16.S.obj (.text:TI_memcpy_small)
                  00001a8a    00000012            : copy_decompress_none.c.obj (.text:decompress:none)
                  00001a9c    00000010     nortos_cc23x0r5.a : ClockPLPF3_nortos.c.obj (.text.ClockP_getCpuFreq)
                  00001aac    00000010                       : HwiPCC23X0_nortos.c.obj (.text.HwiP_Params_init)
                  00001abc    00000010     drivers_cc23x0r5.a : LGPTimerLPF3.c.obj (.text.LGPTimerLPF3_Params_init)
                  00001acc    00000010                        : LGPTimerLPF3.c.obj (.text.LGPTimerLPF3_postNotifyFxn)
                  00001adc    00000010                        : PWM.c.obj (.text.PWM_Params_init)
                  00001aec    00000010                        : PowerCC23X0.c.obj (.text.Power_disablePolicy)
                  00001afc    00000010                        : PowerCC23X0.c.obj (.text.Power_unregisterNotify)
                  00001b0c    00000010     main_nortos.obj (.text.main)
                  00001b1c    00000010     nortos_cc23x0r5.a : startup_cc23x0r5_ticlang.c.obj (.text.resetISR)
                  00001b2c    0000000e                       : HwiPCC23X0_nortos.c.obj (.text.HwiP_restore)
                  00001b3a    0000000c                       : HwiPCC23X0_nortos.c.obj (.text.HwiP_disable)
                  00001b46    0000000c     drivers_cc23x0r5.a : LGPTimerLPF3.c.obj (.text.LGPTimerLPF3_setChannelOutputLevel)
                  00001b52    00000002     libclang_rt.builtins.a : aeabi_div0.c.obj (.text.__aeabi_ldiv0)
                  00001b54    0000000c     drivers_cc23x0r5.a : PowerCC23X0.c.obj (.text.PowerCC23X0_rtcISR)
                  00001b60    0000000c                        : PowerCC23X0.c.obj (.text.Power_enablePolicy)
                  00001b6c    0000000c                        : PowerCC23X0.c.obj (.text.Power_getConstraintMask)
                  00001b78    0000000a                        : GPIOLPF3.c.obj (.text.GPIO_setConfig)
                  00001b82    0000000a                        : PWM.c.obj (.text.PWM_setDuty)
                  00001b8c    0000000a                        : PWM.c.obj (.text.PWM_start)
                  00001b96    00000008     nortos_cc23x0r5.a : HwiPCC23X0_nortos.c.obj (.text.HwiP_clearInterrupt)
                  00001b9e    00000008                       : HwiPCC23X0_nortos.c.obj (.text.HwiP_enable)
                  00001ba6    00000008                       : HwiPCC23X0_nortos.c.obj (.text.HwiP_enableInterrupt)
                  00001bae    00000008                       : NoRTOS.c.obj (.text.NoRTOS_start)
                  00001bb6    00000002                       : SemaphoreP_nortos.c.obj (.text.clkFxn)
                  00001bb8    00000008     libclang_rt.builtins.a : aeabi_memcpy.S.obj (.text.__aeabi_memcpy)
                  00001bc0    00000008     nortos_cc23x0r5.a : ClockPLPF3_nortos.c.obj (.text.sleepClkFxn)
                  00001bc8    00000008                       : posix_sleep.c.obj (.text.usleep)
                  00001bd0    00000006     driverlib.a : cpu.c.obj (.text.CPUDelay)
                  00001bd6    00000006     drivers_cc23x0r5.a : PWMTimerLPF3.c.obj (.text.PWMTimerLPF3_control)
                  00001bdc    00000004     nortos_cc23x0r5.a : ClockPLPF3_nortos.c.obj (.text.ClockP_isActive)
                  00001be0    00000004     libc.a : pre_init.c.obj (.text._system_pre_init)
                  00001be4    00000004            : exit.c.obj (.text:abort)
                  00001be8    00000002     nortos_cc23x0r5.a : startup_cc23x0r5_ticlang.c.obj (.text.faultISR)
                  00001bea    00000002                       : startup_cc23x0r5_ticlang.c.obj (.text.intDefaultHandler)
                  00001bec    00000002                       : startup_cc23x0r5_ticlang.c.obj (.text.nmiISR)

.rodata    0    00001bf0    000000a3     
                  00001bf0    00000024     drivers_cc23x0r5.a : PWMTimerLPF3.c.obj (.rodata.PWMTimerLPF3_fxnTable)
                  00001c14    00000018                        : PWM.c.obj (.rodata.PWM_defaultParams)
                  00001c2c    00000014     ti_drivers_config.obj (.rodata.LGPTimerLPF3_hwAttrs)
                  00001c40    00000010     ti_drivers_config.obj (.rodata.GPIO_config)
                  00001c50    00000010     drivers_cc23x0r5.a : LGPTimerLPF3.c.obj (.rodata.cst16)
                  00001c60    0000000c     nortos_cc23x0r5.a : ClockPLPF3_nortos.c.obj (.rodata.ClockP_defaultParams)
                  00001c6c    0000000c     ti_drivers_config.obj (.rodata.PWM_config)
                  00001c78    00000008     ti_drivers_config.obj (.rodata.LGPTimerLPF3_config)
                  00001c80    00000008     ti_drivers_config.obj (.rodata.PowerCC23X0_config)
                  00001c88    00000005     nortos_cc23x0r5.a : PowerCC23X0_nortos.c.obj (.rodata.sysTimerResolutionShift)
                  00001c8d    00000002     ti_drivers_config.obj (.rodata.PWMTimerLPF3_hwAttrs)
                  00001c8f    00000001     ti_drivers_config.obj (.rodata.GPIO_pinLowerBound)
                  00001c90    00000001     ti_drivers_config.obj (.rodata.GPIO_pinUpperBound)
                  00001c91    00000001     ti_drivers_config.obj (.rodata.LGPTimerLPF3_count)
                  00001c92    00000001     ti_drivers_config.obj (.rodata.PWM_count)

.cinit     0    00001c9c    00000044     
                  00001c9c    0000001e     (.cinit..data.load) [load image, compression = lzss]
                  00001cba    00000002     --HOLE-- [fill = 0]
                  00001cbc    0000000c     (__TI_handler_table)
                  00001cc8    00000008     (.cinit..bss.load) [load image, compression = zero_init]
                  00001cd0    00000010     (__TI_cinit_table)

.init_array 
*          0    00000000    00000000     UNINITIALIZED

.sysmem    0    20000000    00002000     UNINITIALIZED
                  20000000    00000010     libc.a : memory.c.obj (.sysmem)
                  20000010    00001ff0     --HOLE--

.bss       0    20002000    000001ac     UNINITIALIZED
                  20002000    00000068     (.common:gpioCallbackFunctions)
                  20002068    00000068     (.common:gpioUserArgs)
                  200020d0    00000044     (.common:LGPTimerLPF3_objects)
                  20002114    0000001c     drivers_cc23x0r5.a : PowerCC23X0.c.obj (.bss.ckmHwi)
                  20002130    0000001c                        : GPIOLPF3.c.obj (.bss.gpioHwi)
                  2000214c    0000001c     (.common:PWMTimerLPF3_objects)
                  20002168    0000001c     (.common:clockHwi)
                  20002184    00000014     nortos_cc23x0r5.a : PowerCC23X0_nortos.c.obj (.bss.sysTimerTimeouts)
                  20002198    00000008     drivers_cc23x0r5.a : PowerCC23X0.c.obj (.bss.notifyList)
                  200021a0    00000004                        : PowerCC23X0.c.obj (.bss.PowerCC23X0_enterStandby.controlPreStandby)
                  200021a4    00000004                        : PowerCC23X0.c.obj (.bss.constraintCounts)
                  200021a8    00000004     driverlib.a : lrfd.c.obj (.bss.lrfdClockDependencySets)

.data      0    200021b0    00000183     UNINITIALIZED
                  200021b0    0000008c     nortos_cc23x0r5.a : HwiPCC23X0_nortos.c.obj (.data.HwiP_dispatchTable)
                  2000223c    00000068     ti_drivers_config.obj (.data.gpioPinConfigs)
                  200022a4    0000003f     drivers_cc23x0r5.a : PowerCC23X0.c.obj (.data..L_MergedGlobals.1)
                  200022e3    00000001     nortos_cc23x0r5.a : ClockPLPF3_nortos.c.obj (.data.ClockP_initialized)
                  200022e4    00000024     drivers_cc23x0r5.a : PowerCC23X0.c.obj (.data..L_MergedGlobals)
                  20002308    00000014     nortos_cc23x0r5.a : ClockPLPF3_nortos.c.obj (.data..L_MergedGlobals)
                  2000231c    00000004                       : HwiPCC23X0_nortos.c.obj (.data.HwiP_swiPIntNum)
                  20002320    00000010                       : SemaphoreP_nortos.c.obj (.data..L_MergedGlobals)
                  20002330    00000001     drivers_cc23x0r5.a : GPIOLPF3.c.obj (.data.initCalled)
                  20002331    00000001                        : PWM.c.obj (.data.isInitialized)
                  20002332    00000001     driverlib.a : lrfd.c.obj (.data.lrfdClocked)

.ramVecs   0    20002400    0000008c     NOLOAD SECTION
                  20002400    0000008c     driverlib.a : interrupt.c.obj (.ramVecs)

.stack     0    20008c00    00000400     UNINITIALIZED
                  20008c00    00000004     libc.a : boot_cortex_m.c.obj (.stack)
                  20008c04    000003fc     --HOLE--

.ccfg      0    4e020000    00000800     
                  4e020000    00000800     ti_devices_config.obj (.ccfg)

.log_data 
*          0    90000000    00000000     COPY SECTION

.log_ptr   0    94000008    00000000     COPY SECTION

__llvm_prf_cnts 
*          0    20000000    00000000     UNINITIALIZED

__llvm_prf_bits 
*          0    20000000    00000000     UNINITIALIZED

.args      0    00001c94    00000008     
                  00001c94    00000008     --HOLE-- [fill = 0]

MODULE SUMMARY

       Module                           code   ro data   rw data
       ------                           ----   -------   -------
    <current directory>
       ti_devices_config.obj            0      2048      0      
       ti_drivers_config.obj            254    70        408    
       pwmled1.obj                      100    0         0      
       main_nortos.obj                  16     0         0      
    +--+--------------------------------+------+---------+---------+
       Total:                           370    2118      408    
                                                                
    /home/developer/.conan/data/tiarmllvm/3.2.0.LTS-0/library-msp/ga/package/be241241e9d4718e5bab4eb33935bbb69606bb0c/lib/armv6m-ti-none-eabi/c/libc.a
       copy_decompress_lzss.c.obj       120    0         0      
       autoinit.c.obj                   60     0         0      
       boot_cortex_m.c.obj              36     0         0      
       args_main.c.obj                  28     0         0      
       copy_zero_init.c.obj             22     0         0      
       copy_decompress_none.c.obj       18     0         0      
       memcpy16.S.obj                   18     0         0      
       exit.c.obj                       4      0         0      
       pre_init.c.obj                   4      0         0      
    +--+--------------------------------+------+---------+---------+
       Total:                           310    0         0      
                                                                
    /home/developer/.conan/data/tiarmllvm/3.2.0.LTS-0/library-msp/ga/package/be241241e9d4718e5bab4eb33935bbb69606bb0c/lib/clang/15.0.7/lib/armv6m-ti-none-eabi/libclang_rt.builtins.a
       udivmoddi4.S.obj                 162    0         0      
       clzsi2.c.obj                     88     0         0      
       aeabi_uidivmod.S.obj             64     0         0      
       muldsi3.S.obj                    58     0         0      
       muldi3.S.obj                     36     0         0      
       ashldi3.S.obj                    30     0         0      
       aeabi_uldivmod.S.obj             20     0         0      
       aeabi_memcpy.S.obj               8      0         0      
       aeabi_div0.c.obj                 4      0         0      
    +--+--------------------------------+------+---------+---------+
       Total:                           470    0         0      
                                                                
    /project/staging/core_examples/simplelink-lowpower-f3-sdk/kernel/nortos/lib/ticlang/m0p/nortos_cc23x0r5.a
       ClockPLPF3_nortos.c.obj          708    12        21     
       HwiPCC23X0_nortos.c.obj          288    0         144    
       PowerCC23X0_nortos.c.obj         320    5         20     
       SemaphoreP_nortos.c.obj          316    0         16     
       startup_cc23x0r5_ticlang.c.obj   22     140       0      
       NoRTOS.c.obj                     8      0         0      
       posix_sleep.c.obj                8      0         0      
    +--+--------------------------------+------+---------+---------+
       Total:                           1670   157       201    
                                                                
    /project/staging/core_examples/simplelink-lowpower-f3-sdk/source/ti/devices/cc23x0r5/driverlib/lib/ticlang/driverlib.a
       interrupt.c.obj                  350    0         140    
       lrfd.c.obj                       140    0         5      
       setup.c.obj                      44     0         0      
       cpu.c.obj                        6      0         0      
    +--+--------------------------------+------+---------+---------+
       Total:                           540    0         145    
                                                                
    /project/staging/core_examples/simplelink-lowpower-f3-sdk/source/ti/drivers/lib/ticlang/m0p/drivers_cc23x0r5.a
       PowerCC23X0.c.obj                1040   0         171    
       LGPTimerLPF3.c.obj               936    16        0      
       PWMTimerLPF3.c.obj               912    36        0      
       GPIOLPF3.c.obj                   426    0         29     
       PWM.c.obj                        164    24        1      
       List.c.obj                       96     0         0      
       GPIO.c.obj                       76     0         0      
    +--+--------------------------------+------+---------+---------+
       Total:                           3650   76        201    
                                                                
       Heap:                            0      0         8192   
       Stack:                           0      0         1024   
       Linker Generated:                0      66        0      
    +--+--------------------------------+------+---------+---------+
       Grand Total:                     7010   2417      10171  


LINKER GENERATED COPY TABLES

__TI_cinit_table @ 00001cd0 records: 2, size/record: 8, table size: 16
	.data: load addr=00001c9c, load size=0000001e bytes, run addr=200021b0, run size=00000183 bytes, compression=lzss
	.bss: load addr=00001cc8, load size=00000008 bytes, run addr=20002000, run size=000001ac bytes, compression=zero_init


LINKER GENERATED HANDLER TABLE

__TI_handler_table @ 00001cbc records: 3, size/record: 4, table size: 12
	index: 0, handler: __TI_decompress_lzss
	index: 1, handler: __TI_decompress_none
	index: 2, handler: __TI_zero_init


GLOBAL SYMBOLS: SORTED ALPHABETICALLY BY Name 

address   name                                 
-------   ----                                 
00001695  Board_init                           
00000683  Board_initHook                       
000010bd  Board_sendExtFlashByte               
00001015  Board_shutDownExtFlash               
000013c9  Board_wakeUpExtFlash                 
00001be4  C$$EXIT                              
00001bd1  CPUDelay                             
00001881  ClockP_add                           
00001155  ClockP_construct                     
000019dd  ClockP_destruct                      
00001a9d  ClockP_getCpuFreq                    
00001bdd  ClockP_isActive                      
00000c0d  ClockP_start                         
00000ac1  ClockP_startup                       
000016bd  ClockP_usleep                        
00000dfd  ClockP_walkQueueDynamic              
00001c40  GPIO_config                          
000019f1  GPIO_disableInt                      
00001359  GPIO_hwiIntFxn                       
000002ed  GPIO_init                            
00001c8f  GPIO_pinLowerBound                   
00001c90  GPIO_pinUpperBound                   
00001499  GPIO_resetConfig                     
000018e1  GPIO_setCallback                     
00001b79  GPIO_setConfig                       
00000c71  GPIO_setConfigAndMux                 
00001a05  GPIO_write                           
00001aad  HwiP_Params_init                     
00001b97  HwiP_clearInterrupt                  
00000959  HwiP_construct                       
00001a55  HwiP_destruct                        
00001b3b  HwiP_disable                         
00001785  HwiP_dispatch                        
00001b9f  HwiP_enable                          
00001ba7  HwiP_enableInterrupt                 
00001951  HwiP_inISR                           
00001b2d  HwiP_restore                         
00001969  HwiP_setFunc                         
2000231c  HwiP_swiPIntNum                      
00001391  IntClearPend                         
000016e5  IntDisable                           
0000170d  IntEnable                            
000014c9  IntIsEnabled                         
000015b9  IntRegister                          
00000cd5  IntSetPriority                       
00001a19  IntUnregister                        
00001abd  LGPTimerLPF3_Params_init             
0000085d  LGPTimerLPF3_close                   
00001c78  LGPTimerLPF3_config                  
00001c91  LGPTimerLPF3_count                   
000019b1  LGPTimerLPF3_getCounterWidth         
200020d0  LGPTimerLPF3_objects                 
000001cd  LGPTimerLPF3_open                    
00001b47  LGPTimerLPF3_setChannelOutputLevel   
000013fd  LGPTimerLPF3_setInitialChannelCompVal
000014f9  LGPTimerLPF3_setInitialCounterTarget 
00001431  LGPTimerLPF3_setNextChannelCompVal   
00001529  LGPTimerLPF3_setNextCounterTarget    
000017a9  LGPTimerLPF3_start                   
000018a1  LGPTimerLPF3_stop                    
00001069  LRFDApplyClockDependencies           
000018fd  LRFDReleaseClockDependency           
00001919  LRFDSetClockDependency               
00001a2d  List_clearList                       
000017cd  List_put                             
00001735  List_remove                          
00001baf  NoRTOS_start                         
00001a67  PWMTimerLPF3_close                   
00001bd7  PWMTimerLPF3_control                 
00001bf0  PWMTimerLPF3_fxnTable                
00001c8d  PWMTimerLPF3_hwAttrs                 
00001693  PWMTimerLPF3_init                    
2000214c  PWMTimerLPF3_objects                 
000003c9  PWMTimerLPF3_open                    
00000b35  PWMTimerLPF3_setDuty                 
00000499  PWMTimerLPF3_setDutyAndPeriod        
0000053d  PWMTimerLPF3_setPeriod               
00001669  PWMTimerLPF3_start                   
000017f1  PWMTimerLPF3_stop                    
00001add  PWM_Params_init                      
00001c6c  PWM_config                           
00001c92  PWM_count                            
00001c14  PWM_defaultParams                    
000011e1  PWM_init                             
00001221  PWM_open                             
00001b83  PWM_setDuty                          
00001b8d  PWM_start                            
00001c80  PowerCC23X0_config                   
00001465  PowerCC23X0_notify                   
0000008d  PowerCC23X0_standbyPolicy            
00001815  PowerLPF3_selectLFXT                 
00001aed  Power_disablePolicy                  
00001b61  Power_enablePolicy                   
00001b6d  Power_getConstraintMask              
00001559  Power_getDependencyCount             
00001999  Power_idleFunc                       
00000725  Power_init                           
0000175d  Power_registerNotify                 
00001589  Power_releaseConstraint              
00000eb5  Power_releaseDependency              
00001611  Power_setConstraint                  
00000f0d  Power_setDependency                  
00001109  Power_sleep                          
00001afd  Power_unregisterNotify               
00000e59  SemaphoreP_construct                 
20002328  SemaphoreP_defaultParams             
000018bf  SemaphoreP_destruct                  
000007c1  SemaphoreP_pend                      
00001261  SemaphoreP_post                      
0000163d  SetupTrimDevice                      
00001a79  TI_memcpy_small                      
20009000  __STACK_END                          
00000400  __STACK_SIZE                         
00002000  __SYSMEM_SIZE                        
00000000  __TI_ATRegion0_region_sz             
00000000  __TI_ATRegion0_src_addr              
00000000  __TI_ATRegion0_trg_addr              
00000000  __TI_ATRegion1_region_sz             
00000000  __TI_ATRegion1_src_addr              
00000000  __TI_ATRegion1_trg_addr              
00000000  __TI_ATRegion2_region_sz             
00000000  __TI_ATRegion2_src_addr              
00000000  __TI_ATRegion2_trg_addr              
00001cd0  __TI_CINIT_Base                      
00001ce0  __TI_CINIT_Limit                     
00001ce0  __TI_CINIT_Warm                      
00001cbc  __TI_Handler_Table_Base              
00001cc8  __TI_Handler_Table_Limit             
000012e1  __TI_auto_init_nobinit_nopinit       
00000a49  __TI_decompress_lzss                 
00001a8b  __TI_decompress_none                 
ffffffff  __TI_pprof_out_hndl                  
ffffffff  __TI_prof_data_size                  
ffffffff  __TI_prof_data_start                 
00000000  __TI_static_base__                   
000019c7  __TI_zero_init_nomemset              
000018df  __aeabi_idiv0                        
00001b53  __aeabi_ldiv0                        
000018c1  __aeabi_llsl                         
00001839  __aeabi_lmul                         
00001bb9  __aeabi_memcpy                       
00001bb9  __aeabi_memcpy4                      
00001bb9  __aeabi_memcpy8                      
000012a1  __aeabi_uidiv                        
000012a1  __aeabi_uidivmod                     
00001a41  __aeabi_uldivmod                     
000018c1  __ashldi3                            
ffffffff  __binit__                            
00001c94  __c_args__                           
00000f65  __clzsi2                             
UNDEFED   __mpu_init                           
00001839  __muldi3                             
0000131d  __muldsi3                            
20008c00  __stack                              
20000000  __start___llvm_prf_bits              
20000000  __start___llvm_prf_cnts              
20000000  __stop___llvm_prf_bits               
20000000  __stop___llvm_prf_cnts               
000005e1  __udivmoddi4                         
00001935  _args_main                           
0000185d  _c_int00                             
20000000  _sys_memory                          
UNDEFED   _system_post_cinit                   
00001be1  _system_pre_init                     
00001be5  abort                                
ffffffff  binit                                
4e020000  ccfg                                 
00001bb7  clkFxn                               
20002168  clockHwi                             
20002000  gpioCallbackFunctions                
2000223c  gpioPinConfigs                       
20002068  gpioUserArgs                         
00001b0d  main                                 
00000d39  mainThread                           
00001b1d  resetISR                             
00001bc9  usleep                               


GLOBAL SYMBOLS: SORTED BY Symbol Address 

address   name                                 
-------   ----                                 
00000000  __TI_ATRegion0_region_sz             
00000000  __TI_ATRegion0_src_addr              
00000000  __TI_ATRegion0_trg_addr              
00000000  __TI_ATRegion1_region_sz             
00000000  __TI_ATRegion1_src_addr              
00000000  __TI_ATRegion1_trg_addr              
00000000  __TI_ATRegion2_region_sz             
00000000  __TI_ATRegion2_src_addr              
00000000  __TI_ATRegion2_trg_addr              
00000000  __TI_static_base__                   
0000008d  PowerCC23X0_standbyPolicy            
000001cd  LGPTimerLPF3_open                    
000002ed  GPIO_init                            
000003c9  PWMTimerLPF3_open                    
00000400  __STACK_SIZE                         
00000499  PWMTimerLPF3_setDutyAndPeriod        
0000053d  PWMTimerLPF3_setPeriod               
000005e1  __udivmoddi4                         
00000683  Board_initHook                       
00000725  Power_init                           
000007c1  SemaphoreP_pend                      
0000085d  LGPTimerLPF3_close                   
00000959  HwiP_construct                       
00000a49  __TI_decompress_lzss                 
00000ac1  ClockP_startup                       
00000b35  PWMTimerLPF3_setDuty                 
00000c0d  ClockP_start                         
00000c71  GPIO_setConfigAndMux                 
00000cd5  IntSetPriority                       
00000d39  mainThread                           
00000dfd  ClockP_walkQueueDynamic              
00000e59  SemaphoreP_construct                 
00000eb5  Power_releaseDependency              
00000f0d  Power_setDependency                  
00000f65  __clzsi2                             
00001015  Board_shutDownExtFlash               
00001069  LRFDApplyClockDependencies           
000010bd  Board_sendExtFlashByte               
00001109  Power_sleep                          
00001155  ClockP_construct                     
000011e1  PWM_init                             
00001221  PWM_open                             
00001261  SemaphoreP_post                      
000012a1  __aeabi_uidiv                        
000012a1  __aeabi_uidivmod                     
000012e1  __TI_auto_init_nobinit_nopinit       
0000131d  __muldsi3                            
00001359  GPIO_hwiIntFxn                       
00001391  IntClearPend                         
000013c9  Board_wakeUpExtFlash                 
000013fd  LGPTimerLPF3_setInitialChannelCompVal
00001431  LGPTimerLPF3_setNextChannelCompVal   
00001465  PowerCC23X0_notify                   
00001499  GPIO_resetConfig                     
000014c9  IntIsEnabled                         
000014f9  LGPTimerLPF3_setInitialCounterTarget 
00001529  LGPTimerLPF3_setNextCounterTarget    
00001559  Power_getDependencyCount             
00001589  Power_releaseConstraint              
000015b9  IntRegister                          
00001611  Power_setConstraint                  
0000163d  SetupTrimDevice                      
00001669  PWMTimerLPF3_start                   
00001693  PWMTimerLPF3_init                    
00001695  Board_init                           
000016bd  ClockP_usleep                        
000016e5  IntDisable                           
0000170d  IntEnable                            
00001735  List_remove                          
0000175d  Power_registerNotify                 
00001785  HwiP_dispatch                        
000017a9  LGPTimerLPF3_start                   
000017cd  List_put                             
000017f1  PWMTimerLPF3_stop                    
00001815  PowerLPF3_selectLFXT                 
00001839  __aeabi_lmul                         
00001839  __muldi3                             
0000185d  _c_int00                             
00001881  ClockP_add                           
000018a1  LGPTimerLPF3_stop                    
000018bf  SemaphoreP_destruct                  
000018c1  __aeabi_llsl                         
000018c1  __ashldi3                            
000018df  __aeabi_idiv0                        
000018e1  GPIO_setCallback                     
000018fd  LRFDReleaseClockDependency           
00001919  LRFDSetClockDependency               
00001935  _args_main                           
00001951  HwiP_inISR                           
00001969  HwiP_setFunc                         
00001999  Power_idleFunc                       
000019b1  LGPTimerLPF3_getCounterWidth         
000019c7  __TI_zero_init_nomemset              
000019dd  ClockP_destruct                      
000019f1  GPIO_disableInt                      
00001a05  GPIO_write                           
00001a19  IntUnregister                        
00001a2d  List_clearList                       
00001a41  __aeabi_uldivmod                     
00001a55  HwiP_destruct                        
00001a67  PWMTimerLPF3_close                   
00001a79  TI_memcpy_small                      
00001a8b  __TI_decompress_none                 
00001a9d  ClockP_getCpuFreq                    
00001aad  HwiP_Params_init                     
00001abd  LGPTimerLPF3_Params_init             
00001add  PWM_Params_init                      
00001aed  Power_disablePolicy                  
00001afd  Power_unregisterNotify               
00001b0d  main                                 
00001b1d  resetISR                             
00001b2d  HwiP_restore                         
00001b3b  HwiP_disable                         
00001b47  LGPTimerLPF3_setChannelOutputLevel   
00001b53  __aeabi_ldiv0                        
00001b61  Power_enablePolicy                   
00001b6d  Power_getConstraintMask              
00001b79  GPIO_setConfig                       
00001b83  PWM_setDuty                          
00001b8d  PWM_start                            
00001b97  HwiP_clearInterrupt                  
00001b9f  HwiP_enable                          
00001ba7  HwiP_enableInterrupt                 
00001baf  NoRTOS_start                         
00001bb7  clkFxn                               
00001bb9  __aeabi_memcpy                       
00001bb9  __aeabi_memcpy4                      
00001bb9  __aeabi_memcpy8                      
00001bc9  usleep                               
00001bd1  CPUDelay                             
00001bd7  PWMTimerLPF3_control                 
00001bdd  ClockP_isActive                      
00001be1  _system_pre_init                     
00001be4  C$$EXIT                              
00001be5  abort                                
00001bf0  PWMTimerLPF3_fxnTable                
00001c14  PWM_defaultParams                    
00001c40  GPIO_config                          
00001c6c  PWM_config                           
00001c78  LGPTimerLPF3_config                  
00001c80  PowerCC23X0_config                   
00001c8d  PWMTimerLPF3_hwAttrs                 
00001c8f  GPIO_pinLowerBound                   
00001c90  GPIO_pinUpperBound                   
00001c91  LGPTimerLPF3_count                   
00001c92  PWM_count                            
00001c94  __c_args__                           
00001cbc  __TI_Handler_Table_Base              
00001cc8  __TI_Handler_Table_Limit             
00001cd0  __TI_CINIT_Base                      
00001ce0  __TI_CINIT_Limit                     
00001ce0  __TI_CINIT_Warm                      
00002000  __SYSMEM_SIZE                        
20000000  __start___llvm_prf_bits              
20000000  __start___llvm_prf_cnts              
20000000  __stop___llvm_prf_bits               
20000000  __stop___llvm_prf_cnts               
20000000  _sys_memory                          
20002000  gpioCallbackFunctions                
20002068  gpioUserArgs                         
200020d0  LGPTimerLPF3_objects                 
2000214c  PWMTimerLPF3_objects                 
20002168  clockHwi                             
2000223c  gpioPinConfigs                       
2000231c  HwiP_swiPIntNum                      
20002328  SemaphoreP_defaultParams             
20008c00  __stack                              
20009000  __STACK_END                          
4e020000  ccfg                                 
ffffffff  __TI_pprof_out_hndl                  
ffffffff  __TI_prof_data_size                  
ffffffff  __TI_prof_data_start                 
ffffffff  __binit__                            
ffffffff  binit                                
UNDEFED   __mpu_init                           
UNDEFED   _system_post_cinit                   

[176 symbols]
