******************************************************************************
            TI ARM Clang Linker Unix v3.2.0                    
******************************************************************************
>> Linked Fri Apr 19 14:32:34 2024

OUTPUT FILE NAME:   <sha2hash.out>
ENTRY POINT SYMBOL: "resetISR"  address: 00003c19


MEMORY CONFIGURATION

         name            origin    length      used     unused   attr    fill
----------------------  --------  ---------  --------  --------  ----  --------
  FLASH                 00000000   000b0000  0000453c  000abac4  R  X
  GPRAM                 11000000   00002000  00000000  00002000  RW X
  SRAM                  20000000   00024000  00004fee  0001f012  RW X
  LOG_DATA              90000000   00040000  00000000  00040000  R   
  LOG_PTR               94000008   00040000  00000000  00040000  R   


SEGMENT ALLOCATION MAP

run origin  load origin   length   init length attrs members
----------  ----------- ---------- ----------- ----- -------
00000000    00000000    00004458   00004458    r-x
  00000000    00000000    000000d8   000000d8    r-- .resetVecs
  000000d8    000000d8    00004074   00004074    r-x .text
  00004150    00004150    00000308   00000308    r-- .rodata
00004458    00004458    00000008   00000008    rw-
  00004458    00004458    00000008   00000008    rw- .args
00004460    00004460    00000088   00000088    r--
  00004460    00004460    00000088   00000088    r-- .cinit
000affa8    000affa8    00000058   00000058    r--
  000affa8    000affa8    00000058   00000058    r-- .ccfg
20000000    20000000    00000af6   00000000    rw-
  20000000    20000000    00000768   00000000    rw- .bss
  20000768    20000768    0000038e   00000000    rw- .data
20001850    20001850    00000020   00000000    rw-
  20001850    20001850    00000010   00000000    rw- .TI.bound:dmaUart1RxControlTableEntry
  20001860    20001860    00000010   00000000    rw- .TI.bound:dmaUart1TxControlTableEntry
20001870    20001870    00004000   00000000    rw-
  20001870    20001870    00004000   00000000    rw- .sysmem
20023c00    20023c00    00000400   00000000    rw-
  20023c00    20023c00    00000400   00000000    rw- .stack


SECTION ALLOCATION MAP

 output                                  attributes/
section   page    origin      length       input sections
--------  ----  ----------  ----------   ----------------
.resetVecs 
*          0    00000000    000000d8     
                  00000000    000000d8     nortos_cc26x2x7.a : startup_cc13x2_cc26x2_ticlang.c.obj (.resetVecs)

.binit     0    00000000    00000000     

.text      0    000000d8    00004074     
                  000000d8    0000086c     libc.a : _printfi.c.obj (.text:__TI_printfi_nofloat)
                  00000944    000001f0     drivers_cc26x2x7.a : UART2CC26X2.c.obj (.text.UART2CC26X2_hwiIntFxn)
                  00000b34    000001d4                        : UART2.c.obj (.text.UART2_readTimeout)
                  00000d08    00000194                        : PowerCC26X2_calibrateRCOSC.c.obj (.text.PowerCC26X2_auxISR)
                  00000e9c    0000018c                        : UART2CC26X2.c.obj (.text.UART2_open)
                  00001028    00000174                        : UART2.c.obj (.text.UART2_writeTimeoutBlocking)
                  0000119c    00000158                        : PowerCC26X2.c.obj (.text.Power_sleep)
                  000012f4    00000118                        : PowerCC26X2.c.obj (.text.Power_init)
                  0000140c    00000118                        : UART2.c.obj (.text.UART2_writeTimeoutNonblocking)
                  00001524    0000010c                        : PowerCC26X2_calibrateRCOSC.c.obj (.text.PowerCC26X2_calibrate)
                  00001630    0000010c                        : SHA2CC26X2.c.obj (.text.SHA2CC26X2_cleanUpAfterOperation)
                  0000173c    00000104                        : GPIOCC26X2.c.obj (.text.GPIO_init)
                  00001840    00000104                        : UART2CC26X2.c.obj (.text.UART2CC26X2_initHw)
                  00001944    000000f0     driverlib.lib : sys_ctrl.c.obj (.text.NOROM_SysCtrlStandby)
                  00001a34    000000f0     drivers_cc26x2x7.a : UART2CC26X2.c.obj (.text.UART2Support_dmaStartRx)
                  00001b24    000000dc     nortos_cc26x2x7.a : PowerCC26X2_nortos.c.obj (.text.PowerCC26XX_standbyPolicy)
                  00001c00    000000d8     drivers_cc26x2x7.a : SHA2CC26X2.c.obj (.text.SHA2CC26X2_hashData)
                  00001cd8    000000d0     driverlib.lib : setup.c.obj (.text.NOROM_SetupTrimDevice)
                  00001da8    000000d0     drivers_cc26x2x7.a : PowerCC26X2.c.obj (.text.configureXOSCHF)
                  00001e78    000000c4     nortos_cc26x2x7.a : SwiP_nortos.c.obj (.text.SwiP_construct)
                  00001f3c    000000bc     drivers_cc26x2x7.a : UART2CC26X2.c.obj (.text.UART2Support_dmaStartTx)
                  00001ff8    000000b4     sha2hash.obj (.text.mainThread)
                  000020ac    000000b0     drivers_cc26x2x7.a : PowerCC26X2.c.obj (.text.Power_setDependency)
                  0000215c    000000b0     libclang_rt.builtins.a : udivmoddi4.S.obj (.text)
                  0000220c    000000ac     drivers_cc26x2x7.a : PowerCC26X2.c.obj (.text.Power_releaseDependency)
                  000022b8    000000ac     driverlib.lib : setup.c.obj (.text.TrimAfterColdResetWakeupFromShutDown)
                  00002364    000000a4     nortos_cc26x2x7.a : ClockPTimer_nortos.c.obj (.text.ClockP_workFuncDynamic)
                  00002408    000000a0                       : TimerPCC26XX_nortos.c.obj (.text.TimerP_construct)
                  000024a8    00000098                       : SemaphoreP_nortos.c.obj (.text.SemaphoreP_pend)
                  00002540    00000094     drivers_cc26x2x7.a : SHA2CC26X2.c.obj (.text.SHA2CC26X2_computeIntermediateHash)
                  000025d4    00000090                        : GPIOCC26XX.c.obj (.text.GPIO_setConfigAndMux)
                  00002664    00000090     nortos_cc26x2x7.a : SwiP_nortos.c.obj (.text.SwiP_dispatch)
                  000026f4    00000080     drivers_cc26x2x7.a : UART2CC26X2.c.obj (.text.UART2Support_dmaStopTx)
                  00002774    0000007c     nortos_cc26x2x7.a : ClockPTimer_nortos.c.obj (.text.ClockP_startup)
                  000027f0    0000007c                       : HwiPCC26XX_nortos.c.obj (.text.HwiP_construct)
                  0000286c    00000074     drivers_cc26x2x7.a : PowerCC26X2_calibrateRCOSC_helpers.c.obj (.text.PowerCC26X2_updateSubSecInc)
                  000028e0    00000070     nortos_cc26x2x7.a : ClockPTimer_nortos.c.obj (.text.ClockP_start)
                  00002950    00000070     libc.a : copy_decompress_lzss.c.obj (.text:decompress:lzss)
                  000029c0    0000006c     drivers_cc26x2x7.a : PowerCC26X2.c.obj (.text.oscillatorISR)
                  00002a2c    00000068     nortos_cc26x2x7.a : ClockPTimer_nortos.c.obj (.text.ClockP_walkQueueDynamic)
                  00002a94    00000068     drivers_cc26x2x7.a : UART2CC26X2.c.obj (.text.UART2Support_dmaStopRx)
                  00002afc    00000064     driverlib.lib : osc.c.obj (.text.NOROM_OSCHF_AttemptToSwitchToXosc)
                  00002b60    00000064     drivers_cc26x2x7.a : PowerCC26X2_calibrateRCOSC.c.obj (.text.PowerCC26X2_initiateCalibration)
                  00002bc4    00000064                        : UDMACC26XX.c.obj (.text.UDMACC26XX_open)
                  00002c28    00000060                        : CryptoResourceCC26XX.c.obj (.text.CryptoResourceCC26XX_constructRTOSObjects)
                  00002c88    00000060                        : SHA2CC26X2.c.obj (.text.SHA2_construct)
                  00002ce8    0000005c                        : SHA2CC26X2.c.obj (.text.SHA2CC26X2_waitForResult)
                  00002d44    0000005c     nortos_cc26x2x7.a : SwiP_nortos.c.obj (.text.SwiP_post)
                  00002da0    00000054     sha2hash.obj (.text.printHash)
                  00002df4    00000050     ti_drivers_config.obj (.text.Board_shutDownExtFlash)
                  00002e44    00000050     nortos_cc26x2x7.a : SemaphoreP_nortos.c.obj (.text.SemaphoreP_construct)
                  00002e94    0000004e     ti_drivers_config.obj (.text.Board_sendExtFlashByte)
                  00002ee2    00000002     ti_drivers_config.obj (.text.Board_initHook)
                  00002ee4    0000004c     drivers_cc26x2x7.a : SHA2CC26X2.c.obj (.text.SHA2_hwiFxn)
                  00002f30    0000004c                        : PowerCC26X2.c.obj (.text.switchXOSCHF)
                  00002f7c    00000048     nortos_cc26x2x7.a : ClockPTimer_nortos.c.obj (.text.ClockP_construct)
                  00002fc4    00000048     drivers_cc26x2x7.a : SHA2CC26X2.c.obj (.text.SHA2CC26X2_configureInterrupts)
                  0000300c    00000048     nortos_cc26x2x7.a : TimerPCC26XX_nortos.c.obj (.text.TimerP_start)
                  00003054    00000048     drivers_cc26x2x7.a : UART2.c.obj (.text.UART2_readFull)
                  0000309c    00000046                        : RingBuf.c.obj (.text.RingBuf_put)
                  000030e2    00000002                        : UART2CC26X2.c.obj (.text.UART2CC26X2_eventCallback)
                  000030e4    00000044                        : GPIOCC26X2.c.obj (.text.GPIO_hwiIntFxn)
                  00003128    00000044     driverlib.lib : prcm.c.obj (.text.NOROM_PRCMPowerDomainsAllOff)
                  0000316c    00000044                   : prcm.c.obj (.text.NOROM_PRCMPowerDomainsAllOn)
                  000031b0    00000040     drivers_cc26x2x7.a : PowerCC26X2_calibrateRCOSC.c.obj (.text.PowerCC26X2_RCOSC_clockFunc)
                  000031f0    00000040                        : PowerCC26X2_calibrateRCOSC_helpers.c.obj (.text.PowerCC26X2_setAclkRefSrc)
                  00003230    00000040     nortos_cc26x2x7.a : SemaphoreP_nortos.c.obj (.text.SemaphoreP_post)
                  00003270    00000040     libc.a : atoi.c.obj (.text.atoi)
                  000032b0    0000003c     drivers_cc26x2x7.a : GPIO.c.obj (.text.GPIO_resetConfig)
                  000032ec    0000003c     driverlib.lib : osc.c.obj (.text.NOROM_OSC_HPOSCRelativeFrequencyOffsetGet)
                  00003328    0000003c     drivers_cc26x2x7.a : PowerCC26X2_calibrateRCOSC_helpers.c.obj (.text.PowerCC26X2_setTdcClkSrc24M)
                  00003364    00000038     driverlib.lib : aux_sysif.c.obj (.text.NOROM_AUXSYSIFOpModeChange)
                  0000339c    00000038                   : osc.c.obj (.text.NOROM_OSCHF_SwitchToRcOscTurnOffXosc)
                  000033d4    00000038                   : sys_ctrl.c.obj (.text.NOROM_SysCtrlIdle)
                  0000340c    00000038                   : osc.c.obj (.text.OSCHfSourceSwitch)
                  00003444    00000038     drivers_cc26x2x7.a : PowerCC26X2_helpers.c.obj (.text.PowerCC26X2_oscDisableQualifiers)
                  0000347c    00000038                        : RingBuf.c.obj (.text.RingBuf_putAdvance)
                  000034b4    00000038     nortos_cc26x2x7.a : SwiP_nortos.c.obj (.text.SwiP_restore)
                  000034ec    00000038     drivers_cc26x2x7.a : UART2.c.obj (.text.UART2_rxEnable)
                  00003524    00000038     libc.a : sprintf.c.obj (.text.sprintf)
                  0000355c    00000038            : autoinit.c.obj (.text:__TI_auto_init_nobinit_nopinit)
                  00003594    00000034     drivers_cc26x2x7.a : PowerCC26X2_helpers.c.obj (.text.PowerCC26X2_setSubSecIncToXoscLf)
                  000035c8    00000034                        : PowerCC26X2.c.obj (.text.Power_releaseConstraint)
                  000035fc    00000034     nortos_cc26x2x7.a : TimerPCC26XX_nortos.c.obj (.text.TimerP_getCurrentTick)
                  00003630    00000034     drivers_cc26x2x7.a : UART2CC26X2.c.obj (.text.UART2Support_sendData)
                  00003664    00000030     ti_drivers_config.obj (.text.Board_wakeUpExtFlash)
                  00003694    00000030     nortos_cc26x2x7.a : ClockPTimer_nortos.c.obj (.text.ClockP_getTicksUntilInterrupt)
                  000036c4    00000030     drivers_cc26x2x7.a : PowerCC26X2.c.obj (.text.Power_setConstraint)
                  000036f4    00000030                        : PowerCC26X2.c.obj (.text.notify)
                  00003724    00000030     libc.a : boot_cortex_m.c.obj (.text:_c_int00)
                  00003754    0000002e     drivers_cc26x2x7.a : RingBuf.c.obj (.text.RingBuf_getConsume)
                  00003782    0000002e                        : RingBuf.c.obj (.text.RingBuf_putPointer)
                  000037b0    0000002c     driverlib.lib : interrupt.c.obj (.text.NOROM_IntRegister)
                  000037dc    0000002c     nortos_cc26x2x7.a : TimerPCC26XX_nortos.c.obj (.text.TimerP_setThreshold)
                  00003808    0000002c     drivers_cc26x2x7.a : UART2CC26X2.c.obj (.text.UART2CC26X2_getRxData)
                  00003834    0000002c                        : UART2CC26X2.c.obj (.text.UART2Support_enableInts)
                  00003860    0000002a     nortos_cc26x2x7.a : TimerPCC26XX_nortos.c.obj (.text.TimerP_setNextTick)
                  0000388a    0000002a     drivers_cc26x2x7.a : UART2CC26X2.c.obj (.text.UART2Support_powerRelConstraint)
                  000038b4    00000028                        : SHA2CC26X2.c.obj (.text.SHA2_hashData)
                  000038dc    00000026                        : UART2CC26X2.c.obj (.text.UART2Support_powerSetConstraint)
                  00003902    00000002     libclang_rt.builtins.a : aeabi_div0.c.obj (.text.__aeabi_ldiv0)
                  00003904    00000024     nortos_cc26x2x7.a : ClockPTimer_nortos.c.obj (.text.ClockP_getTicks)
                  00003928    00000024     drivers_cc26x2x7.a : List.c.obj (.text.List_put)
                  0000394c    00000024     driverlib.lib : osc.c.obj (.text.NOROM_OSCHF_TurnOnXosc)
                  00003970    00000024     drivers_cc26x2x7.a : PowerCC26X2_calibrateRCOSC_helpers.c.obj (.text.PowerCC26X2_writeCtrim)
                  00003994    00000024                        : PowerCC26X2_calibrateRCOSC_helpers.c.obj (.text.PowerCC26X2_writeCtrimFract)
                  000039b8    00000024                        : PowerCC26X2_calibrateRCOSC_helpers.c.obj (.text.PowerCC26X2_writeCtrimFractEn)
                  000039dc    00000024                        : PowerCC26X2_calibrateRCOSC_helpers.c.obj (.text.PowerCC26X2_writeRtrim)
                  00003a00    00000024                        : PowerCC26X2.c.obj (.text.Power_registerNotify)
                  00003a24    00000022                        : RingBuf.c.obj (.text.RingBuf_getPointer)
                  00003a46    00000022     nortos_cc26x2x7.a : TimerPCC26XX_nortos.c.obj (.text.TimerP_getMaxTicks)
                  00003a68    00000022     drivers_cc26x2x7.a : UART2.c.obj (.text.UART2_read)
                  00003a8a    00000002     nortos_cc26x2x7.a : SemaphoreP_nortos.c.obj (.text.clkFxn)
                  00003a8c    00000020                       : ClockPTimer_nortos.c.obj (.text.ClockP_add)
                  00003aac    00000020                       : ClockPTimer_nortos.c.obj (.text.ClockP_scheduleNextTick)
                  00003acc    00000020     driverlib.lib : chipinfo.c.obj (.text.NOROM_ThisLibraryIsFor_CC13x2x7_CC26x2x7_HaltIfViolated)
                  00003aec    00000020     drivers_cc26x2x7.a : PowerCC26X2_helpers.c.obj (.text.PowerCC26X2_disableTCXOQual)
                  00003b0c    00000020                        : PowerCC26X2_helpers.c.obj (.text.PowerCC26X2_enableTCXOQual)
                  00003b2c    00000020     nortos_cc26x2x7.a : SemaphoreP_nortos.c.obj (.text.SemaphoreP_constructBinary)
                  00003b4c    0000001e                       : QueueP_nortos.c.obj (.text.QueueP_put)
                  00003b6a    0000001e     drivers_cc26x2x7.a : UART2.c.obj (.text.UART2_writeTimeout)
                  00003b88    0000001e     libc.a : memccpy.c.obj (.text.memccpy)
                  00003ba6    00000002     drivers_cc26x2x7.a : PowerCC26X2.c.obj (.text.emptyClockFunc)
                  00003ba8    0000001c     nortos_cc26x2x7.a : HwiPCC26XX_nortos.c.obj (.text.HwiP_dispatch)
                  00003bc4    0000001c     drivers_cc26x2x7.a : PowerCC26X2.c.obj (.text.Power_getTransitionLatency)
                  00003be0    0000001c                        : SHA2CC26X2.c.obj (.text.SHA2GetDigest)
                  00003bfc    0000001c     nortos_cc26x2x7.a : SwiP_nortos.c.obj (.text.SwiP_disable)
                  00003c18    0000001c                       : startup_cc13x2_cc26x2_ticlang.c.obj (.text.resetISR)
                  00003c34    0000001a                       : ClockPTimer_nortos.c.obj (.text.ClockP_destruct)
                  00003c4e    0000001a                       : QueueP_nortos.c.obj (.text.QueueP_get)
                  00003c68    00000018     drivers_cc26x2x7.a : GPIOCC26XX.c.obj (.text.GPIO_disableInt)
                  00003c80    00000018     nortos_cc26x2x7.a : HwiPCC26XX_nortos.c.obj (.text.HwiP_setFunc)
                  00003c98    00000018     drivers_cc26x2x7.a : PowerCC26X2.c.obj (.text.PowerCC26XX_calibrate)
                  00003cb0    00000018                        : PowerCC26X2.c.obj (.text.Power_idleFunc)
                  00003cc8    00000018     nortos_cc26x2x7.a : TimerPCC26XX_nortos.c.obj (.text.TimerP_dynamicStub)
                  00003ce0    00000018     libc.a : sprintf.c.obj (.text._outs)
                  00003cf8    00000018     drivers_cc26x2x7.a : UART2CC26X2.c.obj (.text.uartDmaDisable)
                  00003d10    00000018                        : UART2CC26X2.c.obj (.text.uartDmaEnable)
                  00003d28    00000016     ti_drivers_config.obj (.text.Board_init)
                  00003d3e    00000016     nortos_cc26x2x7.a : SwiP_nortos.c.obj (.text.SwiP_handleHwi)
                  00003d54    00000014                       : HwiPCC26XX_nortos.c.obj (.text.HwiP_inISR)
                  00003d68    00000014     drivers_cc26x2x7.a : PowerCC26X2.c.obj (.text.Power_disablePolicy)
                  00003d7c    00000014                        : SHA2CC26X2.c.obj (.text.SHA2CC26X2_waitForAccess)
                  00003d90    00000014                        : SHA2CC26X2.c.obj (.text.SHA2SetDigest)
                  00003da4    00000014                        : SHA2CC26X2.c.obj (.text.SHA2_init)
                  00003db8    00000014     nortos_cc26x2x7.a : TimerPCC26XX_nortos.c.obj (.text.TimerP_startup)
                  00003dcc    00000014     drivers_cc26x2x7.a : UART2CC26X2.c.obj (.text.UART2CC26X2_postNotifyFxn)
                  00003de0    00000014     libclang_rt.builtins.a : aeabi_uldivmod.S.obj (.text.__aeabi_uldivmod)
                  00003df4    00000014     libc.a : args_main.c.obj (.text._args_main)
                  00003e08    00000012     nortos_cc26x2x7.a : HwiPCC26XX_nortos.c.obj (.text.HwiP_Params_init)
                  00003e1a    00000012     libc.a : memcpy_t2.S.obj (.text:TI_memcpy_small)
                  00003e2c    00000010     nortos_cc26x2x7.a : ClockPTimer_nortos.c.obj (.text.ClockP_getCpuFreq)
                  00003e3c    00000010     drivers_cc26x2x7.a : GPIOCC26XX.c.obj (.text.GPIO_write)
                  00003e4c    00000010     nortos_cc26x2x7.a : HwiPCC26XX_nortos.c.obj (.text.HwiP_setPriority)
                  00003e5c    00000010     drivers_cc26x2x7.a : PowerCC26X2_helpers.c.obj (.text.PowerCC26X2_oscCtlClearXtal)
                  00003e6c    00000010                        : PowerCC26X2_helpers.c.obj (.text.PowerCC26X2_prcmEnableCacheRetention)
                  00003e7c    00000010                        : PowerCC26X2_calibrateRCOSC_helpers.c.obj (.text.PowerCC26X2_readCtrim)
                  00003e8c    00000010                        : PowerCC26X2_calibrateRCOSC_helpers.c.obj (.text.PowerCC26X2_readCtrimFract)
                  00003e9c    00000010                        : PowerCC26X2_calibrateRCOSC_helpers.c.obj (.text.PowerCC26X2_readRtrim)
                  00003eac    00000010                        : PowerCC26X2_helpers.c.obj (.text.PowerCC26X2_switchToTCXO)
                  00003ebc    00000010     nortos_cc26x2x7.a : PowerCC26X2_nortos.c.obj (.text.PowerCC26XX_schedulerDisable)
                  00003ecc    00000010     drivers_cc26x2x7.a : PowerCC26X2.c.obj (.text.Power_enablePolicy)
                  00003edc    00000010                        : RingBuf.c.obj (.text.RingBuf_construct)
                  00003eec    00000010                        : SHA2.c.obj (.text.SHA2_open)
                  00003efc    00000010     nortos_cc26x2x7.a : SwiP_nortos.c.obj (.text.SwiP_Params_init)
                  00003f0c    00000010                       : TimerPCC26XX_nortos.c.obj (.text.TimerP_Params_init)
                  00003f1c    00000010     drivers_cc26x2x7.a : UART2CC26X2.c.obj (.text.UART2Support_txDone)
                  00003f2c    00000010     main_nortos.obj (.text.main)
                  00003f3c    00000010     libc.a : wcslen.c.obj (.text.wcslen)
                  00003f4c    00000010            : copy_zero_init.c.obj (.text:decompress:ZI)
                  00003f5c    0000000e     nortos_cc26x2x7.a : HwiPCC26XX_nortos.c.obj (.text.HwiP_disable)
                  00003f6a    0000000e                       : HwiPCC26XX_nortos.c.obj (.text.HwiP_interruptsEnabled)
                  00003f78    0000000e     drivers_cc26x2x7.a : PowerCC26X2.c.obj (.text.OUTLINED_FUNCTION_0)
                  00003f86    0000000e     nortos_cc26x2x7.a : QueueP_nortos.c.obj (.text.QueueP_remove)
                  00003f94    0000000e     drivers_cc26x2x7.a : UART2.c.obj (.text.UART2_write)
                  00003fa2    0000000e     libc.a : _printfi.c.obj (.text.strlen)
                  00003fb0    0000000e     drivers_cc26x2x7.a : PowerCC26X2.c.obj (.text.switchToTCXO)
                  00003fbe    0000000e     libc.a : memset_t2.S.obj (.text:TI_memset_small)
                  00003fcc    0000000e            : copy_decompress_none.c.obj (.text:decompress:none)
                  00003fda    00000002     drivers_cc26x2x7.a : CryptoResourceCC26XX.c.obj (.text.errorSpin)
                  00003fdc    0000000c     nortos_cc26x2x7.a : ClockPTimer_nortos.c.obj (.text.ClockP_doTick)
                  00003fe8    0000000c                       : ClockPTimer_nortos.c.obj (.text.ClockP_getSystemTickPeriod)
                  00003ff4    0000000c                       : HwiPCC26XX_nortos.c.obj (.text.HwiP_post)
                  00004000    0000000c     drivers_cc26x2x7.a : PowerCC26X2_helpers.c.obj (.text.PowerCC26X2_oscClockSourceGet)
                  0000400c    0000000c                        : PowerCC26X2_helpers.c.obj (.text.PowerCC26X2_setPeriphDeepSleepEnable)
                  00004018    0000000c                        : PowerCC26X2_helpers.c.obj (.text.PowerCC26X2_sysCtrlGetResetSource)
                  00004024    0000000c                        : PowerCC26X2_helpers.c.obj (.text.PowerCC26X2_sysCtrlUpdateVoltageRegulator)
                  00004030    0000000c     nortos_cc26x2x7.a : PowerCC26X2_nortos.c.obj (.text.PowerCC26XX_schedulerRestore)
                  0000403c    0000000c     drivers_cc26x2x7.a : PowerCC26X2.c.obj (.text.Power_getConstraintMask)
                  00004048    0000000c     nortos_cc26x2x7.a : QueueP_nortos.c.obj (.text.QueueP_empty)
                  00004054    0000000c     drivers_cc26x2x7.a : UART2CC26X2.c.obj (.text.UART2Support_disableTx)
                  00004060    0000000c                        : UART2CC26X2.c.obj (.text.UART2Support_enableRx)
                  0000406c    0000000c                        : UART2CC26X2.c.obj (.text.UART2Support_enableTx)
                  00004078    0000000c                        : UART2.c.obj (.text.UART2_Params_init)
                  00004084    0000000a     nortos_cc26x2x7.a : ClockPTimer_nortos.c.obj (.text.ClockP_Params_init)
                  0000408e    0000000a     drivers_cc26x2x7.a : PowerCC26X2_helpers.c.obj (.text.PowerCC26X2_sysCtrlStandby)
                  00004098    0000000a                        : UDMACC26XX.c.obj (.text.UDMACC26XX_hwiIntFxn)
                  000040a2    00000002     nortos_cc26x2x7.a : startup_cc13x2_cc26x2_ticlang.c.obj (.text.faultISR)
                  000040a4    0000000a     libclang_rt.builtins.a : aeabi_memset.S.obj (.text.__aeabi_memset)
                  000040ae    0000000a     libc.a : sprintf.c.obj (.text._outc)
                  000040b8    00000008     nortos_cc26x2x7.a : HwiPCC26XX_nortos.c.obj (.text.HwiP_restore)
                  000040c0    00000008     driverlib.lib : cpu.c.obj (.text.NOROM_CPUcpsid)
                  000040c8    00000008                   : cpu.c.obj (.text.NOROM_CPUcpsie)
                  000040d0    00000008     drivers_cc26x2x7.a : PowerCC26X2_helpers.c.obj (.text.PowerCC26X2_oschfTrySwitchToXosc)
                  000040d8    00000008     libc.a : aeabi_portable.c.obj (.text.__aeabi_errno_addr)
                  000040e0    00000008     libclang_rt.builtins.a : aeabi_memset.S.obj (.text.__aeabi_memclr)
                  000040e8    00000006     nortos_cc26x2x7.a : ClockPTimer_nortos.c.obj (.text.ClockP_stop)
                  000040ee    00000006     drivers_cc26x2x7.a : GPIOCC26XX.c.obj (.text.GPIO_setConfig)
                  000040f4    00000006     driverlib.lib : cpu.c.obj (.text.NOROM_CPUdelay)
                  000040fa    00000006                   : cpu.c.obj (.text.NOROM_CPUprimask)
                  00004100    00000006     drivers_cc26x2x7.a : UART2.c.obj (.text.OUTLINED_FUNCTION_0)
                  00004106    00000006     nortos_cc26x2x7.a : QueueP_nortos.c.obj (.text.QueueP_init)
                  0000410c    00000004                       : ClockPTimer_nortos.c.obj (.text.ClockP_isActive)
                  00004110    00000004                       : ClockPTimer_nortos.c.obj (.text.ClockP_setTimeout)
                  00004114    00000004                       : HwiPCC26XX_nortos.c.obj (.text.HwiP_enable)
                  00004118    00000004                       : NoRTOS.c.obj (.text.NoRTOS_start)
                  0000411c    00000004     drivers_cc26x2x7.a : PowerCC26X2_helpers.c.obj (.text.PowerCC26X2_oschfSwitchToRcosc)
                  00004120    00000004                        : PowerCC26X2_helpers.c.obj (.text.PowerCC26X2_sysCtrlIdle)
                  00004124    00000004                        : PowerCC26X2_helpers.c.obj (.text.PowerCC26X2_turnOnXosc)
                  00004128    00000004     nortos_cc26x2x7.a : QueueP_nortos.c.obj (.text.QueueP_head)
                  0000412c    00000004                       : QueueP_nortos.c.obj (.text.QueueP_next)
                  00004130    00000004     drivers_cc26x2x7.a : RingBuf.c.obj (.text.RingBuf_getCount)
                  00004134    00000004     libclang_rt.builtins.a : aeabi_memcpy.S.obj (.text.__aeabi_memcpy)
                  00004138    00000004     libc.a : pre_init.c.obj (.text._system_pre_init)
                  0000413c    00000004     drivers_cc26x2x7.a : PowerCC26X2.c.obj (.text.configureRFCoreClocks)
                  00004140    00000004                        : PowerCC26X2.c.obj (.text.nopResourceHandler)
                  00004144    00000004     libc.a : exit.c.obj (.text:abort)
                  00004148    00000002     nortos_cc26x2x7.a : startup_cc13x2_cc26x2_ticlang.c.obj (.text.intDefaultHandler)
                  0000414a    00000002                       : startup_cc13x2_cc26x2_ticlang.c.obj (.text.nmiISR)

.rodata    0    00004150    00000308     
                  00004150    00000101     libc.a : aeabi_ctype.S.obj (.rodata:__aeabi_ctype_table_)
                  00004251    00000002     drivers_cc26x2x7.a : UART2CC26X2.c.obj (.rodata.stopBits)
                  00004253    00000001     ti_drivers_config.obj (.rodata.GPIO_pinLowerBound)
                  00004254    00000058     ti_drivers_config.obj (.rodata.uart2CC26X2HWAttrs)
                  000042ac    00000054     drivers_cc26x2x7.a : PowerCC26X2.c.obj (.rodata.resourceDB)
                  00004300    00000029     sha2hash.obj (.rodata.promptEnter)
                  00004329    00000001     ti_drivers_config.obj (.rodata.GPIO_pinUpperBound)
                  0000432a    00000001     ti_drivers_config.obj (.rodata.UART2_count)
                  0000432b    00000001     ti_drivers_config.obj (.rodata.sha2CC26X2HWAttrs)
                  0000432c    00000024     drivers_cc26x2x7.a : UART2.c.obj (.rodata.UART2_defaultParams)
                  00004350    0000001a     sha2hash.obj (.rodata.promptStartup)
                  0000436a    00000017     sha2hash.obj (.rodata.promptHash)
                  00004381    00000003     --HOLE-- [fill = 0]
                  00004384    00000014     ti_drivers_config.obj (.rodata.PowerCC26X2_config)
                  00004398    00000011     libc.a : _printfi.c.obj (.rodata.str1.11645776875810915891)
                  000043a9    00000011            : _printfi.c.obj (.rodata.str1.44690500295887128011)
                  000043ba    00000002     --HOLE-- [fill = 0]
                  000043bc    00000010     ti_drivers_config.obj (.rodata.GPIO_config)
                  000043cc    00000010     drivers_cc26x2x7.a : SHA2CC26X2.c.obj (.rodata.cst16)
                  000043dc    00000010     nortos_cc26x2x7.a : SwiP_nortos.c.obj (.rodata.cst16)
                  000043ec    0000000c                       : ClockPTimer_nortos.c.obj (.rodata.ClockP_defaultParams)
                  000043f8    0000000c     drivers_cc26x2x7.a : SHA2.c.obj (.rodata.SHA2_defaultParams)
                  00004404    0000000c     nortos_cc26x2x7.a : TimerPCC26XX_nortos.c.obj (.rodata.TimerP_defaultParams)
                  00004410    00000008     ti_drivers_config.obj (.rodata.SHA2_config)
                  00004418    00000008     ti_drivers_config.obj (.rodata.UART2_config)
                  00004420    00000008     ti_drivers_config.obj (.rodata.UDMACC26XX_config)
                  00004428    00000008     driverlib.lib : aux_sysif.c.obj (.rodata.cst4)
                  00004430    00000008     drivers_cc26x2x7.a : SHA2CC26X2.c.obj (.rodata.cst4)
                  00004438    00000008     ti_drivers_config.obj (.rodata.udmaCC26XXHWAttrs)
                  00004440    00000005     drivers_cc26x2x7.a : UART2CC26X2.c.obj (.rodata.parityType)
                  00004445    00000005                        : UART2CC26X2.c.obj (.rodata.rxFifoThreshold)
                  0000444a    00000005     sha2hash.obj (.rodata.str1.66992399226659508241)
                  0000444f    00000005     drivers_cc26x2x7.a : UART2CC26X2.c.obj (.rodata.txFifoThreshold)
                  00004454    00000004                        : UART2CC26X2.c.obj (.rodata.cst4)

.cinit     0    00004460    00000088     
                  00004460    00000044     (.cinit..data.load) [load image, compression = lzss]
                  000044a4    0000000c     (__TI_handler_table)
                  000044b0    00000008     (.cinit..TI.bound:dmaUart1RxControlTableEntry.load) [load image, compression = zero_init]
                  000044b8    00000008     (.cinit..TI.bound:dmaUart1TxControlTableEntry.load) [load image, compression = zero_init]
                  000044c0    00000008     (.cinit..bss.load) [load image, compression = zero_init]
                  000044c8    00000020     (__TI_cinit_table)

.init_array 
*          0    00000000    00000000     UNINITIALIZED

.ccfg      0    000affa8    00000058     
                  000affa8    00000058     ti_devices_config.obj (.ccfg)

.bss       0    20000000    00000768     UNINITIALIZED
                  20000000    00000170     (.common:uart2CC26X2Objects)
                  20000170    0000011c     (.common:sha2CC26X2Objects)
                  2000028c    00000100     sha2hash.obj (.bss.formatedMsg)
                  2000038c    00000100     sha2hash.obj (.bss.msg)
                  2000048c    00000004     nortos_cc26x2x7.a : PowerCC26X2_nortos.c.obj (.bss.PowerCC26X2_swiKey)
                  20000490    000000a8                       : ClockPTimer_nortos.c.obj (.bss.ClockP_module)
                  20000538    0000007c     (.common:gpioCallbackFunctions)
                  200005b4    0000007c     (.common:gpioUserArgs)
                  20000630    00000050     (.common:CryptoResourceCC26XX_accessSemaphore)
                  20000680    00000050     (.common:CryptoResourceCC26XX_operationSemaphore)
                  200006d0    00000020     ti_drivers_config.obj (.bss.uart2RxRingBuffer0)
                  200006f0    00000020     ti_drivers_config.obj (.bss.uart2TxRingBuffer0)
                  20000710    00000020     (.common:udmaCC26XXObject)
                  20000730    0000001c     drivers_cc26x2x7.a : GPIOCC26X2.c.obj (.bss.gpioHwi)
                  2000074c    0000001c     (.common:CryptoResourceCC26XX_hwi)

.data      0    20000768    0000038e     UNINITIALIZED
                  20000768    00000174     drivers_cc26x2x7.a : PowerCC26X2.c.obj (.data.PowerCC26X2_module)
                  200008dc    000000d8     nortos_cc26x2x7.a : HwiPCC26XX_nortos.c.obj (.data.HwiP_dispatchTable)
                  200009b4    0000007c     ti_drivers_config.obj (.data.gpioPinConfigs)
                  20000a30    0000004c     nortos_cc26x2x7.a : SwiP_nortos.c.obj (.data..L_MergedGlobals)
                  20000a7c    00000020                       : TimerPCC26XX_nortos.c.obj (.data..L_MergedGlobals)
                  20000a9c    00000010     driverlib.lib : osc.c.obj (.data..L_MergedGlobals)
                  20000aac    00000010     drivers_cc26x2x7.a : SHA2CC26X2.c.obj (.data..L_MergedGlobals)
                  20000abc    00000004     nortos_cc26x2x7.a : HwiPCC26XX_nortos.c.obj (.data.HwiP_swiPIntNum)
                  20000ac0    00000010                       : SemaphoreP_nortos.c.obj (.data..L_MergedGlobals)
                  20000ad0    00000010     driverlib.lib : osc.c.obj (.data._hposcCoeffs)
                  20000ae0    00000008     nortos_cc26x2x7.a : ClockPTimer_nortos.c.obj (.data..L_MergedGlobals)
                  20000ae8    00000004     drivers_cc26x2x7.a : PowerCC26X2.c.obj (.data.PowerCC26X2_rtcSubSecInc)
                  20000aec    00000004     libc.a : aeabi_portable.c.obj (.data.__aeabi_errno)
                  20000af0    00000001     nortos_cc26x2x7.a : SwiP_nortos.c.obj (.data.SwiP_initialized)
                  20000af1    00000001                       : TimerPCC26XX_nortos.c.obj (.data.TimerP_initialized)
                  20000af2    00000001     drivers_cc26x2x7.a : GPIOCC26X2.c.obj (.data.initCalled)
                  20000af3    00000001                        : CryptoResourceCC26XX.c.obj (.data.isInitialized)
                  20000af4    00000001                        : SHA2CC26X2.c.obj (.data.isInitialized)
                  20000af5    00000001                        : SHA2CC26X2.c.obj (.data.readIntermediateDigest)

.ramVecs   0    20000b00    000000d8     NOLOAD SECTION
                  20000b00    000000d8     driverlib.lib : interrupt.c.obj (.ramVecs)

.sysmem    0    20001870    00004000     UNINITIALIZED
                  20001870    00000010     libc.a : memory.c.obj (.sysmem)
                  20001880    00003ff0     --HOLE--

.stack     0    20023c00    00000400     UNINITIALIZED
                  20023c00    00000004     libc.a : boot_cortex_m.c.obj (.stack)
                  20023c04    000003fc     --HOLE--

.log_data 
*          0    90000000    00000000     COPY SECTION

.log_ptr   0    94000008    00000000     COPY SECTION

__llvm_prf_cnts 
*          0    20000000    00000000     UNINITIALIZED

__llvm_prf_bits 
*          0    20000000    00000000     UNINITIALIZED

.TI.bound:dmaUart1RxControlTableEntry 
*          0    20001850    00000010     UNINITIALIZED
                  20001850    00000010     ti_drivers_config.obj (.TI.bound:dmaUart1RxControlTableEntry)

.TI.bound:dmaUart1TxControlTableEntry 
*          0    20001860    00000010     UNINITIALIZED
                  20001860    00000010     ti_drivers_config.obj (.TI.bound:dmaUart1TxControlTableEntry)

.args      0    00004458    00000008     
                  00004458    00000008     --HOLE-- [fill = 0]

MODULE SUMMARY

       Module                                     code    ro data   rw data
       ------                                     ----    -------   -------
    <current directory>
       ti_drivers_config.obj                      230     160       1152   
       sha2hash.obj                               264     95        512    
       ti_devices_config.obj                      0       88        0      
       main_nortos.obj                            16      0         0      
    +--+------------------------------------------+-------+---------+---------+
       Total:                                     510     343       1664   
                                                                           
    /home/developer/.conan/data/tiarmllvm/3.2.0.LTS-0/library-msp/ga/package/be241241e9d4718e5bab4eb33935bbb69606bb0c/lib/armv7em-ti-none-eabihf/c/libc.a
       _printfi.c.obj                             2170    34        0      
       aeabi_ctype.S.obj                          0       257       0      
       copy_decompress_lzss.c.obj                 112     0         0      
       sprintf.c.obj                              90      0         0      
       atoi.c.obj                                 64      0         0      
       autoinit.c.obj                             56      0         0      
       boot_cortex_m.c.obj                        48      0         0      
       memccpy.c.obj                              30      0         0      
       args_main.c.obj                            20      0         0      
       memcpy_t2.S.obj                            18      0         0      
       copy_zero_init.c.obj                       16      0         0      
       wcslen.c.obj                               16      0         0      
       copy_decompress_none.c.obj                 14      0         0      
       memset_t2.S.obj                            14      0         0      
       aeabi_portable.c.obj                       8       0         4      
       exit.c.obj                                 4       0         0      
       pre_init.c.obj                             4       0         0      
    +--+------------------------------------------+-------+---------+---------+
       Total:                                     2684    291       4      
                                                                           
    /home/developer/.conan/data/tiarmllvm/3.2.0.LTS-0/library-msp/ga/package/be241241e9d4718e5bab4eb33935bbb69606bb0c/lib/clang/15.0.7/lib/armv7em-ti-none-eabihf/libclang_rt.builtins.a
       udivmoddi4.S.obj                           176     0         0      
       aeabi_uldivmod.S.obj                       20      0         0      
       aeabi_memset.S.obj                         18      0         0      
       aeabi_memcpy.S.obj                         4       0         0      
       aeabi_div0.c.obj                           2       0         0      
    +--+------------------------------------------+-------+---------+---------+
       Total:                                     220     0         0      
                                                                           
    /project/staging/core_examples/cc13xx_cc26xx_sdk/kernel/nortos/lib/ticlang/m4f/nortos_cc26x2x7.a
       ClockPTimer_nortos.c.obj                   814     12        176    
       SwiP_nortos.c.obj                          554     16        77     
       TimerPCC26XX_nortos.c.obj                  464     12        33     
       HwiPCC26XX_nortos.c.obj                    282     0         220    
       SemaphoreP_nortos.c.obj                    330     0         16     
       PowerCC26X2_nortos.c.obj                   248     0         4      
       startup_cc13x2_cc26x2_ticlang.c.obj        34      216       0      
       QueueP_nortos.c.obj                        96      0         0      
       NoRTOS.c.obj                               4       0         0      
    +--+------------------------------------------+-------+---------+---------+
       Total:                                     2826    256       526    
                                                                           
    /project/staging/core_examples/cc13xx_cc26xx_sdk/source/ti/devices/cc13x2x7_cc26x2x7/driverlib/bin/ticlang/driverlib.lib
       setup.c.obj                                380     0         0      
       osc.c.obj                                  308     0         32     
       sys_ctrl.c.obj                             296     0         0      
       interrupt.c.obj                            44      0         216    
       prcm.c.obj                                 136     0         0      
       aux_sysif.c.obj                            56      8         0      
       chipinfo.c.obj                             32      0         0      
       cpu.c.obj                                  28      0         0      
    +--+------------------------------------------+-------+---------+---------+
       Total:                                     1280    8         248    
                                                                           
    /project/staging/core_examples/cc13xx_cc26xx_sdk/source/ti/drivers/lib/ticlang/m4f/drivers_cc26x2x7.a
       UART2CC26X2.c.obj                          2154    21        0      
       PowerCC26X2.c.obj                          1710    84        376    
       UART2.c.obj                                1344    36        0      
       SHA2CC26X2.c.obj                           1096    24        18     
       PowerCC26X2_calibrateRCOSC.c.obj           836     0         0      
       PowerCC26X2_calibrateRCOSC_helpers.c.obj   432     0         0      
       GPIOCC26X2.c.obj                           328     0         29     
       PowerCC26X2_helpers.c.obj                  298     0         0      
       CryptoResourceCC26XX.c.obj                 98      0         189    
       RingBuf.c.obj                              272     0         0      
       GPIOCC26XX.c.obj                           190     0         0      
       UDMACC26XX.c.obj                           110     0         0      
       GPIO.c.obj                                 60      0         0      
       List.c.obj                                 36      0         0      
       SHA2.c.obj                                 16      12        0      
    +--+------------------------------------------+-------+---------+---------+
       Total:                                     8980    177       612    
                                                                           
       Heap:                                      0       0         16384  
       Stack:                                     0       0         1024   
       Linker Generated:                          0       136       0      
    +--+------------------------------------------+-------+---------+---------+
       Grand Total:                               16500   1211      20462  


LINKER GENERATED COPY TABLES

__TI_cinit_table @ 000044c8 records: 4, size/record: 8, table size: 32
	.data: load addr=00004460, load size=00000044 bytes, run addr=20000768, run size=0000038e bytes, compression=lzss
	.TI.bound:dmaUart1RxControlTableEntry: load addr=000044b0, load size=00000008 bytes, run addr=20001850, run size=00000010 bytes, compression=zero_init
	.TI.bound:dmaUart1TxControlTableEntry: load addr=000044b8, load size=00000008 bytes, run addr=20001860, run size=00000010 bytes, compression=zero_init
	.bss: load addr=000044c0, load size=00000008 bytes, run addr=20000000, run size=00000768 bytes, compression=zero_init


LINKER GENERATED HANDLER TABLE

__TI_handler_table @ 000044a4 records: 3, size/record: 4, table size: 12
	index: 0, handler: __TI_decompress_lzss
	index: 1, handler: __TI_decompress_none
	index: 2, handler: __TI_zero_init


SEGMENT ATTRIBUTES

    id tag       seg value 
    -- ---       --- ----- 
     0 PHA_BOUND 5   (null)


GLOBAL SYMBOLS: SORTED ALPHABETICALLY BY Name 

address   name                                                   
-------   ----                                                   
00003d29  Board_init                                             
00002ee3  Board_initHook                                         
00002e95  Board_sendExtFlashByte                                 
00002df5  Board_shutDownExtFlash                                 
00003665  Board_wakeUpExtFlash                                   
00004144  C$$EXIT                                                
00004085  ClockP_Params_init                                     
00003a8d  ClockP_add                                             
00002f7d  ClockP_construct                                       
00003c35  ClockP_destruct                                        
00003fdd  ClockP_doTick                                          
00003e2d  ClockP_getCpuFreq                                      
00003fe9  ClockP_getSystemTickPeriod                             
00003905  ClockP_getTicks                                        
00003695  ClockP_getTicksUntilInterrupt                          
0000410d  ClockP_isActive                                        
00003aad  ClockP_scheduleNextTick                                
00004111  ClockP_setTimeout                                      
000028e1  ClockP_start                                           
00002775  ClockP_startup                                         
000040e9  ClockP_stop                                            
20000ae4  ClockP_tickPeriod                                      
00002a2d  ClockP_walkQueueDynamic                                
00002365  ClockP_workFuncDynamic                                 
20000630  CryptoResourceCC26XX_accessSemaphore                   
00002c29  CryptoResourceCC26XX_constructRTOSObjects              
2000074c  CryptoResourceCC26XX_hwi                               
20000680  CryptoResourceCC26XX_operationSemaphore                
000043bc  GPIO_config                                            
00003c69  GPIO_disableInt                                        
000030e5  GPIO_hwiIntFxn                                         
0000173d  GPIO_init                                              
00004253  GPIO_pinLowerBound                                     
00004329  GPIO_pinUpperBound                                     
000032b1  GPIO_resetConfig                                       
000040ef  GPIO_setConfig                                         
000025d5  GPIO_setConfigAndMux                                   
00003e3d  GPIO_write                                             
00003e09  HwiP_Params_init                                       
000027f1  HwiP_construct                                         
00003f5d  HwiP_disable                                           
00004115  HwiP_enable                                            
00003d55  HwiP_inISR                                             
00003f6b  HwiP_interruptsEnabled                                 
00003ff5  HwiP_post                                              
000040b9  HwiP_restore                                           
00003c81  HwiP_setFunc                                           
00003e4d  HwiP_setPriority                                       
20000abc  HwiP_swiPIntNum                                        
UNDEFED   ITM_flush                                              
UNDEFED   ITM_restore                                            
00003929  List_put                                               
00003365  NOROM_AUXSYSIFOpModeChange                             
000040c1  NOROM_CPUcpsid                                         
000040c9  NOROM_CPUcpsie                                         
000040f5  NOROM_CPUdelay                                         
000040fb  NOROM_CPUprimask                                       
000037b1  NOROM_IntRegister                                      
00002afd  NOROM_OSCHF_AttemptToSwitchToXosc                      
0000339d  NOROM_OSCHF_SwitchToRcOscTurnOffXosc                   
0000394d  NOROM_OSCHF_TurnOnXosc                                 
000032ed  NOROM_OSC_HPOSCRelativeFrequencyOffsetGet              
00003129  NOROM_PRCMPowerDomainsAllOff                           
0000316d  NOROM_PRCMPowerDomainsAllOn                            
00001cd9  NOROM_SetupTrimDevice                                  
000033d5  NOROM_SysCtrlIdle                                      
00001945  NOROM_SysCtrlStandby                                   
00003acd  NOROM_ThisLibraryIsFor_CC13x2x7_CC26x2x7_HaltIfViolated
00004119  NoRTOS_start                                           
000031b1  PowerCC26X2_RCOSC_clockFunc                            
00000d09  PowerCC26X2_auxISR                                     
00001525  PowerCC26X2_calibrate                                  
00004384  PowerCC26X2_config                                     
00003aed  PowerCC26X2_disableTCXOQual                            
00003b0d  PowerCC26X2_enableTCXOQual                             
00002b61  PowerCC26X2_initiateCalibration                        
20000768  PowerCC26X2_module                                     
00004001  PowerCC26X2_oscClockSourceGet                          
00003e5d  PowerCC26X2_oscCtlClearXtal                            
00003445  PowerCC26X2_oscDisableQualifiers                       
0000411d  PowerCC26X2_oschfSwitchToRcosc                         
000040d1  PowerCC26X2_oschfTrySwitchToXosc                       
00003e6d  PowerCC26X2_prcmEnableCacheRetention                   
00003e7d  PowerCC26X2_readCtrim                                  
00003e8d  PowerCC26X2_readCtrimFract                             
00003e9d  PowerCC26X2_readRtrim                                  
000031f1  PowerCC26X2_setAclkRefSrc                              
0000400d  PowerCC26X2_setPeriphDeepSleepEnable                   
00003595  PowerCC26X2_setSubSecIncToXoscLf                       
00003329  PowerCC26X2_setTdcClkSrc24M                            
00003ead  PowerCC26X2_switchToTCXO                               
00004019  PowerCC26X2_sysCtrlGetResetSource                      
00004121  PowerCC26X2_sysCtrlIdle                                
0000408f  PowerCC26X2_sysCtrlStandby                             
00004025  PowerCC26X2_sysCtrlUpdateVoltageRegulator              
00004125  PowerCC26X2_turnOnXosc                                 
0000286d  PowerCC26X2_updateSubSecInc                            
00003971  PowerCC26X2_writeCtrim                                 
00003995  PowerCC26X2_writeCtrimFract                            
000039b9  PowerCC26X2_writeCtrimFractEn                          
000039dd  PowerCC26X2_writeRtrim                                 
00003c99  PowerCC26XX_calibrate                                  
00003ebd  PowerCC26XX_schedulerDisable                           
00004031  PowerCC26XX_schedulerRestore                           
00001b25  PowerCC26XX_standbyPolicy                              
00003d69  Power_disablePolicy                                    
00003ecd  Power_enablePolicy                                     
0000403d  Power_getConstraintMask                                
00003bc5  Power_getTransitionLatency                             
00003cb1  Power_idleFunc                                         
000012f5  Power_init                                             
00003a01  Power_registerNotify                                   
000035c9  Power_releaseConstraint                                
0000220d  Power_releaseDependency                                
000036c5  Power_setConstraint                                    
000020ad  Power_setDependency                                    
0000119d  Power_sleep                                            
00004049  QueueP_empty                                           
00003c4f  QueueP_get                                             
00004129  QueueP_head                                            
00004107  QueueP_init                                            
0000412d  QueueP_next                                            
00003b4d  QueueP_put                                             
00003f87  QueueP_remove                                          
00003edd  RingBuf_construct                                      
00003755  RingBuf_getConsume                                     
00004131  RingBuf_getCount                                       
00003a25  RingBuf_getPointer                                     
0000309d  RingBuf_put                                            
0000347d  RingBuf_putAdvance                                     
00003783  RingBuf_putPointer                                     
00004410  SHA2_config                                            
00002c89  SHA2_construct                                         
000043f8  SHA2_defaultParams                                     
000038b5  SHA2_hashData                                          
00003da5  SHA2_init                                              
00003eed  SHA2_open                                              
00002e45  SemaphoreP_construct                                   
00003b2d  SemaphoreP_constructBinary                             
20000ac8  SemaphoreP_defaultParams                               
000024a9  SemaphoreP_pend                                        
00003231  SemaphoreP_post                                        
00003efd  SwiP_Params_init                                       
00001e79  SwiP_construct                                         
00003bfd  SwiP_disable                                           
00002665  SwiP_dispatch                                          
00002d45  SwiP_post                                              
000034b5  SwiP_restore                                           
00003e1b  TI_memcpy_small                                        
00003fbf  TI_memset_small                                        
00003f0d  TimerP_Params_init                                     
00002409  TimerP_construct                                       
00003cc9  TimerP_dynamicStub                                     
000035fd  TimerP_getCurrentTick                                  
00003a47  TimerP_getMaxTicks                                     
00003861  TimerP_setNextTick                                     
000037dd  TimerP_setThreshold                                    
0000300d  TimerP_start                                           
00003db9  TimerP_startup                                         
00004055  UART2Support_disableTx                                 
00001a35  UART2Support_dmaStartRx                                
00001f3d  UART2Support_dmaStartTx                                
00002a95  UART2Support_dmaStopRx                                 
000026f5  UART2Support_dmaStopTx                                 
00003835  UART2Support_enableInts                                
00004061  UART2Support_enableRx                                  
0000406d  UART2Support_enableTx                                  
0000388b  UART2Support_powerRelConstraint                        
000038dd  UART2Support_powerSetConstraint                        
00003631  UART2Support_sendData                                  
00003f1d  UART2Support_txDone                                    
00004079  UART2_Params_init                                      
00004418  UART2_config                                           
0000432a  UART2_count                                            
0000432c  UART2_defaultParams                                    
00000e9d  UART2_open                                             
00003a69  UART2_read                                             
00003055  UART2_readFull                                         
00000b35  UART2_readTimeout                                      
000034ed  UART2_rxEnable                                         
00003f95  UART2_write                                            
00003b6b  UART2_writeTimeout                                     
00001029  UART2_writeTimeoutBlocking                             
0000140d  UART2_writeTimeoutNonblocking                          
00004420  UDMACC26XX_config                                      
00004099  UDMACC26XX_hwiIntFxn                                   
00002bc5  UDMACC26XX_open                                        
20024000  __STACK_END                                            
00000400  __STACK_SIZE                                           
00004000  __SYSMEM_SIZE                                          
00000000  __TI_ATRegion0_region_sz                               
00000000  __TI_ATRegion0_src_addr                                
00000000  __TI_ATRegion0_trg_addr                                
00000000  __TI_ATRegion1_region_sz                               
00000000  __TI_ATRegion1_src_addr                                
00000000  __TI_ATRegion1_trg_addr                                
00000000  __TI_ATRegion2_region_sz                               
00000000  __TI_ATRegion2_src_addr                                
00000000  __TI_ATRegion2_trg_addr                                
000044c8  __TI_CINIT_Base                                        
000044e8  __TI_CINIT_Limit                                       
000044e8  __TI_CINIT_Warm                                        
000044a4  __TI_Handler_Table_Base                                
000044b0  __TI_Handler_Table_Limit                               
0000355d  __TI_auto_init_nobinit_nopinit                         
00002951  __TI_decompress_lzss                                   
00003fcd  __TI_decompress_none                                   
ffffffff  __TI_pprof_out_hndl                                    
000000d9  __TI_printfi_nofloat                                   
ffffffff  __TI_prof_data_size                                    
ffffffff  __TI_prof_data_start                                   
00000000  __TI_static_base__                                     
00003f4d  __TI_zero_init                                         
00004150  __aeabi_ctype_table_                                   
00004150  __aeabi_ctype_table_C                                  
20000aec  __aeabi_errno                                          
000040d9  __aeabi_errno_addr                                     
00003903  __aeabi_ldiv0                                          
000040e1  __aeabi_memclr                                         
000040e1  __aeabi_memclr4                                        
000040e1  __aeabi_memclr8                                        
00004135  __aeabi_memcpy                                         
00004135  __aeabi_memcpy4                                        
00004135  __aeabi_memcpy8                                        
000040a5  __aeabi_memset                                         
000040a5  __aeabi_memset4                                        
000040a5  __aeabi_memset8                                        
00003de1  __aeabi_uldivmod                                       
ffffffff  __binit__                                              
00004458  __c_args__                                             
000affa8  __ccfg                                                 
UNDEFED   __mpu_init                                             
20023c00  __stack                                                
20000000  __start___llvm_prf_bits                                
20000000  __start___llvm_prf_cnts                                
20000000  __stop___llvm_prf_bits                                 
20000000  __stop___llvm_prf_cnts                                 
0000215d  __udivmoddi4                                           
00003df5  _args_main                                             
00003725  _c_int00                                               
20000ad0  _hposcCoeffs                                           
20001870  _sys_memory                                            
UNDEFED   _system_post_cinit                                     
00004139  _system_pre_init                                       
00004145  abort                                                  
00003271  atoi                                                   
ffffffff  binit                                                  
00003a8b  clkFxn                                                 
00000000  g_pfnVectors                                           
20000538  gpioCallbackFunctions                                  
200009b4  gpioPinConfigs                                         
200005b4  gpioUserArgs                                           
00003f2d  main                                                   
00001ff9  mainThread                                             
00003b89  memccpy                                                
00002da1  printHash                                              
00003c19  resetISR                                               
000042ac  resourceDB                                             
0000432b  sha2CC26X2HWAttrs                                      
20000170  sha2CC26X2Objects                                      
00003525  sprintf                                                
20000000  uart2CC26X2Objects                                     
00004438  udmaCC26XXHWAttrs                                      
20000710  udmaCC26XXObject                                       
00003f3d  wcslen                                                 


GLOBAL SYMBOLS: SORTED BY Symbol Address 

address   name                                                   
-------   ----                                                   
00000000  __TI_ATRegion0_region_sz                               
00000000  __TI_ATRegion0_src_addr                                
00000000  __TI_ATRegion0_trg_addr                                
00000000  __TI_ATRegion1_region_sz                               
00000000  __TI_ATRegion1_src_addr                                
00000000  __TI_ATRegion1_trg_addr                                
00000000  __TI_ATRegion2_region_sz                               
00000000  __TI_ATRegion2_src_addr                                
00000000  __TI_ATRegion2_trg_addr                                
00000000  __TI_static_base__                                     
00000000  g_pfnVectors                                           
000000d9  __TI_printfi_nofloat                                   
00000400  __STACK_SIZE                                           
00000b35  UART2_readTimeout                                      
00000d09  PowerCC26X2_auxISR                                     
00000e9d  UART2_open                                             
00001029  UART2_writeTimeoutBlocking                             
0000119d  Power_sleep                                            
000012f5  Power_init                                             
0000140d  UART2_writeTimeoutNonblocking                          
00001525  PowerCC26X2_calibrate                                  
0000173d  GPIO_init                                              
00001945  NOROM_SysCtrlStandby                                   
00001a35  UART2Support_dmaStartRx                                
00001b25  PowerCC26XX_standbyPolicy                              
00001cd9  NOROM_SetupTrimDevice                                  
00001e79  SwiP_construct                                         
00001f3d  UART2Support_dmaStartTx                                
00001ff9  mainThread                                             
000020ad  Power_setDependency                                    
0000215d  __udivmoddi4                                           
0000220d  Power_releaseDependency                                
00002365  ClockP_workFuncDynamic                                 
00002409  TimerP_construct                                       
000024a9  SemaphoreP_pend                                        
000025d5  GPIO_setConfigAndMux                                   
00002665  SwiP_dispatch                                          
000026f5  UART2Support_dmaStopTx                                 
00002775  ClockP_startup                                         
000027f1  HwiP_construct                                         
0000286d  PowerCC26X2_updateSubSecInc                            
000028e1  ClockP_start                                           
00002951  __TI_decompress_lzss                                   
00002a2d  ClockP_walkQueueDynamic                                
00002a95  UART2Support_dmaStopRx                                 
00002afd  NOROM_OSCHF_AttemptToSwitchToXosc                      
00002b61  PowerCC26X2_initiateCalibration                        
00002bc5  UDMACC26XX_open                                        
00002c29  CryptoResourceCC26XX_constructRTOSObjects              
00002c89  SHA2_construct                                         
00002d45  SwiP_post                                              
00002da1  printHash                                              
00002df5  Board_shutDownExtFlash                                 
00002e45  SemaphoreP_construct                                   
00002e95  Board_sendExtFlashByte                                 
00002ee3  Board_initHook                                         
00002f7d  ClockP_construct                                       
0000300d  TimerP_start                                           
00003055  UART2_readFull                                         
0000309d  RingBuf_put                                            
000030e5  GPIO_hwiIntFxn                                         
00003129  NOROM_PRCMPowerDomainsAllOff                           
0000316d  NOROM_PRCMPowerDomainsAllOn                            
000031b1  PowerCC26X2_RCOSC_clockFunc                            
000031f1  PowerCC26X2_setAclkRefSrc                              
00003231  SemaphoreP_post                                        
00003271  atoi                                                   
000032b1  GPIO_resetConfig                                       
000032ed  NOROM_OSC_HPOSCRelativeFrequencyOffsetGet              
00003329  PowerCC26X2_setTdcClkSrc24M                            
00003365  NOROM_AUXSYSIFOpModeChange                             
0000339d  NOROM_OSCHF_SwitchToRcOscTurnOffXosc                   
000033d5  NOROM_SysCtrlIdle                                      
00003445  PowerCC26X2_oscDisableQualifiers                       
0000347d  RingBuf_putAdvance                                     
000034b5  SwiP_restore                                           
000034ed  UART2_rxEnable                                         
00003525  sprintf                                                
0000355d  __TI_auto_init_nobinit_nopinit                         
00003595  PowerCC26X2_setSubSecIncToXoscLf                       
000035c9  Power_releaseConstraint                                
000035fd  TimerP_getCurrentTick                                  
00003631  UART2Support_sendData                                  
00003665  Board_wakeUpExtFlash                                   
00003695  ClockP_getTicksUntilInterrupt                          
000036c5  Power_setConstraint                                    
00003725  _c_int00                                               
00003755  RingBuf_getConsume                                     
00003783  RingBuf_putPointer                                     
000037b1  NOROM_IntRegister                                      
000037dd  TimerP_setThreshold                                    
00003835  UART2Support_enableInts                                
00003861  TimerP_setNextTick                                     
0000388b  UART2Support_powerRelConstraint                        
000038b5  SHA2_hashData                                          
000038dd  UART2Support_powerSetConstraint                        
00003903  __aeabi_ldiv0                                          
00003905  ClockP_getTicks                                        
00003929  List_put                                               
0000394d  NOROM_OSCHF_TurnOnXosc                                 
00003971  PowerCC26X2_writeCtrim                                 
00003995  PowerCC26X2_writeCtrimFract                            
000039b9  PowerCC26X2_writeCtrimFractEn                          
000039dd  PowerCC26X2_writeRtrim                                 
00003a01  Power_registerNotify                                   
00003a25  RingBuf_getPointer                                     
00003a47  TimerP_getMaxTicks                                     
00003a69  UART2_read                                             
00003a8b  clkFxn                                                 
00003a8d  ClockP_add                                             
00003aad  ClockP_scheduleNextTick                                
00003acd  NOROM_ThisLibraryIsFor_CC13x2x7_CC26x2x7_HaltIfViolated
00003aed  PowerCC26X2_disableTCXOQual                            
00003b0d  PowerCC26X2_enableTCXOQual                             
00003b2d  SemaphoreP_constructBinary                             
00003b4d  QueueP_put                                             
00003b6b  UART2_writeTimeout                                     
00003b89  memccpy                                                
00003bc5  Power_getTransitionLatency                             
00003bfd  SwiP_disable                                           
00003c19  resetISR                                               
00003c35  ClockP_destruct                                        
00003c4f  QueueP_get                                             
00003c69  GPIO_disableInt                                        
00003c81  HwiP_setFunc                                           
00003c99  PowerCC26XX_calibrate                                  
00003cb1  Power_idleFunc                                         
00003cc9  TimerP_dynamicStub                                     
00003d29  Board_init                                             
00003d55  HwiP_inISR                                             
00003d69  Power_disablePolicy                                    
00003da5  SHA2_init                                              
00003db9  TimerP_startup                                         
00003de1  __aeabi_uldivmod                                       
00003df5  _args_main                                             
00003e09  HwiP_Params_init                                       
00003e1b  TI_memcpy_small                                        
00003e2d  ClockP_getCpuFreq                                      
00003e3d  GPIO_write                                             
00003e4d  HwiP_setPriority                                       
00003e5d  PowerCC26X2_oscCtlClearXtal                            
00003e6d  PowerCC26X2_prcmEnableCacheRetention                   
00003e7d  PowerCC26X2_readCtrim                                  
00003e8d  PowerCC26X2_readCtrimFract                             
00003e9d  PowerCC26X2_readRtrim                                  
00003ead  PowerCC26X2_switchToTCXO                               
00003ebd  PowerCC26XX_schedulerDisable                           
00003ecd  Power_enablePolicy                                     
00003edd  RingBuf_construct                                      
00003eed  SHA2_open                                              
00003efd  SwiP_Params_init                                       
00003f0d  TimerP_Params_init                                     
00003f1d  UART2Support_txDone                                    
00003f2d  main                                                   
00003f3d  wcslen                                                 
00003f4d  __TI_zero_init                                         
00003f5d  HwiP_disable                                           
00003f6b  HwiP_interruptsEnabled                                 
00003f87  QueueP_remove                                          
00003f95  UART2_write                                            
00003fbf  TI_memset_small                                        
00003fcd  __TI_decompress_none                                   
00003fdd  ClockP_doTick                                          
00003fe9  ClockP_getSystemTickPeriod                             
00003ff5  HwiP_post                                              
00004000  __SYSMEM_SIZE                                          
00004001  PowerCC26X2_oscClockSourceGet                          
0000400d  PowerCC26X2_setPeriphDeepSleepEnable                   
00004019  PowerCC26X2_sysCtrlGetResetSource                      
00004025  PowerCC26X2_sysCtrlUpdateVoltageRegulator              
00004031  PowerCC26XX_schedulerRestore                           
0000403d  Power_getConstraintMask                                
00004049  QueueP_empty                                           
00004055  UART2Support_disableTx                                 
00004061  UART2Support_enableRx                                  
0000406d  UART2Support_enableTx                                  
00004079  UART2_Params_init                                      
00004085  ClockP_Params_init                                     
0000408f  PowerCC26X2_sysCtrlStandby                             
00004099  UDMACC26XX_hwiIntFxn                                   
000040a5  __aeabi_memset                                         
000040a5  __aeabi_memset4                                        
000040a5  __aeabi_memset8                                        
000040b9  HwiP_restore                                           
000040c1  NOROM_CPUcpsid                                         
000040c9  NOROM_CPUcpsie                                         
000040d1  PowerCC26X2_oschfTrySwitchToXosc                       
000040d9  __aeabi_errno_addr                                     
000040e1  __aeabi_memclr                                         
000040e1  __aeabi_memclr4                                        
000040e1  __aeabi_memclr8                                        
000040e9  ClockP_stop                                            
000040ef  GPIO_setConfig                                         
000040f5  NOROM_CPUdelay                                         
000040fb  NOROM_CPUprimask                                       
00004107  QueueP_init                                            
0000410d  ClockP_isActive                                        
00004111  ClockP_setTimeout                                      
00004115  HwiP_enable                                            
00004119  NoRTOS_start                                           
0000411d  PowerCC26X2_oschfSwitchToRcosc                         
00004121  PowerCC26X2_sysCtrlIdle                                
00004125  PowerCC26X2_turnOnXosc                                 
00004129  QueueP_head                                            
0000412d  QueueP_next                                            
00004131  RingBuf_getCount                                       
00004135  __aeabi_memcpy                                         
00004135  __aeabi_memcpy4                                        
00004135  __aeabi_memcpy8                                        
00004139  _system_pre_init                                       
00004144  C$$EXIT                                                
00004145  abort                                                  
00004150  __aeabi_ctype_table_                                   
00004150  __aeabi_ctype_table_C                                  
00004253  GPIO_pinLowerBound                                     
000042ac  resourceDB                                             
00004329  GPIO_pinUpperBound                                     
0000432a  UART2_count                                            
0000432b  sha2CC26X2HWAttrs                                      
0000432c  UART2_defaultParams                                    
00004384  PowerCC26X2_config                                     
000043bc  GPIO_config                                            
000043f8  SHA2_defaultParams                                     
00004410  SHA2_config                                            
00004418  UART2_config                                           
00004420  UDMACC26XX_config                                      
00004438  udmaCC26XXHWAttrs                                      
00004458  __c_args__                                             
000044a4  __TI_Handler_Table_Base                                
000044b0  __TI_Handler_Table_Limit                               
000044c8  __TI_CINIT_Base                                        
000044e8  __TI_CINIT_Limit                                       
000044e8  __TI_CINIT_Warm                                        
000affa8  __ccfg                                                 
20000000  __start___llvm_prf_bits                                
20000000  __start___llvm_prf_cnts                                
20000000  __stop___llvm_prf_bits                                 
20000000  __stop___llvm_prf_cnts                                 
20000000  uart2CC26X2Objects                                     
20000170  sha2CC26X2Objects                                      
20000538  gpioCallbackFunctions                                  
200005b4  gpioUserArgs                                           
20000630  CryptoResourceCC26XX_accessSemaphore                   
20000680  CryptoResourceCC26XX_operationSemaphore                
20000710  udmaCC26XXObject                                       
2000074c  CryptoResourceCC26XX_hwi                               
20000768  PowerCC26X2_module                                     
200009b4  gpioPinConfigs                                         
20000abc  HwiP_swiPIntNum                                        
20000ac8  SemaphoreP_defaultParams                               
20000ad0  _hposcCoeffs                                           
20000ae4  ClockP_tickPeriod                                      
20000aec  __aeabi_errno                                          
20001870  _sys_memory                                            
20023c00  __stack                                                
20024000  __STACK_END                                            
ffffffff  __TI_pprof_out_hndl                                    
ffffffff  __TI_prof_data_size                                    
ffffffff  __TI_prof_data_start                                   
ffffffff  __binit__                                              
ffffffff  binit                                                  
UNDEFED   ITM_flush                                              
UNDEFED   ITM_restore                                            
UNDEFED   __mpu_init                                             
UNDEFED   _system_post_cinit                                     

[265 symbols]
