Archive member included to satisfy reference by file (symbol)

/project/staging/core_examples/simplelink-lowpower-f3-sdk/source/ti/display/lib/gcc/m0p/display_cc23x0r5.a(Display.c.obj)
                              sdraw.obj (Display_doOpen)
/project/staging/core_examples/simplelink-lowpower-f3-sdk/source/ti/display/lib/gcc/m0p/display_cc23x0r5.a(DisplayUart2.c.obj)
                              ti_drivers_config.obj (DisplayUart2Min_fxnTable)
/project/staging/core_examples/simplelink-lowpower-f3-sdk/source/ti/drivers/lib/gcc/m0p/drivers_cc23x0r5.a(UDMALPF3.c.obj)
                              ti_drivers_config.obj (UDMALPF3_init)
/project/staging/core_examples/simplelink-lowpower-f3-sdk/source/ti/drivers/lib/gcc/m0p/drivers_cc23x0r5.a(GPIO.c.obj)
                              ti_drivers_config.obj (GPIO_resetConfig)
/project/staging/core_examples/simplelink-lowpower-f3-sdk/source/ti/drivers/lib/gcc/m0p/drivers_cc23x0r5.a(GPIOLPF3.c.obj)
                              /project/staging/core_examples/simplelink-lowpower-f3-sdk/source/ti/drivers/lib/gcc/m0p/drivers_cc23x0r5.a(GPIO.c.obj) (GPIO_disableInt)
/project/staging/core_examples/simplelink-lowpower-f3-sdk/source/ti/drivers/lib/gcc/m0p/drivers_cc23x0r5.a(PowerCC23X0.c.obj)
                              ti_drivers_config.obj (Power_init)
/project/staging/core_examples/simplelink-lowpower-f3-sdk/source/ti/drivers/lib/gcc/m0p/drivers_cc23x0r5.a(SD.c.obj)
                              sdraw.obj (SD_close)
/project/staging/core_examples/simplelink-lowpower-f3-sdk/source/ti/drivers/lib/gcc/m0p/drivers_cc23x0r5.a(SDSPI.c.obj)
                              ti_drivers_config.obj (SDSPI_fxnTable)
/project/staging/core_examples/simplelink-lowpower-f3-sdk/source/ti/drivers/lib/gcc/m0p/drivers_cc23x0r5.a(SPI.c.obj)
                              /project/staging/core_examples/simplelink-lowpower-f3-sdk/source/ti/drivers/lib/gcc/m0p/drivers_cc23x0r5.a(SDSPI.c.obj) (SPI_close)
/project/staging/core_examples/simplelink-lowpower-f3-sdk/source/ti/drivers/lib/gcc/m0p/drivers_cc23x0r5.a(SPILPF3DMA.c.obj)
                              ti_drivers_config.obj (SPILPF3DMA_fxnTable)
/project/staging/core_examples/simplelink-lowpower-f3-sdk/source/ti/drivers/lib/gcc/m0p/drivers_cc23x0r5.a(TemperatureLPF3.c.obj)
                              /project/staging/core_examples/simplelink-lowpower-f3-sdk/source/ti/drivers/lib/gcc/m0p/drivers_cc23x0r5.a(PowerCC23X0.c.obj) (Temperature_init)
/project/staging/core_examples/simplelink-lowpower-f3-sdk/source/ti/drivers/lib/gcc/m0p/drivers_cc23x0r5.a(UART2.c.obj)
                              /project/staging/core_examples/simplelink-lowpower-f3-sdk/source/ti/display/lib/gcc/m0p/display_cc23x0r5.a(DisplayUart2.c.obj) (UART2_Params_init)
/project/staging/core_examples/simplelink-lowpower-f3-sdk/source/ti/drivers/lib/gcc/m0p/drivers_cc23x0r5.a(UART2LPF3.c.obj)
                              /project/staging/core_examples/simplelink-lowpower-f3-sdk/source/ti/display/lib/gcc/m0p/display_cc23x0r5.a(DisplayUart2.c.obj) (UART2_close)
/project/staging/core_examples/simplelink-lowpower-f3-sdk/source/ti/drivers/lib/gcc/m0p/drivers_cc23x0r5.a(List.c.obj)
                              /project/staging/core_examples/simplelink-lowpower-f3-sdk/source/ti/drivers/lib/gcc/m0p/drivers_cc23x0r5.a(PowerCC23X0.c.obj) (List_put)
/project/staging/core_examples/simplelink-lowpower-f3-sdk/source/ti/drivers/lib/gcc/m0p/drivers_cc23x0r5.a(RingBuf.c.obj)
                              /project/staging/core_examples/simplelink-lowpower-f3-sdk/source/ti/drivers/lib/gcc/m0p/drivers_cc23x0r5.a(UART2LPF3.c.obj) (RingBuf_construct)
/project/staging/core_examples/simplelink-lowpower-f3-sdk/source/ti/drivers/lib/gcc/m0p/drivers_cc23x0r5.a(BatMonSupportLPF3.c.obj)
                              /project/staging/core_examples/simplelink-lowpower-f3-sdk/source/ti/drivers/lib/gcc/m0p/drivers_cc23x0r5.a(TemperatureLPF3.c.obj) (BatMonSupportLPF3_init)
/project/staging/core_examples/simplelink-lowpower-f3-sdk/kernel/nortos/lib/gcc/m0p/nortos_cc23x0r5.a(NoRTOS.c.obj)
                              main_nortos.obj (NoRTOS_start)
/project/staging/core_examples/simplelink-lowpower-f3-sdk/kernel/nortos/lib/gcc/m0p/nortos_cc23x0r5.a(SemaphoreP_nortos.c.obj)
                              /project/staging/core_examples/simplelink-lowpower-f3-sdk/source/ti/drivers/lib/gcc/m0p/drivers_cc23x0r5.a(SPILPF3DMA.c.obj) (SemaphoreP_constructBinary)
/project/staging/core_examples/simplelink-lowpower-f3-sdk/kernel/nortos/lib/gcc/m0p/nortos_cc23x0r5.a(SwiP_nortos.c.obj)
                              /project/staging/core_examples/simplelink-lowpower-f3-sdk/source/ti/drivers/lib/gcc/m0p/drivers_cc23x0r5.a(SPILPF3DMA.c.obj) (SwiP_Params_init)
/project/staging/core_examples/simplelink-lowpower-f3-sdk/kernel/nortos/lib/gcc/m0p/nortos_cc23x0r5.a(SystemP_nortos.c.obj)
[...]
Memory Configuration

Name             Origin             Length             Attributes
FLASH            0x0000000000000000 0x0000000000080000 xr
CCFG             0x000000004e020000 0x0000000000000800 r
SRAM             0x0000000020000000 0x0000000000009000 xrw
S2RRAM           0x0000000040098000 0x0000000000001000 rw
LOG_DATA         0x0000000090000000 0x0000000000040000 r
LOG_PTR          0x0000000094000008 0x0000000000040000 r
*default*        0x0000000000000000 0xffffffffffffffff

Linker script and memory map

LOAD sdraw.obj
LOAD main_nortos.obj
LOAD ti_devices_config.obj
LOAD ti_drivers_config.obj
                0x0000000000000400                STACKSIZE = 0x400
                0x0000000000002004                HEAPSIZE = 0x2004
                0x0000000000000000                PROVIDE (_resetVecs_base_address = DEFINED (_resetVecs_base_address)?_resetVecs_base_address:0x0)

.resetVecs      0x0000000000000000       0x40
 *(.resetVecs)
 .resetVecs     0x0000000000000000       0x40 /project/staging/core_examples/simplelink-lowpower-f3-sdk/kernel/nortos/lib/gcc/m0p/nortos_cc23x0r5.a(startup_cc23x0r5_gcc.c.obj)

.ramVecs        0x0000000020000000       0x8c
 *(.ramVecs)
 .ramVecs       0x0000000020000000       0x8c /project/staging/core_examples/simplelink-lowpower-f3-sdk/source/ti/devices/cc23x0r5/driverlib/lib/gcc/driverlib.a(interrupt.c.obj)
                0x0000000020000400                UDMALPF3_CONFIG_BASE = 0x20000400
                0x0000000020000400                DMA_CHANNEL0_CONTROL_TABLE_ENTRY_ADDRESS = (UDMALPF3_CONFIG_BASE + 0x0)
                0x0000000020000410                DMA_CHANNEL1_CONTROL_TABLE_ENTRY_ADDRESS = (UDMALPF3_CONFIG_BASE + 0x10)
                0x0000000020000420                DMA_CHANNEL2_CONTROL_TABLE_ENTRY_ADDRESS = (UDMALPF3_CONFIG_BASE + 0x20)
                0x0000000020000430                DMA_CHANNEL3_CONTROL_TABLE_ENTRY_ADDRESS = (UDMALPF3_CONFIG_BASE + 0x30)
                0x0000000020000440                DMA_CHANNEL4_CONTROL_TABLE_ENTRY_ADDRESS = (UDMALPF3_CONFIG_BASE + 0x40)
                0x0000000020000450                DMA_CHANNEL5_CONTROL_TABLE_ENTRY_ADDRESS = (UDMALPF3_CONFIG_BASE + 0x50)
                0x0000000020000460                DMA_CHANNEL6_CONTROL_TABLE_ENTRY_ADDRESS = (UDMALPF3_CONFIG_BASE + 0x60)
                0x0000000020000470                DMA_CHANNEL7_CONTROL_TABLE_ENTRY_ADDRESS = (UDMALPF3_CONFIG_BASE + 0x70)
                0x0000000020000480                DMA_CHANNEL0_ALT_CONTROL_TABLE_ENTRY_ADDRESS = (UDMALPF3_CONFIG_BASE + 0x80)
                0x0000000020000490                DMA_CHANNEL1_ALT_CONTROL_TABLE_ENTRY_ADDRESS = (UDMALPF3_CONFIG_BASE + 0x90)
                0x00000000200004a0                DMA_CHANNEL2_ALT_CONTROL_TABLE_ENTRY_ADDRESS = (UDMALPF3_CONFIG_BASE + 0xa0)
                0x00000000200004b0                DMA_CHANNEL3_ALT_CONTROL_TABLE_ENTRY_ADDRESS = (UDMALPF3_CONFIG_BASE + 0xb0)
                0x00000000200004c0                DMA_CHANNEL4_ALT_CONTROL_TABLE_ENTRY_ADDRESS = (UDMALPF3_CONFIG_BASE + 0xc0)
                0x00000000200004d0                DMA_CHANNEL5_ALT_CONTROL_TABLE_ENTRY_ADDRESS = (UDMALPF3_CONFIG_BASE + 0xd0)
                0x00000000200004e0                DMA_CHANNEL6_ALT_CONTROL_TABLE_ENTRY_ADDRESS = (UDMALPF3_CONFIG_BASE + 0xe0)
                0x00000000200004f0                DMA_CHANNEL7_ALT_CONTROL_TABLE_ENTRY_ADDRESS = (UDMALPF3_CONFIG_BASE + 0xf0)
                0x0000000000000000                UDMALPF3_channel0ControlTableEntry_is_placed = 0x0

.dmaChannel0ControlTableEntry
                0x0000000020000400       0x10
 *(.dmaChannel0ControlTableEntry)
 .dmaChannel0ControlTableEntry
                0x0000000020000400       0x10 ti_drivers_config.obj
                0x0000000000000000                UDMALPF3_channel1ControlTableEntry_is_placed = 0x0

.dmaChannel1ControlTableEntry
                0x0000000020000410       0x10
 *(.dmaChannel1ControlTableEntry)
 .dmaChannel1ControlTableEntry
                0x0000000020000410       0x10 ti_drivers_config.obj
                0x0000000000000000                UDMALPF3_channel2ControlTableEntry_is_placed = 0x0

.dmaChannel2ControlTableEntry
                0x0000000020000420       0x10
 *(.dmaChannel2ControlTableEntry)
 .dmaChannel2ControlTableEntry
                0x0000000020000420       0x10 ti_drivers_config.obj
                0x0000000000000000                UDMALPF3_channel3ControlTableEntry_is_placed = 0x0

.dmaChannel3ControlTableEntry
                0x0000000020000430       0x10
 *(.dmaChannel3ControlTableEntry)
 .dmaChannel3ControlTableEntry
                0x0000000020000430       0x10 ti_drivers_config.obj
                0x0000000000000000                UDMALPF3_channel4ControlTableEntry_is_placed = 0x0

.dmaChannel4ControlTableEntry
 *(.dmaChannel4ControlTableEntry)
                0x0000000000000000                UDMALPF3_channel5ControlTableEntry_is_placed = 0x0

.dmaChannel5ControlTableEntry
 *(.dmaChannel5ControlTableEntry)
                0x0000000000000000                UDMALPF3_channel6ControlTableEntry_is_placed = 0x0

.dmaChannel6ControlTableEntry
 *(.dmaChannel6ControlTableEntry)
                0x0000000000000000                UDMALPF3_channel7ControlTableEntry_is_placed = 0x0

.dmaChannel7ControlTableEntry
 *(.dmaChannel7ControlTableEntry)
                0x0000000000000000                UDMALPF3_channel0AltControlTableEntry_is_placed = 0x0

.dmaChannel0AltControlTableEntry
                0x0000000020000480       0x10
 *(.dmaChannel0AltControlTableEntry)
 .dmaChannel0AltControlTableEntry
                0x0000000020000480       0x10 ti_drivers_config.obj
                0x0000000000000000                UDMALPF3_channel1AltControlTableEntry_is_placed = 0x0

.dmaChannel1AltControlTableEntry
                0x0000000020000490       0x10
 *(.dmaChannel1AltControlTableEntry)
 .dmaChannel1AltControlTableEntry
                0x0000000020000490       0x10 ti_drivers_config.obj
                0x0000000000000000                UDMALPF3_channel2AltControlTableEntry_is_placed = 0x0

.dmaChannel2AltControlTableEntry
 *(.dmaChannel2AltControlTableEntry)
                0x0000000000000000                UDMALPF3_channel3AltControlTableEntry_is_placed = 0x0

.dmaChannel3AltControlTableEntry
 *(.dmaChannel3AltControlTableEntry)
                0x0000000000000000                UDMALPF3_channel4AltControlTableEntry_is_placed = 0x0

.dmaChannel4AltControlTableEntry
 *(.dmaChannel4AltControlTableEntry)
                0x0000000000000000                UDMALPF3_channel5AltControlTableEntry_is_placed = 0x0

.dmaChannel5AltControlTableEntry
 *(.dmaChannel5AltControlTableEntry)
                0x0000000000000000                UDMALPF3_channel6AltControlTableEntry_is_placed = 0x0

.dmaChannel6AltControlTableEntry
 *(.dmaChannel6AltControlTableEntry)
                0x0000000000000000                UDMALPF3_channel7AltControlTableEntry_is_placed = 0x0

.dmaChannel7AltControlTableEntry
 *(.dmaChannel7AltControlTableEntry)

.text           0x0000000000000040     0x64b4
 CREATE_OBJECT_SYMBOLS
 *(.text)
 .text          0x0000000000000040      0x114 /home/developer/.conan/data/arm-none-eabi-gcc/9.2019.q4.major-0/library-msp/ga/package/44fcf6b9a7fb86b2586303e3db40189d3b511830/bin/../lib/gcc/arm-none-eabi/9.2.1/thumb/v6-m/nofp/libgcc.a(_udivsi3.o)
                0x0000000000000040                __udivsi3
                0x0000000000000040                __aeabi_uidiv
                0x000000000000014c                __aeabi_uidivmod
 .text          0x0000000000000154        0x4 /home/developer/.conan/data/arm-none-eabi-gcc/9.2019.q4.major-0/library-msp/ga/package/44fcf6b9a7fb86b2586303e3db40189d3b511830/bin/../lib/gcc/arm-none-eabi/9.2.1/thumb/v6-m/nofp/libgcc.a(_dvmd_tls.o)
                0x0000000000000154                __aeabi_ldiv0
                0x0000000000000154                __aeabi_idiv0
 .text          0x0000000000000158       0x7c /home/developer/.conan/data/arm-none-eabi-gcc/9.2019.q4.major-0/library-msp/ga/package/44fcf6b9a7fb86b2586303e3db40189d3b511830/bin/../lib/gcc/arm-none-eabi/9.2.1/thumb/v6-m/nofp/libgcc.a(_arm_cmpdf2.o)
                0x0000000000000158                __aeabi_cdrcmple
                0x0000000000000168                __aeabi_cdcmple
                0x0000000000000168                __aeabi_cdcmpeq
                0x0000000000000178                __aeabi_dcmpeq
                0x0000000000000184                __aeabi_dcmplt
                0x0000000000000198                __aeabi_dcmple
                0x00000000000001ac                __aeabi_dcmpgt
                0x00000000000001c0                __aeabi_dcmpge
 .text          0x00000000000001d4       0x3c /home/developer/.conan/data/arm-none-eabi-gcc/9.2019.q4.major-0/library-msp/ga/package/44fcf6b9a7fb86b2586303e3db40189d3b511830/bin/../lib/gcc/arm-none-eabi/9.2.1/thumb/v6-m/nofp/libgcc.a(_clzsi2.o)
                0x00000000000001d4                __clzsi2
 .text          0x0000000000000210       0x40 /home/developer/.conan/data/arm-none-eabi-gcc/9.2019.q4.major-0/library-msp/ga/package/44fcf6b9a7fb86b2586303e3db40189d3b511830/bin/../lib/gcc/arm-none-eabi/9.2.1/thumb/v6-m/nofp/libgcc.a(_ctzsi2.o)
                0x0000000000000210                __ctzsi2
 .text          0x0000000000000250       0x50 /home/developer/.conan/data/arm-none-eabi-gcc/9.2019.q4.major-0/library-msp/ga/package/44fcf6b9a7fb86b2586303e3db40189d3b511830/bin/../lib/gcc/arm-none-eabi/9.2.1/thumb/v6-m/nofp/libgcc.a(_muldi3.o)
                0x0000000000000250                __aeabi_lmul
                0x0000000000000250                __muldi3
 .text          0x00000000000002a0       0x3c /home/developer/.conan/data/arm-none-eabi-gcc/9.2019.q4.major-0/library-msp/ga/package/44fcf6b9a7fb86b2586303e3db40189d3b511830/bin/../lib/gcc/arm-none-eabi/9.2.1/thumb/v6-m/nofp/libgcc.a(_fixunsdfsi.o)
                0x00000000000002a0                __fixunsdfsi
                0x00000000000002a0                __aeabi_d2uiz
 .text          0x00000000000002dc       0x78 /home/developer/.conan/data/arm-none-eabi-gcc/9.2019.q4.major-0/library-msp/ga/package/44fcf6b9a7fb86b2586303e3db40189d3b511830/bin/../lib/gcc/arm-none-eabi/9.2.1/thumb/v6-m/nofp/libgcc.a(eqdf2.o)
                0x00000000000002dc                __eqdf2
                0x00000000000002dc                __nedf2
 .text          0x0000000000000354       0xe4 /home/developer/.conan/data/arm-none-eabi-gcc/9.2019.q4.major-0/library-msp/ga/package/44fcf6b9a7fb86b2586303e3db40189d3b511830/bin/../lib/gcc/arm-none-eabi/9.2.1/thumb/v6-m/nofp/libgcc.a(gedf2.o)
                0x0000000000000354                __gtdf2
                0x0000000000000354                __gedf2
 .text          0x0000000000000438       0xe0 /home/developer/.conan/data/arm-none-eabi-gcc/9.2019.q4.major-0/library-msp/ga/package/44fcf6b9a7fb86b2586303e3db40189d3b511830/bin/../lib/gcc/arm-none-eabi/9.2.1/thumb/v6-m/nofp/libgcc.a(ledf2.o)
                0x0000000000000438                __ltdf2
                0x0000000000000438                __ledf2
 .text          0x0000000000000518      0x4d8 /home/developer/.conan/data/arm-none-eabi-gcc/9.2019.q4.major-0/library-msp/ga/package/44fcf6b9a7fb86b2586303e3db40189d3b511830/bin/../lib/gcc/arm-none-eabi/9.2.1/thumb/v6-m/nofp/libgcc.a(muldf3.o)
                0x0000000000000518                __aeabi_dmul
 .text          0x00000000000009f0      0x724 /home/developer/.conan/data/arm-none-eabi-gcc/9.2019.q4.major-0/library-msp/ga/package/44fcf6b9a7fb86b2586303e3db40189d3b511830/bin/../lib/gcc/arm-none-eabi/9.2.1/thumb/v6-m/nofp/libgcc.a(subdf3.o)
                0x00000000000009f0                __aeabi_dsub
 .text          0x0000000000001114       0x6c /home/developer/.conan/data/arm-none-eabi-gcc/9.2019.q4.major-0/library-msp/ga/package/44fcf6b9a7fb86b2586303e3db40189d3b511830/bin/../lib/gcc/arm-none-eabi/9.2.1/thumb/v6-m/nofp/libgcc.a(fixdfsi.o)
                0x0000000000001114                __aeabi_d2iz
 .text          0x0000000000001180       0x60 /home/developer/.conan/data/arm-none-eabi-gcc/9.2019.q4.major-0/library-msp/ga/package/44fcf6b9a7fb86b2586303e3db40189d3b511830/bin/../lib/gcc/arm-none-eabi/9.2.1/thumb/v6-m/nofp/libgcc.a(floatsidf.o)
                0x0000000000001180                __aeabi_i2d
 .text          0x00000000000011e0        0xe /home/developer/.conan/data/arm-none-eabi-gcc/9.2019.q4.major-0/library-msp/ga/package/44fcf6b9a7fb86b2586303e3db40189d3b511830/arm-none-eabi/lib/thumb/v6-m/nofp/libc_nano.a(lib_a-strlen.o)
                0x00000000000011e0                strlen
 *(.text.*)
 *fill*         0x00000000000011ee        0x2 
 .text.mainThread
                0x00000000000011f0      0x1d4 sdraw.obj
                0x00000000000011f0                mainThread
 .text.startup.main
                0x00000000000013c4       0x14 main_nortos.obj
                0x00000000000013c4                main
 .text.Board_shutDownExtFlash
                0x00000000000013d8       0xbc ti_drivers_config.obj
                0x00000000000013d8                Board_shutDownExtFlash
 .text.Board_initHook
                0x0000000000001494        0x4 ti_drivers_config.obj
                0x0000000000001494                Board_initHook
 .text.Board_init
                0x0000000000001498       0x2c ti_drivers_config.obj
                0x0000000000001498                Board_init
 .text.Display_doOpen
                0x00000000000014c4       0x64 /project/staging/core_examples/simplelink-lowpower-f3-sdk/source/ti/display/lib/gcc/m0p/display_cc23x0r5.a(Display.c.obj)
                0x00000000000014c4                Display_doOpen
 .text.Display_doPrintf
                0x0000000000001528       0x24 /project/staging/core_examples/simplelink-lowpower-f3-sdk/source/ti/display/lib/gcc/m0p/display_cc23x0r5.a(Display.c.obj)
                0x0000000000001528                Display_doPrintf
 .text.Display_doInit
                0x000000000000154c       0x28 /project/staging/core_examples/simplelink-lowpower-f3-sdk/source/ti/display/lib/gcc/m0p/display_cc23x0r5.a(Display.c.obj)
                0x000000000000154c                Display_doInit
 .text.DisplayUart2Min_init
                0x0000000000001574        0x4 /project/staging/core_examples/simplelink-lowpower-f3-sdk/source/ti/display/lib/gcc/m0p/display_cc23x0r5.a(DisplayUart2.c.obj)
                0x0000000000001574                DisplayUart2Min_init
 .text.DisplayUart2Min_clearLines
                0x0000000000001578        0x4 /project/staging/core_examples/simplelink-lowpower-f3-sdk/source/ti/display/lib/gcc/m0p/display_cc23x0r5.a(DisplayUart2.c.obj)
                0x0000000000001578                DisplayUart2Min_clearLines
 .text.DisplayUart2Min_control
                0x000000000000157c        0x8 /project/staging/core_examples/simplelink-lowpower-f3-sdk/source/ti/display/lib/gcc/m0p/display_cc23x0r5.a(DisplayUart2.c.obj)
                0x000000000000157c                DisplayUart2Min_control
 .text.DisplayUart2Min_getType
                0x0000000000001584        0x8 /project/staging/core_examples/simplelink-lowpower-f3-sdk/source/ti/display/lib/gcc/m0p/display_cc23x0r5.a(DisplayUart2.c.obj)
                0x0000000000001584                DisplayUart2Min_getType
 .text.DisplayUart2Min_open
                0x000000000000158c       0x40 /project/staging/core_examples/simplelink-lowpower-f3-sdk/source/ti/display/lib/gcc/m0p/display_cc23x0r5.a(DisplayUart2.c.obj)
                0x000000000000158c                DisplayUart2Min_open
 .text.DisplayUart2Min_vprintf
                0x00000000000015cc       0x50 /project/staging/core_examples/simplelink-lowpower-f3-sdk/source/ti/display/lib/gcc/m0p/display_cc23x0r5.a(DisplayUart2.c.obj)
                0x00000000000015cc                DisplayUart2Min_vprintf
 .text.DisplayUart2Min_close
                0x000000000000161c       0x18 /project/staging/core_examples/simplelink-lowpower-f3-sdk/source/ti/display/lib/gcc/m0p/display_cc23x0r5.a(DisplayUart2.c.obj)
                0x000000000000161c                DisplayUart2Min_close
 .text.DisplayUart2Min_clear
                0x0000000000001634        0x4 /project/staging/core_examples/simplelink-lowpower-f3-sdk/source/ti/display/lib/gcc/m0p/display_cc23x0r5.a(DisplayUart2.c.obj)
                0x0000000000001634                DisplayUart2Min_clear
 .text.UDMALPF3_postNotifyFxn
                0x0000000000001638       0x4c /project/staging/core_examples/simplelink-lowpower-f3-sdk/source/ti/drivers/lib/gcc/m0p/drivers_cc23x0r5.a(UDMALPF3.c.obj)
 .text.UDMALPF3_init
                0x0000000000001684       0x68 /project/staging/core_examples/simplelink-lowpower-f3-sdk/source/ti/drivers/lib/gcc/m0p/drivers_cc23x0r5.a(UDMALPF3.c.obj)
                0x0000000000001684                UDMALPF3_init
 .text.GPIO_setCallback
                0x00000000000016ec       0x1c /project/staging/core_examples/simplelink-lowpower-f3-sdk/source/ti/drivers/lib/gcc/m0p/drivers_cc23x0r5.a(GPIO.c.obj)
                0x00000000000016ec                GPIO_setCallback
 .text.GPIO_setUserArg
                0x0000000000001708       0x14 /project/staging/core_examples/simplelink-lowpower-f3-sdk/source/ti/drivers/lib/gcc/m0p/drivers_cc23x0r5.a(GPIO.c.obj)
                0x0000000000001708                GPIO_setUserArg
 .text.GPIO_getUserArg
                0x000000000000171c       0x10 /project/staging/core_examples/simplelink-lowpower-f3-sdk/source/ti/drivers/lib/gcc/m0p/drivers_cc23x0r5.a(GPIO.c.obj)
                0x000000000000171c                GPIO_getUserArg
 .text.GPIO_resetConfig
                0x000000000000172c       0x38 /project/staging/core_examples/simplelink-lowpower-f3-sdk/source/ti/drivers/lib/gcc/m0p/drivers_cc23x0r5.a(GPIO.c.obj)
                0x000000000000172c                GPIO_resetConfig
 .text.GPIO_hwiIntFxn
                0x0000000000001764       0x44 /project/staging/core_examples/simplelink-lowpower-f3-sdk/source/ti/drivers/lib/gcc/m0p/drivers_cc23x0r5.a(GPIOLPF3.c.obj)
                0x0000000000001764                GPIO_hwiIntFxn
 .text.GPIO_disableInt
                0x00000000000017a8       0x14 /project/staging/core_examples/simplelink-lowpower-f3-sdk/source/ti/drivers/lib/gcc/m0p/drivers_cc23x0r5.a(GPIOLPF3.c.obj)
                0x00000000000017a8                GPIO_disableInt
 .text.GPIO_init
                0x00000000000017bc      0x130 /project/staging/core_examples/simplelink-lowpower-f3-sdk/source/ti/drivers/lib/gcc/m0p/drivers_cc23x0r5.a(GPIOLPF3.c.obj)
                0x00000000000017bc                GPIO_init
 .text.GPIO_read
                0x00000000000018ec       0x10 /project/staging/core_examples/simplelink-lowpower-f3-sdk/source/ti/drivers/lib/gcc/m0p/drivers_cc23x0r5.a(GPIOLPF3.c.obj)
                0x00000000000018ec                GPIO_read
 .text.GPIO_setConfig
                0x00000000000018fc       0x78 /project/staging/core_examples/simplelink-lowpower-f3-sdk/source/ti/drivers/lib/gcc/m0p/drivers_cc23x0r5.a(GPIOLPF3.c.obj)
                0x00000000000018fc                GPIO_setConfig
 .text.GPIO_setInterruptConfig
                0x0000000000001974       0x54 /project/staging/core_examples/simplelink-lowpower-f3-sdk/source/ti/drivers/lib/gcc/m0p/drivers_cc23x0r5.a(GPIOLPF3.c.obj)
                0x0000000000001974                GPIO_setInterruptConfig
 .text.GPIO_write
                0x00000000000019c8       0x18 /project/staging/core_examples/simplelink-lowpower-f3-sdk/source/ti/drivers/lib/gcc/m0p/drivers_cc23x0r5.a(GPIOLPF3.c.obj)
                0x00000000000019c8                GPIO_write
 .text.GPIO_setConfigAndMux
                0x00000000000019e0       0x7c /project/staging/core_examples/simplelink-lowpower-f3-sdk/source/ti/drivers/lib/gcc/m0p/drivers_cc23x0r5.a(GPIOLPF3.c.obj)
                0x00000000000019e0                GPIO_setConfigAndMux
 .text.PowerCC23X0_rtcISR
                0x0000000000001a5c       0x14 /project/staging/core_examples/simplelink-lowpower-f3-sdk/source/ti/drivers/lib/gcc/m0p/drivers_cc23x0r5.a(PowerCC23X0.c.obj)
 .text.PowerCC23X0_startHFXT.part.0
                0x0000000000001a70       0xb0 /project/staging/core_examples/simplelink-lowpower-f3-sdk/source/ti/drivers/lib/gcc/m0p/drivers_cc23x0r5.a(PowerCC23X0.c.obj)
 .text.PowerCC23X0_oscillatorISR
                0x0000000000001b20      0x128 /project/staging/core_examples/simplelink-lowpower-f3-sdk/source/ti/drivers/lib/gcc/m0p/drivers_cc23x0r5.a(PowerCC23X0.c.obj)
 .text.Power_init
                0x0000000000001c48       0xc0 /project/staging/core_examples/simplelink-lowpower-f3-sdk/source/ti/drivers/lib/gcc/m0p/drivers_cc23x0r5.a(PowerCC23X0.c.obj)
                0x0000000000001c48                Power_init
 .text.Power_disablePolicy
                0x0000000000001d08       0x10 /project/staging/core_examples/simplelink-lowpower-f3-sdk/source/ti/drivers/lib/gcc/m0p/drivers_cc23x0r5.a(PowerCC23X0.c.obj)
                0x0000000000001d08                Power_disablePolicy
 .text.Power_enablePolicy
                0x0000000000001d18        0xc /project/staging/core_examples/simplelink-lowpower-f3-sdk/source/ti/drivers/lib/gcc/m0p/drivers_cc23x0r5.a(PowerCC23X0.c.obj)
                0x0000000000001d18                Power_enablePolicy
 .text.Power_getConstraintMask
                0x0000000000001d24        0xc /project/staging/core_examples/simplelink-lowpower-f3-sdk/source/ti/drivers/lib/gcc/m0p/drivers_cc23x0r5.a(PowerCC23X0.c.obj)
                0x0000000000001d24                Power_getConstraintMask
 .text.Power_idleFunc
                0x0000000000001d30       0x20 /project/staging/core_examples/simplelink-lowpower-f3-sdk/source/ti/drivers/lib/gcc/m0p/drivers_cc23x0r5.a(PowerCC23X0.c.obj)
                0x0000000000001d30                Power_idleFunc
 .text.Power_registerNotify
                0x0000000000001d50       0x28 /project/staging/core_examples/simplelink-lowpower-f3-sdk/source/ti/drivers/lib/gcc/m0p/drivers_cc23x0r5.a(PowerCC23X0.c.obj)
                0x0000000000001d50                Power_registerNotify
 .text.Power_unregisterNotify
                0x0000000000001d78       0x10 /project/staging/core_examples/simplelink-lowpower-f3-sdk/source/ti/drivers/lib/gcc/m0p/drivers_cc23x0r5.a(PowerCC23X0.c.obj)
                0x0000000000001d78                Power_unregisterNotify
 .text.Power_setConstraint
                0x0000000000001d88       0x2c /project/staging/core_examples/simplelink-lowpower-f3-sdk/source/ti/drivers/lib/gcc/m0p/drivers_cc23x0r5.a(PowerCC23X0.c.obj)
                0x0000000000001d88                Power_setConstraint
 .text.Power_releaseConstraint
                0x0000000000001db4       0x34 /project/staging/core_examples/simplelink-lowpower-f3-sdk/source/ti/drivers/lib/gcc/m0p/drivers_cc23x0r5.a(PowerCC23X0.c.obj)
                0x0000000000001db4                Power_releaseConstraint
 .text.Power_setDependency
                0x0000000000001de8       0x6c /project/staging/core_examples/simplelink-lowpower-f3-sdk/source/ti/drivers/lib/gcc/m0p/drivers_cc23x0r5.a(PowerCC23X0.c.obj)
                0x0000000000001de8                Power_setDependency
 .text.Power_releaseDependency
                0x0000000000001e54       0x70 /project/staging/core_examples/simplelink-lowpower-f3-sdk/source/ti/drivers/lib/gcc/m0p/drivers_cc23x0r5.a(PowerCC23X0.c.obj)
                0x0000000000001e54                Power_releaseDependency
 .text.Power_sleep
                0x0000000000001ec4       0x80 /project/staging/core_examples/simplelink-lowpower-f3-sdk/source/ti/drivers/lib/gcc/m0p/drivers_cc23x0r5.a(PowerCC23X0.c.obj)
                0x0000000000001ec4                Power_sleep
 .text.PowerLPF3_selectLFXT
                0x0000000000001f44       0x54 /project/staging/core_examples/simplelink-lowpower-f3-sdk/source/ti/drivers/lib/gcc/m0p/drivers_cc23x0r5.a(PowerCC23X0.c.obj)
                0x0000000000001f44                PowerLPF3_selectLFXT
 .text.PowerCC23X0_notify
                0x0000000000001f98       0x34 /project/staging/core_examples/simplelink-lowpower-f3-sdk/source/ti/drivers/lib/gcc/m0p/drivers_cc23x0r5.a(PowerCC23X0.c.obj)
                0x0000000000001f98                PowerCC23X0_notify
 .text.SD_close
                0x0000000000001fcc        0xc /project/staging/core_examples/simplelink-lowpower-f3-sdk/source/ti/drivers/lib/gcc/m0p/drivers_cc23x0r5.a(SD.c.obj)
                0x0000000000001fcc                SD_close
 .text.SD_getNumSectors
                0x0000000000001fd8        0xc /project/staging/core_examples/simplelink-lowpower-f3-sdk/source/ti/drivers/lib/gcc/m0p/drivers_cc23x0r5.a(SD.c.obj)
                0x0000000000001fd8                SD_getNumSectors
 .text.SD_getSectorSize
                0x0000000000001fe4        0xc /project/staging/core_examples/simplelink-lowpower-f3-sdk/source/ti/drivers/lib/gcc/m0p/drivers_cc23x0r5.a(SD.c.obj)
                0x0000000000001fe4                SD_getSectorSize
 .text.SD_init  0x0000000000001ff0       0x48 /project/staging/core_examples/simplelink-lowpower-f3-sdk/source/ti/drivers/lib/gcc/m0p/drivers_cc23x0r5.a(SD.c.obj)
                0x0000000000001ff0                SD_init
 .text.SD_initialize
                0x0000000000002038        0xc /project/staging/core_examples/simplelink-lowpower-f3-sdk/source/ti/drivers/lib/gcc/m0p/drivers_cc23x0r5.a(SD.c.obj)
                0x0000000000002038                SD_initialize
 .text.SD_open  0x0000000000002044       0x40 /project/staging/core_examples/simplelink-lowpower-f3-sdk/source/ti/drivers/lib/gcc/m0p/drivers_cc23x0r5.a(SD.c.obj)
                0x0000000000002044                SD_open
 .text.SD_read  0x0000000000002084        0xc /project/staging/core_examples/simplelink-lowpower-f3-sdk/source/ti/drivers/lib/gcc/m0p/drivers_cc23x0r5.a(SD.c.obj)
                0x0000000000002084                SD_read
 .text.SDSPI_control
                0x0000000000002090        0x8 /project/staging/core_examples/simplelink-lowpower-f3-sdk/source/ti/drivers/lib/gcc/m0p/drivers_cc23x0r5.a(SDSPI.c.obj)
                0x0000000000002090                SDSPI_control
 .text.SDSPI_getSectorSize
                0x0000000000002098        0x8 /project/staging/core_examples/simplelink-lowpower-f3-sdk/source/ti/drivers/lib/gcc/m0p/drivers_cc23x0r5.a(SDSPI.c.obj)
                0x0000000000002098                SDSPI_getSectorSize
 .text.SDSPI_close
                0x00000000000020a0       0x28 /project/staging/core_examples/simplelink-lowpower-f3-sdk/source/ti/drivers/lib/gcc/m0p/drivers_cc23x0r5.a(SDSPI.c.obj)
                0x00000000000020a0                SDSPI_close
 .text.recvDataBlock
                0x00000000000020c8       0xac /project/staging/core_examples/simplelink-lowpower-f3-sdk/source/ti/drivers/lib/gcc/m0p/drivers_cc23x0r5.a(SDSPI.c.obj)
 .text.SDSPI_init
                0x0000000000002174        0xc /project/staging/core_examples/simplelink-lowpower-f3-sdk/source/ti/drivers/lib/gcc/m0p/drivers_cc23x0r5.a(SDSPI.c.obj)
                0x0000000000002174                SDSPI_init
 .text.SDSPI_open
                0x0000000000002180       0x98 /project/staging/core_examples/simplelink-lowpower-f3-sdk/source/ti/drivers/lib/gcc/m0p/drivers_cc23x0r5.a(SDSPI.c.obj)
                0x0000000000002180                SDSPI_open
 .text.sendCmd  0x0000000000002218      0x154 /project/staging/core_examples/simplelink-lowpower-f3-sdk/source/ti/drivers/lib/gcc/m0p/drivers_cc23x0r5.a(SDSPI.c.obj)
 .text.sendCmd.constprop.0
                0x000000000000236c      0x13c /project/staging/core_examples/simplelink-lowpower-f3-sdk/source/ti/drivers/lib/gcc/m0p/drivers_cc23x0r5.a(SDSPI.c.obj)
 .text.SDSPI_getNumSectors
                0x00000000000024a8       0xa4 /project/staging/core_examples/simplelink-lowpower-f3-sdk/source/ti/drivers/lib/gcc/m0p/drivers_cc23x0r5.a(SDSPI.c.obj)
                0x00000000000024a8                SDSPI_getNumSectors
 .text.SDSPI_read
                0x000000000000254c       0xe0 /project/staging/core_examples/simplelink-lowpower-f3-sdk/source/ti/drivers/lib/gcc/m0p/drivers_cc23x0r5.a(SDSPI.c.obj)
                0x000000000000254c                SDSPI_read
 .text.SDSPI_write
                0x000000000000262c      0x3ec /project/staging/core_examples/simplelink-lowpower-f3-sdk/source/ti/drivers/lib/gcc/m0p/drivers_cc23x0r5.a(SDSPI.c.obj)
                0x000000000000262c                SDSPI_write
 .text.SDSPI_initialize
                0x0000000000002a18      0x2f8 /project/staging/core_examples/simplelink-lowpower-f3-sdk/source/ti/drivers/lib/gcc/m0p/drivers_cc23x0r5.a(SDSPI.c.obj)
                0x0000000000002a18                SDSPI_initialize
 .text.SPI_close
                0x0000000000002d10        0xc /project/staging/core_examples/simplelink-lowpower-f3-sdk/source/ti/drivers/lib/gcc/m0p/drivers_cc23x0r5.a(SPI.c.obj)
                0x0000000000002d10                SPI_close
 .text.SPI_init
                0x0000000000002d1c       0x48 /project/staging/core_examples/simplelink-lowpower-f3-sdk/source/ti/drivers/lib/gcc/m0p/drivers_cc23x0r5.a(SPI.c.obj)
                0x0000000000002d1c                SPI_init
 .text.SPI_open
                0x0000000000002d64       0x40 /project/staging/core_examples/simplelink-lowpower-f3-sdk/source/ti/drivers/lib/gcc/m0p/drivers_cc23x0r5.a(SPI.c.obj)
                0x0000000000002d64                SPI_open
 .text.SPI_Params_init
                0x0000000000002da4       0x18 /project/staging/core_examples/simplelink-lowpower-f3-sdk/source/ti/drivers/lib/gcc/m0p/drivers_cc23x0r5.a(SPI.c.obj)
                0x0000000000002da4                SPI_Params_init
 .text.SPI_transfer
                0x0000000000002dbc        0xc /project/staging/core_examples/simplelink-lowpower-f3-sdk/source/ti/drivers/lib/gcc/m0p/drivers_cc23x0r5.a(SPI.c.obj)
                0x0000000000002dbc                SPI_transfer
 .text.SPILPF3DMA_init
                0x0000000000002dc8        0xc /project/staging/core_examples/simplelink-lowpower-f3-sdk/source/ti/drivers/lib/gcc/m0p/drivers_cc23x0r5.a(SPILPF3DMA.c.obj)
                0x0000000000002dc8                SPILPF3DMA_init
 .text.configNextTransfer
                0x0000000000002dd4      0x164 /project/staging/core_examples/simplelink-lowpower-f3-sdk/source/ti/drivers/lib/gcc/m0p/drivers_cc23x0r5.a(SPILPF3DMA.c.obj)
 .text.initIO   0x0000000000002f38       0x74 /project/staging/core_examples/simplelink-lowpower-f3-sdk/source/ti/drivers/lib/gcc/m0p/drivers_cc23x0r5.a(SPILPF3DMA.c.obj)
 .text.blockingTransferCallback
                0x0000000000002fac        0xc /project/staging/core_examples/simplelink-lowpower-f3-sdk/source/ti/drivers/lib/gcc/m0p/drivers_cc23x0r5.a(SPILPF3DMA.c.obj)
 .text.SPILPF3DMA_close
                0x0000000000002fb8       0x84 /project/staging/core_examples/simplelink-lowpower-f3-sdk/source/ti/drivers/lib/gcc/m0p/drivers_cc23x0r5.a(SPILPF3DMA.c.obj)
                0x0000000000002fb8                SPILPF3DMA_close
 .text.initHw.isra.0
                0x000000000000303c      0x120 /project/staging/core_examples/simplelink-lowpower-f3-sdk/source/ti/drivers/lib/gcc/m0p/drivers_cc23x0r5.a(SPILPF3DMA.c.obj)
 .text.SPILPF3DMA_open
                0x000000000000315c      0x170 /project/staging/core_examples/simplelink-lowpower-f3-sdk/source/ti/drivers/lib/gcc/m0p/drivers_cc23x0r5.a(SPILPF3DMA.c.obj)
                0x000000000000315c                SPILPF3DMA_open
 .text.spiPostNotify
                0x00000000000032cc       0x78 /project/staging/core_examples/simplelink-lowpower-f3-sdk/source/ti/drivers/lib/gcc/m0p/drivers_cc23x0r5.a(SPILPF3DMA.c.obj)
 .text.SPILPF3DMA_transferCancel
                0x0000000000003344      0x180 /project/staging/core_examples/simplelink-lowpower-f3-sdk/source/ti/drivers/lib/gcc/m0p/drivers_cc23x0r5.a(SPILPF3DMA.c.obj)
                0x0000000000003344                SPILPF3DMA_transferCancel
 .text.csnCallback
                0x00000000000034c4       0x74 /project/staging/core_examples/simplelink-lowpower-f3-sdk/source/ti/drivers/lib/gcc/m0p/drivers_cc23x0r5.a(SPILPF3DMA.c.obj)
 .text.SPILPF3DMA_hwiFxn
                0x0000000000003538      0x23c /project/staging/core_examples/simplelink-lowpower-f3-sdk/source/ti/drivers/lib/gcc/m0p/drivers_cc23x0r5.a(SPILPF3DMA.c.obj)
 .text.SPILPF3DMA_swiFxn
                0x0000000000003774       0x74 /project/staging/core_examples/simplelink-lowpower-f3-sdk/source/ti/drivers/lib/gcc/m0p/drivers_cc23x0r5.a(SPILPF3DMA.c.obj)
 .text.SPILPF3DMA_control
                0x00000000000037e8      0x134 /project/staging/core_examples/simplelink-lowpower-f3-sdk/source/ti/drivers/lib/gcc/m0p/drivers_cc23x0r5.a(SPILPF3DMA.c.obj)
                0x00000000000037e8                SPILPF3DMA_control
 .text.SPILPF3DMA_transfer
                0x000000000000391c      0x440 /project/staging/core_examples/simplelink-lowpower-f3-sdk/source/ti/drivers/lib/gcc/m0p/drivers_cc23x0r5.a(SPILPF3DMA.c.obj)
                0x000000000000391c                SPILPF3DMA_transfer
 .text.UART2_Params_init
                0x0000000000003d5c       0x18 /project/staging/core_examples/simplelink-lowpower-f3-sdk/source/ti/drivers/lib/gcc/m0p/drivers_cc23x0r5.a(UART2.c.obj)
                0x0000000000003d5c                UART2_Params_init
 .text.UART2_readCancel
                0x0000000000003d74       0x5c /project/staging/core_examples/simplelink-lowpower-f3-sdk/source/ti/drivers/lib/gcc/m0p/drivers_cc23x0r5.a(UART2.c.obj)
                0x0000000000003d74                UART2_readCancel
 .text.UART2_rxDisable
                0x0000000000003dd0       0x38 /project/staging/core_examples/simplelink-lowpower-f3-sdk/source/ti/drivers/lib/gcc/m0p/drivers_cc23x0r5.a(UART2.c.obj)
                0x0000000000003dd0                UART2_rxDisable
 .text.UART2_writeTimeoutBlocking
                0x0000000000003e08      0x1a0 /project/staging/core_examples/simplelink-lowpower-f3-sdk/source/ti/drivers/lib/gcc/m0p/drivers_cc23x0r5.a(UART2.c.obj)
                0x0000000000003e08                UART2_writeTimeoutBlocking
 .text.UART2_writeTimeoutNonblocking
                0x0000000000003fa8      0x140 /project/staging/core_examples/simplelink-lowpower-f3-sdk/source/ti/drivers/lib/gcc/m0p/drivers_cc23x0r5.a(UART2.c.obj)
                0x0000000000003fa8                UART2_writeTimeoutNonblocking
 .text.UART2_writeTimeout
                0x00000000000040e8       0x24 /project/staging/core_examples/simplelink-lowpower-f3-sdk/source/ti/drivers/lib/gcc/m0p/drivers_cc23x0r5.a(UART2.c.obj)
                0x00000000000040e8                UART2_writeTimeout
 .text.UART2_write
                0x000000000000410c       0x14 /project/staging/core_examples/simplelink-lowpower-f3-sdk/source/ti/drivers/lib/gcc/m0p/drivers_cc23x0r5.a(UART2.c.obj)
                0x000000000000410c                UART2_write
 .text.UART2_writeCancel
                0x0000000000004120       0xa8 /project/staging/core_examples/simplelink-lowpower-f3-sdk/source/ti/drivers/lib/gcc/m0p/drivers_cc23x0r5.a(UART2.c.obj)
                0x0000000000004120                UART2_writeCancel
 .text.UART2LPF3_eventCallback
                0x00000000000041c8        0x4 /project/staging/core_examples/simplelink-lowpower-f3-sdk/source/ti/drivers/lib/gcc/m0p/drivers_cc23x0r5.a(UART2LPF3.c.obj)
 .text.UART2LPF3_preNotifyFxn
                0x00000000000041cc       0x40 /project/staging/core_examples/simplelink-lowpower-f3-sdk/source/ti/drivers/lib/gcc/m0p/drivers_cc23x0r5.a(UART2LPF3.c.obj)
 .text.UART2LPF3_initHw.isra.0
                0x000000000000420c      0x164 /project/staging/core_examples/simplelink-lowpower-f3-sdk/source/ti/drivers/lib/gcc/m0p/drivers_cc23x0r5.a(UART2LPF3.c.obj)
 .text.UART2LPF3_postNotifyFxn
                0x0000000000004370       0x54 /project/staging/core_examples/simplelink-lowpower-f3-sdk/source/ti/drivers/lib/gcc/m0p/drivers_cc23x0r5.a(UART2LPF3.c.obj)
 .text.UART2_close
                0x00000000000043c4       0x9c /project/staging/core_examples/simplelink-lowpower-f3-sdk/source/ti/drivers/lib/gcc/m0p/drivers_cc23x0r5.a(UART2LPF3.c.obj)
                0x00000000000043c4                UART2_close
 .text.UART2_open
                0x0000000000004460      0x1c8 /project/staging/core_examples/simplelink-lowpower-f3-sdk/source/ti/drivers/lib/gcc/m0p/drivers_cc23x0r5.a(UART2LPF3.c.obj)
                0x0000000000004460                UART2_open
 .text.UART2Support_disableRx
                0x0000000000004628       0x28 /project/staging/core_examples/simplelink-lowpower-f3-sdk/source/ti/drivers/lib/gcc/m0p/drivers_cc23x0r5.a(UART2LPF3.c.obj)
                0x0000000000004628                UART2Support_disableRx
 .text.UART2Support_disableTx
                0x0000000000004650       0x10 /project/staging/core_examples/simplelink-lowpower-f3-sdk/source/ti/drivers/lib/gcc/m0p/drivers_cc23x0r5.a(UART2LPF3.c.obj)
                0x0000000000004650                UART2Support_disableTx
 .text.UART2Support_dmaStartTx
                0x0000000000004660       0xdc /project/staging/core_examples/simplelink-lowpower-f3-sdk/source/ti/drivers/lib/gcc/m0p/drivers_cc23x0r5.a(UART2LPF3.c.obj)
                0x0000000000004660                UART2Support_dmaStartTx
 .text.UART2Support_dmaStopRx
                0x000000000000473c       0x7c /project/staging/core_examples/simplelink-lowpower-f3-sdk/source/ti/drivers/lib/gcc/m0p/drivers_cc23x0r5.a(UART2LPF3.c.obj)
                0x000000000000473c                UART2Support_dmaStopRx
 .text.UART2Support_dmaStartRx
                0x00000000000047b8      0x108 /project/staging/core_examples/simplelink-lowpower-f3-sdk/source/ti/drivers/lib/gcc/m0p/drivers_cc23x0r5.a(UART2LPF3.c.obj)
                0x00000000000047b8                UART2Support_dmaStartRx
 .text.UART2Support_dmaStopTx
                0x00000000000048c0       0x88 /project/staging/core_examples/simplelink-lowpower-f3-sdk/source/ti/drivers/lib/gcc/m0p/drivers_cc23x0r5.a(UART2LPF3.c.obj)
                0x00000000000048c0                UART2Support_dmaStopTx
 .text.UART2LPF3_hwiIntFxn
                0x0000000000004948      0x314 /project/staging/core_examples/simplelink-lowpower-f3-sdk/source/ti/drivers/lib/gcc/m0p/drivers_cc23x0r5.a(UART2LPF3.c.obj)
 .text.UART2Support_enableTx
                0x0000000000004c5c       0x10 /project/staging/core_examples/simplelink-lowpower-f3-sdk/source/ti/drivers/lib/gcc/m0p/drivers_cc23x0r5.a(UART2LPF3.c.obj)
                0x0000000000004c5c                UART2Support_enableTx
 .text.UART2Support_powerRelConstraint
                0x0000000000004c6c        0xc /project/staging/core_examples/simplelink-lowpower-f3-sdk/source/ti/drivers/lib/gcc/m0p/drivers_cc23x0r5.a(UART2LPF3.c.obj)
                0x0000000000004c6c                UART2Support_powerRelConstraint
 .text.UART2Support_sendData
                0x0000000000004c78       0x24 /project/staging/core_examples/simplelink-lowpower-f3-sdk/source/ti/drivers/lib/gcc/m0p/drivers_cc23x0r5.a(UART2LPF3.c.obj)
                0x0000000000004c78                UART2Support_sendData
 .text.UART2Support_txDone
                0x0000000000004c9c        0xc /project/staging/core_examples/simplelink-lowpower-f3-sdk/source/ti/drivers/lib/gcc/m0p/drivers_cc23x0r5.a(UART2LPF3.c.obj)
                0x0000000000004c9c                UART2Support_txDone
 .text.List_clearList
                0x0000000000004ca8       0x14 /project/staging/core_examples/simplelink-lowpower-f3-sdk/source/ti/drivers/lib/gcc/m0p/drivers_cc23x0r5.a(List.c.obj)
                0x0000000000004ca8                List_clearList
 .text.List_put
                0x0000000000004cbc       0x24 /project/staging/core_examples/simplelink-lowpower-f3-sdk/source/ti/drivers/lib/gcc/m0p/drivers_cc23x0r5.a(List.c.obj)
                0x0000000000004cbc                List_put
 .text.List_remove
                0x0000000000004ce0       0x2c /project/staging/core_examples/simplelink-lowpower-f3-sdk/source/ti/drivers/lib/gcc/m0p/drivers_cc23x0r5.a(List.c.obj)
                0x0000000000004ce0                List_remove
 .text.RingBuf_construct
                0x0000000000004d0c       0x14 /project/staging/core_examples/simplelink-lowpower-f3-sdk/source/ti/drivers/lib/gcc/m0p/drivers_cc23x0r5.a(RingBuf.c.obj)
                0x0000000000004d0c                RingBuf_construct
 .text.RingBuf_getConsume
                0x0000000000004d20       0x30 /project/staging/core_examples/simplelink-lowpower-f3-sdk/source/ti/drivers/lib/gcc/m0p/drivers_cc23x0r5.a(RingBuf.c.obj)
                0x0000000000004d20                RingBuf_getConsume
 .text.RingBuf_getCount
                0x0000000000004d50        0x4 /project/staging/core_examples/simplelink-lowpower-f3-sdk/source/ti/drivers/lib/gcc/m0p/drivers_cc23x0r5.a(RingBuf.c.obj)
                0x0000000000004d50                RingBuf_getCount
 .text.RingBuf_getPointer
                0x0000000000004d54       0x28 /project/staging/core_examples/simplelink-lowpower-f3-sdk/source/ti/drivers/lib/gcc/m0p/drivers_cc23x0r5.a(RingBuf.c.obj)
                0x0000000000004d54                RingBuf_getPointer
 .text.RingBuf_flush
                0x0000000000004d7c       0x1c /project/staging/core_examples/simplelink-lowpower-f3-sdk/source/ti/drivers/lib/gcc/m0p/drivers_cc23x0r5.a(RingBuf.c.obj)
                0x0000000000004d7c                RingBuf_flush
 .text.RingBuf_put
                0x0000000000004d98       0x48 /project/staging/core_examples/simplelink-lowpower-f3-sdk/source/ti/drivers/lib/gcc/m0p/drivers_cc23x0r5.a(RingBuf.c.obj)
                0x0000000000004d98                RingBuf_put
 .text.RingBuf_putAdvance
                0x0000000000004de0       0x44 /project/staging/core_examples/simplelink-lowpower-f3-sdk/source/ti/drivers/lib/gcc/m0p/drivers_cc23x0r5.a(RingBuf.c.obj)
                0x0000000000004de0                RingBuf_putAdvance
 .text.RingBuf_putPointer
                0x0000000000004e24       0x34 /project/staging/core_examples/simplelink-lowpower-f3-sdk/source/ti/drivers/lib/gcc/m0p/drivers_cc23x0r5.a(RingBuf.c.obj)
                0x0000000000004e24                RingBuf_putPointer
 .text.NoRTOS_start
                0x0000000000004e58        0x8 /project/staging/core_examples/simplelink-lowpower-f3-sdk/kernel/nortos/lib/gcc/m0p/nortos_cc23x0r5.a(NoRTOS.c.obj)
                0x0000000000004e58                NoRTOS_start
 .text.clkFxn   0x0000000000004e60        0x4 /project/staging/core_examples/simplelink-lowpower-f3-sdk/kernel/nortos/lib/gcc/m0p/nortos_cc23x0r5.a(SemaphoreP_nortos.c.obj)
                0x0000000000004e60                clkFxn
 .text.SemaphoreP_constructBinary
                0x0000000000004e64       0x40 /project/staging/core_examples/simplelink-lowpower-f3-sdk/kernel/nortos/lib/gcc/m0p/nortos_cc23x0r5.a(SemaphoreP_nortos.c.obj)
                0x0000000000004e64                SemaphoreP_constructBinary
 .text.SemaphoreP_createBinary
                0x0000000000004ea4       0x44 /project/staging/core_examples/simplelink-lowpower-f3-sdk/kernel/nortos/lib/gcc/m0p/nortos_cc23x0r5.a(SemaphoreP_nortos.c.obj)
                0x0000000000004ea4                SemaphoreP_createBinary
 .text.SemaphoreP_destruct
                0x0000000000004ee8        0x4 /project/staging/core_examples/simplelink-lowpower-f3-sdk/kernel/nortos/lib/gcc/m0p/nortos_cc23x0r5.a(SemaphoreP_nortos.c.obj)
                0x0000000000004ee8                SemaphoreP_destruct
 .text.SemaphoreP_delete
                0x0000000000004eec        0x8 /project/staging/core_examples/simplelink-lowpower-f3-sdk/kernel/nortos/lib/gcc/m0p/nortos_cc23x0r5.a(SemaphoreP_nortos.c.obj)
                0x0000000000004eec                SemaphoreP_delete
 .text.SemaphoreP_pend
                0x0000000000004ef4      0x10c /project/staging/core_examples/simplelink-lowpower-f3-sdk/kernel/nortos/lib/gcc/m0p/nortos_cc23x0r5.a(SemaphoreP_nortos.c.obj)
                0x0000000000004ef4                SemaphoreP_pend
 .text.SemaphoreP_post
                0x0000000000005000       0x48 /project/staging/core_examples/simplelink-lowpower-f3-sdk/kernel/nortos/lib/gcc/m0p/nortos_cc23x0r5.a(SemaphoreP_nortos.c.obj)
                0x0000000000005000                SemaphoreP_post
 .text.SwiP_Params_init
                0x0000000000005048       0x10 /project/staging/core_examples/simplelink-lowpower-f3-sdk/kernel/nortos/lib/gcc/m0p/nortos_cc23x0r5.a(SwiP_nortos.c.obj)
                0x0000000000005048                SwiP_Params_init
 .text.SwiP_construct
                0x0000000000005058      0x10c /project/staging/core_examples/simplelink-lowpower-f3-sdk/kernel/nortos/lib/gcc/m0p/nortos_cc23x0r5.a(SwiP_nortos.c.obj)
                0x0000000000005058                SwiP_construct
 .text.SwiP_destruct
                0x0000000000005164       0x34 /project/staging/core_examples/simplelink-lowpower-f3-sdk/kernel/nortos/lib/gcc/m0p/nortos_cc23x0r5.a(SwiP_nortos.c.obj)
                0x0000000000005164                SwiP_destruct
 .text.SwiP_dispatch
                0x0000000000005198       0xe4 /project/staging/core_examples/simplelink-lowpower-f3-sdk/kernel/nortos/lib/gcc/m0p/nortos_cc23x0r5.a(SwiP_nortos.c.obj)
                0x0000000000005198                SwiP_dispatch
 .text.SwiP_handleHwi
                0x000000000000527c       0x14 /project/staging/core_examples/simplelink-lowpower-f3-sdk/kernel/nortos/lib/gcc/m0p/nortos_cc23x0r5.a(SwiP_nortos.c.obj)
 .text.SwiP_post
                0x0000000000005290       0x68 /project/staging/core_examples/simplelink-lowpower-f3-sdk/kernel/nortos/lib/gcc/m0p/nortos_cc23x0r5.a(SwiP_nortos.c.obj)
                0x0000000000005290                SwiP_post
 .text.doPrint  0x00000000000052f8      0x534 /project/staging/core_examples/simplelink-lowpower-f3-sdk/kernel/nortos/lib/gcc/m0p/nortos_cc23x0r5.a(SystemP_nortos.c.obj)
 .text.SystemP_vsnprintf
                0x000000000000582c        0x8 /project/staging/core_examples/simplelink-lowpower-f3-sdk/kernel/nortos/lib/gcc/m0p/nortos_cc23x0r5.a(SystemP_nortos.c.obj)
                0x000000000000582c                SystemP_vsnprintf
 .text.ClockP_hwiCallback
                0x0000000000005834      0x110 /project/staging/core_examples/simplelink-lowpower-f3-sdk/kernel/nortos/lib/gcc/m0p/nortos_cc23x0r5.a(ClockPLPF3_nortos.c.obj)
 .text.ClockP_startup
                0x0000000000005944       0xb0 /project/staging/core_examples/simplelink-lowpower-f3-sdk/kernel/nortos/lib/gcc/m0p/nortos_cc23x0r5.a(ClockPLPF3_nortos.c.obj)
                0x0000000000005944                ClockP_startup
 .text.ClockP_destruct
                0x00000000000059f4       0x10 /project/staging/core_examples/simplelink-lowpower-f3-sdk/kernel/nortos/lib/gcc/m0p/nortos_cc23x0r5.a(ClockPLPF3_nortos.c.obj)
                0x00000000000059f4                ClockP_destruct
 .text.ClockP_add
                0x0000000000005a04       0x1c /project/staging/core_examples/simplelink-lowpower-f3-sdk/kernel/nortos/lib/gcc/m0p/nortos_cc23x0r5.a(ClockPLPF3_nortos.c.obj)
                0x0000000000005a04                ClockP_add
 .text.ClockP_start
                0x0000000000005a20       0x80 /project/staging/core_examples/simplelink-lowpower-f3-sdk/kernel/nortos/lib/gcc/m0p/nortos_cc23x0r5.a(ClockPLPF3_nortos.c.obj)
                0x0000000000005a20                ClockP_start
 .text.ClockP_isActive
                0x0000000000005aa0        0x8 /project/staging/core_examples/simplelink-lowpower-f3-sdk/kernel/nortos/lib/gcc/m0p/nortos_cc23x0r5.a(ClockPLPF3_nortos.c.obj)
                0x0000000000005aa0                ClockP_isActive
 .text.ClockP_getCpuFreq
                0x0000000000005aa8        0xc /project/staging/core_examples/simplelink-lowpower-f3-sdk/kernel/nortos/lib/gcc/m0p/nortos_cc23x0r5.a(ClockPLPF3_nortos.c.obj)
                0x0000000000005aa8                ClockP_getCpuFreq
 .text.ClockP_getSystemTickPeriod
                0x0000000000005ab4        0x4 /project/staging/core_examples/simplelink-lowpower-f3-sdk/kernel/nortos/lib/gcc/m0p/nortos_cc23x0r5.a(ClockPLPF3_nortos.c.obj)
                0x0000000000005ab4                ClockP_getSystemTickPeriod
 .text.ClockP_getSystemTicks
                0x0000000000005ab8        0xc /project/staging/core_examples/simplelink-lowpower-f3-sdk/kernel/nortos/lib/gcc/m0p/nortos_cc23x0r5.a(ClockPLPF3_nortos.c.obj)
                0x0000000000005ab8                ClockP_getSystemTicks
 .text.QueueP_init
                0x0000000000005ac4        0x8 /project/staging/core_examples/simplelink-lowpower-f3-sdk/kernel/nortos/lib/gcc/m0p/nortos_cc23x0r5.a(QueueP_nortos.c.obj)
                0x0000000000005ac4                QueueP_init
 .text.QueueP_empty
                0x0000000000005acc        0xc /project/staging/core_examples/simplelink-lowpower-f3-sdk/kernel/nortos/lib/gcc/m0p/nortos_cc23x0r5.a(QueueP_nortos.c.obj)
                0x0000000000005acc                QueueP_empty
 .text.QueueP_get
                0x0000000000005ad8       0x1c /project/staging/core_examples/simplelink-lowpower-f3-sdk/kernel/nortos/lib/gcc/m0p/nortos_cc23x0r5.a(QueueP_nortos.c.obj)
                0x0000000000005ad8                QueueP_get
 .text.QueueP_put
                0x0000000000005af4       0x1c /project/staging/core_examples/simplelink-lowpower-f3-sdk/kernel/nortos/lib/gcc/m0p/nortos_cc23x0r5.a(QueueP_nortos.c.obj)
                0x0000000000005af4                QueueP_put
 .text.QueueP_remove
                0x0000000000005b10       0x10 /project/staging/core_examples/simplelink-lowpower-f3-sdk/kernel/nortos/lib/gcc/m0p/nortos_cc23x0r5.a(QueueP_nortos.c.obj)
                0x0000000000005b10                QueueP_remove
 .text.HwiP_dispatch
                0x0000000000005b20       0x24 /project/staging/core_examples/simplelink-lowpower-f3-sdk/kernel/nortos/lib/gcc/m0p/nortos_cc23x0r5.a(HwiPCC23X0_nortos.c.obj)
                0x0000000000005b20                HwiP_dispatch
 .text.HwiP_clearInterrupt
                0x0000000000005b44        0x8 /project/staging/core_examples/simplelink-lowpower-f3-sdk/kernel/nortos/lib/gcc/m0p/nortos_cc23x0r5.a(HwiPCC23X0_nortos.c.obj)
                0x0000000000005b44                HwiP_clearInterrupt
 .text.HwiP_construct
                0x0000000000005b4c       0x88 /project/staging/core_examples/simplelink-lowpower-f3-sdk/kernel/nortos/lib/gcc/m0p/nortos_cc23x0r5.a(HwiPCC23X0_nortos.c.obj)
                0x0000000000005b4c                HwiP_construct
 .text.HwiP_destruct
                0x0000000000005bd4       0x14 /project/staging/core_examples/simplelink-lowpower-f3-sdk/kernel/nortos/lib/gcc/m0p/nortos_cc23x0r5.a(HwiPCC23X0_nortos.c.obj)
                0x0000000000005bd4                HwiP_destruct
 .text.HwiP_disable
                0x0000000000005be8        0xc /project/staging/core_examples/simplelink-lowpower-f3-sdk/kernel/nortos/lib/gcc/m0p/nortos_cc23x0r5.a(HwiPCC23X0_nortos.c.obj)
                0x0000000000005be8                HwiP_disable
 .text.HwiP_disableInterrupt
                0x0000000000005bf4        0x8 /project/staging/core_examples/simplelink-lowpower-f3-sdk/kernel/nortos/lib/gcc/m0p/nortos_cc23x0r5.a(HwiPCC23X0_nortos.c.obj)
                0x0000000000005bf4                HwiP_disableInterrupt
 .text.HwiP_enable
                0x0000000000005bfc        0x8 /project/staging/core_examples/simplelink-lowpower-f3-sdk/kernel/nortos/lib/gcc/m0p/nortos_cc23x0r5.a(HwiPCC23X0_nortos.c.obj)
                0x0000000000005bfc                HwiP_enable
 .text.HwiP_enableInterrupt
                0x0000000000005c04        0x8 /project/staging/core_examples/simplelink-lowpower-f3-sdk/kernel/nortos/lib/gcc/m0p/nortos_cc23x0r5.a(HwiPCC23X0_nortos.c.obj)
                0x0000000000005c04                HwiP_enableInterrupt
 .text.HwiP_interruptsEnabled
                0x0000000000005c0c        0xc /project/staging/core_examples/simplelink-lowpower-f3-sdk/kernel/nortos/lib/gcc/m0p/nortos_cc23x0r5.a(HwiPCC23X0_nortos.c.obj)
                0x0000000000005c0c                HwiP_interruptsEnabled
 .text.HwiP_inISR
                0x0000000000005c18       0x14 /project/staging/core_examples/simplelink-lowpower-f3-sdk/kernel/nortos/lib/gcc/m0p/nortos_cc23x0r5.a(HwiPCC23X0_nortos.c.obj)
                0x0000000000005c18                HwiP_inISR
 .text.HwiP_Params_init
                0x0000000000005c2c       0x14 /project/staging/core_examples/simplelink-lowpower-f3-sdk/kernel/nortos/lib/gcc/m0p/nortos_cc23x0r5.a(HwiPCC23X0_nortos.c.obj)
                0x0000000000005c2c                HwiP_Params_init
 .text.HwiP_post
                0x0000000000005c40        0x8 /project/staging/core_examples/simplelink-lowpower-f3-sdk/kernel/nortos/lib/gcc/m0p/nortos_cc23x0r5.a(HwiPCC23X0_nortos.c.obj)
                0x0000000000005c40                HwiP_post
 .text.HwiP_restore
                0x0000000000005c48        0xc /project/staging/core_examples/simplelink-lowpower-f3-sdk/kernel/nortos/lib/gcc/m0p/nortos_cc23x0r5.a(HwiPCC23X0_nortos.c.obj)
                0x0000000000005c48                HwiP_restore
 .text.HwiP_setFunc
                0x0000000000005c54       0x18 /project/staging/core_examples/simplelink-lowpower-f3-sdk/kernel/nortos/lib/gcc/m0p/nortos_cc23x0r5.a(HwiPCC23X0_nortos.c.obj)
                0x0000000000005c54                HwiP_setFunc
 .text.PowerCC23X0_standbyPolicy
                0x0000000000005c6c      0x1d0 /project/staging/core_examples/simplelink-lowpower-f3-sdk/kernel/nortos/lib/gcc/m0p/nortos_cc23x0r5.a(PowerCC23X0_nortos.c.obj)
                0x0000000000005c6c                PowerCC23X0_standbyPolicy
 .text.resetISR
                0x0000000000005e3c        0xc /project/staging/core_examples/simplelink-lowpower-f3-sdk/kernel/nortos/lib/gcc/m0p/nortos_cc23x0r5.a(startup_cc23x0r5_gcc.c.obj)
                0x0000000000005e3c                resetISR
 .text.nmiISR   0x0000000000005e48        0x4 /project/staging/core_examples/simplelink-lowpower-f3-sdk/kernel/nortos/lib/gcc/m0p/nortos_cc23x0r5.a(startup_cc23x0r5_gcc.c.obj)
 .text.faultISR
                0x0000000000005e4c        0x4 /project/staging/core_examples/simplelink-lowpower-f3-sdk/kernel/nortos/lib/gcc/m0p/nortos_cc23x0r5.a(startup_cc23x0r5_gcc.c.obj)
 .text.defaultHandler
                0x0000000000005e50        0x4 /project/staging/core_examples/simplelink-lowpower-f3-sdk/kernel/nortos/lib/gcc/m0p/nortos_cc23x0r5.a(startup_cc23x0r5_gcc.c.obj)
 .text.localProgramStart
                0x0000000000005e54       0x78 /project/staging/core_examples/simplelink-lowpower-f3-sdk/kernel/nortos/lib/gcc/m0p/nortos_cc23x0r5.a(startup_cc23x0r5_gcc.c.obj)
                0x0000000000005e54                localProgramStart
 .text._fini    0x0000000000005ecc        0x4 /project/staging/core_examples/simplelink-lowpower-f3-sdk/kernel/nortos/lib/gcc/m0p/nortos_cc23x0r5.a(startup_cc23x0r5_gcc.c.obj)
                0x0000000000005ecc                _fini
 .text.CPUDelay
                0x0000000000005ed0        0x8 /project/staging/core_examples/simplelink-lowpower-f3-sdk/source/ti/devices/cc23x0r5/driverlib/lib/gcc/driverlib.a(cpu.c.obj)
                0x0000000000005ed0                CPUDelay
 .text.IntDefaultHandler
                0x0000000000005ed8        0x4 /project/staging/core_examples/simplelink-lowpower-f3-sdk/source/ti/devices/cc23x0r5/driverlib/lib/gcc/driverlib.a(interrupt.c.obj)
 .text.IntRegister
                0x0000000000005edc       0x30 /project/staging/core_examples/simplelink-lowpower-f3-sdk/source/ti/devices/cc23x0r5/driverlib/lib/gcc/driverlib.a(interrupt.c.obj)
                0x0000000000005edc                IntRegister
 .text.IntUnregister
                0x0000000000005f0c       0x14 /project/staging/core_examples/simplelink-lowpower-f3-sdk/source/ti/devices/cc23x0r5/driverlib/lib/gcc/driverlib.a(interrupt.c.obj)
                0x0000000000005f0c                IntUnregister
 .text.IntSetPriority
                0x0000000000005f20       0xb4 /project/staging/core_examples/simplelink-lowpower-f3-sdk/source/ti/devices/cc23x0r5/driverlib/lib/gcc/driverlib.a(interrupt.c.obj)
                0x0000000000005f20                IntSetPriority
 .text.IntEnable
                0x0000000000005fd4       0x28 /project/staging/core_examples/simplelink-lowpower-f3-sdk/source/ti/devices/cc23x0r5/driverlib/lib/gcc/driverlib.a(interrupt.c.obj)
                0x0000000000005fd4                IntEnable
 .text.IntDisable
                0x0000000000005ffc       0x2c /project/staging/core_examples/simplelink-lowpower-f3-sdk/source/ti/devices/cc23x0r5/driverlib/lib/gcc/driverlib.a(interrupt.c.obj)
                0x0000000000005ffc                IntDisable
 .text.IntSetPend
                0x0000000000006028       0x58 /project/staging/core_examples/simplelink-lowpower-f3-sdk/source/ti/devices/cc23x0r5/driverlib/lib/gcc/driverlib.a(interrupt.c.obj)
                0x0000000000006028                IntSetPend
 .text.IntClearPend
                0x0000000000006080       0x40 /project/staging/core_examples/simplelink-lowpower-f3-sdk/source/ti/devices/cc23x0r5/driverlib/lib/gcc/driverlib.a(interrupt.c.obj)
                0x0000000000006080                IntClearPend
 .text.LRFDSetClockDependency
                0x00000000000060c0       0x60 /project/staging/core_examples/simplelink-lowpower-f3-sdk/source/ti/devices/cc23x0r5/driverlib/lib/gcc/driverlib.a(lrfd.c.obj)
                0x00000000000060c0                LRFDSetClockDependency
 .text.LRFDReleaseClockDependency
                0x0000000000006120       0x60 /project/staging/core_examples/simplelink-lowpower-f3-sdk/source/ti/devices/cc23x0r5/driverlib/lib/gcc/driverlib.a(lrfd.c.obj)
                0x0000000000006120                LRFDReleaseClockDependency
 .text.LRFDApplyClockDependencies
                0x0000000000006180       0x54 /project/staging/core_examples/simplelink-lowpower-f3-sdk/source/ti/devices/cc23x0r5/driverlib/lib/gcc/driverlib.a(lrfd.c.obj)
                0x0000000000006180                LRFDApplyClockDependencies
 .text.SetupTrimDevice
                0x00000000000061d4       0x48 /project/staging/core_examples/simplelink-lowpower-f3-sdk/source/ti/devices/cc23x0r5/driverlib/lib/gcc/driverlib.a(setup.c.obj)
                0x00000000000061d4                SetupTrimDevice
 .text.UARTConfigSetExpClk
                0x000000000000621c       0x4c /project/staging/core_examples/simplelink-lowpower-f3-sdk/source/ti/devices/cc23x0r5/driverlib/lib/gcc/driverlib.a(uart.c.obj)
                0x000000000000621c                UARTConfigSetExpClk
 .text.UARTDisable
                0x0000000000006268       0x24 /project/staging/core_examples/simplelink-lowpower-f3-sdk/source/ti/devices/cc23x0r5/driverlib/lib/gcc/driverlib.a(uart.c.obj)
                0x0000000000006268                UARTDisable
 .text.uDMADisableChannelAttribute
                0x000000000000628c       0x34 /project/staging/core_examples/simplelink-lowpower-f3-sdk/source/ti/devices/cc23x0r5/driverlib/lib/gcc/driverlib.a(udma.c.obj)
                0x000000000000628c                uDMADisableChannelAttribute
 .text.uDMAGetChannelSize
                0x00000000000062c0       0x18 /project/staging/core_examples/simplelink-lowpower-f3-sdk/source/ti/devices/cc23x0r5/driverlib/lib/gcc/driverlib.a(udma.c.obj)
                0x00000000000062c0                uDMAGetChannelSize
 .text.malloc   0x00000000000062d8       0x14 /home/developer/.conan/data/arm-none-eabi-gcc/9.2019.q4.major-0/library-msp/ga/package/44fcf6b9a7fb86b2586303e3db40189d3b511830/arm-none-eabi/lib/thumb/v6-m/nofp/libc_nano.a(lib_a-malloc.o)
                0x00000000000062d8                malloc
 .text.free     0x00000000000062ec       0x14 /home/developer/.conan/data/arm-none-eabi-gcc/9.2019.q4.major-0/library-msp/ga/package/44fcf6b9a7fb86b2586303e3db40189d3b511830/arm-none-eabi/lib/thumb/v6-m/nofp/libc_nano.a(lib_a-malloc.o)
                0x00000000000062ec                free
 .text.memcmp   0x0000000000006300       0x1c /home/developer/.conan/data/arm-none-eabi-gcc/9.2019.q4.major-0/library-msp/ga/package/44fcf6b9a7fb86b2586303e3db40189d3b511830/arm-none-eabi/lib/thumb/v6-m/nofp/libc_nano.a(lib_a-memcmp.o)
                0x0000000000006300                memcmp
 .text.memcpy   0x000000000000631c       0x12 /home/developer/.conan/data/arm-none-eabi-gcc/9.2019.q4.major-0/library-msp/ga/package/44fcf6b9a7fb86b2586303e3db40189d3b511830/arm-none-eabi/lib/thumb/v6-m/nofp/libc_nano.a(lib_a-memcpy-stub.o)
                0x000000000000631c                memcpy
 .text.memset   0x000000000000632e       0x10 /home/developer/.conan/data/arm-none-eabi-gcc/9.2019.q4.major-0/library-msp/ga/package/44fcf6b9a7fb86b2586303e3db40189d3b511830/arm-none-eabi/lib/thumb/v6-m/nofp/libc_nano.a(lib_a-memset.o)
                0x000000000000632e                memset
 *fill*         0x000000000000633e        0x2 
 .text._free_r  0x0000000000006340       0x94 /home/developer/.conan/data/arm-none-eabi-gcc/9.2019.q4.major-0/library-msp/ga/package/44fcf6b9a7fb86b2586303e3db40189d3b511830/arm-none-eabi/lib/thumb/v6-m/nofp/libc_nano.a(lib_a-nano-freer.o)
                0x0000000000006340                _free_r
 .text._malloc_r
                0x00000000000063d4       0xbc /home/developer/.conan/data/arm-none-eabi-gcc/9.2019.q4.major-0/library-msp/ga/package/44fcf6b9a7fb86b2586303e3db40189d3b511830/arm-none-eabi/lib/thumb/v6-m/nofp/libc_nano.a(lib_a-nano-mallocr.o)
                0x00000000000063d4                _malloc_r
 .text._sbrk_r  0x0000000000006490       0x24 /home/developer/.conan/data/arm-none-eabi-gcc/9.2019.q4.major-0/library-msp/ga/package/44fcf6b9a7fb86b2586303e3db40189d3b511830/arm-none-eabi/lib/thumb/v6-m/nofp/libc_nano.a(lib_a-sbrkr.o)
                0x0000000000006490                _sbrk_r
 .text.__malloc_lock
                0x00000000000064b4       0x10 /home/developer/.conan/data/arm-none-eabi-gcc/9.2019.q4.major-0/library-msp/ga/package/44fcf6b9a7fb86b2586303e3db40189d3b511830/arm-none-eabi/lib/thumb/v6-m/nofp/libc_nano.a(lib_a-mlock.o)
                0x00000000000064b4                __malloc_lock
 .text.__malloc_unlock
                0x00000000000064c4       0x10 /home/developer/.conan/data/arm-none-eabi-gcc/9.2019.q4.major-0/library-msp/ga/package/44fcf6b9a7fb86b2586303e3db40189d3b511830/arm-none-eabi/lib/thumb/v6-m/nofp/libc_nano.a(lib_a-mlock.o)
                0x00000000000064c4                __malloc_unlock
 .text.__retarget_lock_acquire_recursive
                0x00000000000064d4        0x2 /home/developer/.conan/data/arm-none-eabi-gcc/9.2019.q4.major-0/library-msp/ga/package/44fcf6b9a7fb86b2586303e3db40189d3b511830/arm-none-eabi/lib/thumb/v6-m/nofp/libc_nano.a(lib_a-lock.o)
                0x00000000000064d4                __retarget_lock_acquire_recursive
 .text.__retarget_lock_release_recursive
                0x00000000000064d6        0x2 /home/developer/.conan/data/arm-none-eabi-gcc/9.2019.q4.major-0/library-msp/ga/package/44fcf6b9a7fb86b2586303e3db40189d3b511830/arm-none-eabi/lib/thumb/v6-m/nofp/libc_nano.a(lib_a-lock.o)
                0x00000000000064d6                __retarget_lock_release_recursive
 .text._sbrk    0x00000000000064d8       0x1c /home/developer/.conan/data/arm-none-eabi-gcc/9.2019.q4.major-0/library-msp/ga/package/44fcf6b9a7fb86b2586303e3db40189d3b511830/arm-none-eabi/lib/thumb/v6-m/nofp/libnosys.a(sbrk.o)
                0x00000000000064d8                _sbrk
                0x00000000000064f4                . = ALIGN (0x4)
 *(.ctors)
                0x00000000000064f4                . = ALIGN (0x4)
 *(.dtors)
                0x00000000000064f4                . = ALIGN (0x4)
                0x00000000000064f4                __init_array_start = .
 *(.init_array*)
                0x00000000000064f4                __init_array_end = .
 *(.init)
 *(.fini*)
                [!provide]                        PROVIDE (__etext = .)
                [!provide]                        PROVIDE (_etext = .)
                [!provide]                        PROVIDE (etext = .)

.glue_7         0x00000000000064f4        0x0
 .glue_7        0x00000000000064f4        0x0 linker stubs

.glue_7t        0x00000000000064f4        0x0
 .glue_7t       0x00000000000064f4        0x0 linker stubs

.vfp11_veneer   0x00000000000064f4        0x0
 .vfp11_veneer  0x00000000000064f4        0x0 linker stubs

.v4_bx          0x00000000000064f4        0x0
 .v4_bx         0x00000000000064f4        0x0 linker stubs

.iplt           0x00000000000064f4        0x0
 .iplt          0x00000000000064f4        0x0 sdraw.obj

.rodata         0x00000000000064f4      0x469
 *(.rodata)
 .rodata        0x00000000000064f4       0x40 /home/developer/.conan/data/arm-none-eabi-gcc/9.2019.q4.major-0/library-msp/ga/package/44fcf6b9a7fb86b2586303e3db40189d3b511830/bin/../lib/gcc/arm-none-eabi/9.2.1/thumb/v6-m/nofp/libgcc.a(muldf3.o)
 *(.rodata.*)
 .rodata.mainThread.str1.4
                0x0000000000006534      0x1d6 sdraw.obj
 *fill*         0x000000000000670a        0x2 
 .rodata.Display_config
                0x000000000000670c        0xc ti_drivers_config.obj
                0x000000000000670c                Display_config
 .rodata.Display_count
                0x0000000000006718        0x1 ti_drivers_config.obj
                0x0000000000006718                Display_count
 *fill*         0x0000000000006719        0x3 
 .rodata.GPIO_config
                0x000000000000671c       0x10 ti_drivers_config.obj
                0x000000000000671c                GPIO_config
 .rodata.GPIO_pinLowerBound
                0x000000000000672c        0x1 ti_drivers_config.obj
                0x000000000000672c                GPIO_pinLowerBound
 .rodata.GPIO_pinUpperBound
                0x000000000000672d        0x1 ti_drivers_config.obj
                0x000000000000672d                GPIO_pinUpperBound
 *fill*         0x000000000000672e        0x2 
 .rodata.PowerCC23X0_config
                0x0000000000006730        0x8 ti_drivers_config.obj
                0x0000000000006730                PowerCC23X0_config
 .rodata.SDSPI_hwAttrs
                0x0000000000006738        0x4 ti_drivers_config.obj
 .rodata.SD_config
                0x000000000000673c        0xc ti_drivers_config.obj
                0x000000000000673c                SD_config
 .rodata.SD_count
                0x0000000000006748        0x1 ti_drivers_config.obj
                0x0000000000006748                SD_count
 *fill*         0x0000000000006749        0x3 
 .rodata.SPILPF3DMA_hwAttrs
                0x000000000000674c       0x40 ti_drivers_config.obj
                0x000000000000674c                SPILPF3DMA_hwAttrs
 .rodata.SPI_config
                0x000000000000678c        0xc ti_drivers_config.obj
                0x000000000000678c                SPI_config
 .rodata.SPI_count
                0x0000000000006798        0x1 ti_drivers_config.obj
                0x0000000000006798                SPI_count
 *fill*         0x0000000000006799        0x3 
 .rodata.UART2LPF3_hwAttrs
                0x000000000000679c       0x58 ti_drivers_config.obj
 .rodata.UART2_config
                0x00000000000067f4        0x8 ti_drivers_config.obj
                0x00000000000067f4                UART2_config
 .rodata.UART2_count
                0x00000000000067fc        0x1 ti_drivers_config.obj
                0x00000000000067fc                UART2_count
 *fill*         0x00000000000067fd        0x3 
 .rodata.UDMALPF3_config
                0x0000000000006800        0x4 ti_drivers_config.obj
                0x0000000000006800                UDMALPF3_config
 .rodata.displayUart2HWAttrs
                0x0000000000006804       0x14 ti_drivers_config.obj
                0x0000000000006804                displayUart2HWAttrs
 .rodata.Display_defaultParams
                0x0000000000006818        0x1 /project/staging/core_examples/simplelink-lowpower-f3-sdk/source/ti/display/lib/gcc/m0p/display_cc23x0r5.a(Display.c.obj)
                0x0000000000006818                Display_defaultParams
 *fill*         0x0000000000006819        0x3 
 .rodata.DisplayUart2Min_fxnTable
                0x000000000000681c       0x20 /project/staging/core_examples/simplelink-lowpower-f3-sdk/source/ti/display/lib/gcc/m0p/display_cc23x0r5.a(DisplayUart2.c.obj)
                0x000000000000681c                DisplayUart2Min_fxnTable
 .rodata.SD_defaultParams
                0x000000000000683c        0x4 /project/staging/core_examples/simplelink-lowpower-f3-sdk/source/ti/drivers/lib/gcc/m0p/drivers_cc23x0r5.a(SD.c.obj)
                0x000000000000683c                SD_defaultParams
 .rodata.SDSPI_initialize.str1.4
                0x0000000000006840        0xb /project/staging/core_examples/simplelink-lowpower-f3-sdk/source/ti/drivers/lib/gcc/m0p/drivers_cc23x0r5.a(SDSPI.c.obj)
 *fill*         0x000000000000684b        0x1 
 .rodata.SDSPI_fxnTable
                0x000000000000684c       0x24 /project/staging/core_examples/simplelink-lowpower-f3-sdk/source/ti/drivers/lib/gcc/m0p/drivers_cc23x0r5.a(SDSPI.c.obj)
                0x000000000000684c                SDSPI_fxnTable
 .rodata.SPI_defaultParams
                0x0000000000006870       0x20 /project/staging/core_examples/simplelink-lowpower-f3-sdk/source/ti/drivers/lib/gcc/m0p/drivers_cc23x0r5.a(SPI.c.obj)
                0x0000000000006870                SPI_defaultParams
 .rodata.SPILPF3DMA_control
                0x0000000000006890       0x20 /project/staging/core_examples/simplelink-lowpower-f3-sdk/source/ti/drivers/lib/gcc/m0p/drivers_cc23x0r5.a(SPILPF3DMA.c.obj)
 .rodata.SPILPF3DMA_fxnTable
                0x00000000000068b0       0x18 /project/staging/core_examples/simplelink-lowpower-f3-sdk/source/ti/drivers/lib/gcc/m0p/drivers_cc23x0r5.a(SPILPF3DMA.c.obj)
                0x00000000000068b0                SPILPF3DMA_fxnTable
 .rodata.dmaNullConfig
                0x00000000000068c8        0x8 /project/staging/core_examples/simplelink-lowpower-f3-sdk/source/ti/drivers/lib/gcc/m0p/drivers_cc23x0r5.a(SPILPF3DMA.c.obj)
 .rodata.dmaRxConfig
                0x00000000000068d0        0x8 /project/staging/core_examples/simplelink-lowpower-f3-sdk/source/ti/drivers/lib/gcc/m0p/drivers_cc23x0r5.a(SPILPF3DMA.c.obj)
 .rodata.dmaTxConfig
                0x00000000000068d8        0x8 /project/staging/core_examples/simplelink-lowpower-f3-sdk/source/ti/drivers/lib/gcc/m0p/drivers_cc23x0r5.a(SPILPF3DMA.c.obj)
 .rodata.frameFormat
                0x00000000000068e0       0x18 /project/staging/core_examples/simplelink-lowpower-f3-sdk/source/ti/drivers/lib/gcc/m0p/drivers_cc23x0r5.a(SPILPF3DMA.c.obj)
 .rodata.mode   0x00000000000068f8        0x8 /project/staging/core_examples/simplelink-lowpower-f3-sdk/source/ti/drivers/lib/gcc/m0p/drivers_cc23x0r5.a(SPILPF3DMA.c.obj)
 .rodata.UART2_defaultParams
                0x0000000000006900       0x24 /project/staging/core_examples/simplelink-lowpower-f3-sdk/source/ti/drivers/lib/gcc/m0p/drivers_cc23x0r5.a(UART2.c.obj)
                0x0000000000006900                UART2_defaultParams
 .rodata.dataLength
                0x0000000000006924        0x4 /project/staging/core_examples/simplelink-lowpower-f3-sdk/source/ti/drivers/lib/gcc/m0p/drivers_cc23x0r5.a(UART2LPF3.c.obj)
 .rodata.parityType
                0x0000000000006928        0x5 /project/staging/core_examples/simplelink-lowpower-f3-sdk/source/ti/drivers/lib/gcc/m0p/drivers_cc23x0r5.a(UART2LPF3.c.obj)
 *fill*         0x000000000000692d        0x3 
 .rodata.stopBits
                0x0000000000006930        0x2 /project/staging/core_examples/simplelink-lowpower-f3-sdk/source/ti/drivers/lib/gcc/m0p/drivers_cc23x0r5.a(UART2LPF3.c.obj)
 *fill*         0x0000000000006932        0x2 
 .rodata.SwiP_defaultParams
                0x0000000000006934       0x10 /project/staging/core_examples/simplelink-lowpower-f3-sdk/kernel/nortos/lib/gcc/m0p/nortos_cc23x0r5.a(SwiP_nortos.c.obj)
 .rodata.doPrint.str1.4
                0x0000000000006944       0x19 /project/staging/core_examples/simplelink-lowpower-f3-sdk/kernel/nortos/lib/gcc/m0p/nortos_cc23x0r5.a(SystemP_nortos.c.obj)
 *(.timestampPFormat)

.data           0x00000000200004a0       0xdc load address 0x0000000000006960
                0x0000000000006960                __data_load__ = LOADADDR (.data)
                0x00000000200004a0                __data_start__ = .
 *(.data)
 *(.data.*)
 .data.gpioPinConfigs
                0x00000000200004a0       0x68 ti_drivers_config.obj
                0x00000000200004a0                gpioPinConfigs
 .data.powerState
                0x0000000020000508        0x1 /project/staging/core_examples/simplelink-lowpower-f3-sdk/source/ti/drivers/lib/gcc/m0p/drivers_cc23x0r5.a(PowerCC23X0.c.obj)
 *fill*         0x0000000020000509        0x3 
 .data.SemaphoreP_defaultParams
                0x000000002000050c        0x8 /project/staging/core_examples/simplelink-lowpower-f3-sdk/kernel/nortos/lib/gcc/m0p/nortos_cc23x0r5.a(SemaphoreP_nortos.c.obj)
                0x000000002000050c                SemaphoreP_defaultParams
 .data.HwiP_swiPIntNum
                0x0000000020000514        0x4 /project/staging/core_examples/simplelink-lowpower-f3-sdk/kernel/nortos/lib/gcc/m0p/nortos_cc23x0r5.a(HwiPCC23X0_nortos.c.obj)
                0x0000000020000514                HwiP_swiPIntNum
 .data._impure_ptr
                0x0000000020000518        0x4 /home/developer/.conan/data/arm-none-eabi-gcc/9.2019.q4.major-0/library-msp/ga/package/44fcf6b9a7fb86b2586303e3db40189d3b511830/arm-none-eabi/lib/thumb/v6-m/nofp/libc_nano.a(lib_a-impure.o)
                0x0000000020000518                _impure_ptr
 .data.impure_data
                0x000000002000051c       0x60 /home/developer/.conan/data/arm-none-eabi-gcc/9.2019.q4.major-0/library-msp/ga/package/44fcf6b9a7fb86b2586303e3db40189d3b511830/arm-none-eabi/lib/thumb/v6-m/nofp/libc_nano.a(lib_a-impure.o)
                0x000000002000057c                . = ALIGN (0x2)
 *(.TI.ramfunc)
                0x000000002000057c                . = ALIGN (0x4)
                0x000000002000057c                __data_end__ = .

.igot.plt       0x000000002000057c        0x0 load address 0x0000000000006a3c
 .igot.plt      0x000000002000057c        0x0 sdraw.obj

.ARM.exidx      0x0000000000006a3c        0x0
                0x0000000000006a3c                __exidx_start = .
 *(.ARM.exidx* .gnu.linkonce.armexidx.*)
                0x0000000000006a3c                __exidx_end = .

.ARM.extab
 *(.ARM.extab* .gnu.linkonce.armextab.*)

.nvs
 *(.nvs)

.ccfg           0x000000004e020000      0x800
 *(.ccfg)
 .ccfg          0x000000004e020000      0x800 ti_devices_config.obj
                0x000000004e020000                ccfg

.rel.dyn        0x000000004e020800        0x0
 .rel.iplt      0x000000004e020800        0x0 sdraw.obj

.bss            0x000000002000057c     0x1190
                0x000000002000057c                __bss_start__ = .
 *(.shbss)
 *(.bss)
 *(.bss.*)
 .bss.readBuffer
                0x000000002000057c      0x400 sdraw.obj
 .bss.writeBuffer
                0x000000002000097c      0x400 sdraw.obj
 .bss.displayUART2Buffer
                0x0000000020000d7c      0x400 ti_drivers_config.obj
 .bss.uart2RxRingBuffer0
                0x000000002000117c       0x20 ti_drivers_config.obj
 .bss.uart2TxRingBuffer0
                0x000000002000119c       0x20 ti_drivers_config.obj
 .bss.isOpen    0x00000000200011bc        0x1 /project/staging/core_examples/simplelink-lowpower-f3-sdk/source/ti/drivers/lib/gcc/m0p/drivers_cc23x0r5.a(UDMALPF3.c.obj)
 *fill*         0x00000000200011bd        0x3 
 .bss.postNotify
                0x00000000200011c0       0x14 /project/staging/core_examples/simplelink-lowpower-f3-sdk/source/ti/drivers/lib/gcc/m0p/drivers_cc23x0r5.a(UDMALPF3.c.obj)
 .bss.gpioHwi   0x00000000200011d4       0x1c /project/staging/core_examples/simplelink-lowpower-f3-sdk/source/ti/drivers/lib/gcc/m0p/drivers_cc23x0r5.a(GPIOLPF3.c.obj)
 .bss.initCalled
                0x00000000200011f0        0x1 /project/staging/core_examples/simplelink-lowpower-f3-sdk/source/ti/drivers/lib/gcc/m0p/drivers_cc23x0r5.a(GPIOLPF3.c.obj)
 *fill*         0x00000000200011f1        0x3 
 .bss.ckmHwi    0x00000000200011f4       0x1c /project/staging/core_examples/simplelink-lowpower-f3-sdk/source/ti/drivers/lib/gcc/m0p/drivers_cc23x0r5.a(PowerCC23X0.c.obj)
 .bss.constraintCounts
                0x0000000020001210        0x4 /project/staging/core_examples/simplelink-lowpower-f3-sdk/source/ti/drivers/lib/gcc/m0p/drivers_cc23x0r5.a(PowerCC23X0.c.obj)
 .bss.constraintMask
                0x0000000020001214        0x4 /project/staging/core_examples/simplelink-lowpower-f3-sdk/source/ti/drivers/lib/gcc/m0p/drivers_cc23x0r5.a(PowerCC23X0.c.obj)
 .bss.controlPreStandby.4975
                0x0000000020001218        0x4 /project/staging/core_examples/simplelink-lowpower-f3-sdk/source/ti/drivers/lib/gcc/m0p/drivers_cc23x0r5.a(PowerCC23X0.c.obj)
 .bss.isInitialized
                0x000000002000121c        0x1 /project/staging/core_examples/simplelink-lowpower-f3-sdk/source/ti/drivers/lib/gcc/m0p/drivers_cc23x0r5.a(PowerCC23X0.c.obj)
 .bss.isPolicyEnabled
                0x000000002000121d        0x1 /project/staging/core_examples/simplelink-lowpower-f3-sdk/source/ti/drivers/lib/gcc/m0p/drivers_cc23x0r5.a(PowerCC23X0.c.obj)
 *fill*         0x000000002000121e        0x2 
 .bss.notifyList
                0x0000000020001220        0x8 /project/staging/core_examples/simplelink-lowpower-f3-sdk/source/ti/drivers/lib/gcc/m0p/drivers_cc23x0r5.a(PowerCC23X0.c.obj)
 .bss.policyFxn
                0x0000000020001228        0x4 /project/staging/core_examples/simplelink-lowpower-f3-sdk/source/ti/drivers/lib/gcc/m0p/drivers_cc23x0r5.a(PowerCC23X0.c.obj)
 .bss.resourceCountsClkctl0
                0x000000002000122c       0x1f /project/staging/core_examples/simplelink-lowpower-f3-sdk/source/ti/drivers/lib/gcc/m0p/drivers_cc23x0r5.a(PowerCC23X0.c.obj)
 *fill*         0x000000002000124b        0x1 
 .bss.resourceCountsLrfd
                0x000000002000124c        0xc /project/staging/core_examples/simplelink-lowpower-f3-sdk/source/ti/drivers/lib/gcc/m0p/drivers_cc23x0r5.a(PowerCC23X0.c.obj)
 .bss.isInitialized
                0x0000000020001258        0x1 /project/staging/core_examples/simplelink-lowpower-f3-sdk/source/ti/drivers/lib/gcc/m0p/drivers_cc23x0r5.a(SD.c.obj)
 .bss.isInitialized
                0x0000000020001259        0x1 /project/staging/core_examples/simplelink-lowpower-f3-sdk/source/ti/drivers/lib/gcc/m0p/drivers_cc23x0r5.a(SPI.c.obj)
 .bss.SemaphoreP_initialized
                0x000000002000125a        0x1 /project/staging/core_examples/simplelink-lowpower-f3-sdk/kernel/nortos/lib/gcc/m0p/nortos_cc23x0r5.a(SemaphoreP_nortos.c.obj)
 .bss.doEnablePolicy
                0x000000002000125b        0x1 /project/staging/core_examples/simplelink-lowpower-f3-sdk/kernel/nortos/lib/gcc/m0p/nortos_cc23x0r5.a(SemaphoreP_nortos.c.obj)
 .bss.pendInProgress
                0x000000002000125c        0x1 /project/staging/core_examples/simplelink-lowpower-f3-sdk/kernel/nortos/lib/gcc/m0p/nortos_cc23x0r5.a(SemaphoreP_nortos.c.obj)
 *fill*         0x000000002000125d        0x3 
 .bss.SwiP_currentTrigger
                0x0000000020001260        0x4 /project/staging/core_examples/simplelink-lowpower-f3-sdk/kernel/nortos/lib/gcc/m0p/nortos_cc23x0r5.a(SwiP_nortos.c.obj)
 .bss.SwiP_hwiStruct
                0x0000000020001264       0x1c /project/staging/core_examples/simplelink-lowpower-f3-sdk/kernel/nortos/lib/gcc/m0p/nortos_cc23x0r5.a(SwiP_nortos.c.obj)
 .bss.SwiP_initialized
                0x0000000020001280        0x1 /project/staging/core_examples/simplelink-lowpower-f3-sdk/kernel/nortos/lib/gcc/m0p/nortos_cc23x0r5.a(SwiP_nortos.c.obj)
 *fill*         0x0000000020001281        0x3 
 .bss.SwiP_lockState
                0x0000000020001284        0x4 /project/staging/core_examples/simplelink-lowpower-f3-sdk/kernel/nortos/lib/gcc/m0p/nortos_cc23x0r5.a(SwiP_nortos.c.obj)
 .bss.SwiP_readyList
                0x0000000020001288       0x20 /project/staging/core_examples/simplelink-lowpower-f3-sdk/kernel/nortos/lib/gcc/m0p/nortos_cc23x0r5.a(SwiP_nortos.c.obj)
 .bss.SwiP_readyMask
                0x00000000200012a8        0x4 /project/staging/core_examples/simplelink-lowpower-f3-sdk/kernel/nortos/lib/gcc/m0p/nortos_cc23x0r5.a(SwiP_nortos.c.obj)
 .bss.SwiP_schedulerRunning
                0x00000000200012ac        0x1 /project/staging/core_examples/simplelink-lowpower-f3-sdk/kernel/nortos/lib/gcc/m0p/nortos_cc23x0r5.a(SwiP_nortos.c.obj)
 .bss.ClockP_inWorkFunc
                0x00000000200012ad        0x1 /project/staging/core_examples/simplelink-lowpower-f3-sdk/kernel/nortos/lib/gcc/m0p/nortos_cc23x0r5.a(ClockPLPF3_nortos.c.obj)
 .bss.ClockP_initialized
                0x00000000200012ae        0x1 /project/staging/core_examples/simplelink-lowpower-f3-sdk/kernel/nortos/lib/gcc/m0p/nortos_cc23x0r5.a(ClockPLPF3_nortos.c.obj)
 *fill*         0x00000000200012af        0x1 
 .bss.ClockP_list
                0x00000000200012b0        0x8 /project/staging/core_examples/simplelink-lowpower-f3-sdk/kernel/nortos/lib/gcc/m0p/nortos_cc23x0r5.a(ClockPLPF3_nortos.c.obj)
 .bss.ClockP_nextScheduledTick
                0x00000000200012b8        0x4 /project/staging/core_examples/simplelink-lowpower-f3-sdk/kernel/nortos/lib/gcc/m0p/nortos_cc23x0r5.a(ClockPLPF3_nortos.c.obj)
 .bss.ClockP_startDuringWorkFunc
                0x00000000200012bc        0x1 /project/staging/core_examples/simplelink-lowpower-f3-sdk/kernel/nortos/lib/gcc/m0p/nortos_cc23x0r5.a(ClockPLPF3_nortos.c.obj)
 *fill*         0x00000000200012bd        0x3 
 .bss.ClockP_ticks
                0x00000000200012c0        0x4 /project/staging/core_examples/simplelink-lowpower-f3-sdk/kernel/nortos/lib/gcc/m0p/nortos_cc23x0r5.a(ClockPLPF3_nortos.c.obj)
 .bss.HwiP_dispatchTable
                0x00000000200012c4       0x8c /project/staging/core_examples/simplelink-lowpower-f3-sdk/kernel/nortos/lib/gcc/m0p/nortos_cc23x0r5.a(HwiPCC23X0_nortos.c.obj)
 .bss.sysTimerTimeouts
                0x0000000020001350       0x14 /project/staging/core_examples/simplelink-lowpower-f3-sdk/kernel/nortos/lib/gcc/m0p/nortos_cc23x0r5.a(PowerCC23X0_nortos.c.obj)
 .bss.lrfdClockDependencySets
                0x0000000020001364        0x4 /project/staging/core_examples/simplelink-lowpower-f3-sdk/source/ti/devices/cc23x0r5/driverlib/lib/gcc/driverlib.a(lrfd.c.obj)
 .bss.lrfdClocked
                0x0000000020001368        0x1 /project/staging/core_examples/simplelink-lowpower-f3-sdk/source/ti/devices/cc23x0r5/driverlib/lib/gcc/driverlib.a(lrfd.c.obj)
 *fill*         0x0000000020001369        0x3 
 .bss.__malloc_free_list
                0x000000002000136c        0x4 /home/developer/.conan/data/arm-none-eabi-gcc/9.2019.q4.major-0/library-msp/ga/package/44fcf6b9a7fb86b2586303e3db40189d3b511830/arm-none-eabi/lib/thumb/v6-m/nofp/libc_nano.a(lib_a-nano-mallocr.o)
                0x000000002000136c                __malloc_free_list
 .bss.__malloc_sbrk_start
                0x0000000020001370        0x4 /home/developer/.conan/data/arm-none-eabi-gcc/9.2019.q4.major-0/library-msp/ga/package/44fcf6b9a7fb86b2586303e3db40189d3b511830/arm-none-eabi/lib/thumb/v6-m/nofp/libc_nano.a(lib_a-nano-mallocr.o)
                0x0000000020001370                __malloc_sbrk_start
 .bss.heap_end.4144
                0x0000000020001374        0x4 /home/developer/.conan/data/arm-none-eabi-gcc/9.2019.q4.major-0/library-msp/ga/package/44fcf6b9a7fb86b2586303e3db40189d3b511830/arm-none-eabi/lib/thumb/v6-m/nofp/libnosys.a(sbrk.o)
 *(COMMON)
 COMMON         0x0000000020001378      0x368 ti_drivers_config.obj
                0x0000000020001378                displayUart2Object
                0x0000000020001384                UART2LPF3_objects
                0x0000000020001504                gpioCallbackFunctions
                0x000000002000156c                SDSPI_objects
                0x0000000020001578                SPILPF3DMA_objects
                0x0000000020001678                gpioUserArgs
 COMMON         0x00000000200016e0       0x1c /project/staging/core_examples/simplelink-lowpower-f3-sdk/source/ti/drivers/lib/gcc/m0p/drivers_cc23x0r5.a(PowerCC23X0.c.obj)
                0x00000000200016e0                clockHwi
 COMMON         0x00000000200016fc        0x4 /home/developer/.conan/data/arm-none-eabi-gcc/9.2019.q4.major-0/library-msp/ga/package/44fcf6b9a7fb86b2586303e3db40189d3b511830/arm-none-eabi/lib/thumb/v6-m/nofp/libc_nano.a(lib_a-reent.o)
                0x00000000200016fc                errno
 COMMON         0x0000000020001700        0x9 /home/developer/.conan/data/arm-none-eabi-gcc/9.2019.q4.major-0/library-msp/ga/package/44fcf6b9a7fb86b2586303e3db40189d3b511830/arm-none-eabi/lib/thumb/v6-m/nofp/libc_nano.a(lib_a-lock.o)
                0x0000000020001700                __lock___atexit_recursive_mutex
                0x0000000020001701                __lock___arc4random_mutex
                0x0000000020001702                __lock___env_recursive_mutex
                0x0000000020001703                __lock___sinit_recursive_mutex
                0x0000000020001704                __lock___malloc_recursive_mutex
                0x0000000020001705                __lock___at_quick_exit_mutex
                0x0000000020001706                __lock___dd_hash_mutex
                0x0000000020001707                __lock___tz_mutex
                0x0000000020001708                __lock___sfp_recursive_mutex
                0x000000002000170c                . = ALIGN (0x4)
 *fill*         0x0000000020001709        0x3 
                0x000000002000170c                __bss_end__ = .

.s2rram
 *(.s2rram)

.heap           0x000000002000170c     0x2004
                0x000000002000170c                __heap_start__ = .
                0x000000002000170c                end = __heap_start__
                0x000000002000170c                _end = end
                0x000000002000170c                __end = end
                0x0000000020003710                . = (. + HEAPSIZE)
 *fill*         0x000000002000170c     0x2004 
 *(.heap)
                0x0000000020003710                __heap_end__ = .
                0x0000000020003710                __HeapLimit = __heap_end__

.stack          0x0000000020003710      0x400
                0x0000000020003710                _stack = .
                0x0000000020003710                __stack = .
 *(.stack)
                0x0000000020003b10                . = (. + STACKSIZE)
 *fill*         0x0000000020003710      0x400 
                0x0000000020003b10                _stack_end = .
                0x0000000020003b10                __stack_end = .

.log_data
 *(.log_data)

.log_ptr
 *(.log_ptr*)
LOAD ti_utils_build_linker.cmd.genlibs
LOAD /project/staging/core_examples/simplelink-lowpower-f3-sdk/source/ti/display/lib/gcc/m0p/display_cc23x0r5.a
LOAD /project/staging/core_examples/simplelink-lowpower-f3-sdk/source/ti/drivers/lib/gcc/m0p/drivers_cc23x0r5.a
LOAD /project/staging/core_examples/simplelink-lowpower-f3-sdk/kernel/nortos/lib/gcc/m0p/nortos_cc23x0r5.a
LOAD /project/staging/core_examples/simplelink-lowpower-f3-sdk/source/ti/devices/cc23x0r5/driverlib/lib/gcc/driverlib.a
LOAD /home/developer/.conan/data/arm-none-eabi-gcc/9.2019.q4.major-0/library-msp/ga/package/44fcf6b9a7fb86b2586303e3db40189d3b511830/bin/../lib/gcc/arm-none-eabi/9.2.1/thumb/v6-m/nofp/libgcc.a
LOAD /home/developer/.conan/data/arm-none-eabi-gcc/9.2019.q4.major-0/library-msp/ga/package/44fcf6b9a7fb86b2586303e3db40189d3b511830/arm-none-eabi/lib/thumb/v6-m/nofp/libc_nano.a
LOAD /home/developer/.conan/data/arm-none-eabi-gcc/9.2019.q4.major-0/library-msp/ga/package/44fcf6b9a7fb86b2586303e3db40189d3b511830/arm-none-eabi/lib/thumb/v6-m/nofp/libm.a
LOAD /home/developer/.conan/data/arm-none-eabi-gcc/9.2019.q4.major-0/library-msp/ga/package/44fcf6b9a7fb86b2586303e3db40189d3b511830/arm-none-eabi/lib/thumb/v6-m/nofp/libnosys.a
START GROUP
LOAD /home/developer/.conan/data/arm-none-eabi-gcc/9.2019.q4.major-0/library-msp/ga/package/44fcf6b9a7fb86b2586303e3db40189d3b511830/bin/../lib/gcc/arm-none-eabi/9.2.1/thumb/v6-m/nofp/libgcc.a
LOAD /home/developer/.conan/data/arm-none-eabi-gcc/9.2019.q4.major-0/library-msp/ga/package/44fcf6b9a7fb86b2586303e3db40189d3b511830/arm-none-eabi/lib/thumb/v6-m/nofp/libc_nano.a
END GROUP
START GROUP
LOAD /home/developer/.conan/data/arm-none-eabi-gcc/9.2019.q4.major-0/library-msp/ga/package/44fcf6b9a7fb86b2586303e3db40189d3b511830/bin/../lib/gcc/arm-none-eabi/9.2.1/thumb/v6-m/nofp/libgcc.a
LOAD /home/developer/.conan/data/arm-none-eabi-gcc/9.2019.q4.major-0/library-msp/ga/package/44fcf6b9a7fb86b2586303e3db40189d3b511830/arm-none-eabi/lib/thumb/v6-m/nofp/libc_nano.a
END GROUP
OUTPUT(sdraw.out elf32-littlearm)

.debug_info     0x0000000000000000    0x24959
 .debug_info    0x0000000000000000      0xfe0 sdraw.obj
 .debug_info    0x0000000000000fe0       0x82 main_nortos.obj
 .debug_info    0x0000000000001062      0x4fe ti_devices_config.obj
 .debug_info    0x0000000000001560     0x22b0 ti_drivers_config.obj
 .debug_info    0x0000000000003810      0x6e7 /project/staging/core_examples/simplelink-lowpower-f3-sdk/source/ti/display/lib/gcc/m0p/display_cc23x0r5.a(Display.c.obj)
 .debug_info    0x0000000000003ef7     0x194f /project/staging/core_examples/simplelink-lowpower-f3-sdk/source/ti/display/lib/gcc/m0p/display_cc23x0r5.a(DisplayUart2.c.obj)
 .debug_info    0x0000000000005846      0x4f2 /project/staging/core_examples/simplelink-lowpower-f3-sdk/source/ti/drivers/lib/gcc/m0p/drivers_cc23x0r5.a(UDMALPF3.c.obj)
 .debug_info    0x0000000000005d38      0xbfa /project/staging/core_examples/simplelink-lowpower-f3-sdk/source/ti/drivers/lib/gcc/m0p/drivers_cc23x0r5.a(GPIO.c.obj)
 .debug_info    0x0000000000006932     0x1736 /project/staging/core_examples/simplelink-lowpower-f3-sdk/source/ti/drivers/lib/gcc/m0p/drivers_cc23x0r5.a(GPIOLPF3.c.obj)
 .debug_info    0x0000000000008068     0x1e9f /project/staging/core_examples/simplelink-lowpower-f3-sdk/source/ti/drivers/lib/gcc/m0p/drivers_cc23x0r5.a(PowerCC23X0.c.obj)
 .debug_info    0x0000000000009f07      0xf99 /project/staging/core_examples/simplelink-lowpower-f3-sdk/source/ti/drivers/lib/gcc/m0p/drivers_cc23x0r5.a(SD.c.obj)
 .debug_info    0x000000000000aea0     0x2b93 /project/staging/core_examples/simplelink-lowpower-f3-sdk/source/ti/drivers/lib/gcc/m0p/drivers_cc23x0r5.a(SDSPI.c.obj)
 .debug_info    0x000000000000da33      0xfa3 /project/staging/core_examples/simplelink-lowpower-f3-sdk/source/ti/drivers/lib/gcc/m0p/drivers_cc23x0r5.a(SPI.c.obj)
 .debug_info    0x000000000000e9d6     0x30a9 /project/staging/core_examples/simplelink-lowpower-f3-sdk/source/ti/drivers/lib/gcc/m0p/drivers_cc23x0r5.a(SPILPF3DMA.c.obj)
 .debug_info    0x0000000000011a7f     0x216e /project/staging/core_examples/simplelink-lowpower-f3-sdk/source/ti/drivers/lib/gcc/m0p/drivers_cc23x0r5.a(UART2.c.obj)
 .debug_info    0x0000000000013bed     0x4055 /project/staging/core_examples/simplelink-lowpower-f3-sdk/source/ti/drivers/lib/gcc/m0p/drivers_cc23x0r5.a(UART2LPF3.c.obj)
 .debug_info    0x0000000000017c42      0xc31 /project/staging/core_examples/simplelink-lowpower-f3-sdk/source/ti/drivers/lib/gcc/m0p/drivers_cc23x0r5.a(List.c.obj)
 .debug_info    0x0000000000018873      0x854 /project/staging/core_examples/simplelink-lowpower-f3-sdk/source/ti/drivers/lib/gcc/m0p/drivers_cc23x0r5.a(RingBuf.c.obj)
 .debug_info    0x00000000000190c7      0x1ec /project/staging/core_examples/simplelink-lowpower-f3-sdk/kernel/nortos/lib/gcc/m0p/nortos_cc23x0r5.a(NoRTOS.c.obj)
 .debug_info    0x00000000000192b3     0x14ac /project/staging/core_examples/simplelink-lowpower-f3-sdk/kernel/nortos/lib/gcc/m0p/nortos_cc23x0r5.a(SemaphoreP_nortos.c.obj)
 .debug_info    0x000000000001a75f     0x1a54 /project/staging/core_examples/simplelink-lowpower-f3-sdk/kernel/nortos/lib/gcc/m0p/nortos_cc23x0r5.a(SwiP_nortos.c.obj)
 .debug_info    0x000000000001c1b3     0x11ae /project/staging/core_examples/simplelink-lowpower-f3-sdk/kernel/nortos/lib/gcc/m0p/nortos_cc23x0r5.a(SystemP_nortos.c.obj)
 .debug_info    0x000000000001d361     0x228f /project/staging/core_examples/simplelink-lowpower-f3-sdk/kernel/nortos/lib/gcc/m0p/nortos_cc23x0r5.a(ClockPLPF3_nortos.c.obj)
 .debug_info    0x000000000001f5f0      0x4c9 /project/staging/core_examples/simplelink-lowpower-f3-sdk/kernel/nortos/lib/gcc/m0p/nortos_cc23x0r5.a(QueueP_nortos.c.obj)
 .debug_info    0x000000000001fab9     0x1650 /project/staging/core_examples/simplelink-lowpower-f3-sdk/kernel/nortos/lib/gcc/m0p/nortos_cc23x0r5.a(HwiPCC23X0_nortos.c.obj)
 .debug_info    0x0000000000021109      0x2c5 /project/staging/core_examples/simplelink-lowpower-f3-sdk/kernel/nortos/lib/gcc/m0p/nortos_cc23x0r5.a(PowerCC23X0_nortos.c.obj)
 .debug_info    0x00000000000213ce      0xbb6 /project/staging/core_examples/simplelink-lowpower-f3-sdk/kernel/nortos/lib/gcc/m0p/nortos_cc23x0r5.a(startup_cc23x0r5_gcc.c.obj)
 .debug_info    0x0000000000021f84       0xa5 /project/staging/core_examples/simplelink-lowpower-f3-sdk/source/ti/devices/cc23x0r5/driverlib/lib/gcc/driverlib.a(cpu.c.obj)
 .debug_info    0x0000000000022029      0x748 /project/staging/core_examples/simplelink-lowpower-f3-sdk/source/ti/devices/cc23x0r5/driverlib/lib/gcc/driverlib.a(interrupt.c.obj)
 .debug_info    0x0000000000022771      0x233 /project/staging/core_examples/simplelink-lowpower-f3-sdk/source/ti/devices/cc23x0r5/driverlib/lib/gcc/driverlib.a(lrfd.c.obj)
 .debug_info    0x00000000000229a4     0x1aca /project/staging/core_examples/simplelink-lowpower-f3-sdk/source/ti/devices/cc23x0r5/driverlib/lib/gcc/driverlib.a(setup.c.obj)
 .debug_info    0x000000000002446e      0x1c9 /project/staging/core_examples/simplelink-lowpower-f3-sdk/source/ti/devices/cc23x0r5/driverlib/lib/gcc/driverlib.a(uart.c.obj)
 .debug_info    0x0000000000024637      0x322 /project/staging/core_examples/simplelink-lowpower-f3-sdk/source/ti/devices/cc23x0r5/driverlib/lib/gcc/driverlib.a(udma.c.obj)

.debug_abbrev   0x0000000000000000     0x66cb
 .debug_abbrev  0x0000000000000000      0x241 sdraw.obj
 .debug_abbrev  0x0000000000000241       0x43 main_nortos.obj
 .debug_abbrev  0x0000000000000284      0x127 ti_devices_config.obj
 .debug_abbrev  0x00000000000003ab      0x3ca ti_drivers_config.obj
 .debug_abbrev  0x0000000000000775      0x230 /project/staging/core_examples/simplelink-lowpower-f3-sdk/source/ti/display/lib/gcc/m0p/display_cc23x0r5.a(Display.c.obj)
 .debug_abbrev  0x00000000000009a5      0x4be /project/staging/core_examples/simplelink-lowpower-f3-sdk/source/ti/display/lib/gcc/m0p/display_cc23x0r5.a(DisplayUart2.c.obj)