******************************************************************************
            TI ARM Clang Linker Unix v3.2.0                    
******************************************************************************
>> Linked Fri Apr 19 13:35:14 2024

OUTPUT FILE NAME:   <nvsexternal.out>
ENTRY POINT SYMBOL: "resetISR"  address: 00004835


MEMORY CONFIGURATION

         name            origin    length      used     unused   attr    fill
----------------------  --------  ---------  --------  --------  ----  --------
  FLASH                 00000000   00080000  00004e88  0007b178  R  X
  SRAM                  20000000   00009000  00003065  00005f9b  RW X
  S2RRAM                40098000   00001000  00000000  00001000  RW  
  CCFG                  4e020000   00000800  00000800  00000000  R   
  LOG_DATA              90000000   00040000  00000000  00040000  R   
  LOG_PTR               94000008   00040000  00000000  00040000  R   


SEGMENT ALLOCATION MAP

run origin  load origin   length   init length attrs members
----------  ----------- ---------- ----------- ----- -------
00000000    00000000    00004dc6   00004dc6    r-x
  00000000    00000000    0000008c   0000008c    r-- .resetVecs
  0000008c    0000008c    000049fa   000049fa    r-x .text
  00004a88    00004a88    0000033e   0000033e    r-- .rodata
00004dc8    00004dc8    00000008   00000008    rw-
  00004dc8    00004dc8    00000008   00000008    rw- .args
00004dd0    00004dd0    000000bc   000000bc    r--
  00004dd0    00004dd0    000000bc   000000bc    r-- .cinit
20000000    20000000    000001fd   00000000    rw-
  20000000    20000000    000001fd   00000000    rw- .data
20000400    20000400    00000040   00000000    rw-
  20000400    20000400    00000010   00000000    rw- .TI.bound:dmaChannel0ControlTableEntry
  20000410    20000410    00000010   00000000    rw- .TI.bound:dmaChannel1ControlTableEntry
  20000420    20000420    00000010   00000000    rw- .TI.bound:dmaChannel2ControlTableEntry
  20000430    20000430    00000010   00000000    rw- .TI.bound:dmaChannel3ControlTableEntry
20000480    20000480    00000020   00000000    rw-
  20000480    20000480    00000010   00000000    rw- .TI.bound:dmaChannel0AltControlTableEntry
  20000490    20000490    00000010   00000000    rw- .TI.bound:dmaChannel1AltControlTableEntry
200004a0    200004a0    0000297c   00000000    rw-
  200004a0    200004a0    00002000   00000000    rw- .sysmem
  200024a0    200024a0    0000097c   00000000    rw- .bss
20008c00    20008c00    00000400   00000000    rw-
  20008c00    20008c00    00000400   00000000    rw- .stack
4e020000    4e020000    00000800   00000800    r--
  4e020000    4e020000    00000800   00000800    r-- .ccfg


SECTION ALLOCATION MAP

 output                                  attributes/
section   page    origin      length       input sections
--------  ----  ----------  ----------   ----------------
.resetVecs 
*          0    00000000    0000008c     
                  00000000    0000008c     nortos_cc23x0r5.a : startup_cc23x0r5_ticlang.c.obj (.resetVecs)

.binit     0    00000000    00000000     

.text      0    0000008c    000049fa     
                  0000008c    000003c4     drivers_cc23x0r5.a : SPILPF3DMA.c.obj (.text.SPILPF3DMA_transfer)
                  00000450    0000035c     nortos_cc23x0r5.a : SystemP_nortos.c.obj (.text.doPrint)
                  000007ac    00000214     drivers_cc23x0r5.a : UART2LPF3.c.obj (.text.UART2LPF3_hwiIntFxn)
                  000009c0    000001e0                        : SPILPF3DMA.c.obj (.text.SPILPF3DMA_hwiFxn)
                  00000ba0    0000019c                        : UART2LPF3.c.obj (.text.UART2LPF3_initHw)
                  00000d3c    00000192     libclang_rt.builtins.a : adddf3.S.obj (.text.adddf3_subdf3)
                  00000ece    00000002     ti_drivers_config.obj (.text.Board_initHook)
                  00000ed0    0000017c     drivers_cc23x0r5.a : UART2LPF3.c.obj (.text.UART2_open)
                  0000104c    00000164                        : UART2.c.obj (.text.UART2_writeTimeoutBlocking)
                  000011b0    00000160                        : NVSSPI25X.c.obj (.text.NVSSPI25X_write)
                  00001310    00000160                        : SPILPF3DMA.c.obj (.text.SPILPF3DMA_transferCancel)
                  00001470    00000144                        : SPILPF3DMA.c.obj (.text.SPILPF3DMA_control)
                  000015b4    00000144                        : SPILPF3DMA.c.obj (.text.SPILPF3DMA_open)
                  000016f8    00000140     nortos_cc23x0r5.a : PowerCC23X0_nortos.c.obj (.text.PowerCC23X0_standbyPolicy)
                  00001838    0000012c     libc.a : memory.c.obj (.text.aligned_alloc)
                  00001964    0000012c     drivers_cc23x0r5.a : SPILPF3DMA.c.obj (.text.configNextTransfer)
                  00001a90    00000120                        : NVSSPI25X.c.obj (.text.NVSSPI25X_open)
                  00001bb0    0000010c                        : UART2LPF3.c.obj (.text.UART2Support_dmaStartRx)
                  00001cbc    0000010c     nvsexternal.obj (.text.mainThread)
                  00001dc8    00000108     drivers_cc23x0r5.a : UART2.c.obj (.text.UART2_writeTimeoutNonblocking)
                  00001ed0    000000f8                        : SPILPF3DMA.c.obj (.text.initHw)
                  00001fc8    000000ec     libc.a : memory.c.obj (.text.free)
                  000020b4    000000e4     libclang_rt.builtins.a : muldf3.S.obj (.text.__muldf3)
                  00002198    000000dc     drivers_cc23x0r5.a : GPIOLPF3.c.obj (.text.GPIO_init)
                  00002274    000000d0                        : NVSSPI25X.c.obj (.text.doErase)
                  00002344    000000c0                        : UART2LPF3.c.obj (.text.UART2Support_dmaStartTx)
                  00002404    000000bc     nortos_cc23x0r5.a : SwiP_nortos.c.obj (.text.SwiP_construct)
                  000024c0    0000009c     drivers_cc23x0r5.a : PowerCC23X0.c.obj (.text.Power_init)
                  0000255c    0000009c     nortos_cc23x0r5.a : SemaphoreP_nortos.c.obj (.text.SemaphoreP_pend)
                  000025f8    0000009a     drivers_cc23x0r5.a : UART2.c.obj (.text.UART2_writeCancel)
                  00002692    00000002     display_cc23x0r5.a : DisplayUart2.c.obj (.text.DisplayUart2Min_clear)
                  00002694    00000090     drivers_cc23x0r5.a : UART2LPF3.c.obj (.text.UART2_close)
                  00002724    00000088                        : SPILPF3DMA.c.obj (.text.SPILPF3DMA_close)
                  000027ac    00000084                        : NVSSPI25X.c.obj (.text.NVSSPI25X_close)
                  00002830    00000080     nortos_cc23x0r5.a : SwiP_nortos.c.obj (.text.SwiP_dispatch)
                  000028b0    0000007c                       : SystemP_nortos.c.obj (.text.formatNum)
                  0000292c    00000078                       : ClockPLPF3_nortos.c.obj (.text.ClockP_hwiCallback)
                  000029a4    00000078                       : HwiPCC23X0_nortos.c.obj (.text.HwiP_construct)
                  00002a1c    00000078     drivers_cc23x0r5.a : PowerCC23X0.c.obj (.text.PowerCC23X0_oscillatorISR)
                  00002a94    00000078     libc.a : copy_decompress_lzss.c.obj (.text:decompress:lzss)
                  00002b0c    00000074     nortos_cc23x0r5.a : ClockPLPF3_nortos.c.obj (.text.ClockP_startup)
                  00002b80    00000074     drivers_cc23x0r5.a : NVSSPI25X.c.obj (.text.doRead)
                  00002bf4    00000070                        : UART2LPF3.c.obj (.text.UART2Support_dmaStopTx)
                  00002c64    00000070     libclang_rt.builtins.a : comparedf2.c.obj (.text.__gedf2)
                  00002cd4    00000070     drivers_cc23x0r5.a : SPILPF3DMA.c.obj (.text.initIO)
                  00002d44    0000006c                        : PowerCC23X0.c.obj (.text.PowerCC23X0_startHFXT)
                  00002db0    0000006c     libclang_rt.builtins.a : comparedf2.c.obj (.text.__ledf2)
                  00002e1c    00000068     drivers_cc23x0r5.a : SPILPF3DMA.c.obj (.text.csnCallback)
                  00002e84    00000068                        : SPILPF3DMA.c.obj (.text.spiPostNotify)
                  00002eec    00000064     nortos_cc23x0r5.a : ClockPLPF3_nortos.c.obj (.text.ClockP_start)
                  00002f50    00000064     drivers_cc23x0r5.a : GPIOLPF3.c.obj (.text.GPIO_setConfigAndMux)
                  00002fb4    00000064     driverlib.a : interrupt.c.obj (.text.IntSetPriority)
                  00003018    00000064     drivers_cc23x0r5.a : UART2LPF3.c.obj (.text.UART2Support_dmaStopRx)
                  0000307c    00000064     libc.a : memory.c.obj (.text.split)
                  000030e0    00000062     libclang_rt.builtins.a : aeabi_dcmp.S.obj (.text.__aeabi_dcmp)
                  00003142    00000062     drivers_cc23x0r5.a : NVSSPI25X.c.obj (.text.doWriteVerify)
                  000031a4    0000005c     nortos_cc23x0r5.a : ClockPLPF3_nortos.c.obj (.text.ClockP_walkQueueDynamic)
                  00003200    0000005c     drivers_cc23x0r5.a : NVSSPI25X.c.obj (.text.NVSSPI25X_control)
                  0000325c    0000005c     nortos_cc23x0r5.a : SemaphoreP_nortos.c.obj (.text.SemaphoreP_construct)
                  000032b8    00000058     drivers_cc23x0r5.a : PowerCC23X0.c.obj (.text.Power_releaseDependency)
                  00003310    00000058                        : PowerCC23X0.c.obj (.text.Power_setDependency)
                  00003368    00000058     nortos_cc23x0r5.a : SwiP_nortos.c.obj (.text.SwiP_post)
                  000033c0    00000058     libclang_rt.builtins.a : clzsi2.c.obj (.text.__clzsi2)
                  00003418    00000058     nortos_cc23x0r5.a : ClockPLPF3_nortos.c.obj (.text.sleepTicks)
                  00003470    00000054     ti_drivers_config.obj (.text.Board_shutDownExtFlash)
                  000034c4    00000054     display_cc23x0r5.a : Display.c.obj (.text.Display_doOpen)
                  00003518    00000054     driverlib.a : lrfd.c.obj (.text.LRFDApplyClockDependencies)
                  0000356c    00000054     drivers_cc23x0r5.a : UART2.c.obj (.text.UART2_readCancel)
                  000035c0    00000054                        : NVSSPI25X.c.obj (.text.extFlashWaitReady)
                  00003614    00000052     display_cc23x0r5.a : DisplayUart2.c.obj (.text.DisplayUart2Min_vprintf)
                  00003666    00000002                        : DisplayUart2.c.obj (.text.DisplayUart2Min_clearLines)
                  00003668    00000050     drivers_cc23x0r5.a : UDMALPF3.c.obj (.text.UDMALPF3_init)
                  000036b8    00000050                        : NVSSPI25X.c.obj (.text.extFlashSpiWrite)
                  00003708    0000004c     ti_drivers_config.obj (.text.Board_sendExtFlashByte)
                  00003754    0000004c     drivers_cc23x0r5.a : PowerCC23X0.c.obj (.text.Power_sleep)
                  000037a0    0000004a     libclang_rt.builtins.a : fixdfsi.S.obj (.text.__fixdfsi)
                  000037ea    00000002     display_cc23x0r5.a : DisplayUart2.c.obj (.text.DisplayUart2Min_init)
                  000037ec    00000048     nortos_cc23x0r5.a : ClockPLPF3_nortos.c.obj (.text.ClockP_construct)
                  00003834    00000048     driverlib.a : interrupt.c.obj (.text.IntSetPend)
                  0000387c    00000048     drivers_cc23x0r5.a : NVS.c.obj (.text.NVS_open)
                  000038c4    00000048                        : RingBuf.c.obj (.text.RingBuf_put)
                  0000390c    00000044                        : GPIOLPF3.c.obj (.text.GPIO_setInterruptConfig)
                  00003950    00000044                        : UART2LPF3.c.obj (.text.UART2LPF3_initIO)
                  00003994    00000042     display_cc23x0r5.a : DisplayUart2.c.obj (.text.DisplayUart2Min_open)
                  000039d6    00000002     driverlib.a : interrupt.c.obj (.text.IntDefaultHandler)
                  000039d8    00000042     libclang_rt.builtins.a : fixunsdfsi.S.obj (.text.__fixunsdfsi)
                  00003a1a    00000002     drivers_cc23x0r5.a : NVSSPI25X.c.obj (.text.NVSSPI25X_deinitSpiCs)
                  00003a1c    00000040                        : NVSSPI25X.c.obj (.text.NVSSPI25X_read)
                  00003a5c    00000040                        : SPI.c.obj (.text.SPI_init)
                  00003a9c    00000040                        : SPI.c.obj (.text.SPI_open)
                  00003adc    00000040     nortos_cc23x0r5.a : SemaphoreP_nortos.c.obj (.text.SemaphoreP_post)
                  00003b1c    00000040     libclang_rt.builtins.a : aeabi_uidivmod.S.obj (.text.__aeabi_uidivmod)
                  00003b5c    0000003c     drivers_cc23x0r5.a : UART2LPF3.c.obj (.text.UART2LPF3_preNotifyFxn)
                  00003b98    0000003c     libc.a : autoinit.c.obj (.text:__TI_auto_init_nobinit_nopinit)
                  00003bd4    0000003a     drivers_cc23x0r5.a : RingBuf.c.obj (.text.RingBuf_putAdvance)
                  00003c0e    0000003a                        : SPILPF3DMA.c.obj (.text.SPILPF3DMA_swiFxn)
                  00003c48    0000003a     libclang_rt.builtins.a : muldsi3.S.obj (.text.__muldsi3)
                  00003c82    00000002     nortos_cc23x0r5.a : SemaphoreP_nortos.c.obj (.text.SemaphoreP_destruct)
                  00003c84    00000038     drivers_cc23x0r5.a : GPIOLPF3.c.obj (.text.GPIO_hwiIntFxn)
                  00003cbc    00000038     driverlib.a : interrupt.c.obj (.text.IntClearPend)
                  00003cf4    00000038     drivers_cc23x0r5.a : NVSSPI25X.c.obj (.text.NVSSPI25X_init)
                  00003d2c    00000034     ti_drivers_config.obj (.text.Board_wakeUpExtFlash)
                  00003d60    00000034     drivers_cc23x0r5.a : PowerCC23X0.c.obj (.text.PowerCC23X0_notify)
                  00003d94    00000034                        : RingBuf.c.obj (.text.RingBuf_putPointer)
                  00003dc8    00000034     nortos_cc23x0r5.a : SwiP_nortos.c.obj (.text.SwiP_destruct)
                  00003dfc    00000034     drivers_cc23x0r5.a : UART2.c.obj (.text.UART2_rxDisable)
                  00003e30    00000034                        : UDMALPF3.c.obj (.text.UDMALPF3_postNotifyFxn)
                  00003e64    00000030                        : GPIO.c.obj (.text.GPIO_resetConfig)
                  00003e94    00000030     driverlib.a : interrupt.c.obj (.text.IntIsEnabled)
                  00003ec4    00000030     drivers_cc23x0r5.a : NVSSPI25X.c.obj (.text.NVSSPI25X_erase)
                  00003ef4    00000030                        : PowerCC23X0.c.obj (.text.Power_getDependencyCount)
                  00003f24    00000030                        : PowerCC23X0.c.obj (.text.Power_releaseConstraint)
                  00003f54    00000030                        : RingBuf.c.obj (.text.RingBuf_getConsume)
                  00003f84    00000030                        : NVSSPI25X.c.obj (.text.extFlashWriteEnable)
                  00003fb4    0000002c     ti_drivers_config.obj (.text.Board_init)
                  00003fe0    0000002c     driverlib.a : interrupt.c.obj (.text.IntRegister)
                  0000400c    0000002c     drivers_cc23x0r5.a : NVS.c.obj (.text.NVS_init)
                  00004038    0000002c                        : PowerCC23X0.c.obj (.text.PowerCC23X0_setDependencyCount)
                  00004064    0000002c                        : PowerCC23X0.c.obj (.text.Power_setConstraint)
                  00004090    0000002c     driverlib.a : setup.c.obj (.text.SetupTrimDevice)
                  000040bc    0000002c     libclang_rt.builtins.a : floatsidf.S.obj (.text.__floatsidf)
                  000040e8    0000002a     drivers_cc23x0r5.a : SPILPF3DMA.c.obj (.text.enableSPI)
                  00004112    00000002                        : UART2LPF3.c.obj (.text.UART2LPF3_eventCallback)
                  00004114    00000028     nortos_cc23x0r5.a : ClockPLPF3_nortos.c.obj (.text.ClockP_usleep)
                  0000413c    00000028     driverlib.a : interrupt.c.obj (.text.IntDisable)
                  00004164    00000028                 : interrupt.c.obj (.text.IntEnable)
                  0000418c    00000028     drivers_cc23x0r5.a : List.c.obj (.text.List_remove)
                  000041b4    00000028                        : PowerCC23X0.c.obj (.text.Power_registerNotify)
                  000041dc    00000028                        : UART2LPF3.c.obj (.text.UART2LPF3_getRxData)
                  00004204    00000028                        : SPILPF3DMA.c.obj (.text.flushFifos)
                  0000422c    00000028     libc.a : memory.c.obj (.text.free_list_insert)
                  00004254    00000026     drivers_cc23x0r5.a : RingBuf.c.obj (.text.RingBuf_getPointer)
                  0000427a    00000026     driverlib.a : uart.c.obj (.text.UARTConfigSetExpClk)
                  000042a0    00000024     display_cc23x0r5.a : Display.c.obj (.text.Display_doInit)
                  000042c4    00000024     nortos_cc23x0r5.a : HwiPCC23X0_nortos.c.obj (.text.HwiP_dispatch)
                  000042e8    00000024     drivers_cc23x0r5.a : List.c.obj (.text.List_put)
                  0000430c    00000024                        : PowerCC23X0.c.obj (.text.PowerLPF3_selectLFXT)
                  00004330    00000024                        : UART2LPF3.c.obj (.text.UART2Support_disableRx)
                  00004354    00000024     libc.a : boot_cortex_m.c.obj (.text:_c_int00)
                  00004378    00000020     nortos_cc23x0r5.a : ClockPLPF3_nortos.c.obj (.text.ClockP_add)
                  00004398    00000020     drivers_cc23x0r5.a : NVSSPI25X.c.obj (.text.NVSSPI25X_initSpiCs)
                  000043b8    00000020                        : NVSSPI25X.c.obj (.text.extFlashSpiRead)
                  000043d8    00000020     driverlib.a : udma.c.obj (.text.uDMADisableChannelAttribute)
                  000043f8    0000001e     drivers_cc23x0r5.a : UART2LPF3.c.obj (.text.UART2Support_sendData)
                  00004416    00000002     libclang_rt.builtins.a : aeabi_div0.c.obj (.text.__aeabi_idiv0)
                  00004418    0000001c     drivers_cc23x0r5.a : GPIO.c.obj (.text.GPIO_setCallback)
                  00004434    0000001c     driverlib.a : lrfd.c.obj (.text.LRFDReleaseClockDependency)
                  00004450    0000001c                 : lrfd.c.obj (.text.LRFDSetClockDependency)
                  0000446c    0000001c     nortos_cc23x0r5.a : QueueP_nortos.c.obj (.text.QueueP_put)
                  00004488    0000001c                       : SemaphoreP_nortos.c.obj (.text.SemaphoreP_constructBinary)
                  000044a4    0000001c                       : SemaphoreP_nortos.c.obj (.text.SemaphoreP_createBinary)
                  000044c0    0000001c     driverlib.a : uart.c.obj (.text.UARTDisable)
                  000044dc    0000001c     libc.a : args_main.c.obj (.text._args_main)
                  000044f8    0000001c            : memory.c.obj (.text.free_list_remove)
                  00004514    0000001c     drivers_cc23x0r5.a : SPILPF3DMA.c.obj (.text.releaseConstraint)
                  00004530    0000001a     nortos_cc23x0r5.a : QueueP_nortos.c.obj (.text.QueueP_get)
                  0000454a    0000001a     drivers_cc23x0r5.a : RingBuf.c.obj (.text.RingBuf_flush)
                  00004564    0000001a                        : UART2.c.obj (.text.UART2_writeTimeout)
                  0000457e    00000002     libc.a : _lock.c.obj (.text._nop)
                  00004580    00000018     nortos_cc23x0r5.a : HwiPCC23X0_nortos.c.obj (.text.HwiP_inISR)
                  00004598    00000018                       : HwiPCC23X0_nortos.c.obj (.text.HwiP_setFunc)
                  000045b0    00000018     drivers_cc23x0r5.a : NVSSPI25X.c.obj (.text.NVSSPI25X_assertSpiCs)
                  000045c8    00000018                        : NVSSPI25X.c.obj (.text.NVSSPI25X_deassertSpiCs)
                  000045e0    00000018                        : NVSSPI25X.c.obj (.text.NVSSPI25X_lock)
                  000045f8    00000018                        : PowerCC23X0.c.obj (.text.Power_idleFunc)
                  00004610    00000018                        : UART2LPF3.c.obj (.text.UART2LPF3_postNotifyFxn)
                  00004628    00000016     display_cc23x0r5.a : DisplayUart2.c.obj (.text.DisplayUart2Min_close)
                  0000463e    00000016     nortos_cc23x0r5.a : SemaphoreP_nortos.c.obj (.text.SemaphoreP_create)
                  00004654    00000016     drivers_cc23x0r5.a : SPILPF3DMA.c.obj (.text.dataGet)
                  0000466a    00000016                        : UART2LPF3.c.obj (.text.uartDmaDisable)
                  00004680    00000016                        : UART2LPF3.c.obj (.text.uartDmaEnable)
                  00004696    00000002     nortos_cc23x0r5.a : SemaphoreP_nortos.c.obj (.text.clkFxn)
                  00004698    00000014                       : ClockPLPF3_nortos.c.obj (.text.ClockP_destruct)
                  000046ac    00000014     display_cc23x0r5.a : Display.c.obj (.text.Display_doPrintf)
                  000046c0    00000014     drivers_cc23x0r5.a : GPIOLPF3.c.obj (.text.GPIO_disableInt)
                  000046d4    00000014                        : GPIO.c.obj (.text.GPIO_setUserArg)
                  000046e8    00000014                        : GPIOLPF3.c.obj (.text.GPIO_write)
                  000046fc    00000014     driverlib.a : interrupt.c.obj (.text.IntUnregister)
                  00004710    00000014     drivers_cc23x0r5.a : List.c.obj (.text.List_clearList)
                  00004724    00000014     nortos_cc23x0r5.a : SwiP_nortos.c.obj (.text.SwiP_handleHwi)
                  00004738    00000014     driverlib.a : udma.c.obj (.text.uDMAGetChannelSize)
                  0000474c    00000012     nortos_cc23x0r5.a : HwiPCC23X0_nortos.c.obj (.text.HwiP_destruct)
                  0000475e    00000012     drivers_cc23x0r5.a : NVSSPI25X.c.obj (.text.NVSSPI25X_getAttrs)
                  00004770    00000012     libc.a : memcpy16.S.obj (.text:TI_memcpy_small)
                  00004782    00000012            : copy_decompress_none.c.obj (.text:decompress:none)
                  00004794    00000010     nortos_cc23x0r5.a : ClockPLPF3_nortos.c.obj (.text.ClockP_getCpuFreq)
                  000047a4    00000010     drivers_cc23x0r5.a : GPIO.c.obj (.text.GPIO_getUserArg)
                  000047b4    00000010     nortos_cc23x0r5.a : HwiPCC23X0_nortos.c.obj (.text.HwiP_Params_init)
                  000047c4    00000010     drivers_cc23x0r5.a : NVSSPI25X.c.obj (.text.NVSSPI25X_unlock)
                  000047d4    00000010                        : PowerCC23X0.c.obj (.text.Power_disablePolicy)
                  000047e4    00000010                        : PowerCC23X0.c.obj (.text.Power_unregisterNotify)
                  000047f4    00000010                        : SPI.c.obj (.text.SPI_Params_init)
                  00004804    00000010     nortos_cc23x0r5.a : SwiP_nortos.c.obj (.text.SwiP_Params_init)
                  00004814    00000010     drivers_cc23x0r5.a : UART2.c.obj (.text.UART2_Params_init)
                  00004824    00000010     main_nortos.obj (.text.main)
                  00004834    00000010     nortos_cc23x0r5.a : startup_cc23x0r5_ticlang.c.obj (.text.resetISR)
                  00004844    00000010     libc.a : copy_zero_init.c.obj (.text:decompress:ZI)
                  00004854    0000000e     nortos_cc23x0r5.a : HwiPCC23X0_nortos.c.obj (.text.HwiP_restore)
                  00004862    0000000e     drivers_cc23x0r5.a : NVS.c.obj (.text.NVS_write)
                  00004870    0000000e                        : SPILPF3DMA.c.obj (.text.OUTLINED_FUNCTION_0)
                  0000487e    0000000e     libc.a : memory.c.obj (.text.OUTLINED_FUNCTION_0)
                  0000488c    0000000e     nortos_cc23x0r5.a : QueueP_nortos.c.obj (.text.QueueP_remove)
                  0000489a    0000000e     drivers_cc23x0r5.a : RingBuf.c.obj (.text.RingBuf_construct)
                  000048a8    0000000e                        : UART2LPF3.c.obj (.text.UART2Support_disableTx)
                  000048b6    0000000e                        : UART2LPF3.c.obj (.text.UART2Support_enableTx)
                  000048c4    0000000e                        : UART2LPF3.c.obj (.text.UART2Support_txDone)
                  000048d2    0000000e                        : UART2.c.obj (.text.UART2_write)
                  000048e0    0000000e     libc.a : memset16.S.obj (.text:TI_memset_small)
                  000048ee    00000002     nortos_cc23x0r5.a : startup_cc23x0r5_ticlang.c.obj (.text.faultISR)
                  000048f0    0000000c     drivers_cc23x0r5.a : GPIOLPF3.c.obj (.text.GPIO_read)
                  000048fc    0000000c     nortos_cc23x0r5.a : HwiPCC23X0_nortos.c.obj (.text.HwiP_disable)
                  00004908    0000000c     drivers_cc23x0r5.a : PowerCC23X0.c.obj (.text.PowerCC23X0_rtcISR)
                  00004914    0000000c                        : PowerCC23X0.c.obj (.text.Power_enablePolicy)
                  00004920    0000000c                        : PowerCC23X0.c.obj (.text.Power_getConstraintMask)
                  0000492c    0000000c     libclang_rt.builtins.a : aeabi_memset.S.obj (.text.__aeabi_memclr)
                  00004938    0000000c     drivers_cc23x0r5.a : SPILPF3DMA.c.obj (.text.blockingTransferCallback)
                  00004944    0000000c     libc.a : memory.c.obj (.text.malloc)
                  00004950    0000000a     drivers_cc23x0r5.a : GPIOLPF3.c.obj (.text.GPIO_setConfig)
                  0000495a    0000000a     nortos_cc23x0r5.a : HwiPCC23X0_nortos.c.obj (.text.HwiP_interruptsEnabled)
                  00004964    0000000a     drivers_cc23x0r5.a : NVS.c.obj (.text.NVS_close)
                  0000496e    0000000a                        : NVS.c.obj (.text.NVS_erase)
                  00004978    0000000a                        : NVS.c.obj (.text.NVS_getAttrs)
                  00004982    0000000a                        : NVS.c.obj (.text.NVS_read)
                  0000498c    0000000a                        : UART2.c.obj (.text.OUTLINED_FUNCTION_0)
                  00004996    0000000a     nortos_cc23x0r5.a : QueueP_nortos.c.obj (.text.QueueP_empty)
                  000049a0    0000000a     drivers_cc23x0r5.a : SPILPF3DMA.c.obj (.text.SPILPF3DMA_init)
                  000049aa    0000000a                        : SPI.c.obj (.text.SPI_close)
                  000049b4    0000000a                        : SPI.c.obj (.text.SPI_transfer)
                  000049be    0000000a                        : UART2LPF3.c.obj (.text.UART2Support_powerRelConstraint)
                  000049c8    0000000a                        : SPILPF3DMA.c.obj (.text.UDMALPF3_disableAttribute)
                  000049d2    0000000a                        : UART2LPF3.c.obj (.text.UDMALPF3_disableAttribute)
                  000049dc    00000008     nortos_cc23x0r5.a : HwiPCC23X0_nortos.c.obj (.text.HwiP_clearInterrupt)
                  000049e4    00000008                       : HwiPCC23X0_nortos.c.obj (.text.HwiP_disableInterrupt)
                  000049ec    00000008                       : HwiPCC23X0_nortos.c.obj (.text.HwiP_enable)
                  000049f4    00000008                       : HwiPCC23X0_nortos.c.obj (.text.HwiP_enableInterrupt)
                  000049fc    00000008                       : HwiPCC23X0_nortos.c.obj (.text.HwiP_post)
                  00004a04    00000008                       : NoRTOS.c.obj (.text.NoRTOS_start)
                  00004a0c    00000008     nvsexternal.obj (.text.OUTLINED_FUNCTION_0)
                  00004a14    00000008     nvsexternal.obj (.text.OUTLINED_FUNCTION_1)
                  00004a1c    00000008     nortos_cc23x0r5.a : SemaphoreP_nortos.c.obj (.text.SemaphoreP_delete)
                  00004a24    00000008                       : SystemP_nortos.c.obj (.text.SystemP_vsnprintf)
                  00004a2c    00000008     libclang_rt.builtins.a : aeabi_memcpy.S.obj (.text.__aeabi_memcpy)
                  00004a34    00000008     nortos_cc23x0r5.a : ClockPLPF3_nortos.c.obj (.text.sleepClkFxn)
                  00004a3c    00000006     driverlib.a : cpu.c.obj (.text.CPUDelay)
                  00004a42    00000006     display_cc23x0r5.a : DisplayUart2.c.obj (.text.DisplayUart2Min_control)
                  00004a48    00000006                        : DisplayUart2.c.obj (.text.DisplayUart2Min_getType)
                  00004a4e    00000006     drivers_cc23x0r5.a : NVS.c.obj (.text.NVS_Params_init)
                  00004a54    00000006     nortos_cc23x0r5.a : QueueP_nortos.c.obj (.text.QueueP_init)
                  00004a5a    00000004                       : ClockPLPF3_nortos.c.obj (.text.ClockP_isActive)
                  00004a5e    00000004     drivers_cc23x0r5.a : UART2LPF3.c.obj (.text.OUTLINED_FUNCTION_0)
                  00004a62    00000002     nortos_cc23x0r5.a : startup_cc23x0r5_ticlang.c.obj (.text.intDefaultHandler)
                  00004a64    00000010     drivers_cc23x0r5.a : GPIO.c.obj (.tramp.GPIO_resetConfig.1)
                  00004a74    00000004                        : UART2.c.obj (.text.OUTLINED_FUNCTION_1)
                  00004a78    00000004                        : RingBuf.c.obj (.text.RingBuf_getCount)
                  00004a7c    00000004     libc.a : pre_init.c.obj (.text._system_pre_init)
                  00004a80    00000004            : exit.c.obj (.text:abort)
                  00004a84    00000002     nortos_cc23x0r5.a : startup_cc23x0r5_ticlang.c.obj (.text.nmiISR)

.rodata    0    00004a88    0000033e     
                  00004a88    00000058     ti_drivers_config.obj (.rodata.UART2LPF3_hwAttrs)
                  00004ae0    00000040     ti_drivers_config.obj (.rodata.SPILPF3DMA_hwAttrs)
                  00004b20    00000037     nvsexternal.obj (.rodata.signature)
                  00004b57    00000033     nvsexternal.obj (.rodata.str1.148542258022330111021)
                  00004b8a    00000002     drivers_cc23x0r5.a : UART2LPF3.c.obj (.rodata.stopBits)
                  00004b8c    00000028                        : NVSSPI25X.c.obj (.rodata.NVSSPI25X_fxnTable)
                  00004bb4    00000028     ti_drivers_config.obj (.rodata.nvsSPI25XHWAttrs)
                  00004bdc    00000024     drivers_cc23x0r5.a : UART2.c.obj (.rodata.UART2_defaultParams)
                  00004c00    00000022     nvsexternal.obj (.rodata.str1.90144517245654967441)
                  00004c22    00000002     nvsexternal.obj (.rodata.str1.88965255640672190471)
                  00004c24    00000020     display_cc23x0r5.a : DisplayUart2.c.obj (.rodata.DisplayUart2Min_fxnTable)
                  00004c44    00000020     drivers_cc23x0r5.a : SPI.c.obj (.rodata.SPI_defaultParams)
                  00004c64    0000001c     nvsexternal.obj (.rodata.str1.139539628018125203581)
                  00004c80    00000018     drivers_cc23x0r5.a : SPILPF3DMA.c.obj (.rodata.SPILPF3DMA_fxnTable)
                  00004c98    00000018                        : SPILPF3DMA.c.obj (.rodata.cst8)
                  00004cb0    00000018                        : SPILPF3DMA.c.obj (.rodata.frameFormat)
                  00004cc8    00000014     ti_drivers_config.obj (.rodata.displayUart2HWAttrs)
                  00004cdc    00000013     nvsexternal.obj (.rodata.str1.132476925973661780221)
                  00004cef    00000013     nvsexternal.obj (.rodata.str1.40111555099361602831)
                  00004d02    00000012     nvsexternal.obj (.rodata.str1.111454144507363947441)
                  00004d14    00000012     nvsexternal.obj (.rodata.str1.156355072273934206601)
                  00004d26    00000011     nortos_cc23x0r5.a : SystemP_nortos.c.obj (.rodata.str1.109858018089270873821)
                  00004d37    00000001     ti_drivers_config.obj (.rodata.Display_count)
                  00004d38    00000010     ti_drivers_config.obj (.rodata.GPIO_config)
                  00004d48    00000010     nortos_cc23x0r5.a : SwiP_nortos.c.obj (.rodata.cst16)
                  00004d58    0000000c                       : ClockPLPF3_nortos.c.obj (.rodata.ClockP_defaultParams)
                  00004d64    0000000c     ti_drivers_config.obj (.rodata.Display_config)
                  00004d70    0000000c     ti_drivers_config.obj (.rodata.NVS_config)
                  00004d7c    0000000c     ti_drivers_config.obj (.rodata.SPI_config)
                  00004d88    00000008     ti_drivers_config.obj (.rodata.PowerCC23X0_config)
                  00004d90    00000008     ti_drivers_config.obj (.rodata.UART2_config)
                  00004d98    00000008     drivers_cc23x0r5.a : SPILPF3DMA.c.obj (.rodata.str4.138306892768852388814)
                  00004da0    00000007     nortos_cc23x0r5.a : SystemP_nortos.c.obj (.rodata.str1.19629868222606260471)
                  00004da7    00000005     drivers_cc23x0r5.a : UART2LPF3.c.obj (.rodata.parityType)
                  00004dac    00000005     nortos_cc23x0r5.a : PowerCC23X0_nortos.c.obj (.rodata.sysTimerResolutionShift)
                  00004db1    00000003     nvsexternal.obj (.rodata.str1.177455340935050242991)
                  00004db4    00000004     drivers_cc23x0r5.a : NVS.c.obj (.rodata.NVS_defaultParams)
                  00004db8    00000004     ti_drivers_config.obj (.rodata.UDMALPF3_config)
                  00004dbc    00000004     drivers_cc23x0r5.a : UART2LPF3.c.obj (.rodata.cst4)
                  00004dc0    00000001     display_cc23x0r5.a : Display.c.obj (.rodata.Display_defaultParams)
                  00004dc1    00000001     ti_drivers_config.obj (.rodata.GPIO_pinLowerBound)
                  00004dc2    00000001     ti_drivers_config.obj (.rodata.GPIO_pinUpperBound)
                  00004dc3    00000001     ti_drivers_config.obj (.rodata.NVS_count)
                  00004dc4    00000001     ti_drivers_config.obj (.rodata.SPI_count)
                  00004dc5    00000001     ti_drivers_config.obj (.rodata.UART2_count)

.cinit     0    00004dd0    000000bc     
                  00004dd0    00000037     (.cinit..data.load) [load image, compression = lzss]
                  00004e07    00000001     --HOLE-- [fill = 0]
                  00004e08    0000000c     (__TI_handler_table)
                  00004e14    00000008     (.cinit..TI.bound:dmaChannel0AltControlTableEntry.load) [load image, compression = zero_init]
                  00004e1c    00000008     (.cinit..TI.bound:dmaChannel0ControlTableEntry.load) [load image, compression = zero_init]
                  00004e24    00000008     (.cinit..TI.bound:dmaChannel1AltControlTableEntry.load) [load image, compression = zero_init]
                  00004e2c    00000008     (.cinit..TI.bound:dmaChannel1ControlTableEntry.load) [load image, compression = zero_init]
                  00004e34    00000008     (.cinit..TI.bound:dmaChannel2ControlTableEntry.load) [load image, compression = zero_init]
                  00004e3c    00000008     (.cinit..TI.bound:dmaChannel3ControlTableEntry.load) [load image, compression = zero_init]
                  00004e44    00000008     (.cinit..bss.load) [load image, compression = zero_init]
                  00004e4c    00000040     (__TI_cinit_table)

.init_array 
*          0    00000000    00000000     UNINITIALIZED

.data      0    20000000    000001fd     UNINITIALIZED
                  20000000    0000008c     nortos_cc23x0r5.a : HwiPCC23X0_nortos.c.obj (.data.HwiP_dispatchTable)
                  2000008c    00000068     ti_drivers_config.obj (.data.gpioPinConfigs)
                  200000f4    0000004c     nortos_cc23x0r5.a : SwiP_nortos.c.obj (.data..L_MergedGlobals)
                  20000140    0000003f     drivers_cc23x0r5.a : PowerCC23X0.c.obj (.data..L_MergedGlobals.1)
                  2000017f    00000001     nortos_cc23x0r5.a : ClockPLPF3_nortos.c.obj (.data.ClockP_initialized)
                  20000180    00000024     drivers_cc23x0r5.a : PowerCC23X0.c.obj (.data..L_MergedGlobals)
                  200001a4    00000020                        : NVSSPI25X.c.obj (.data..L_MergedGlobals)
                  200001c4    00000014     nortos_cc23x0r5.a : ClockPLPF3_nortos.c.obj (.data..L_MergedGlobals)
                  200001d8    00000010                       : SemaphoreP_nortos.c.obj (.data..L_MergedGlobals)
                  200001e8    00000004                       : HwiPCC23X0_nortos.c.obj (.data.HwiP_swiPIntNum)
                  200001ec    00000004     libc.a : _lock.c.obj (.data._lock)
                  200001f0    00000004            : _lock.c.obj (.data._unlock)
                  200001f4    00000001     nortos_cc23x0r5.a : SwiP_nortos.c.obj (.data.SwiP_initialized)
                  200001f5    00000001     drivers_cc23x0r5.a : GPIOLPF3.c.obj (.data.initCalled)
                  200001f6    00000001                        : NVS.c.obj (.data.isInitialized)
                  200001f7    00000001                        : SPI.c.obj (.data.isInitialized)
                  200001f8    00000001                        : UDMALPF3.c.obj (.data.isOpen)
                  200001f9    00000001     driverlib.a : lrfd.c.obj (.data.lrfdClocked)
                  200001fa    00000002     --HOLE--
                  200001fc    00000001     libc.a : memory.c.obj (.data.memory_is_initialized)

.ramVecs   0    20000200    0000008c     NOLOAD SECTION
                  20000200    0000008c     driverlib.a : interrupt.c.obj (.ramVecs)

.sysmem    0    200004a0    00002000     UNINITIALIZED
                  200004a0    00000010     libc.a : memory.c.obj (.sysmem)
                  200004b0    00001ff0     --HOLE--

.bss       0    200024a0    0000097c     UNINITIALIZED
                  200024a0    00000400     ti_drivers_config.obj (.bss.displayUART2Buffer)
                  200028a0    00000180     (.common:UART2LPF3_objects)
                  20002a20    00000100     ti_drivers_config.obj (.bss.verifyBuf)
                  20002b20    00000100     (.common:SPILPF3DMA_objects)
                  20002c20    00000068     (.common:gpioCallbackFunctions)
                  20002c88    00000068     (.common:gpioUserArgs)
                  20002cf0    00000040     nvsexternal.obj (.bss.buffer)
                  20002d30    00000020     ti_drivers_config.obj (.bss.uart2RxRingBuffer0)
                  20002d50    00000020     ti_drivers_config.obj (.bss.uart2TxRingBuffer0)
                  20002d70    0000001c     drivers_cc23x0r5.a : PowerCC23X0.c.obj (.bss.ckmHwi)
                  20002d8c    0000001c                        : GPIOLPF3.c.obj (.bss.gpioHwi)
                  20002da8    0000001c     (.common:clockHwi)
                  20002dc4    00000014                        : UDMALPF3.c.obj (.bss.postNotify)
                  20002dd8    00000014     nortos_cc23x0r5.a : PowerCC23X0_nortos.c.obj (.bss.sysTimerTimeouts)
                  20002dec    0000000c     (.common:displayUart2Object)
                  20002df8    0000000c     (.common:nvsSPI25XObjects)
                  20002e04    00000008     drivers_cc23x0r5.a : PowerCC23X0.c.obj (.bss.notifyList)
                  20002e0c    00000004                        : PowerCC23X0.c.obj (.bss.PowerCC23X0_enterStandby.controlPreStandby)
                  20002e10    00000004                        : PowerCC23X0.c.obj (.bss.constraintCounts)
                  20002e14    00000004     driverlib.a : lrfd.c.obj (.bss.lrfdClockDependencySets)
                  20002e18    00000004     libc.a : memory.c.obj (.bss.sys_free)

.stack     0    20008c00    00000400     UNINITIALIZED
                  20008c00    00000004     libc.a : boot_cortex_m.c.obj (.stack)
                  20008c04    000003fc     --HOLE--

.ccfg      0    4e020000    00000800     
                  4e020000    00000800     ti_devices_config.obj (.ccfg)

.log_data 
*          0    90000000    00000000     COPY SECTION

.log_ptr   0    94000008    00000000     COPY SECTION

__llvm_prf_cnts 
*          0    20000000    00000000     UNINITIALIZED

__llvm_prf_bits 
*          0    20000000    00000000     UNINITIALIZED

.TI.bound:dmaChannel0ControlTableEntry 
*          0    20000400    00000010     UNINITIALIZED
                  20000400    00000010     ti_drivers_config.obj (.TI.bound:dmaChannel0ControlTableEntry)

.TI.bound:dmaChannel1ControlTableEntry 
*          0    20000410    00000010     UNINITIALIZED
                  20000410    00000010     ti_drivers_config.obj (.TI.bound:dmaChannel1ControlTableEntry)

.TI.bound:dmaChannel2ControlTableEntry 
*          0    20000420    00000010     UNINITIALIZED
                  20000420    00000010     ti_drivers_config.obj (.TI.bound:dmaChannel2ControlTableEntry)

.TI.bound:dmaChannel3ControlTableEntry 
*          0    20000430    00000010     UNINITIALIZED
                  20000430    00000010     ti_drivers_config.obj (.TI.bound:dmaChannel3ControlTableEntry)

.TI.bound:dmaChannel0AltControlTableEntry 
*          0    20000480    00000010     UNINITIALIZED
                  20000480    00000010     ti_drivers_config.obj (.TI.bound:dmaChannel0AltControlTableEntry)

.TI.bound:dmaChannel1AltControlTableEntry 
*          0    20000490    00000010     UNINITIALIZED
                  20000490    00000010     ti_drivers_config.obj (.TI.bound:dmaChannel1AltControlTableEntry)

.args      0    00004dc8    00000008     
                  00004dc8    00000008     --HOLE-- [fill = 0]

MODULE SUMMARY

       Module                           code    ro data   rw data
       ------                           ----    -------   -------
    <current directory>
       ti_drivers_config.obj            258     290       2416   
       ti_devices_config.obj            0       2048      0      
       nvsexternal.obj                  284     247       64     
       main_nortos.obj                  16      0         0      
    +--+--------------------------------+-------+---------+---------+
       Total:                           558     2585      2480   
                                                                 
    /home/developer/.conan/data/tiarmllvm/3.2.0.LTS-0/library-msp/ga/package/be241241e9d4718e5bab4eb33935bbb69606bb0c/lib/armv6m-ti-none-eabi/c/libc.a
       memory.c.obj                     730     0         5      
       copy_decompress_lzss.c.obj       120     0         0      
       autoinit.c.obj                   60      0         0      
       boot_cortex_m.c.obj              36      0         0      
       args_main.c.obj                  28      0         0      
       copy_decompress_none.c.obj       18      0         0      
       memcpy16.S.obj                   18      0         0      
       copy_zero_init.c.obj             16      0         0      
       memset16.S.obj                   14      0         0      
       _lock.c.obj                      2       0         8      
       exit.c.obj                       4       0         0      
       pre_init.c.obj                   4       0         0      
    +--+--------------------------------+-------+---------+---------+
       Total:                           1050    0         13     
                                                                 
    /home/developer/.conan/data/tiarmllvm/3.2.0.LTS-0/library-msp/ga/package/be241241e9d4718e5bab4eb33935bbb69606bb0c/lib/clang/15.0.7/lib/armv6m-ti-none-eabi/libclang_rt.builtins.a
       adddf3.S.obj                     402     0         0      
       muldf3.S.obj                     228     0         0      
       comparedf2.c.obj                 220     0         0      
       aeabi_dcmp.S.obj                 98      0         0      
       clzsi2.c.obj                     88      0         0      
       fixdfsi.S.obj                    74      0         0      
       fixunsdfsi.S.obj                 66      0         0      
       aeabi_uidivmod.S.obj             64      0         0      
       muldsi3.S.obj                    58      0         0      
       floatsidf.S.obj                  44      0         0      
       aeabi_memset.S.obj               12      0         0      
       aeabi_memcpy.S.obj               8       0         0      
       aeabi_div0.c.obj                 2       0         0      
    +--+--------------------------------+-------+---------+---------+
       Total:                           1364    0         0      
                                                                 
    /project/staging/core_examples/simplelink-lowpower-f3-sdk/kernel/nortos/lib/ticlang/m0p/nortos_cc23x0r5.a
       SystemP_nortos.c.obj             992     24        0      
       ClockPLPF3_nortos.c.obj          708     12        21     
       SwiP_nortos.c.obj                492     16        77     
       HwiPCC23X0_nortos.c.obj          314     0         144    
       SemaphoreP_nortos.c.obj          402     0         16     
       PowerCC23X0_nortos.c.obj         320     5         20     
       startup_cc23x0r5_ticlang.c.obj   22      140       0      
       QueueP_nortos.c.obj              84      0         0      
       NoRTOS.c.obj                     8       0         0      
    +--+--------------------------------+-------+---------+---------+
       Total:                           3342    197       278    
                                                                 
    /project/staging/core_examples/simplelink-lowpower-f3-sdk/source/ti/devices/cc23x0r5/driverlib/lib/ticlang/driverlib.a
       interrupt.c.obj                  422     0         140    
       lrfd.c.obj                       140     0         5      
       uart.c.obj                       66      0         0      
       udma.c.obj                       52      0         0      
       setup.c.obj                      44      0         0      
       cpu.c.obj                        6       0         0      
    +--+--------------------------------+-------+---------+---------+
       Total:                           730     0         145    
                                                                 
    /project/staging/core_examples/simplelink-lowpower-f3-sdk/source/ti/display/lib/ticlang/m0p/display_cc23x0r5.a
       DisplayUart2.c.obj               188     32        0      
       Display.c.obj                    140     1         0      
    +--+--------------------------------+-------+---------+---------+
       Total:                           328     33        0      
                                                                 
    /project/staging/core_examples/simplelink-lowpower-f3-sdk/source/ti/drivers/lib/ticlang/m0p/drivers_cc23x0r5.a
       SPILPF3DMA.c.obj                 3684    80        0      
       UART2LPF3.c.obj                  2510    11        0      
       NVSSPI25X.c.obj                  1838    40        32     
       PowerCC23X0.c.obj                1040    0         171    
       UART2.c.obj                      980     36        0      
       GPIOLPF3.c.obj                   506     0         29     
       RingBuf.c.obj                    312     0         0      
       SPI.c.obj                        164     32        1      
       NVS.c.obj                        176     4         1      
       UDMALPF3.c.obj                   132     0         21     
       GPIO.c.obj                       128     0         0      
       List.c.obj                       96      0         0      
    +--+--------------------------------+-------+---------+---------+
       Total:                           11566   203       255    
                                                                 
       Heap:                            0       0         8192   
       Stack:                           0       0         1024   
       Linker Generated:                0       187       0      
    +--+--------------------------------+-------+---------+---------+
       Grand Total:                     18938   3205      12387  


LINKER GENERATED COPY TABLES

__TI_cinit_table @ 00004e4c records: 8, size/record: 8, table size: 64
	.data: load addr=00004dd0, load size=00000037 bytes, run addr=20000000, run size=000001fd bytes, compression=lzss
	.TI.bound:dmaChannel0AltControlTableEntry: load addr=00004e14, load size=00000008 bytes, run addr=20000480, run size=00000010 bytes, compression=zero_init
	.TI.bound:dmaChannel0ControlTableEntry: load addr=00004e1c, load size=00000008 bytes, run addr=20000400, run size=00000010 bytes, compression=zero_init
	.TI.bound:dmaChannel1AltControlTableEntry: load addr=00004e24, load size=00000008 bytes, run addr=20000490, run size=00000010 bytes, compression=zero_init
	.TI.bound:dmaChannel1ControlTableEntry: load addr=00004e2c, load size=00000008 bytes, run addr=20000410, run size=00000010 bytes, compression=zero_init
	.TI.bound:dmaChannel2ControlTableEntry: load addr=00004e34, load size=00000008 bytes, run addr=20000420, run size=00000010 bytes, compression=zero_init
	.TI.bound:dmaChannel3ControlTableEntry: load addr=00004e3c, load size=00000008 bytes, run addr=20000430, run size=00000010 bytes, compression=zero_init
	.bss: load addr=00004e44, load size=00000008 bytes, run addr=200024a0, run size=0000097c bytes, compression=zero_init


LINKER GENERATED HANDLER TABLE

__TI_handler_table @ 00004e08 records: 3, size/record: 4, table size: 12
	index: 0, handler: __TI_decompress_lzss
	index: 1, handler: __TI_decompress_none
	index: 2, handler: __TI_zero_init


FAR CALL TRAMPOLINES

callee name               trampoline name
   callee addr  tramp addr   call addr  call info
--------------  -----------  ---------  ----------------
GPIO_resetConfig          $Tramp$TT$L$PI$$GPIO_resetConfig
   00003e65     00004a64     00004a60   drivers_cc23x0r5.a : UART2LPF3.c.obj (.text.OUTLINED_FUNCTION_0)

[1 trampolines]
[1 trampoline calls]


SEGMENT ATTRIBUTES

    id tag       seg value 
    -- ---       --- ----- 
     0 PHA_BOUND 4   (null)
     1 PHA_BOUND 5   (null)


GLOBAL SYMBOLS: SORTED ALPHABETICALLY BY Name 

address   name                           
-------   ----                           
00003fb5  Board_init                     
00000ecf  Board_initHook                 
00003709  Board_sendExtFlashByte         
00003471  Board_shutDownExtFlash         
00003d2d  Board_wakeUpExtFlash           
00004a80  C$$EXIT                        
00004a3d  CPUDelay                       
00004379  ClockP_add                     
000037ed  ClockP_construct               
00004699  ClockP_destruct                
00004795  ClockP_getCpuFreq              
00004a5b  ClockP_isActive                
00002eed  ClockP_start                   
00002b0d  ClockP_startup                 
00004115  ClockP_usleep                  
000031a5  ClockP_walkQueueDynamic        
00002693  DisplayUart2Min_clear          
00003667  DisplayUart2Min_clearLines     
00004629  DisplayUart2Min_close          
00004a43  DisplayUart2Min_control        
00004c24  DisplayUart2Min_fxnTable       
00004a49  DisplayUart2Min_getType        
000037eb  DisplayUart2Min_init           
00003995  DisplayUart2Min_open           
00003615  DisplayUart2Min_vprintf        
00004d64  Display_config                 
00004d37  Display_count                  
00004dc0  Display_defaultParams          
000042a1  Display_doInit                 
000034c5  Display_doOpen                 
000046ad  Display_doPrintf               
00004d38  GPIO_config                    
000046c1  GPIO_disableInt                
000047a5  GPIO_getUserArg                
00003c85  GPIO_hwiIntFxn                 
00002199  GPIO_init                      
00004dc1  GPIO_pinLowerBound             
00004dc2  GPIO_pinUpperBound             
000048f1  GPIO_read                      
00003e65  GPIO_resetConfig               
00004419  GPIO_setCallback               
00004951  GPIO_setConfig                 
00002f51  GPIO_setConfigAndMux           
0000390d  GPIO_setInterruptConfig        
000046d5  GPIO_setUserArg                
000046e9  GPIO_write                     
000047b5  HwiP_Params_init               
000049dd  HwiP_clearInterrupt            
000029a5  HwiP_construct                 
0000474d  HwiP_destruct                  
000048fd  HwiP_disable                   
000049e5  HwiP_disableInterrupt          
000042c5  HwiP_dispatch                  
000049ed  HwiP_enable                    
000049f5  HwiP_enableInterrupt           
00004581  HwiP_inISR                     
0000495b  HwiP_interruptsEnabled         
000049fd  HwiP_post                      
00004855  HwiP_restore                   
00004599  HwiP_setFunc                   
200001e8  HwiP_swiPIntNum                
00003cbd  IntClearPend                   
0000413d  IntDisable                     
00004165  IntEnable                      
00003e95  IntIsEnabled                   
00003fe1  IntRegister                    
00003835  IntSetPend                     
00002fb5  IntSetPriority                 
000046fd  IntUnregister                  
00003519  LRFDApplyClockDependencies     
00004435  LRFDReleaseClockDependency     
00004451  LRFDSetClockDependency         
00004711  List_clearList                 
000042e9  List_put                       
0000418d  List_remove                    
000045b1  NVSSPI25X_assertSpiCs          
000027ad  NVSSPI25X_close                
00003201  NVSSPI25X_control              
000045c9  NVSSPI25X_deassertSpiCs        
00003a1b  NVSSPI25X_deinitSpiCs          
00003ec5  NVSSPI25X_erase                
00004b8c  NVSSPI25X_fxnTable             
0000475f  NVSSPI25X_getAttrs             
00003cf5  NVSSPI25X_init                 
00004399  NVSSPI25X_initSpiCs            
000045e1  NVSSPI25X_lock                 
00001a91  NVSSPI25X_open                 
00003a1d  NVSSPI25X_read                 
000047c5  NVSSPI25X_unlock               
000011b1  NVSSPI25X_write                
00004a4f  NVS_Params_init                
00004965  NVS_close                      
00004d70  NVS_config                     
00004dc3  NVS_count                      
00004db4  NVS_defaultParams              
0000496f  NVS_erase                      
00004979  NVS_getAttrs                   
0000400d  NVS_init                       
0000387d  NVS_open                       
00004983  NVS_read                       
00004863  NVS_write                      
00004a05  NoRTOS_start                   
00004d88  PowerCC23X0_config             
00003d61  PowerCC23X0_notify             
000016f9  PowerCC23X0_standbyPolicy      
0000430d  PowerLPF3_selectLFXT           
000047d5  Power_disablePolicy            
00004915  Power_enablePolicy             
00004921  Power_getConstraintMask        
00003ef5  Power_getDependencyCount       
000045f9  Power_idleFunc                 
000024c1  Power_init                     
000041b5  Power_registerNotify           
00003f25  Power_releaseConstraint        
000032b9  Power_releaseDependency        
00004065  Power_setConstraint            
00003311  Power_setDependency            
00003755  Power_sleep                    
000047e5  Power_unregisterNotify         
00004997  QueueP_empty                   
00004531  QueueP_get                     
00004a55  QueueP_init                    
0000446d  QueueP_put                     
0000488d  QueueP_remove                  
0000489b  RingBuf_construct              
0000454b  RingBuf_flush                  
00003f55  RingBuf_getConsume             
00004a79  RingBuf_getCount               
00004255  RingBuf_getPointer             
000038c5  RingBuf_put                    
00003bd5  RingBuf_putAdvance             
00003d95  RingBuf_putPointer             
00002725  SPILPF3DMA_close               
00001471  SPILPF3DMA_control             
00004c80  SPILPF3DMA_fxnTable            
00004ae0  SPILPF3DMA_hwAttrs             
000049a1  SPILPF3DMA_init                
20002b20  SPILPF3DMA_objects             
000015b5  SPILPF3DMA_open                
0000008d  SPILPF3DMA_transfer            
00001311  SPILPF3DMA_transferCancel      
000047f5  SPI_Params_init                
000049ab  SPI_close                      
00004d7c  SPI_config                     
00004dc4  SPI_count                      
00004c44  SPI_defaultParams              
00003a5d  SPI_init                       
00003a9d  SPI_open                       
000049b5  SPI_transfer                   
0000325d  SemaphoreP_construct           
00004489  SemaphoreP_constructBinary     
0000463f  SemaphoreP_create              
000044a5  SemaphoreP_createBinary        
200001e0  SemaphoreP_defaultParams       
00004a1d  SemaphoreP_delete              
00003c83  SemaphoreP_destruct            
0000255d  SemaphoreP_pend                
00003add  SemaphoreP_post                
00004091  SetupTrimDevice                
00004805  SwiP_Params_init               
00002405  SwiP_construct                 
00003dc9  SwiP_destruct                  
00002831  SwiP_dispatch                  
00003369  SwiP_post                      
00004a25  SystemP_vsnprintf              
00004771  TI_memcpy_small                
000048e1  TI_memset_small                
200028a0  UART2LPF3_objects              
00004331  UART2Support_disableRx         
000048a9  UART2Support_disableTx         
00001bb1  UART2Support_dmaStartRx        
00002345  UART2Support_dmaStartTx        
00003019  UART2Support_dmaStopRx         
00002bf5  UART2Support_dmaStopTx         
000048b7  UART2Support_enableTx          
000049bf  UART2Support_powerRelConstraint
000043f9  UART2Support_sendData          
000048c5  UART2Support_txDone            
00004815  UART2_Params_init              
00002695  UART2_close                    
00004d90  UART2_config                   
00004dc5  UART2_count                    
00004bdc  UART2_defaultParams            
00000ed1  UART2_open                     
0000356d  UART2_readCancel               
00003dfd  UART2_rxDisable                
000048d3  UART2_write                    
000025f9  UART2_writeCancel              
00004565  UART2_writeTimeout             
0000104d  UART2_writeTimeoutBlocking     
00001dc9  UART2_writeTimeoutNonblocking  
0000427b  UARTConfigSetExpClk            
000044c1  UARTDisable                    
00004db8  UDMALPF3_config                
00003669  UDMALPF3_init                  
20009000  __STACK_END                    
00000400  __STACK_SIZE                   
00002000  __SYSMEM_SIZE                  
00000000  __TI_ATRegion0_region_sz       
00000000  __TI_ATRegion0_src_addr        
00000000  __TI_ATRegion0_trg_addr        
00000000  __TI_ATRegion1_region_sz       
00000000  __TI_ATRegion1_src_addr        
00000000  __TI_ATRegion1_trg_addr        
00000000  __TI_ATRegion2_region_sz       
00000000  __TI_ATRegion2_src_addr        
00000000  __TI_ATRegion2_trg_addr        
00004e4c  __TI_CINIT_Base                
00004e8c  __TI_CINIT_Limit               
00004e8c  __TI_CINIT_Warm                
00004e08  __TI_Handler_Table_Base        
00004e14  __TI_Handler_Table_Limit       
00003b99  __TI_auto_init_nobinit_nopinit 
00002a95  __TI_decompress_lzss           
00004783  __TI_decompress_none           
ffffffff  __TI_pprof_out_hndl            
ffffffff  __TI_prof_data_size            
ffffffff  __TI_prof_data_start           
00000000  __TI_static_base__             
00004845  __TI_zero_init                 
00000d47  __adddf3                       
000037a1  __aeabi_d2iz                   
000039d9  __aeabi_d2uiz                  
00000d47  __aeabi_dadd                   
000030e1  __aeabi_dcmpeq                 
0000311d  __aeabi_dcmpge                 
00003131  __aeabi_dcmpgt                 
00003109  __aeabi_dcmple                 
000030f5  __aeabi_dcmplt                 
000020b5  __aeabi_dmul                   
00000d3d  __aeabi_dsub                   
000040bd  __aeabi_i2d                    
00004417  __aeabi_idiv0                  
0000492d  __aeabi_memclr                 
0000492d  __aeabi_memclr4                
0000492d  __aeabi_memclr8                
00004a2d  __aeabi_memcpy                 
00004a2d  __aeabi_memcpy4                
00004a2d  __aeabi_memcpy8                
00003b1d  __aeabi_uidiv                  
00003b1d  __aeabi_uidivmod               
ffffffff  __binit__                      
00004dc8  __c_args__                     
000033c1  __clzsi2                       
00002db1  __cmpdf2                       
00002db1  __eqdf2                        
000037a1  __fixdfsi                      
000039d9  __fixunsdfsi                   
000040bd  __floatsidf                    
00002c65  __gedf2                        
00002c65  __gtdf2                        
00002db1  __ledf2                        
00002db1  __ltdf2                        
UNDEFED   __mpu_init                     
000020b5  __muldf3                       
00003c49  __muldsi3                      
00002db1  __nedf2                        
20008c00  __stack                        
20000000  __start___llvm_prf_bits        
20000000  __start___llvm_prf_cnts        
20000000  __stop___llvm_prf_bits         
20000000  __stop___llvm_prf_cnts         
00000d3d  __subdf3                       
000044dd  _args_main                     
00004355  _c_int00                       
200001ec  _lock                          
0000457f  _nop                           
200004a0  _sys_memory                    
UNDEFED   _system_post_cinit             
00004a7d  _system_pre_init               
200001f0  _unlock                        
00004a81  abort                          
00001839  aligned_alloc                  
ffffffff  binit                          
4e020000  ccfg                           
00004697  clkFxn                         
20002da8  clockHwi                       
00004cc8  displayUart2HWAttrs            
20002dec  displayUart2Object             
00001fc9  free                           
20002c20  gpioCallbackFunctions          
2000008c  gpioPinConfigs                 
20002c88  gpioUserArgs                   
00004825  main                           
00001cbd  mainThread                     
00004945  malloc                         
00001839  memalign                       
20002df8  nvsSPI25XObjects               
00004835  resetISR                       
000043d9  uDMADisableChannelAttribute    
00004739  uDMAGetChannelSize             


GLOBAL SYMBOLS: SORTED BY Symbol Address 

address   name                           
-------   ----                           
00000000  __TI_ATRegion0_region_sz       
00000000  __TI_ATRegion0_src_addr        
00000000  __TI_ATRegion0_trg_addr        
00000000  __TI_ATRegion1_region_sz       
00000000  __TI_ATRegion1_src_addr        
00000000  __TI_ATRegion1_trg_addr        
00000000  __TI_ATRegion2_region_sz       
00000000  __TI_ATRegion2_src_addr        
00000000  __TI_ATRegion2_trg_addr        
00000000  __TI_static_base__             
0000008d  SPILPF3DMA_transfer            
00000400  __STACK_SIZE                   
00000d3d  __aeabi_dsub                   
00000d3d  __subdf3                       
00000d47  __adddf3                       
00000d47  __aeabi_dadd                   
00000ecf  Board_initHook                 
00000ed1  UART2_open                     
0000104d  UART2_writeTimeoutBlocking     
000011b1  NVSSPI25X_write                
00001311  SPILPF3DMA_transferCancel      
00001471  SPILPF3DMA_control             
000015b5  SPILPF3DMA_open                
000016f9  PowerCC23X0_standbyPolicy      
00001839  aligned_alloc                  
00001839  memalign                       
00001a91  NVSSPI25X_open                 
00001bb1  UART2Support_dmaStartRx        
00001cbd  mainThread                     
00001dc9  UART2_writeTimeoutNonblocking  
00001fc9  free                           
00002000  __SYSMEM_SIZE                  
000020b5  __aeabi_dmul                   
000020b5  __muldf3                       
00002199  GPIO_init                      
00002345  UART2Support_dmaStartTx        
00002405  SwiP_construct                 
000024c1  Power_init                     
0000255d  SemaphoreP_pend                
000025f9  UART2_writeCancel              
00002693  DisplayUart2Min_clear          
00002695  UART2_close                    
00002725  SPILPF3DMA_close               
000027ad  NVSSPI25X_close                
00002831  SwiP_dispatch                  
000029a5  HwiP_construct                 
00002a95  __TI_decompress_lzss           
00002b0d  ClockP_startup                 
00002bf5  UART2Support_dmaStopTx         
00002c65  __gedf2                        
00002c65  __gtdf2                        
00002db1  __cmpdf2                       
00002db1  __eqdf2                        
00002db1  __ledf2                        
00002db1  __ltdf2                        
00002db1  __nedf2                        
00002eed  ClockP_start                   
00002f51  GPIO_setConfigAndMux           
00002fb5  IntSetPriority                 
00003019  UART2Support_dmaStopRx         
000030e1  __aeabi_dcmpeq                 
000030f5  __aeabi_dcmplt                 
00003109  __aeabi_dcmple                 
0000311d  __aeabi_dcmpge                 
00003131  __aeabi_dcmpgt                 
000031a5  ClockP_walkQueueDynamic        
00003201  NVSSPI25X_control              
0000325d  SemaphoreP_construct           
000032b9  Power_releaseDependency        
00003311  Power_setDependency            
00003369  SwiP_post                      
000033c1  __clzsi2                       
00003471  Board_shutDownExtFlash         
000034c5  Display_doOpen                 
00003519  LRFDApplyClockDependencies     
0000356d  UART2_readCancel               
00003615  DisplayUart2Min_vprintf        
00003667  DisplayUart2Min_clearLines     
00003669  UDMALPF3_init                  
00003709  Board_sendExtFlashByte         
00003755  Power_sleep                    
000037a1  __aeabi_d2iz                   
000037a1  __fixdfsi                      
000037eb  DisplayUart2Min_init           
000037ed  ClockP_construct               
00003835  IntSetPend                     
0000387d  NVS_open                       
000038c5  RingBuf_put                    
0000390d  GPIO_setInterruptConfig        
00003995  DisplayUart2Min_open           
000039d9  __aeabi_d2uiz                  
000039d9  __fixunsdfsi                   
00003a1b  NVSSPI25X_deinitSpiCs          
00003a1d  NVSSPI25X_read                 
00003a5d  SPI_init                       
00003a9d  SPI_open                       
00003add  SemaphoreP_post                
00003b1d  __aeabi_uidiv                  
00003b1d  __aeabi_uidivmod               
00003b99  __TI_auto_init_nobinit_nopinit 
00003bd5  RingBuf_putAdvance             
00003c49  __muldsi3                      
00003c83  SemaphoreP_destruct            
00003c85  GPIO_hwiIntFxn                 
00003cbd  IntClearPend                   
00003cf5  NVSSPI25X_init                 
00003d2d  Board_wakeUpExtFlash           
00003d61  PowerCC23X0_notify             
00003d95  RingBuf_putPointer             
00003dc9  SwiP_destruct                  
00003dfd  UART2_rxDisable                
00003e65  GPIO_resetConfig               
00003e95  IntIsEnabled                   
00003ec5  NVSSPI25X_erase                
00003ef5  Power_getDependencyCount       
00003f25  Power_releaseConstraint        
00003f55  RingBuf_getConsume             
00003fb5  Board_init                     
00003fe1  IntRegister                    
0000400d  NVS_init                       
00004065  Power_setConstraint            
00004091  SetupTrimDevice                
000040bd  __aeabi_i2d                    
000040bd  __floatsidf                    
00004115  ClockP_usleep                  
0000413d  IntDisable                     
00004165  IntEnable                      
0000418d  List_remove                    
000041b5  Power_registerNotify           
00004255  RingBuf_getPointer             
0000427b  UARTConfigSetExpClk            
000042a1  Display_doInit                 
000042c5  HwiP_dispatch                  
000042e9  List_put                       
0000430d  PowerLPF3_selectLFXT           
00004331  UART2Support_disableRx         
00004355  _c_int00                       
00004379  ClockP_add                     
00004399  NVSSPI25X_initSpiCs            
000043d9  uDMADisableChannelAttribute    
000043f9  UART2Support_sendData          
00004417  __aeabi_idiv0                  
00004419  GPIO_setCallback               
00004435  LRFDReleaseClockDependency     
00004451  LRFDSetClockDependency         
0000446d  QueueP_put                     
00004489  SemaphoreP_constructBinary     
000044a5  SemaphoreP_createBinary        
000044c1  UARTDisable                    
000044dd  _args_main                     
00004531  QueueP_get                     
0000454b  RingBuf_flush                  
00004565  UART2_writeTimeout             
0000457f  _nop                           
00004581  HwiP_inISR                     
00004599  HwiP_setFunc                   
000045b1  NVSSPI25X_assertSpiCs          
000045c9  NVSSPI25X_deassertSpiCs        
000045e1  NVSSPI25X_lock                 
000045f9  Power_idleFunc                 
00004629  DisplayUart2Min_close          
0000463f  SemaphoreP_create              
00004697  clkFxn                         
00004699  ClockP_destruct                
000046ad  Display_doPrintf               
000046c1  GPIO_disableInt                
000046d5  GPIO_setUserArg                
000046e9  GPIO_write                     
000046fd  IntUnregister                  
00004711  List_clearList                 
00004739  uDMAGetChannelSize             
0000474d  HwiP_destruct                  
0000475f  NVSSPI25X_getAttrs             
00004771  TI_memcpy_small                
00004783  __TI_decompress_none           
00004795  ClockP_getCpuFreq              
000047a5  GPIO_getUserArg                
000047b5  HwiP_Params_init               
000047c5  NVSSPI25X_unlock               
000047d5  Power_disablePolicy            
000047e5  Power_unregisterNotify         
000047f5  SPI_Params_init                
00004805  SwiP_Params_init               
00004815  UART2_Params_init              
00004825  main                           
00004835  resetISR                       
00004845  __TI_zero_init                 
00004855  HwiP_restore                   
00004863  NVS_write                      
0000488d  QueueP_remove                  
0000489b  RingBuf_construct              
000048a9  UART2Support_disableTx         
000048b7  UART2Support_enableTx          
000048c5  UART2Support_txDone            
000048d3  UART2_write                    
000048e1  TI_memset_small                
000048f1  GPIO_read                      
000048fd  HwiP_disable                   
00004915  Power_enablePolicy             
00004921  Power_getConstraintMask        
0000492d  __aeabi_memclr                 
0000492d  __aeabi_memclr4                
0000492d  __aeabi_memclr8                
00004945  malloc                         
00004951  GPIO_setConfig                 
0000495b  HwiP_interruptsEnabled         
00004965  NVS_close                      
0000496f  NVS_erase                      
00004979  NVS_getAttrs                   
00004983  NVS_read                       
00004997  QueueP_empty                   
000049a1  SPILPF3DMA_init                
000049ab  SPI_close                      
000049b5  SPI_transfer                   
000049bf  UART2Support_powerRelConstraint
000049dd  HwiP_clearInterrupt            
000049e5  HwiP_disableInterrupt          
000049ed  HwiP_enable                    
000049f5  HwiP_enableInterrupt           
000049fd  HwiP_post                      
00004a05  NoRTOS_start                   
00004a1d  SemaphoreP_delete              
00004a25  SystemP_vsnprintf              
00004a2d  __aeabi_memcpy                 
00004a2d  __aeabi_memcpy4                
00004a2d  __aeabi_memcpy8                
00004a3d  CPUDelay                       
00004a43  DisplayUart2Min_control        
00004a49  DisplayUart2Min_getType        
00004a4f  NVS_Params_init                
00004a55  QueueP_init                    
00004a5b  ClockP_isActive                
00004a79  RingBuf_getCount               
00004a7d  _system_pre_init               
00004a80  C$$EXIT                        
00004a81  abort                          
00004ae0  SPILPF3DMA_hwAttrs             
00004b8c  NVSSPI25X_fxnTable             
00004bdc  UART2_defaultParams            
00004c24  DisplayUart2Min_fxnTable       
00004c44  SPI_defaultParams              
00004c80  SPILPF3DMA_fxnTable            
00004cc8  displayUart2HWAttrs            
00004d37  Display_count                  
00004d38  GPIO_config                    
00004d64  Display_config                 
00004d70  NVS_config                     
00004d7c  SPI_config                     
00004d88  PowerCC23X0_config             
00004d90  UART2_config                   
00004db4  NVS_defaultParams              
00004db8  UDMALPF3_config                
00004dc0  Display_defaultParams          
00004dc1  GPIO_pinLowerBound             
00004dc2  GPIO_pinUpperBound             
00004dc3  NVS_count                      
00004dc4  SPI_count                      
00004dc5  UART2_count                    
00004dc8  __c_args__                     
00004e08  __TI_Handler_Table_Base        
00004e14  __TI_Handler_Table_Limit       
00004e4c  __TI_CINIT_Base                
00004e8c  __TI_CINIT_Limit               
00004e8c  __TI_CINIT_Warm                
20000000  __start___llvm_prf_bits        
20000000  __start___llvm_prf_cnts        
20000000  __stop___llvm_prf_bits         
20000000  __stop___llvm_prf_cnts         
2000008c  gpioPinConfigs                 
200001e0  SemaphoreP_defaultParams       
200001e8  HwiP_swiPIntNum                
200001ec  _lock                          
200001f0  _unlock                        
200004a0  _sys_memory                    
200028a0  UART2LPF3_objects              
20002b20  SPILPF3DMA_objects             
20002c20  gpioCallbackFunctions          
20002c88  gpioUserArgs                   
20002da8  clockHwi                       
20002dec  displayUart2Object             
20002df8  nvsSPI25XObjects               
20008c00  __stack                        
20009000  __STACK_END                    
4e020000  ccfg                           
ffffffff  __TI_pprof_out_hndl            
ffffffff  __TI_prof_data_size            
ffffffff  __TI_prof_data_start           
ffffffff  __binit__                      
ffffffff  binit                          
UNDEFED   __mpu_init                     
UNDEFED   _system_post_cinit             

[291 symbols]
