******************************************************************************
            TI ARM Clang Linker Unix v3.2.0                    
******************************************************************************
>> Linked Fri Apr 19 14:32:29 2024

OUTPUT FILE NAME:   <nvsexternal.out>
ENTRY POINT SYMBOL: "resetISR"  address: 00004f61


MEMORY CONFIGURATION

         name            origin    length      used     unused   attr    fill
----------------------  --------  ---------  --------  --------  ----  --------
  FLASH                 00000000   000b0000  00005ac7  000aa539  R  X
  GPRAM                 11000000   00002000  00000000  00002000  RW X
  SRAM                  20000000   00024000  000052c9  0001ed37  RW X
  LOG_DATA              90000000   00040000  00000000  00040000  R   
  LOG_PTR               94000008   00040000  00000000  00040000  R   


SEGMENT ALLOCATION MAP

run origin  load origin   length   init length attrs members
----------  ----------- ---------- ----------- ----- -------
00000000    00000000    00005983   00005983    r-x
  00000000    00000000    000000d8   000000d8    r-- .resetVecs
  000000d8    000000d8    000054f0   000054f0    r-x .text
  000055c8    000055c8    000003bb   000003bb    r-- .rodata
00005984    00005984    00000008   00000008    rw-
  00005984    00005984    00000008   00000008    rw- .args
0000598c    0000598c    000000e4   000000e4    r--
  0000598c    0000598c    000000e4   000000e4    r-- .cinit
000affa8    000affa8    00000058   00000058    r--
  000affa8    000affa8    00000058   00000058    r-- .ccfg
20000000    20000000    00000d95   00000000    rw-
  20000000    20000000    000009ec   00000000    rw- .bss
  200009f0    200009f0    000003a5   00000000    rw- .data
20001830    20001830    00000040   00000000    rw-
  20001830    20001830    00000010   00000000    rw- .TI.bound:dmaSpi0RxControlTableEntry
  20001840    20001840    00000010   00000000    rw- .TI.bound:dmaSpi0TxControlTableEntry
  20001850    20001850    00000010   00000000    rw- .TI.bound:dmaUart1RxControlTableEntry
  20001860    20001860    00000010   00000000    rw- .TI.bound:dmaUart1TxControlTableEntry
20001a30    20001a30    00000020   00000000    rw-
  20001a30    20001a30    00000010   00000000    rw- .TI.bound:dmaSpi0RxAltControlTableEntry
  20001a40    20001a40    00000010   00000000    rw- .TI.bound:dmaSpi0TxAltControlTableEntry
20001a50    20001a50    00004000   00000000    rw-
  20001a50    20001a50    00004000   00000000    rw- .sysmem
20023c00    20023c00    00000400   00000000    rw-
  20023c00    20023c00    00000400   00000000    rw- .stack


SECTION ALLOCATION MAP

 output                                  attributes/
section   page    origin      length       input sections
--------  ----  ----------  ----------   ----------------
.resetVecs 
*          0    00000000    000000d8     
                  00000000    000000d8     nortos_cc26x2x7.a : startup_cc13x2_cc26x2_ticlang.c.obj (.resetVecs)

.binit     0    00000000    00000000     

.text      0    000000d8    000054f0     
                  000000d8    0000031c     nortos_cc26x2x7.a : SystemP_nortos.c.obj (.text.doPrint)
                  000003f4    000002c8     drivers_cc26x2x7.a : SPICC26X2DMA.c.obj (.text.SPICC26X2DMA_transfer)
                  000006bc    000001f0                        : UART2CC26X2.c.obj (.text.UART2CC26X2_hwiIntFxn)
                  000008ac    000001c4                        : SPICC26X2DMA.c.obj (.text.SPICC26X2DMA_hwiFxn)
                  00000a70    000001b6     libclang_rt.builtins.a : adddf3.S.obj (.text.adddf3_subdf3)
                  00000c26    00000002     ti_drivers_config.obj (.text.Board_initHook)
                  00000c28    00000194     drivers_cc26x2x7.a : PowerCC26X2_calibrateRCOSC.c.obj (.text.PowerCC26X2_auxISR)
                  00000dbc    00000190                        : SPICC26X2DMA.c.obj (.text.SPICC26X2DMA_open)
                  00000f4c    0000018c                        : UART2CC26X2.c.obj (.text.UART2_open)
                  000010d8    00000174                        : UART2.c.obj (.text.UART2_writeTimeoutBlocking)
                  0000124c    0000016c                        : SPICC26X2DMA.c.obj (.text.configNextTransfer)
                  000013b8    0000015c                        : NVSSPI25X.c.obj (.text.NVSSPI25X_write)
                  00001514    00000158                        : PowerCC26X2.c.obj (.text.Power_sleep)
                  0000166c    00000120     libc.a : memory.c.obj (.text.aligned_alloc)
                  0000178c    00000118     drivers_cc26x2x7.a : PowerCC26X2.c.obj (.text.Power_init)
                  000018a4    00000118                        : UART2.c.obj (.text.UART2_writeTimeoutNonblocking)
                  000019bc    0000010c                        : NVSSPI25X.c.obj (.text.NVSSPI25X_open)
                  00001ac8    0000010c                        : PowerCC26X2_calibrateRCOSC.c.obj (.text.PowerCC26X2_calibrate)
                  00001bd4    00000104                        : GPIOCC26X2.c.obj (.text.GPIO_init)
                  00001cd8    00000104                        : UART2CC26X2.c.obj (.text.UART2CC26X2_initHw)
                  00001ddc    000000fc     libclang_rt.builtins.a : muldf3.S.obj (.text.__muldf3)
                  00001ed8    000000fc     drivers_cc26x2x7.a : SPICC26X2DMA.c.obj (.text.csnCallback)
                  00001fd4    000000f0     driverlib.lib : sys_ctrl.c.obj (.text.NOROM_SysCtrlStandby)
                  000020c4    000000f0     drivers_cc26x2x7.a : UART2CC26X2.c.obj (.text.UART2Support_dmaStartRx)
                  000021b4    000000f0     libc.a : memory.c.obj (.text.free)
                  000022a4    000000f0     nvsexternal.obj (.text.mainThread)
                  00002394    000000e0     drivers_cc26x2x7.a : SPICC26X2DMA.c.obj (.text.SPICC26X2DMA_control)
                  00002474    000000dc     nortos_cc26x2x7.a : PowerCC26X2_nortos.c.obj (.text.PowerCC26XX_standbyPolicy)
                  00002550    000000dc     drivers_cc26x2x7.a : NVSSPI25X.c.obj (.text.doErase)
                  0000262c    000000d0     driverlib.lib : setup.c.obj (.text.NOROM_SetupTrimDevice)
                  000026fc    000000d0     drivers_cc26x2x7.a : PowerCC26X2.c.obj (.text.configureXOSCHF)
                  000027cc    000000c4     nortos_cc26x2x7.a : SwiP_nortos.c.obj (.text.SwiP_construct)
                  00002890    000000bc     drivers_cc26x2x7.a : UART2CC26X2.c.obj (.text.UART2Support_dmaStartTx)
                  0000294c    000000b0                        : PowerCC26X2.c.obj (.text.Power_setDependency)
                  000029fc    000000b0     libclang_rt.builtins.a : udivmoddi4.S.obj (.text)
                  00002aac    000000ac     drivers_cc26x2x7.a : PowerCC26X2.c.obj (.text.Power_releaseDependency)
                  00002b58    000000ac     driverlib.lib : setup.c.obj (.text.TrimAfterColdResetWakeupFromShutDown)
                  00002c04    000000a4     nortos_cc26x2x7.a : ClockPTimer_nortos.c.obj (.text.ClockP_workFuncDynamic)
                  00002ca8    000000a0                       : TimerPCC26XX_nortos.c.obj (.text.TimerP_construct)
                  00002d48    0000009e     drivers_cc26x2x7.a : SPICC26X2DMA.c.obj (.text.finishTransfer)
                  00002de6    0000009a                        : UART2.c.obj (.text.UART2_writeCancel)
                  00002e80    00000098     nortos_cc26x2x7.a : SemaphoreP_nortos.c.obj (.text.SemaphoreP_pend)
                  00002f18    00000098     drivers_cc26x2x7.a : UART2CC26X2.c.obj (.text.UART2_close)
                  00002fb0    00000090                        : GPIOCC26XX.c.obj (.text.GPIO_setConfigAndMux)
                  00003040    00000090                        : SPICC26X2DMA.c.obj (.text.SPICC26X2DMA_transferCancel)
                  000030d0    00000090     nortos_cc26x2x7.a : SwiP_nortos.c.obj (.text.SwiP_dispatch)
                  00003160    00000080     drivers_cc26x2x7.a : NVSSPI25X.c.obj (.text.NVSSPI25X_close)
                  000031e0    00000080                        : UART2CC26X2.c.obj (.text.UART2Support_dmaStopTx)
                  00003260    0000007c     nortos_cc26x2x7.a : ClockPTimer_nortos.c.obj (.text.ClockP_startup)
                  000032dc    0000007c                       : HwiPCC26XX_nortos.c.obj (.text.HwiP_construct)
                  00003358    0000007c     drivers_cc26x2x7.a : NVSSPI25X.c.obj (.text.doRead)
                  000033d4    00000078                        : SPICC26X2DMA.c.obj (.text.SPICC26X2DMA_close)
                  0000344c    00000074                        : PowerCC26X2_calibrateRCOSC_helpers.c.obj (.text.PowerCC26X2_updateSubSecInc)
                  000034c0    00000070     nortos_cc26x2x7.a : ClockPTimer_nortos.c.obj (.text.ClockP_start)
                  00003530    00000070                       : SystemP_nortos.c.obj (.text.formatNum)
                  000035a0    00000070     libc.a : copy_decompress_lzss.c.obj (.text:decompress:lzss)
                  00003610    0000006e     libclang_rt.builtins.a : comparedf2.c.obj (.text.__gedf2)
                  0000367e    00000002     display_cc26x2x7.a : DisplayUart2.c.obj (.text.DisplayUart2Min_clear)
                  00003680    0000006e     libclang_rt.builtins.a : comparedf2.c.obj (.text.__ledf2)
                  000036ee    00000002     display_cc26x2x7.a : DisplayUart2.c.obj (.text.DisplayUart2Min_clearLines)
                  000036f0    0000006c     drivers_cc26x2x7.a : PowerCC26X2.c.obj (.text.oscillatorISR)
                  0000375c    0000006c     libc.a : memory.c.obj (.text.split)
                  000037c8    00000068     nortos_cc26x2x7.a : ClockPTimer_nortos.c.obj (.text.ClockP_walkQueueDynamic)
                  00003830    00000068     drivers_cc26x2x7.a : UART2CC26X2.c.obj (.text.UART2Support_dmaStopRx)
                  00003898    00000064     driverlib.lib : osc.c.obj (.text.NOROM_OSCHF_AttemptToSwitchToXosc)
                  000038fc    00000064     drivers_cc26x2x7.a : PowerCC26X2_calibrateRCOSC.c.obj (.text.PowerCC26X2_initiateCalibration)
                  00003960    00000064                        : UDMACC26XX.c.obj (.text.UDMACC26XX_open)
                  000039c4    00000062     libclang_rt.builtins.a : aeabi_dcmp.S.obj (.text.__aeabi_dcmp)
                  00003a26    00000002     display_cc26x2x7.a : DisplayUart2.c.obj (.text.DisplayUart2Min_init)
                  00003a28    0000005c     drivers_cc26x2x7.a : NVSSPI25X.c.obj (.text.NVSSPI25X_control)
                  00003a84    0000005c     nortos_cc26x2x7.a : SwiP_nortos.c.obj (.text.SwiP_post)
                  00003ae0    0000005c     drivers_cc26x2x7.a : NVSSPI25X.c.obj (.text.extFlashWaitReady)
                  00003b3c    00000058     nortos_cc26x2x7.a : ClockPTimer_nortos.c.obj (.text.ClockP_usleep)
                  00003b94    00000058     drivers_cc26x2x7.a : NVSSPI25X.c.obj (.text.doWriteVerify)
                  00003bec    00000056                        : UART2.c.obj (.text.UART2_readCancel)
                  00003c42    00000002     driverlib.lib : interrupt.c.obj (.text.IntDefaultHandler)
                  00003c44    00000054     drivers_cc26x2x7.a : NVSSPI25X.c.obj (.text.extFlashSpiWrite)
                  00003c98    00000052     display_cc26x2x7.a : DisplayUart2.c.obj (.text.DisplayUart2Min_vprintf)
                  00003cea    00000002     drivers_cc26x2x7.a : NVSSPI25X.c.obj (.text.NVSSPI25X_deinitSpiCs)
                  00003cec    00000050     ti_drivers_config.obj (.text.Board_shutDownExtFlash)
                  00003d3c    00000050     display_cc26x2x7.a : Display.c.obj (.text.Display_doOpen)
                  00003d8c    00000050     drivers_cc26x2x7.a : NVSSPI25X.c.obj (.text.NVSSPI25X_read)
                  00003ddc    00000050     nortos_cc26x2x7.a : SemaphoreP_nortos.c.obj (.text.SemaphoreP_construct)
                  00003e2c    0000004e     ti_drivers_config.obj (.text.Board_sendExtFlashByte)
                  00003e7a    00000002     nortos_cc26x2x7.a : SemaphoreP_nortos.c.obj (.text.SemaphoreP_destruct)
                  00003e7c    0000004c     drivers_cc26x2x7.a : SPICC26X2DMA.c.obj (.text.initHw)
                  00003ec8    0000004c                        : PowerCC26X2.c.obj (.text.switchXOSCHF)
                  00003f14    0000004a                        : SPICC26X2DMA.c.obj (.text.SPICC26X2DMA_swiFxn)
                  00003f5e    00000002                        : UART2CC26X2.c.obj (.text.UART2CC26X2_eventCallback)
                  00003f60    00000048     nortos_cc26x2x7.a : ClockPTimer_nortos.c.obj (.text.ClockP_construct)
                  00003fa8    00000048     drivers_cc26x2x7.a : NVS.c.obj (.text.NVS_open)
                  00003ff0    00000048     nortos_cc26x2x7.a : TimerPCC26XX_nortos.c.obj (.text.TimerP_start)
                  00004038    00000048     libclang_rt.builtins.a : fixdfsi.S.obj (.text.__fixdfsi)
                  00004080    00000046     drivers_cc26x2x7.a : RingBuf.c.obj (.text.RingBuf_put)
                  000040c6    00000002     libclang_rt.builtins.a : aeabi_div0.c.obj (.text.__aeabi_ldiv0)
                  000040c8    00000044     drivers_cc26x2x7.a : GPIOCC26X2.c.obj (.text.GPIO_hwiIntFxn)
                  0000410c    00000044     driverlib.lib : prcm.c.obj (.text.NOROM_PRCMPowerDomainsAllOff)
                  00004150    00000044                   : prcm.c.obj (.text.NOROM_PRCMPowerDomainsAllOn)
                  00004194    00000044     drivers_cc26x2x7.a : SPI.c.obj (.text.SPI_init)
                  000041d8    00000044     libclang_rt.builtins.a : fixunsdfsi.S.obj (.text.__fixunsdfsi)
                  0000421c    00000040     drivers_cc26x2x7.a : PowerCC26X2_calibrateRCOSC.c.obj (.text.PowerCC26X2_RCOSC_clockFunc)
                  0000425c    00000040                        : PowerCC26X2_calibrateRCOSC_helpers.c.obj (.text.PowerCC26X2_setAclkRefSrc)
                  0000429c    00000040                        : SPI.c.obj (.text.SPI_open)
                  000042dc    00000040     nortos_cc26x2x7.a : SemaphoreP_nortos.c.obj (.text.SemaphoreP_post)
                  0000431c    0000003c     display_cc26x2x7.a : DisplayUart2.c.obj (.text.DisplayUart2Min_open)
                  00004358    0000003c     drivers_cc26x2x7.a : GPIO.c.obj (.text.GPIO_resetConfig)
                  00004394    0000003c     driverlib.lib : osc.c.obj (.text.NOROM_OSC_HPOSCRelativeFrequencyOffsetGet)
                  000043d0    0000003c     drivers_cc26x2x7.a : PowerCC26X2_calibrateRCOSC_helpers.c.obj (.text.PowerCC26X2_setTdcClkSrc24M)
                  0000440c    00000038     driverlib.lib : aux_sysif.c.obj (.text.NOROM_AUXSYSIFOpModeChange)
                  00004444    00000038                   : osc.c.obj (.text.NOROM_OSCHF_SwitchToRcOscTurnOffXosc)
                  0000447c    00000038                   : sys_ctrl.c.obj (.text.NOROM_SysCtrlIdle)
                  000044b4    00000038     drivers_cc26x2x7.a : NVSSPI25X.c.obj (.text.NVSSPI25X_init)
                  000044ec    00000038     driverlib.lib : osc.c.obj (.text.OSCHfSourceSwitch)
                  00004524    00000038     drivers_cc26x2x7.a : PowerCC26X2_helpers.c.obj (.text.PowerCC26X2_oscDisableQualifiers)
                  0000455c    00000038                        : RingBuf.c.obj (.text.RingBuf_putAdvance)
                  00004594    00000038     nortos_cc26x2x7.a : SwiP_nortos.c.obj (.text.SwiP_destruct)
                  000045cc    00000038                       : SwiP_nortos.c.obj (.text.SwiP_restore)
                  00004604    00000038     drivers_cc26x2x7.a : UDMACC26XX.c.obj (.text.UDMACC26XX_close)
                  0000463c    00000038     libc.a : autoinit.c.obj (.text:__TI_auto_init_nobinit_nopinit)
                  00004674    00000034     drivers_cc26x2x7.a : PowerCC26X2_helpers.c.obj (.text.PowerCC26X2_setSubSecIncToXoscLf)
                  000046a8    00000034                        : PowerCC26X2.c.obj (.text.Power_releaseConstraint)
                  000046dc    00000034     nortos_cc26x2x7.a : TimerPCC26XX_nortos.c.obj (.text.TimerP_getCurrentTick)
                  00004710    00000034     drivers_cc26x2x7.a : UART2CC26X2.c.obj (.text.UART2Support_sendData)
                  00004744    00000034                        : UART2.c.obj (.text.UART2_rxDisable)
                  00004778    00000030     ti_drivers_config.obj (.text.Board_wakeUpExtFlash)
                  000047a8    00000030     nortos_cc26x2x7.a : ClockPTimer_nortos.c.obj (.text.ClockP_getTicksUntilInterrupt)
                  000047d8    00000030     drivers_cc26x2x7.a : GPIOCC26XX.c.obj (.text.GPIO_setInterruptConfig)
                  00004808    00000030                        : NVSSPI25X.c.obj (.text.NVSSPI25X_erase)
                  00004838    00000030                        : PowerCC26X2.c.obj (.text.Power_setConstraint)
                  00004868    00000030                        : NVSSPI25X.c.obj (.text.extFlashWriteEnable)
                  00004898    00000030                        : PowerCC26X2.c.obj (.text.notify)
                  000048c8    00000030     libc.a : boot_cortex_m.c.obj (.text:_c_int00)
                  000048f8    0000002e     drivers_cc26x2x7.a : RingBuf.c.obj (.text.RingBuf_getConsume)
                  00004926    0000002e                        : RingBuf.c.obj (.text.RingBuf_putPointer)
                  00004954    0000002e     libclang_rt.builtins.a : floatsidf.S.obj (.text.__floatsidf)
                  00004982    00000002     libc.a : _lock.c.obj (.text._nop)
                  00004984    0000002c     driverlib.lib : interrupt.c.obj (.text.NOROM_IntRegister)
                  000049b0    0000002c     drivers_cc26x2x7.a : NVS.c.obj (.text.NVS_init)
                  000049dc    0000002c     nortos_cc26x2x7.a : TimerPCC26XX_nortos.c.obj (.text.TimerP_setThreshold)
                  00004a08    0000002c     drivers_cc26x2x7.a : UART2CC26X2.c.obj (.text.UART2CC26X2_getRxData)
                  00004a34    0000002a     nortos_cc26x2x7.a : TimerPCC26XX_nortos.c.obj (.text.TimerP_setNextTick)
                  00004a5e    0000002a     drivers_cc26x2x7.a : UART2CC26X2.c.obj (.text.UART2Support_powerRelConstraint)
                  00004a88    00000028                        : List.c.obj (.text.List_remove)
                  00004ab0    00000028     libc.a : memory.c.obj (.text.free_list_insert)
                  00004ad8    00000028     nortos_cc26x2x7.a : ClockPTimer_nortos.c.obj (.text.sleepTicks)
                  00004b00    00000026     drivers_cc26x2x7.a : UART2CC26X2.c.obj (.text.UART2Support_powerSetConstraint)
                  00004b26    00000026                        : SPICC26X2DMA.c.obj (.text.flushFifos)
                  00004b4c    00000024     nortos_cc26x2x7.a : ClockPTimer_nortos.c.obj (.text.ClockP_getTicks)
                  00004b70    00000024     display_cc26x2x7.a : Display.c.obj (.text.Display_doInit)
                  00004b94    00000024     drivers_cc26x2x7.a : List.c.obj (.text.List_put)
                  00004bb8    00000024     driverlib.lib : osc.c.obj (.text.NOROM_OSCHF_TurnOnXosc)
                  00004bdc    00000024     drivers_cc26x2x7.a : NVSSPI25X.c.obj (.text.NVSSPI25X_initSpiCs)
                  00004c00    00000024                        : PowerCC26X2_calibrateRCOSC_helpers.c.obj (.text.PowerCC26X2_writeCtrim)
                  00004c24    00000024                        : PowerCC26X2_calibrateRCOSC_helpers.c.obj (.text.PowerCC26X2_writeCtrimFract)
                  00004c48    00000024                        : PowerCC26X2_calibrateRCOSC_helpers.c.obj (.text.PowerCC26X2_writeCtrimFractEn)
                  00004c6c    00000024                        : PowerCC26X2_calibrateRCOSC_helpers.c.obj (.text.PowerCC26X2_writeRtrim)
                  00004c90    00000024                        : PowerCC26X2.c.obj (.text.Power_registerNotify)
                  00004cb4    00000024                        : SPICC26X2DMA.c.obj (.text.releaseConstraint)
                  00004cd8    00000022                        : RingBuf.c.obj (.text.RingBuf_getPointer)
                  00004cfa    00000022     nortos_cc26x2x7.a : TimerPCC26XX_nortos.c.obj (.text.TimerP_getMaxTicks)
                  00004d1c    00000022     libc.a : memcmp.c.obj (.text.memcmp)
                  00004d3e    00000002     nortos_cc26x2x7.a : SemaphoreP_nortos.c.obj (.text.clkFxn)
                  00004d40    00000020                       : ClockPTimer_nortos.c.obj (.text.ClockP_add)
                  00004d60    00000020                       : ClockPTimer_nortos.c.obj (.text.ClockP_scheduleNextTick)
                  00004d80    00000020     driverlib.lib : chipinfo.c.obj (.text.NOROM_ThisLibraryIsFor_CC13x2x7_CC26x2x7_HaltIfViolated)
                  00004da0    00000020     drivers_cc26x2x7.a : PowerCC26X2_helpers.c.obj (.text.PowerCC26X2_disableTCXOQual)
                  00004dc0    00000020                        : PowerCC26X2_helpers.c.obj (.text.PowerCC26X2_enableTCXOQual)
                  00004de0    00000020                        : PowerCC26X2.c.obj (.text.Power_unregisterNotify)
                  00004e00    00000020     nortos_cc26x2x7.a : SemaphoreP_nortos.c.obj (.text.SemaphoreP_constructBinary)
                  00004e20    00000020                       : SemaphoreP_nortos.c.obj (.text.SemaphoreP_createBinary)
                  00004e40    00000020     drivers_cc26x2x7.a : NVSSPI25X.c.obj (.text.extFlashSpiRead)
                  00004e60    0000001e     nortos_cc26x2x7.a : QueueP_nortos.c.obj (.text.QueueP_put)
                  00004e7e    0000001e     drivers_cc26x2x7.a : UART2.c.obj (.text.UART2_writeTimeout)
                  00004e9c    0000001c                        : GPIO.c.obj (.text.GPIO_setCallback)
                  00004eb8    0000001c     nortos_cc26x2x7.a : HwiPCC26XX_nortos.c.obj (.text.HwiP_destruct)
                  00004ed4    0000001c                       : HwiPCC26XX_nortos.c.obj (.text.HwiP_dispatch)
                  00004ef0    0000001c     drivers_cc26x2x7.a : PowerCC26X2.c.obj (.text.Power_getTransitionLatency)
                  00004f0c    0000001c                        : RingBuf.c.obj (.text.RingBuf_flush)
                  00004f28    0000001c     nortos_cc26x2x7.a : SwiP_nortos.c.obj (.text.SwiP_disable)
                  00004f44    0000001c     libc.a : memory.c.obj (.text.free_list_remove)
                  00004f60    0000001c     nortos_cc26x2x7.a : startup_cc13x2_cc26x2_ticlang.c.obj (.text.resetISR)
                  00004f7c    0000001a                       : ClockPTimer_nortos.c.obj (.text.ClockP_destruct)
                  00004f96    0000001a                       : QueueP_nortos.c.obj (.text.QueueP_get)
                  00004fb0    0000001a     drivers_cc26x2x7.a : UART2CC26X2.c.obj (.text.UART2Support_disableRx)
                  00004fca    00000018     display_cc26x2x7.a : DisplayUart2.c.obj (.text.DisplayUart2Min_close)
                  00004fe2    00000002     drivers_cc26x2x7.a : PowerCC26X2.c.obj (.text.emptyClockFunc)
                  00004fe4    00000018                        : GPIOCC26XX.c.obj (.text.GPIO_disableInt)
                  00004ffc    00000018                        : NVSSPI25X.c.obj (.text.NVSSPI25X_lock)
                  00005014    00000018                        : PowerCC26X2.c.obj (.text.PowerCC26XX_calibrate)
                  0000502c    00000018                        : PowerCC26X2.c.obj (.text.Power_idleFunc)
                  00005044    00000018     nortos_cc26x2x7.a : SemaphoreP_nortos.c.obj (.text.SemaphoreP_create)
                  0000505c    00000018                       : TimerPCC26XX_nortos.c.obj (.text.TimerP_dynamicStub)
                  00005074    00000018     drivers_cc26x2x7.a : UART2CC26X2.c.obj (.text.uartDmaDisable)
                  0000508c    00000018                        : UART2CC26X2.c.obj (.text.uartDmaEnable)
                  000050a4    00000016     ti_drivers_config.obj (.text.Board_init)
                  000050ba    00000016     display_cc26x2x7.a : Display.c.obj (.text.Display_doPrintf)
                  000050d0    00000016     nortos_cc26x2x7.a : SwiP_nortos.c.obj (.text.SwiP_handleHwi)
                  000050e6    00000002                       : startup_cc13x2_cc26x2_ticlang.c.obj (.text.faultISR)
                  000050e8    00000014     drivers_cc26x2x7.a : GPIOCC26XX.c.obj (.text.GPIO_read)
                  000050fc    00000014                        : GPIO.c.obj (.text.GPIO_setUserArg)
                  00005110    00000014     nortos_cc26x2x7.a : HwiPCC26XX_nortos.c.obj (.text.HwiP_inISR)
                  00005124    00000014     driverlib.lib : interrupt.c.obj (.text.NOROM_IntUnregister)
                  00005138    00000014     drivers_cc26x2x7.a : SPICC26X2DMA.c.obj (.text.OUTLINED_FUNCTION_0)
                  0000514c    00000014                        : PowerCC26X2.c.obj (.text.Power_disablePolicy)
                  00005160    00000014     nortos_cc26x2x7.a : TimerPCC26XX_nortos.c.obj (.text.TimerP_startup)
                  00005174    00000014     drivers_cc26x2x7.a : UART2CC26X2.c.obj (.text.UART2CC26X2_postNotifyFxn)
                  00005188    00000014     libclang_rt.builtins.a : aeabi_uldivmod.S.obj (.text.__aeabi_uldivmod)
                  0000519c    00000014     libc.a : args_main.c.obj (.text._args_main)
                  000051b0    00000012     nortos_cc26x2x7.a : HwiPCC26XX_nortos.c.obj (.text.HwiP_Params_init)
                  000051c2    00000012     drivers_cc26x2x7.a : NVSSPI25X.c.obj (.text.NVSSPI25X_assertSpiCs)
                  000051d4    00000012                        : NVSSPI25X.c.obj (.text.NVSSPI25X_deassertSpiCs)
                  000051e6    00000012                        : NVSSPI25X.c.obj (.text.NVSSPI25X_getAttrs)
                  000051f8    00000012                        : NVS.c.obj (.text.NVS_write)
                  0000520a    00000012     libc.a : memcpy_t2.S.obj (.text:TI_memcpy_small)
                  0000521c    00000010     nortos_cc26x2x7.a : ClockPTimer_nortos.c.obj (.text.ClockP_getCpuFreq)
                  0000522c    00000010     drivers_cc26x2x7.a : GPIO.c.obj (.text.GPIO_getUserArg)
                  0000523c    00000010                        : GPIOCC26XX.c.obj (.text.GPIO_write)
                  0000524c    00000010                        : PowerCC26X2_helpers.c.obj (.text.PowerCC26X2_oscCtlClearXtal)
                  0000525c    00000010                        : PowerCC26X2_helpers.c.obj (.text.PowerCC26X2_prcmEnableCacheRetention)
                  0000526c    00000010                        : PowerCC26X2_calibrateRCOSC_helpers.c.obj (.text.PowerCC26X2_readCtrim)
                  0000527c    00000010                        : PowerCC26X2_calibrateRCOSC_helpers.c.obj (.text.PowerCC26X2_readCtrimFract)
                  0000528c    00000010                        : PowerCC26X2_calibrateRCOSC_helpers.c.obj (.text.PowerCC26X2_readRtrim)
                  0000529c    00000010                        : PowerCC26X2_helpers.c.obj (.text.PowerCC26X2_switchToTCXO)
                  000052ac    00000010     nortos_cc26x2x7.a : PowerCC26X2_nortos.c.obj (.text.PowerCC26XX_schedulerDisable)
                  000052bc    00000010     drivers_cc26x2x7.a : PowerCC26X2.c.obj (.text.Power_enablePolicy)
                  000052cc    00000010                        : PowerCC26X2.c.obj (.text.Power_getDependencyCount)
                  000052dc    00000010                        : RingBuf.c.obj (.text.RingBuf_construct)
                  000052ec    00000010     nortos_cc26x2x7.a : SwiP_nortos.c.obj (.text.SwiP_Params_init)
                  000052fc    00000010                       : TimerPCC26XX_nortos.c.obj (.text.TimerP_Params_init)
                  0000530c    00000010     drivers_cc26x2x7.a : UART2CC26X2.c.obj (.text.UART2Support_txDone)
                  0000531c    00000010     main_nortos.obj (.text.main)
                  0000532c    00000010     libc.a : copy_zero_init.c.obj (.text:decompress:ZI)
                  0000533c    0000000e     nortos_cc26x2x7.a : HwiPCC26XX_nortos.c.obj (.text.HwiP_disable)
                  0000534a    0000000e                       : HwiPCC26XX_nortos.c.obj (.text.HwiP_interruptsEnabled)
                  00005358    0000000e     drivers_cc26x2x7.a : NVS.c.obj (.text.NVS_read)
                  00005366    0000000e                        : PowerCC26X2.c.obj (.text.OUTLINED_FUNCTION_0)
                  00005374    0000000e     nortos_cc26x2x7.a : QueueP_nortos.c.obj (.text.QueueP_remove)
                  00005382    0000000e     drivers_cc26x2x7.a : UART2.c.obj (.text.UART2_write)
                  00005390    0000000e                        : PowerCC26X2.c.obj (.text.switchToTCXO)
                  0000539e    0000000e     libc.a : memset_t2.S.obj (.text:TI_memset_small)
                  000053ac    0000000e            : copy_decompress_none.c.obj (.text:decompress:none)
                  000053ba    00000002     nortos_cc26x2x7.a : startup_cc13x2_cc26x2_ticlang.c.obj (.text.intDefaultHandler)
                  000053bc    0000000c                       : ClockPTimer_nortos.c.obj (.text.ClockP_doTick)
                  000053c8    0000000c                       : ClockPTimer_nortos.c.obj (.text.ClockP_getSystemTickPeriod)
                  000053d4    0000000c                       : HwiPCC26XX_nortos.c.obj (.text.HwiP_clearInterrupt)
                  000053e0    0000000c                       : HwiPCC26XX_nortos.c.obj (.text.HwiP_disableInterrupt)
                  000053ec    0000000c                       : HwiPCC26XX_nortos.c.obj (.text.HwiP_enableInterrupt)
                  000053f8    0000000c                       : HwiPCC26XX_nortos.c.obj (.text.HwiP_post)
                  00005404    0000000c     drivers_cc26x2x7.a : NVSSPI25X.c.obj (.text.NVSSPI25X_unlock)
                  00005410    0000000c     nortos_cc26x2x7.a : SystemP_nortos.c.obj (.text.OUTLINED_FUNCTION_0)
                  0000541c    0000000c     drivers_cc26x2x7.a : PowerCC26X2_helpers.c.obj (.text.PowerCC26X2_oscClockSourceGet)
                  00005428    0000000c                        : PowerCC26X2_helpers.c.obj (.text.PowerCC26X2_setPeriphDeepSleepEnable)
                  00005434    0000000c                        : PowerCC26X2_helpers.c.obj (.text.PowerCC26X2_sysCtrlGetResetSource)
                  00005440    0000000c                        : PowerCC26X2_helpers.c.obj (.text.PowerCC26X2_sysCtrlUpdateVoltageRegulator)
                  0000544c    0000000c     nortos_cc26x2x7.a : PowerCC26X2_nortos.c.obj (.text.PowerCC26XX_schedulerRestore)
                  00005458    0000000c     drivers_cc26x2x7.a : PowerCC26X2.c.obj (.text.Power_getConstraintMask)
                  00005464    0000000c     nortos_cc26x2x7.a : QueueP_nortos.c.obj (.text.QueueP_empty)
                  00005470    0000000c     drivers_cc26x2x7.a : SPI.c.obj (.text.SPI_Params_init)
                  0000547c    0000000c     nortos_cc26x2x7.a : TimerPCC26XX_nortos.c.obj (.text.TimerP_getCount64)
                  00005488    0000000c     drivers_cc26x2x7.a : UART2CC26X2.c.obj (.text.UART2Support_disableTx)
                  00005494    0000000c                        : UART2CC26X2.c.obj (.text.UART2Support_enableTx)
                  000054a0    0000000c                        : UART2.c.obj (.text.UART2_Params_init)
                  000054ac    0000000c                        : SPICC26X2DMA.c.obj (.text.spiPostNotify)
                  000054b8    0000000a     nortos_cc26x2x7.a : ClockPTimer_nortos.c.obj (.text.ClockP_Params_init)
                  000054c2    0000000a     nvsexternal.obj (.text.OUTLINED_FUNCTION_0)
                  000054cc    0000000a     nvsexternal.obj (.text.OUTLINED_FUNCTION_1)
                  000054d6    0000000a     drivers_cc26x2x7.a : PowerCC26X2_helpers.c.obj (.text.PowerCC26X2_sysCtrlStandby)
                  000054e0    0000000a                        : SPICC26X2DMA.c.obj (.text.SPICC26X2DMA_init)
                  000054ea    0000000a                        : UDMACC26XX.c.obj (.text.UDMACC26XX_hwiIntFxn)
                  000054f4    00000008     nortos_cc26x2x7.a : HwiPCC26XX_nortos.c.obj (.text.HwiP_restore)
                  000054fc    00000008     driverlib.lib : cpu.c.obj (.text.NOROM_CPUcpsid)
                  00005504    00000008                   : cpu.c.obj (.text.NOROM_CPUcpsie)
                  0000550c    00000008     drivers_cc26x2x7.a : SPICC26X2DMA.c.obj (.text.OUTLINED_FUNCTION_1)
                  00005514    00000008                        : PowerCC26X2_helpers.c.obj (.text.PowerCC26X2_oschfTrySwitchToXosc)
                  0000551c    00000008     libclang_rt.builtins.a : aeabi_memset.S.obj (.text.__aeabi_memclr)
                  00005524    00000008     drivers_cc26x2x7.a : SPICC26X2DMA.c.obj (.text.blockingTransferCallback)
                  0000552c    00000008     libc.a : memory.c.obj (.text.malloc)
                  00005534    00000006     nortos_cc26x2x7.a : ClockPTimer_nortos.c.obj (.text.ClockP_stop)
                  0000553a    00000006     display_cc26x2x7.a : DisplayUart2.c.obj (.text.DisplayUart2Min_control)
                  00005540    00000006                        : DisplayUart2.c.obj (.text.DisplayUart2Min_getType)
                  00005546    00000006     drivers_cc26x2x7.a : GPIOCC26XX.c.obj (.text.GPIO_setConfig)
                  0000554c    00000006     driverlib.lib : cpu.c.obj (.text.NOROM_CPUdelay)
                  00005552    00000006                   : cpu.c.obj (.text.NOROM_CPUprimask)
                  00005558    00000006     drivers_cc26x2x7.a : NVS.c.obj (.text.NVS_Params_init)
                  0000555e    00000006                        : NVS.c.obj (.text.NVS_close)
                  00005564    00000006                        : NVS.c.obj (.text.NVS_erase)
                  0000556a    00000006                        : NVS.c.obj (.text.NVS_getAttrs)
                  00005570    00000006     nortos_cc26x2x7.a : QueueP_nortos.c.obj (.text.QueueP_init)
                  00005576    00000006     drivers_cc26x2x7.a : SPI.c.obj (.text.SPI_close)
                  0000557c    00000006                        : SPI.c.obj (.text.SPI_transfer)
                  00005582    00000004     nortos_cc26x2x7.a : ClockPTimer_nortos.c.obj (.text.ClockP_isActive)
                  00005586    00000004                       : ClockPTimer_nortos.c.obj (.text.ClockP_setTimeout)
                  0000558a    00000004                       : HwiPCC26XX_nortos.c.obj (.text.HwiP_enable)
                  0000558e    00000004                       : NoRTOS.c.obj (.text.NoRTOS_start)
                  00005592    00000004     drivers_cc26x2x7.a : PowerCC26X2_helpers.c.obj (.text.PowerCC26X2_oschfSwitchToRcosc)
                  00005596    00000004                        : PowerCC26X2_helpers.c.obj (.text.PowerCC26X2_sysCtrlIdle)
                  0000559a    00000004                        : PowerCC26X2_helpers.c.obj (.text.PowerCC26X2_turnOnXosc)
                  0000559e    00000004     nortos_cc26x2x7.a : QueueP_nortos.c.obj (.text.QueueP_head)
                  000055a2    00000004                       : QueueP_nortos.c.obj (.text.QueueP_next)
                  000055a6    00000004     drivers_cc26x2x7.a : RingBuf.c.obj (.text.RingBuf_getCount)
                  000055aa    00000004     nortos_cc26x2x7.a : SemaphoreP_nortos.c.obj (.text.SemaphoreP_delete)
                  000055ae    00000004                       : SystemP_nortos.c.obj (.text.SystemP_vsnprintf)
                  000055b2    00000002                       : startup_cc13x2_cc26x2_ticlang.c.obj (.text.nmiISR)
                  000055b4    00000004     libclang_rt.builtins.a : aeabi_memcpy.S.obj (.text.__aeabi_memcpy)
                  000055b8    00000004     libc.a : pre_init.c.obj (.text._system_pre_init)
                  000055bc    00000004     drivers_cc26x2x7.a : PowerCC26X2.c.obj (.text.configureRFCoreClocks)
                  000055c0    00000004                        : PowerCC26X2.c.obj (.text.nopResourceHandler)
                  000055c4    00000004     libc.a : exit.c.obj (.text:abort)

.rodata    0    000055c8    000003bb     
                  000055c8    00000058     ti_drivers_config.obj (.rodata.uart2CC26X2HWAttrs)
                  00005620    00000054     drivers_cc26x2x7.a : PowerCC26X2.c.obj (.rodata.resourceDB)
                  00005674    00000040     ti_drivers_config.obj (.rodata.spiCC26X2DMAHWAttrs)
                  000056b4    00000037     nvsexternal.obj (.rodata.signature)
                  000056eb    00000033     nvsexternal.obj (.rodata.str1.148542258022330111021)
                  0000571e    00000002     drivers_cc26x2x7.a : UART2CC26X2.c.obj (.rodata.stopBits)
                  00005720    00000028                        : NVSSPI25X.c.obj (.rodata.NVSSPI25X_fxnTable)
                  00005748    00000028     ti_drivers_config.obj (.rodata.nvsSPI25XHWAttrs)
                  00005770    00000024     drivers_cc26x2x7.a : UART2.c.obj (.rodata.UART2_defaultParams)
                  00005794    00000022     nvsexternal.obj (.rodata.str1.90144517245654967441)
                  000057b6    00000002     nvsexternal.obj (.rodata.str1.88965255640672190471)
                  000057b8    00000020     display_cc26x2x7.a : DisplayUart2.c.obj (.rodata.DisplayUart2Min_fxnTable)
                  000057d8    00000020     drivers_cc26x2x7.a : SPI.c.obj (.rodata.SPI_defaultParams)
                  000057f8    0000001c     nvsexternal.obj (.rodata.str1.139539628018125203581)
                  00005814    00000018     drivers_cc26x2x7.a : SPICC26X2DMA.c.obj (.rodata.SPICC26X2DMA_fxnTable)
                  0000582c    00000018                        : SPICC26X2DMA.c.obj (.rodata.cst8)
                  00005844    00000018                        : SPICC26X2DMA.c.obj (.rodata.frameFormat)
                  0000585c    00000014     ti_drivers_config.obj (.rodata.PowerCC26X2_config)
                  00005870    00000014     ti_drivers_config.obj (.rodata.displayUart2HWAttrs)
                  00005884    00000013     nvsexternal.obj (.rodata.str1.132476925973661780221)
                  00005897    00000013     nvsexternal.obj (.rodata.str1.40111555099361602831)
                  000058aa    00000012     nvsexternal.obj (.rodata.str1.111454144507363947441)
                  000058bc    00000012     nvsexternal.obj (.rodata.str1.156355072273934206601)
                  000058ce    00000011     nortos_cc26x2x7.a : SystemP_nortos.c.obj (.rodata.str1.33986067245580087471)
                  000058df    00000001     ti_drivers_config.obj (.rodata.Display_count)
                  000058e0    00000010     ti_drivers_config.obj (.rodata.GPIO_config)
                  000058f0    00000010     nortos_cc26x2x7.a : SwiP_nortos.c.obj (.rodata.cst16)
                  00005900    0000000c                       : ClockPTimer_nortos.c.obj (.rodata.ClockP_defaultParams)
                  0000590c    0000000c     ti_drivers_config.obj (.rodata.Display_config)
                  00005918    0000000c     ti_drivers_config.obj (.rodata.NVS_config)
                  00005924    0000000c     ti_drivers_config.obj (.rodata.SPI_config)
                  00005930    0000000c     nortos_cc26x2x7.a : TimerPCC26XX_nortos.c.obj (.rodata.TimerP_defaultParams)
                  0000593c    00000008     ti_drivers_config.obj (.rodata.UART2_config)
                  00005944    00000008     ti_drivers_config.obj (.rodata.UDMACC26XX_config)
                  0000594c    00000008     driverlib.lib : aux_sysif.c.obj (.rodata.cst4)
                  00005954    00000008     ti_drivers_config.obj (.rodata.udmaCC26XXHWAttrs)
                  0000595c    00000007     nortos_cc26x2x7.a : SystemP_nortos.c.obj (.rodata.str1.110037109001822460491)
                  00005963    00000005     drivers_cc26x2x7.a : UART2CC26X2.c.obj (.rodata.parityType)
                  00005968    00000005                        : UART2CC26X2.c.obj (.rodata.rxFifoThreshold)
                  0000596d    00000005                        : UART2CC26X2.c.obj (.rodata.txFifoThreshold)
                  00005972    00000001     display_cc26x2x7.a : Display.c.obj (.rodata.Display_defaultParams)
                  00005973    00000001     ti_drivers_config.obj (.rodata.GPIO_pinLowerBound)
                  00005974    00000004     drivers_cc26x2x7.a : NVS.c.obj (.rodata.NVS_defaultParams)
                  00005978    00000004                        : UART2CC26X2.c.obj (.rodata.cst4)
                  0000597c    00000003     nvsexternal.obj (.rodata.str1.177455340935050242991)
                  0000597f    00000001     ti_drivers_config.obj (.rodata.GPIO_pinUpperBound)
                  00005980    00000001     ti_drivers_config.obj (.rodata.NVS_count)
                  00005981    00000001     ti_drivers_config.obj (.rodata.SPI_count)
                  00005982    00000001     ti_drivers_config.obj (.rodata.UART2_count)

.cinit     0    0000598c    000000e4     
                  0000598c    0000005d     (.cinit..data.load) [load image, compression = lzss]
                  000059e9    00000003     --HOLE-- [fill = 0]
                  000059ec    0000000c     (__TI_handler_table)
                  000059f8    00000008     (.cinit..TI.bound:dmaSpi0RxAltControlTableEntry.load) [load image, compression = zero_init]
                  00005a00    00000008     (.cinit..TI.bound:dmaSpi0RxControlTableEntry.load) [load image, compression = zero_init]
                  00005a08    00000008     (.cinit..TI.bound:dmaSpi0TxAltControlTableEntry.load) [load image, compression = zero_init]
                  00005a10    00000008     (.cinit..TI.bound:dmaSpi0TxControlTableEntry.load) [load image, compression = zero_init]
                  00005a18    00000008     (.cinit..TI.bound:dmaUart1RxControlTableEntry.load) [load image, compression = zero_init]
                  00005a20    00000008     (.cinit..TI.bound:dmaUart1TxControlTableEntry.load) [load image, compression = zero_init]
                  00005a28    00000008     (.cinit..bss.load) [load image, compression = zero_init]
                  00005a30    00000040     (__TI_cinit_table)

.init_array 
*          0    00000000    00000000     UNINITIALIZED

.ccfg      0    000affa8    00000058     
                  000affa8    00000058     ti_devices_config.obj (.ccfg)

.bss       0    20000000    000009ec     UNINITIALIZED
                  20000000    00000400     ti_drivers_config.obj (.bss.displayUART2Buffer)
                  20000400    00000170     (.common:uart2CC26X2Objects)
                  20000570    00000100     ti_drivers_config.obj (.bss.verifyBuf)
                  20000670    00000100     (.common:spiCC26X2DMAObjects)
                  20000770    000000a8     nortos_cc26x2x7.a : ClockPTimer_nortos.c.obj (.bss.ClockP_module)
                  20000818    0000007c     (.common:gpioCallbackFunctions)
                  20000894    0000007c     (.common:gpioUserArgs)
                  20000910    00000040     nvsexternal.obj (.bss.buffer)
                  20000950    00000020     ti_drivers_config.obj (.bss.uart2RxRingBuffer0)
                  20000970    00000020     ti_drivers_config.obj (.bss.uart2TxRingBuffer0)
                  20000990    00000020     (.common:udmaCC26XXObject)
                  200009b0    0000001c     drivers_cc26x2x7.a : GPIOCC26X2.c.obj (.bss.gpioHwi)
                  200009cc    0000000c     (.common:displayUart2Object)
                  200009d8    0000000c     (.common:nvsSPI25XObjects)
                  200009e4    00000004     nortos_cc26x2x7.a : PowerCC26X2_nortos.c.obj (.bss.PowerCC26X2_swiKey)
                  200009e8    00000004     libc.a : memory.c.obj (.bss.sys_free)

.data      0    200009f0    000003a5     UNINITIALIZED
                  200009f0    00000174     drivers_cc26x2x7.a : PowerCC26X2.c.obj (.data.PowerCC26X2_module)
                  20000b64    000000d8     nortos_cc26x2x7.a : HwiPCC26XX_nortos.c.obj (.data.HwiP_dispatchTable)
                  20000c3c    0000007c     ti_drivers_config.obj (.data.gpioPinConfigs)
                  20000cb8    0000004c     nortos_cc26x2x7.a : SwiP_nortos.c.obj (.data..L_MergedGlobals)
                  20000d04    00000020     drivers_cc26x2x7.a : NVSSPI25X.c.obj (.data..L_MergedGlobals)
                  20000d24    00000020     nortos_cc26x2x7.a : TimerPCC26XX_nortos.c.obj (.data..L_MergedGlobals)
                  20000d44    00000010     driverlib.lib : osc.c.obj (.data..L_MergedGlobals)
                  20000d54    00000004     nortos_cc26x2x7.a : HwiPCC26XX_nortos.c.obj (.data.HwiP_swiPIntNum)
                  20000d58    00000010                       : SemaphoreP_nortos.c.obj (.data..L_MergedGlobals)
                  20000d68    00000010     driverlib.lib : osc.c.obj (.data._hposcCoeffs)
                  20000d78    00000008     nortos_cc26x2x7.a : ClockPTimer_nortos.c.obj (.data..L_MergedGlobals)
                  20000d80    00000004     drivers_cc26x2x7.a : PowerCC26X2.c.obj (.data.PowerCC26X2_rtcSubSecInc)
                  20000d84    00000004     libc.a : _lock.c.obj (.data._lock)
                  20000d88    00000004            : _lock.c.obj (.data._unlock)
                  20000d8c    00000001     nortos_cc26x2x7.a : SwiP_nortos.c.obj (.data.SwiP_initialized)
                  20000d8d    00000001                       : TimerPCC26XX_nortos.c.obj (.data.TimerP_initialized)
                  20000d8e    00000001     drivers_cc26x2x7.a : GPIOCC26X2.c.obj (.data.initCalled)
                  20000d8f    00000001                        : NVS.c.obj (.data.isInitialized)
                  20000d90    00000001                        : SPI.c.obj (.data.isInitialized)
                  20000d91    00000003     --HOLE--
                  20000d94    00000001     libc.a : memory.c.obj (.data.memory_is_initialized)

.ramVecs   0    20000e00    000000d8     NOLOAD SECTION
                  20000e00    000000d8     driverlib.lib : interrupt.c.obj (.ramVecs)

.sysmem    0    20001a50    00004000     UNINITIALIZED
                  20001a50    00000010     libc.a : memory.c.obj (.sysmem)
                  20001a60    00003ff0     --HOLE--

.stack     0    20023c00    00000400     UNINITIALIZED
                  20023c00    00000004     libc.a : boot_cortex_m.c.obj (.stack)
                  20023c04    000003fc     --HOLE--

.log_data 
*          0    90000000    00000000     COPY SECTION

.log_ptr   0    94000008    00000000     COPY SECTION

__llvm_prf_cnts 
*          0    20000000    00000000     UNINITIALIZED

__llvm_prf_bits 
*          0    20000000    00000000     UNINITIALIZED

.TI.bound:dmaSpi0RxControlTableEntry 
*          0    20001830    00000010     UNINITIALIZED
                  20001830    00000010     ti_drivers_config.obj (.TI.bound:dmaSpi0RxControlTableEntry)

.TI.bound:dmaSpi0TxControlTableEntry 
*          0    20001840    00000010     UNINITIALIZED
                  20001840    00000010     ti_drivers_config.obj (.TI.bound:dmaSpi0TxControlTableEntry)

.TI.bound:dmaUart1RxControlTableEntry 
*          0    20001850    00000010     UNINITIALIZED
                  20001850    00000010     ti_drivers_config.obj (.TI.bound:dmaUart1RxControlTableEntry)

.TI.bound:dmaUart1TxControlTableEntry 
*          0    20001860    00000010     UNINITIALIZED
                  20001860    00000010     ti_drivers_config.obj (.TI.bound:dmaUart1TxControlTableEntry)

.TI.bound:dmaSpi0RxAltControlTableEntry 
*          0    20001a30    00000010     UNINITIALIZED
                  20001a30    00000010     ti_drivers_config.obj (.TI.bound:dmaSpi0RxAltControlTableEntry)

.TI.bound:dmaSpi0TxAltControlTableEntry 
*          0    20001a40    00000010     UNINITIALIZED
                  20001a40    00000010     ti_drivers_config.obj (.TI.bound:dmaSpi0TxAltControlTableEntry)

.args      0    00005984    00000008     
                  00005984    00000008     --HOLE-- [fill = 0]

MODULE SUMMARY

       Module                                     code    ro data   rw data
       ------                                     ----    -------   -------
    <current directory>
       ti_drivers_config.obj                      230     314       2492   
       nvsexternal.obj                            260     247       64     
       ti_devices_config.obj                      0       88        0      
       main_nortos.obj                            16      0         0      
    +--+------------------------------------------+-------+---------+---------+
       Total:                                     506     649       2556   
                                                                           
    /home/developer/.conan/data/tiarmllvm/3.2.0.LTS-0/library-msp/ga/package/be241241e9d4718e5bab4eb33935bbb69606bb0c/lib/armv7em-ti-none-eabihf/c/libc.a
       memory.c.obj                               712     0         5      
       copy_decompress_lzss.c.obj                 112     0         0      
       autoinit.c.obj                             56      0         0      
       boot_cortex_m.c.obj                        48      0         0      
       memcmp.c.obj                               34      0         0      
       args_main.c.obj                            20      0         0      
       memcpy_t2.S.obj                            18      0         0      
       copy_zero_init.c.obj                       16      0         0      
       copy_decompress_none.c.obj                 14      0         0      
       memset_t2.S.obj                            14      0         0      
       _lock.c.obj                                2       0         8      
       exit.c.obj                                 4       0         0      
       pre_init.c.obj                             4       0         0      
    +--+------------------------------------------+-------+---------+---------+
       Total:                                     1054    0         13     
                                                                           
    /home/developer/.conan/data/tiarmllvm/3.2.0.LTS-0/library-msp/ga/package/be241241e9d4718e5bab4eb33935bbb69606bb0c/lib/clang/15.0.7/lib/armv7em-ti-none-eabihf/libclang_rt.builtins.a
       adddf3.S.obj                               438     0         0      
       muldf3.S.obj                               252     0         0      
       comparedf2.c.obj                           220     0         0      
       udivmoddi4.S.obj                           176     0         0      
       aeabi_dcmp.S.obj                           98      0         0      
       fixdfsi.S.obj                              72      0         0      
       fixunsdfsi.S.obj                           68      0         0      
       floatsidf.S.obj                            46      0         0      
       aeabi_uldivmod.S.obj                       20      0         0      
       aeabi_memset.S.obj                         8       0         0      
       aeabi_memcpy.S.obj                         4       0         0      
       aeabi_div0.c.obj                           2       0         0      
    +--+------------------------------------------+-------+---------+---------+
       Total:                                     1404    0         0      
                                                                           
    /project/staging/core_examples/cc13xx_cc26xx_sdk/kernel/nortos/lib/ticlang/m4f/nortos_cc26x2x7.a
       ClockPTimer_nortos.c.obj                   942     12        176    
       SystemP_nortos.c.obj                       924     24        0      
       SwiP_nortos.c.obj                          610     16        77     
       HwiPCC26XX_nortos.c.obj                    306     0         220    
       TimerPCC26XX_nortos.c.obj                  476     12        33     
       SemaphoreP_nortos.c.obj                    392     0         16     
       PowerCC26X2_nortos.c.obj                   248     0         4      
       startup_cc13x2_cc26x2_ticlang.c.obj        34      216       0      
       QueueP_nortos.c.obj                        96      0         0      
       NoRTOS.c.obj                               4       0         0      
    +--+------------------------------------------+-------+---------+---------+
       Total:                                     4032    280       526    
                                                                           
    /project/staging/core_examples/cc13xx_cc26xx_sdk/source/ti/devices/cc13x2x7_cc26x2x7/driverlib/bin/ticlang/driverlib.lib
       setup.c.obj                                380     0         0      
       osc.c.obj                                  308     0         32     
       sys_ctrl.c.obj                             296     0         0      
       interrupt.c.obj                            66      0         216    
       prcm.c.obj                                 136     0         0      
       aux_sysif.c.obj                            56      8         0      
       chipinfo.c.obj                             32      0         0      
       cpu.c.obj                                  28      0         0      
    +--+------------------------------------------+-------+---------+---------+
       Total:                                     1302    8         248    
                                                                           
    /project/staging/core_examples/cc13xx_cc26xx_sdk/source/ti/display/lib/ticlang/m4f/display_cc26x2x7.a
       DisplayUart2.c.obj                         184     32        0      
       Display.c.obj                              138     1         0      
    +--+------------------------------------------+-------+---------+---------+
       Total:                                     322     33        0      
                                                                           
    /project/staging/core_examples/cc13xx_cc26xx_sdk/source/ti/drivers/lib/ticlang/m4f/drivers_cc26x2x7.a
       SPICC26X2DMA.c.obj                         3108    72        0      
       UART2CC26X2.c.obj                          2276    21        0      
       PowerCC26X2.c.obj                          1758    84        376    
       NVSSPI25X.c.obj                            1836    40        32     
       UART2.c.obj                                1000    36        0      
       PowerCC26X2_calibrateRCOSC.c.obj           836     0         0      
       PowerCC26X2_calibrateRCOSC_helpers.c.obj   432     0         0      
       GPIOCC26X2.c.obj                           328     0         29     
       RingBuf.c.obj                              300     0         0      
       PowerCC26X2_helpers.c.obj                  298     0         0      
       GPIOCC26XX.c.obj                           258     0         0      
       SPI.c.obj                                  156     32        1      
       NVS.c.obj                                  172     4         1      
       UDMACC26XX.c.obj                           166     0         0      
       GPIO.c.obj                                 124     0         0      
       List.c.obj                                 76      0         0      
    +--+------------------------------------------+-------+---------+---------+
       Total:                                     13124   289       439    
                                                                           
       Heap:                                      0       0         16384  
       Stack:                                     0       0         1024   
       Linker Generated:                          0       225       0      
    +--+------------------------------------------+-------+---------+---------+
       Grand Total:                               21744   1484      21190  


LINKER GENERATED COPY TABLES

__TI_cinit_table @ 00005a30 records: 8, size/record: 8, table size: 64
	.data: load addr=0000598c, load size=0000005d bytes, run addr=200009f0, run size=000003a5 bytes, compression=lzss
	.TI.bound:dmaSpi0RxAltControlTableEntry: load addr=000059f8, load size=00000008 bytes, run addr=20001a30, run size=00000010 bytes, compression=zero_init
	.TI.bound:dmaSpi0RxControlTableEntry: load addr=00005a00, load size=00000008 bytes, run addr=20001830, run size=00000010 bytes, compression=zero_init
	.TI.bound:dmaSpi0TxAltControlTableEntry: load addr=00005a08, load size=00000008 bytes, run addr=20001a40, run size=00000010 bytes, compression=zero_init
	.TI.bound:dmaSpi0TxControlTableEntry: load addr=00005a10, load size=00000008 bytes, run addr=20001840, run size=00000010 bytes, compression=zero_init
	.TI.bound:dmaUart1RxControlTableEntry: load addr=00005a18, load size=00000008 bytes, run addr=20001850, run size=00000010 bytes, compression=zero_init
	.TI.bound:dmaUart1TxControlTableEntry: load addr=00005a20, load size=00000008 bytes, run addr=20001860, run size=00000010 bytes, compression=zero_init
	.bss: load addr=00005a28, load size=00000008 bytes, run addr=20000000, run size=000009ec bytes, compression=zero_init


LINKER GENERATED HANDLER TABLE

__TI_handler_table @ 000059ec records: 3, size/record: 4, table size: 12
	index: 0, handler: __TI_decompress_lzss
	index: 1, handler: __TI_decompress_none
	index: 2, handler: __TI_zero_init


SEGMENT ATTRIBUTES

    id tag       seg value 
    -- ---       --- ----- 
     0 PHA_BOUND 5   (null)
     1 PHA_BOUND 6   (null)


GLOBAL SYMBOLS: SORTED ALPHABETICALLY BY Name 

address   name                                                   
-------   ----                                                   
000050a5  Board_init                                             
00000c27  Board_initHook                                         
00003e2d  Board_sendExtFlashByte                                 
00003ced  Board_shutDownExtFlash                                 
00004779  Board_wakeUpExtFlash                                   
000055c4  C$$EXIT                                                
000054b9  ClockP_Params_init                                     
00004d41  ClockP_add                                             
00003f61  ClockP_construct                                       
00004f7d  ClockP_destruct                                        
000053bd  ClockP_doTick                                          
0000521d  ClockP_getCpuFreq                                      
000053c9  ClockP_getSystemTickPeriod                             
00004b4d  ClockP_getTicks                                        
000047a9  ClockP_getTicksUntilInterrupt                          
00005583  ClockP_isActive                                        
00004d61  ClockP_scheduleNextTick                                
00005587  ClockP_setTimeout                                      
000034c1  ClockP_start                                           
00003261  ClockP_startup                                         
00005535  ClockP_stop                                            
20000d7c  ClockP_tickPeriod                                      
00003b3d  ClockP_usleep                                          
000037c9  ClockP_walkQueueDynamic                                
00002c05  ClockP_workFuncDynamic                                 
0000367f  DisplayUart2Min_clear                                  
000036ef  DisplayUart2Min_clearLines                             
00004fcb  DisplayUart2Min_close                                  
0000553b  DisplayUart2Min_control                                
000057b8  DisplayUart2Min_fxnTable                               
00005541  DisplayUart2Min_getType                                
00003a27  DisplayUart2Min_init                                   
0000431d  DisplayUart2Min_open                                   
00003c99  DisplayUart2Min_vprintf                                
0000590c  Display_config                                         
000058df  Display_count                                          
00005972  Display_defaultParams                                  
00004b71  Display_doInit                                         
00003d3d  Display_doOpen                                         
000050bb  Display_doPrintf                                       
000058e0  GPIO_config                                            
00004fe5  GPIO_disableInt                                        
0000522d  GPIO_getUserArg                                        
000040c9  GPIO_hwiIntFxn                                         
00001bd5  GPIO_init                                              
00005973  GPIO_pinLowerBound                                     
0000597f  GPIO_pinUpperBound                                     
000050e9  GPIO_read                                              
00004359  GPIO_resetConfig                                       
00004e9d  GPIO_setCallback                                       
00005547  GPIO_setConfig                                         
00002fb1  GPIO_setConfigAndMux                                   
000047d9  GPIO_setInterruptConfig                                
000050fd  GPIO_setUserArg                                        
0000523d  GPIO_write                                             
000051b1  HwiP_Params_init                                       
000053d5  HwiP_clearInterrupt                                    
000032dd  HwiP_construct                                         
00004eb9  HwiP_destruct                                          
0000533d  HwiP_disable                                           
000053e1  HwiP_disableInterrupt                                  
0000558b  HwiP_enable                                            
000053ed  HwiP_enableInterrupt                                   
00005111  HwiP_inISR                                             
0000534b  HwiP_interruptsEnabled                                 
000053f9  HwiP_post                                              
000054f5  HwiP_restore                                           
20000d54  HwiP_swiPIntNum                                        
UNDEFED   ITM_flush                                              
UNDEFED   ITM_restore                                            
00004b95  List_put                                               
00004a89  List_remove                                            
0000440d  NOROM_AUXSYSIFOpModeChange                             
000054fd  NOROM_CPUcpsid                                         
00005505  NOROM_CPUcpsie                                         
0000554d  NOROM_CPUdelay                                         
00005553  NOROM_CPUprimask                                       
00004985  NOROM_IntRegister                                      
00005125  NOROM_IntUnregister                                    
00003899  NOROM_OSCHF_AttemptToSwitchToXosc                      
00004445  NOROM_OSCHF_SwitchToRcOscTurnOffXosc                   
00004bb9  NOROM_OSCHF_TurnOnXosc                                 
00004395  NOROM_OSC_HPOSCRelativeFrequencyOffsetGet              
0000410d  NOROM_PRCMPowerDomainsAllOff                           
00004151  NOROM_PRCMPowerDomainsAllOn                            
0000262d  NOROM_SetupTrimDevice                                  
0000447d  NOROM_SysCtrlIdle                                      
00001fd5  NOROM_SysCtrlStandby                                   
00004d81  NOROM_ThisLibraryIsFor_CC13x2x7_CC26x2x7_HaltIfViolated
000051c3  NVSSPI25X_assertSpiCs                                  
00003161  NVSSPI25X_close                                        
00003a29  NVSSPI25X_control                                      
000051d5  NVSSPI25X_deassertSpiCs                                
00003ceb  NVSSPI25X_deinitSpiCs                                  
00004809  NVSSPI25X_erase                                        
00005720  NVSSPI25X_fxnTable                                     
000051e7  NVSSPI25X_getAttrs                                     
000044b5  NVSSPI25X_init                                         
00004bdd  NVSSPI25X_initSpiCs                                    
00004ffd  NVSSPI25X_lock                                         
000019bd  NVSSPI25X_open                                         
00003d8d  NVSSPI25X_read                                         
00005405  NVSSPI25X_unlock                                       
000013b9  NVSSPI25X_write                                        
00005559  NVS_Params_init                                        
0000555f  NVS_close                                              
00005918  NVS_config                                             
00005980  NVS_count                                              
00005974  NVS_defaultParams                                      
00005565  NVS_erase                                              
0000556b  NVS_getAttrs                                           
000049b1  NVS_init                                               
00003fa9  NVS_open                                               
00005359  NVS_read                                               
000051f9  NVS_write                                              
0000558f  NoRTOS_start                                           
0000421d  PowerCC26X2_RCOSC_clockFunc                            
00000c29  PowerCC26X2_auxISR                                     
00001ac9  PowerCC26X2_calibrate                                  
0000585c  PowerCC26X2_config                                     
00004da1  PowerCC26X2_disableTCXOQual                            
00004dc1  PowerCC26X2_enableTCXOQual                             
000038fd  PowerCC26X2_initiateCalibration                        
200009f0  PowerCC26X2_module                                     
0000541d  PowerCC26X2_oscClockSourceGet                          
0000524d  PowerCC26X2_oscCtlClearXtal                            
00004525  PowerCC26X2_oscDisableQualifiers                       
00005593  PowerCC26X2_oschfSwitchToRcosc                         
00005515  PowerCC26X2_oschfTrySwitchToXosc                       
0000525d  PowerCC26X2_prcmEnableCacheRetention                   
0000526d  PowerCC26X2_readCtrim                                  
0000527d  PowerCC26X2_readCtrimFract                             
0000528d  PowerCC26X2_readRtrim                                  
0000425d  PowerCC26X2_setAclkRefSrc                              
00005429  PowerCC26X2_setPeriphDeepSleepEnable                   
00004675  PowerCC26X2_setSubSecIncToXoscLf                       
000043d1  PowerCC26X2_setTdcClkSrc24M                            
0000529d  PowerCC26X2_switchToTCXO                               
00005435  PowerCC26X2_sysCtrlGetResetSource                      
00005597  PowerCC26X2_sysCtrlIdle                                
000054d7  PowerCC26X2_sysCtrlStandby                             
00005441  PowerCC26X2_sysCtrlUpdateVoltageRegulator              
0000559b  PowerCC26X2_turnOnXosc                                 
0000344d  PowerCC26X2_updateSubSecInc                            
00004c01  PowerCC26X2_writeCtrim                                 
00004c25  PowerCC26X2_writeCtrimFract                            
00004c49  PowerCC26X2_writeCtrimFractEn                          
00004c6d  PowerCC26X2_writeRtrim                                 
00005015  PowerCC26XX_calibrate                                  
000052ad  PowerCC26XX_schedulerDisable                           
0000544d  PowerCC26XX_schedulerRestore                           
00002475  PowerCC26XX_standbyPolicy                              
0000514d  Power_disablePolicy                                    
000052bd  Power_enablePolicy                                     
00005459  Power_getConstraintMask                                
000052cd  Power_getDependencyCount                               
00004ef1  Power_getTransitionLatency                             
0000502d  Power_idleFunc                                         
0000178d  Power_init                                             
00004c91  Power_registerNotify                                   
000046a9  Power_releaseConstraint                                
00002aad  Power_releaseDependency                                
00004839  Power_setConstraint                                    
0000294d  Power_setDependency                                    
00001515  Power_sleep                                            
00004de1  Power_unregisterNotify                                 
00005465  QueueP_empty                                           
00004f97  QueueP_get                                             
0000559f  QueueP_head                                            
00005571  QueueP_init                                            
000055a3  QueueP_next                                            
00004e61  QueueP_put                                             
00005375  QueueP_remove                                          
000052dd  RingBuf_construct                                      
00004f0d  RingBuf_flush                                          
000048f9  RingBuf_getConsume                                     
000055a7  RingBuf_getCount                                       
00004cd9  RingBuf_getPointer                                     
00004081  RingBuf_put                                            
0000455d  RingBuf_putAdvance                                     
00004927  RingBuf_putPointer                                     
000033d5  SPICC26X2DMA_close                                     
00002395  SPICC26X2DMA_control                                   
00005814  SPICC26X2DMA_fxnTable                                  
000054e1  SPICC26X2DMA_init                                      
00000dbd  SPICC26X2DMA_open                                      
000003f5  SPICC26X2DMA_transfer                                  
00003041  SPICC26X2DMA_transferCancel                            
00005471  SPI_Params_init                                        
00005577  SPI_close                                              
00005924  SPI_config                                             
00005981  SPI_count                                              
000057d8  SPI_defaultParams                                      
00004195  SPI_init                                               
0000429d  SPI_open                                               
0000557d  SPI_transfer                                           
00003ddd  SemaphoreP_construct                                   
00004e01  SemaphoreP_constructBinary                             
00005045  SemaphoreP_create                                      
00004e21  SemaphoreP_createBinary                                
20000d60  SemaphoreP_defaultParams                               
000055ab  SemaphoreP_delete                                      
00003e7b  SemaphoreP_destruct                                    
00002e81  SemaphoreP_pend                                        
000042dd  SemaphoreP_post                                        
000052ed  SwiP_Params_init                                       
000027cd  SwiP_construct                                         
00004595  SwiP_destruct                                          
00004f29  SwiP_disable                                           
000030d1  SwiP_dispatch                                          
00003a85  SwiP_post                                              
000045cd  SwiP_restore                                           
000055af  SystemP_vsnprintf                                      
0000520b  TI_memcpy_small                                        
0000539f  TI_memset_small                                        
000052fd  TimerP_Params_init                                     
00002ca9  TimerP_construct                                       
0000505d  TimerP_dynamicStub                                     
0000547d  TimerP_getCount64                                      
000046dd  TimerP_getCurrentTick                                  
00004cfb  TimerP_getMaxTicks                                     
00004a35  TimerP_setNextTick                                     
000049dd  TimerP_setThreshold                                    
00003ff1  TimerP_start                                           
00005161  TimerP_startup                                         
00004fb1  UART2Support_disableRx                                 
00005489  UART2Support_disableTx                                 
000020c5  UART2Support_dmaStartRx                                
00002891  UART2Support_dmaStartTx                                
00003831  UART2Support_dmaStopRx                                 
000031e1  UART2Support_dmaStopTx                                 
00005495  UART2Support_enableTx                                  
00004a5f  UART2Support_powerRelConstraint                        
00004b01  UART2Support_powerSetConstraint                        
00004711  UART2Support_sendData                                  
0000530d  UART2Support_txDone                                    
000054a1  UART2_Params_init                                      
00002f19  UART2_close                                            
0000593c  UART2_config                                           
00005982  UART2_count                                            
00005770  UART2_defaultParams                                    
00000f4d  UART2_open                                             
00003bed  UART2_readCancel                                       
00004745  UART2_rxDisable                                        
00005383  UART2_write                                            
00002de7  UART2_writeCancel                                      
00004e7f  UART2_writeTimeout                                     
000010d9  UART2_writeTimeoutBlocking                             
000018a5  UART2_writeTimeoutNonblocking                          
00004605  UDMACC26XX_close                                       
00005944  UDMACC26XX_config                                      
000054eb  UDMACC26XX_hwiIntFxn                                   
00003961  UDMACC26XX_open                                        
20024000  __STACK_END                                            
00000400  __STACK_SIZE                                           
00004000  __SYSMEM_SIZE                                          
00000000  __TI_ATRegion0_region_sz                               
00000000  __TI_ATRegion0_src_addr                                
00000000  __TI_ATRegion0_trg_addr                                
00000000  __TI_ATRegion1_region_sz                               
00000000  __TI_ATRegion1_src_addr                                
00000000  __TI_ATRegion1_trg_addr                                
00000000  __TI_ATRegion2_region_sz                               
00000000  __TI_ATRegion2_src_addr                                
00000000  __TI_ATRegion2_trg_addr                                
00005a30  __TI_CINIT_Base                                        
00005a70  __TI_CINIT_Limit                                       
00005a70  __TI_CINIT_Warm                                        
000059ec  __TI_Handler_Table_Base                                
000059f8  __TI_Handler_Table_Limit                               
0000463d  __TI_auto_init_nobinit_nopinit                         
000035a1  __TI_decompress_lzss                                   
000053ad  __TI_decompress_none                                   
ffffffff  __TI_pprof_out_hndl                                    
ffffffff  __TI_prof_data_size                                    
ffffffff  __TI_prof_data_start                                   
00000000  __TI_static_base__                                     
0000532d  __TI_zero_init                                         
00000a7b  __adddf3                                               
00004039  __aeabi_d2iz                                           
000041d9  __aeabi_d2uiz                                          
00000a7b  __aeabi_dadd                                           
000039c5  __aeabi_dcmpeq                                         
00003a01  __aeabi_dcmpge                                         
00003a15  __aeabi_dcmpgt                                         
000039ed  __aeabi_dcmple                                         
000039d9  __aeabi_dcmplt                                         
00001ddd  __aeabi_dmul                                           
00000a71  __aeabi_dsub                                           
00004955  __aeabi_i2d                                            
000040c7  __aeabi_ldiv0                                          
0000551d  __aeabi_memclr                                         
0000551d  __aeabi_memclr4                                        
0000551d  __aeabi_memclr8                                        
000055b5  __aeabi_memcpy                                         
000055b5  __aeabi_memcpy4                                        
000055b5  __aeabi_memcpy8                                        
00005189  __aeabi_uldivmod                                       
ffffffff  __binit__                                              
00005984  __c_args__                                             
000affa8  __ccfg                                                 
00003681  __cmpdf2                                               
00003681  __eqdf2                                                
00004039  __fixdfsi                                              
000041d9  __fixunsdfsi                                           
00004955  __floatsidf                                            
00003611  __gedf2                                                
00003611  __gtdf2                                                
00003681  __ledf2                                                
00003681  __ltdf2                                                
UNDEFED   __mpu_init                                             
00001ddd  __muldf3                                               
00003681  __nedf2                                                
20023c00  __stack                                                
20000000  __start___llvm_prf_bits                                
20000000  __start___llvm_prf_cnts                                
20000000  __stop___llvm_prf_bits                                 
20000000  __stop___llvm_prf_cnts                                 
00000a71  __subdf3                                               
000029fd  __udivmoddi4                                           
0000519d  _args_main                                             
000048c9  _c_int00                                               
20000d68  _hposcCoeffs                                           
20000d84  _lock                                                  
00004983  _nop                                                   
20001a50  _sys_memory                                            
UNDEFED   _system_post_cinit                                     
000055b9  _system_pre_init                                       
20000d88  _unlock                                                
000055c5  abort                                                  
0000166d  aligned_alloc                                          
ffffffff  binit                                                  
00004d3f  clkFxn                                                 
[...]
00003041  SPICC26X2DMA_transferCancel                            
000030d1  SwiP_dispatch                                          
00003161  NVSSPI25X_close                                        
000031e1  UART2Support_dmaStopTx                                 
00003261  ClockP_startup                                         
000032dd  HwiP_construct                                         
000033d5  SPICC26X2DMA_close                                     
0000344d  PowerCC26X2_updateSubSecInc                            
000034c1  ClockP_start                                           
000035a1  __TI_decompress_lzss                                   
00003611  __gedf2                                                
00003611  __gtdf2                                                
0000367f  DisplayUart2Min_clear                                  
00003681  __cmpdf2                                               
00003681  __eqdf2                                                
00003681  __ledf2                                                
00003681  __ltdf2                                                
00003681  __nedf2                                                
000036ef  DisplayUart2Min_clearLines                             
000037c9  ClockP_walkQueueDynamic                                
00003831  UART2Support_dmaStopRx                                 
00003899  NOROM_OSCHF_AttemptToSwitchToXosc                      
000038fd  PowerCC26X2_initiateCalibration                        
00003961  UDMACC26XX_open                                        
000039c5  __aeabi_dcmpeq                                         
000039d9  __aeabi_dcmplt                                         
000039ed  __aeabi_dcmple                                         
00003a01  __aeabi_dcmpge                                         
00003a15  __aeabi_dcmpgt                                         
00003a27  DisplayUart2Min_init                                   
00003a29  NVSSPI25X_control                                      
00003a85  SwiP_post                                              
00003b3d  ClockP_usleep                                          
00003bed  UART2_readCancel                                       
00003c99  DisplayUart2Min_vprintf                                
00003ceb  NVSSPI25X_deinitSpiCs                                  
00003ced  Board_shutDownExtFlash                                 
00003d3d  Display_doOpen                                         
00003d8d  NVSSPI25X_read                                         
00003ddd  SemaphoreP_construct                                   
00003e2d  Board_sendExtFlashByte                                 
00003e7b  SemaphoreP_destruct                                    
00003f61  ClockP_construct                                       
00003fa9  NVS_open                                               
00003ff1  TimerP_start                                           
00004000  __SYSMEM_SIZE                                          
00004039  __aeabi_d2iz                                           
00004039  __fixdfsi                                              
00004081  RingBuf_put                                            
000040c7  __aeabi_ldiv0                                          
000040c9  GPIO_hwiIntFxn                                         
0000410d  NOROM_PRCMPowerDomainsAllOff                           
00004151  NOROM_PRCMPowerDomainsAllOn                            
00004195  SPI_init                                               
000041d9  __aeabi_d2uiz                                          
000041d9  __fixunsdfsi                                           
0000421d  PowerCC26X2_RCOSC_clockFunc                            
0000425d  PowerCC26X2_setAclkRefSrc                              
0000429d  SPI_open                                               
000042dd  SemaphoreP_post                                        
0000431d  DisplayUart2Min_open                                   
00004359  GPIO_resetConfig                                       
00004395  NOROM_OSC_HPOSCRelativeFrequencyOffsetGet              
000043d1  PowerCC26X2_setTdcClkSrc24M                            
0000440d  NOROM_AUXSYSIFOpModeChange                             
00004445  NOROM_OSCHF_SwitchToRcOscTurnOffXosc                   
0000447d  NOROM_SysCtrlIdle                                      
000044b5  NVSSPI25X_init                                         
00004525  PowerCC26X2_oscDisableQualifiers                       
0000455d  RingBuf_putAdvance                                     
00004595  SwiP_destruct                                          
000045cd  SwiP_restore                                           
00004605  UDMACC26XX_close                                       
0000463d  __TI_auto_init_nobinit_nopinit                         
00004675  PowerCC26X2_setSubSecIncToXoscLf                       
000046a9  Power_releaseConstraint                                
000046dd  TimerP_getCurrentTick                                  
00004711  UART2Support_sendData                                  
00004745  UART2_rxDisable                                        
00004779  Board_wakeUpExtFlash                                   
000047a9  ClockP_getTicksUntilInterrupt                          
000047d9  GPIO_setInterruptConfig                                
00004809  NVSSPI25X_erase                                        
00004839  Power_setConstraint                                    
000048c9  _c_int00                                               
000048f9  RingBuf_getConsume                                     
00004927  RingBuf_putPointer                                     
00004955  __aeabi_i2d                                            
00004955  __floatsidf                                            
00004983  _nop                                                   
00004985  NOROM_IntRegister                                      
000049b1  NVS_init                                               
000049dd  TimerP_setThreshold                                    
00004a35  TimerP_setNextTick                                     
00004a5f  UART2Support_powerRelConstraint                        
00004a89  List_remove                                            
00004b01  UART2Support_powerSetConstraint                        
00004b4d  ClockP_getTicks                                        
00004b71  Display_doInit                                         
00004b95  List_put                                               
00004bb9  NOROM_OSCHF_TurnOnXosc                                 
00004bdd  NVSSPI25X_initSpiCs                                    
00004c01  PowerCC26X2_writeCtrim                                 
00004c25  PowerCC26X2_writeCtrimFract                            
00004c49  PowerCC26X2_writeCtrimFractEn                          
00004c6d  PowerCC26X2_writeRtrim                                 
00004c91  Power_registerNotify                                   
00004cd9  RingBuf_getPointer                                     
00004cfb  TimerP_getMaxTicks                                     
00004d1d  memcmp                                                 
00004d3f  clkFxn                                                 
00004d41  ClockP_add                                             
00004d61  ClockP_scheduleNextTick                                
00004d81  NOROM_ThisLibraryIsFor_CC13x2x7_CC26x2x7_HaltIfViolated
00004da1  PowerCC26X2_disableTCXOQual                            
00004dc1  PowerCC26X2_enableTCXOQual                             
00004de1  Power_unregisterNotify                                 
00004e01  SemaphoreP_constructBinary                             
00004e21  SemaphoreP_createBinary                                
00004e61  QueueP_put                                             
00004e7f  UART2_writeTimeout                                     
00004e9d  GPIO_setCallback                                       
00004eb9  HwiP_destruct                                          
00004ef1  Power_getTransitionLatency                             
00004f0d  RingBuf_flush                                          
00004f29  SwiP_disable                                           
00004f61  resetISR                                               
00004f7d  ClockP_destruct                                        
00004f97  QueueP_get                                             
00004fb1  UART2Support_disableRx                                 
00004fcb  DisplayUart2Min_close                                  
00004fe5  GPIO_disableInt                                        
00004ffd  NVSSPI25X_lock                                         
00005015  PowerCC26XX_calibrate                                  
0000502d  Power_idleFunc                                         
00005045  SemaphoreP_create                                      
0000505d  TimerP_dynamicStub                                     
000050a5  Board_init                                             
000050bb  Display_doPrintf                                       
000050e9  GPIO_read                                              
000050fd  GPIO_setUserArg                                        
00005111  HwiP_inISR                                             
00005125  NOROM_IntUnregister                                    
0000514d  Power_disablePolicy                                    
00005161  TimerP_startup                                         
00005189  __aeabi_uldivmod                                       
0000519d  _args_main                                             
000051b1  HwiP_Params_init                                       
000051c3  NVSSPI25X_assertSpiCs                                  
000051d5  NVSSPI25X_deassertSpiCs                                
000051e7  NVSSPI25X_getAttrs                                     
000051f9  NVS_write                                              
0000520b  TI_memcpy_small                                        
0000521d  ClockP_getCpuFreq                                      
0000522d  GPIO_getUserArg                                        
0000523d  GPIO_write                                             
0000524d  PowerCC26X2_oscCtlClearXtal                            
0000525d  PowerCC26X2_prcmEnableCacheRetention                   
0000526d  PowerCC26X2_readCtrim                                  
0000527d  PowerCC26X2_readCtrimFract                             
0000528d  PowerCC26X2_readRtrim                                  
0000529d  PowerCC26X2_switchToTCXO                               
000052ad  PowerCC26XX_schedulerDisable                           
000052bd  Power_enablePolicy                                     
000052cd  Power_getDependencyCount                               
000052dd  RingBuf_construct                                      
000052ed  SwiP_Params_init                                       
000052fd  TimerP_Params_init                                     
0000530d  UART2Support_txDone                                    
0000531d  main                                                   
0000532d  __TI_zero_init                                         
0000533d  HwiP_disable                                           
0000534b  HwiP_interruptsEnabled                                 
00005359  NVS_read                                               
00005375  QueueP_remove                                          
00005383  UART2_write                                            
0000539f  TI_memset_small                                        
000053ad  __TI_decompress_none                                   
000053bd  ClockP_doTick                                          
000053c9  ClockP_getSystemTickPeriod                             
000053d5  HwiP_clearInterrupt                                    
000053e1  HwiP_disableInterrupt                                  
000053ed  HwiP_enableInterrupt                                   
000053f9  HwiP_post                                              
00005405  NVSSPI25X_unlock                                       
0000541d  PowerCC26X2_oscClockSourceGet                          
00005429  PowerCC26X2_setPeriphDeepSleepEnable                   
00005435  PowerCC26X2_sysCtrlGetResetSource                      
00005441  PowerCC26X2_sysCtrlUpdateVoltageRegulator              
0000544d  PowerCC26XX_schedulerRestore                           
00005459  Power_getConstraintMask                                
00005465  QueueP_empty                                           
00005471  SPI_Params_init                                        
0000547d  TimerP_getCount64                                      
00005489  UART2Support_disableTx                                 
00005495  UART2Support_enableTx                                  
000054a1  UART2_Params_init                                      
000054b9  ClockP_Params_init                                     
000054d7  PowerCC26X2_sysCtrlStandby                             
000054e1  SPICC26X2DMA_init                                      
000054eb  UDMACC26XX_hwiIntFxn                                   
000054f5  HwiP_restore                                           
000054fd  NOROM_CPUcpsid                                         
00005505  NOROM_CPUcpsie                                         
00005515  PowerCC26X2_oschfTrySwitchToXosc                       
0000551d  __aeabi_memclr                                         
0000551d  __aeabi_memclr4                                        
0000551d  __aeabi_memclr8                                        
0000552d  malloc                                                 
00005535  ClockP_stop                                            
0000553b  DisplayUart2Min_control                                
00005541  DisplayUart2Min_getType                                
00005547  GPIO_setConfig                                         
0000554d  NOROM_CPUdelay                                         
00005553  NOROM_CPUprimask                                       
00005559  NVS_Params_init                                        
0000555f  NVS_close                                              
00005565  NVS_erase                                              
0000556b  NVS_getAttrs                                           
00005571  QueueP_init                                            
00005577  SPI_close                                              
0000557d  SPI_transfer                                           
00005583  ClockP_isActive                                        
00005587  ClockP_setTimeout                                      
0000558b  HwiP_enable                                            
0000558f  NoRTOS_start                                           
00005593  PowerCC26X2_oschfSwitchToRcosc                         
00005597  PowerCC26X2_sysCtrlIdle                                
0000559b  PowerCC26X2_turnOnXosc                                 
0000559f  QueueP_head                                            
000055a3  QueueP_next                                            
000055a7  RingBuf_getCount                                       
000055ab  SemaphoreP_delete                                      
000055af  SystemP_vsnprintf                                      
000055b5  __aeabi_memcpy                                         
000055b5  __aeabi_memcpy4                                        
000055b5  __aeabi_memcpy8                                        
000055b9  _system_pre_init                                       
000055c4  C$$EXIT                                                
000055c5  abort                                                  
00005620  resourceDB                                             
00005674  spiCC26X2DMAHWAttrs                                    
00005720  NVSSPI25X_fxnTable                                     
00005770  UART2_defaultParams                                    
000057b8  DisplayUart2Min_fxnTable                               
000057d8  SPI_defaultParams                                      
00005814  SPICC26X2DMA_fxnTable                                  
0000585c  PowerCC26X2_config                                     
00005870  displayUart2HWAttrs                                    
000058df  Display_count                                          
000058e0  GPIO_config                                            
0000590c  Display_config                                         
00005918  NVS_config                                             
00005924  SPI_config                                             
0000593c  UART2_config                                           
00005944  UDMACC26XX_config                                      
00005954  udmaCC26XXHWAttrs                                      
00005972  Display_defaultParams                                  
00005973  GPIO_pinLowerBound                                     
00005974  NVS_defaultParams                                      
0000597f  GPIO_pinUpperBound                                     
00005980  NVS_count                                              
00005981  SPI_count                                              
00005982  UART2_count                                            
00005984  __c_args__                                             
000059ec  __TI_Handler_Table_Base                                
000059f8  __TI_Handler_Table_Limit                               
00005a30  __TI_CINIT_Base                                        
00005a70  __TI_CINIT_Limit                                       
00005a70  __TI_CINIT_Warm                                        
000affa8  __ccfg                                                 
20000000  __start___llvm_prf_bits                                
20000000  __start___llvm_prf_cnts                                
20000000  __stop___llvm_prf_bits                                 
20000000  __stop___llvm_prf_cnts                                 
20000400  uart2CC26X2Objects                                     
20000670  spiCC26X2DMAObjects                                    
20000818  gpioCallbackFunctions                                  
20000894  gpioUserArgs                                           
20000990  udmaCC26XXObject                                       
200009cc  displayUart2Object                                     
200009d8  nvsSPI25XObjects                                       
200009f0  PowerCC26X2_module                                     
20000c3c  gpioPinConfigs                                         
20000d54  HwiP_swiPIntNum                                        
20000d60  SemaphoreP_defaultParams                               
20000d68  _hposcCoeffs                                           
20000d7c  ClockP_tickPeriod                                      
20000d84  _lock                                                  
20000d88  _unlock                                                
20001a50  _sys_memory                                            
20023c00  __stack                                                
20024000  __STACK_END                                            
ffffffff  __TI_pprof_out_hndl                                    
ffffffff  __TI_prof_data_size                                    
ffffffff  __TI_prof_data_start                                   
ffffffff  __binit__                                              
ffffffff  binit                                                  
UNDEFED   ITM_flush                                              
UNDEFED   ITM_restore                                            
UNDEFED   __mpu_init                                             
UNDEFED   _system_post_cinit                                     

[353 symbols]
