Archive member included to satisfy reference by file (symbol)

/project/staging/core_examples/cc13xx_cc26xx_sdk/source/third_party/spiffs/lib/gcc/m4f/spiffs_cc26xx.a(spiffs_hydrogen.c.obj)
                              spiffsexternal.obj (SPIFFS_format)
/project/staging/core_examples/cc13xx_cc26xx_sdk/source/third_party/spiffs/lib/gcc/m4f/spiffs_cc26xx.a(spiffs_nucleus.c.obj)
                              /project/staging/core_examples/cc13xx_cc26xx_sdk/source/third_party/spiffs/lib/gcc/m4f/spiffs_cc26xx.a(spiffs_hydrogen.c.obj) (spiffs_obj_lu_find_entry_visitor)
/project/staging/core_examples/cc13xx_cc26xx_sdk/source/third_party/spiffs/lib/gcc/m4f/spiffs_cc26xx.a(SPIFFSNVS.c.obj)
                              spiffsexternal.obj (SPIFFSNVS_close)
/project/staging/core_examples/cc13xx_cc26xx_sdk/source/third_party/spiffs/lib/gcc/m4f/spiffs_cc26xx.a(spiffs_cache.c.obj)
                              /project/staging/core_examples/cc13xx_cc26xx_sdk/source/third_party/spiffs/lib/gcc/m4f/spiffs_cc26xx.a(spiffs_hydrogen.c.obj) (spiffs_phys_rd)
/project/staging/core_examples/cc13xx_cc26xx_sdk/source/third_party/spiffs/lib/gcc/m4f/spiffs_cc26xx.a(spiffs_check.c.obj)
                              /project/staging/core_examples/cc13xx_cc26xx_sdk/source/third_party/spiffs/lib/gcc/m4f/spiffs_cc26xx.a(spiffs_hydrogen.c.obj) (spiffs_lookup_consistency_check)
/project/staging/core_examples/cc13xx_cc26xx_sdk/source/third_party/spiffs/lib/gcc/m4f/spiffs_cc26xx.a(spiffs_gc.c.obj)
                              /project/staging/core_examples/cc13xx_cc26xx_sdk/source/third_party/spiffs/lib/gcc/m4f/spiffs_cc26xx.a(spiffs_hydrogen.c.obj) (spiffs_gc_quick)
/project/staging/core_examples/cc13xx_cc26xx_sdk/source/ti/display/lib/gcc/m4f/display_cc26x2x7.a(Display.c.obj)
                              spiffsexternal.obj (Display_doOpen)
/project/staging/core_examples/cc13xx_cc26xx_sdk/source/ti/display/lib/gcc/m4f/display_cc26x2x7.a(DisplayUart2.c.obj)
                              ti_drivers_config.obj (DisplayUart2Min_fxnTable)
/project/staging/core_examples/cc13xx_cc26xx_sdk/source/ti/drivers/lib/gcc/m4f/drivers_cc26x2x7.a(GPIO.c.obj)
                              ti_drivers_config.obj (GPIO_resetConfig)
/project/staging/core_examples/cc13xx_cc26xx_sdk/source/ti/drivers/lib/gcc/m4f/drivers_cc26x2x7.a(GPIOCC26XX.c.obj)
                              /project/staging/core_examples/cc13xx_cc26xx_sdk/source/ti/drivers/lib/gcc/m4f/drivers_cc26x2x7.a(GPIO.c.obj) (GPIO_disableInt)
/project/staging/core_examples/cc13xx_cc26xx_sdk/source/ti/drivers/lib/gcc/m4f/drivers_cc26x2x7.a(NVS.c.obj)
                              /project/staging/core_examples/cc13xx_cc26xx_sdk/source/third_party/spiffs/lib/gcc/m4f/spiffs_cc26xx.a(SPIFFSNVS.c.obj) (NVS_close)
/project/staging/core_examples/cc13xx_cc26xx_sdk/source/ti/drivers/lib/gcc/m4f/drivers_cc26x2x7.a(NVSSPI25X.c.obj)
                              ti_drivers_config.obj (NVSSPI25X_fxnTable)
/project/staging/core_examples/cc13xx_cc26xx_sdk/source/ti/drivers/lib/gcc/m4f/drivers_cc26x2x7.a(PowerCC26X2.c.obj)
                              ti_drivers_config.obj (Power_init)
/project/staging/core_examples/cc13xx_cc26xx_sdk/source/ti/drivers/lib/gcc/m4f/drivers_cc26x2x7.a(PowerCC26X2_calibrateRCOSC.c.obj)
                              /project/staging/core_examples/cc13xx_cc26xx_sdk/source/ti/drivers/lib/gcc/m4f/drivers_cc26x2x7.a(PowerCC26X2.c.obj) (PowerCC26X2_initiateCalibration)
/project/staging/core_examples/cc13xx_cc26xx_sdk/source/ti/drivers/lib/gcc/m4f/drivers_cc26x2x7.a(SPI.c.obj)
                              /project/staging/core_examples/cc13xx_cc26xx_sdk/source/ti/drivers/lib/gcc/m4f/drivers_cc26x2x7.a(NVSSPI25X.c.obj) (SPI_close)
/project/staging/core_examples/cc13xx_cc26xx_sdk/source/ti/drivers/lib/gcc/m4f/drivers_cc26x2x7.a(TemperatureCC26X2.c.obj)
                              /project/staging/core_examples/cc13xx_cc26xx_sdk/source/ti/drivers/lib/gcc/m4f/drivers_cc26x2x7.a(PowerCC26X2.c.obj) (Temperature_init)
/project/staging/core_examples/cc13xx_cc26xx_sdk/source/ti/drivers/lib/gcc/m4f/drivers_cc26x2x7.a(UART2.c.obj)
                              /project/staging/core_examples/cc13xx_cc26xx_sdk/source/ti/display/lib/gcc/m4f/display_cc26x2x7.a(DisplayUart2.c.obj) (UART2_Params_init)
/project/staging/core_examples/cc13xx_cc26xx_sdk/source/ti/drivers/lib/gcc/m4f/drivers_cc26x2x7.a(UART2CC26X2.c.obj)
                              /project/staging/core_examples/cc13xx_cc26xx_sdk/source/ti/display/lib/gcc/m4f/display_cc26x2x7.a(DisplayUart2.c.obj) (UART2_close)
/project/staging/core_examples/cc13xx_cc26xx_sdk/source/ti/drivers/lib/gcc/m4f/drivers_cc26x2x7.a(GPIOCC26X2.c.obj)
                              ti_drivers_config.obj (GPIO_init)
/project/staging/core_examples/cc13xx_cc26xx_sdk/source/ti/drivers/lib/gcc/m4f/drivers_cc26x2x7.a(PowerCC26X2_calibrateRCOSC_helpers.c.obj)
[...]
Memory Configuration

Name             Origin             Length             Attributes
FLASH            0x0000000000000000 0x00000000000affa8 xr
FLASH_CCFG       0x00000000000affa8 0x0000000000000058 r
SRAM             0x0000000020000000 0x0000000000024000 xrw
GPRAM            0x0000000011000000 0x0000000000002000 xrw
LOG_DATA         0x0000000090000000 0x0000000000040000 r
LOG_PTR          0x0000000094000008 0x0000000000040000 r
*default*        0x0000000000000000 0xffffffffffffffff

Linker script and memory map

LOAD spiffsexternal.obj
LOAD main_nortos.obj
LOAD ti_devices_config.obj
LOAD ti_drivers_config.obj
                0x0000000000000400                STACKSIZE = 0x400
                0x0000000000004000                HEAPSIZE = 0x4000
                0x0000000000000000                PROVIDE (_resetVecs_base_address = DEFINED (_resetVecs_base_address)?_resetVecs_base_address:0x0)

.resetVecs      0x0000000000000000       0x40
 *(.resetVecs)
 .resetVecs     0x0000000000000000       0x40 /project/staging/core_examples/cc13xx_cc26xx_sdk/kernel/nortos/lib/gcc/m4f/nortos_cc26x2x7.a(startup_cc13x2_cc26x2_gcc.c.obj)

.ramVecs        0x0000000020000000       0xd8
 *(.ramVecs)
 .ramVecs       0x0000000020000000       0xd8 /project/staging/core_examples/cc13xx_cc26xx_sdk/source/ti/devices/cc13x2x7_cc26x2x7/driverlib/bin/gcc/driverlib.lib(interrupt.c.obj)
                0x0000000020001800                UDMACC26XX_CONFIG_BASE = 0x20001800
                0x0000000020001810                DMA_UART0_RX_CONTROL_TABLE_ENTRY_ADDRESS = (UDMACC26XX_CONFIG_BASE + 0x10)
                0x0000000020001820                DMA_UART0_TX_CONTROL_TABLE_ENTRY_ADDRESS = (UDMACC26XX_CONFIG_BASE + 0x20)
                0x0000000020001830                DMA_SPI0_RX_CONTROL_TABLE_ENTRY_ADDRESS = (UDMACC26XX_CONFIG_BASE + 0x30)
                0x0000000020001840                DMA_SPI0_TX_CONTROL_TABLE_ENTRY_ADDRESS = (UDMACC26XX_CONFIG_BASE + 0x40)
                0x0000000020001850                DMA_UART1_RX_CONTROL_TABLE_ENTRY_ADDRESS = (UDMACC26XX_CONFIG_BASE + 0x50)
                0x0000000020001860                DMA_UART1_TX_CONTROL_TABLE_ENTRY_ADDRESS = (UDMACC26XX_CONFIG_BASE + 0x60)
                0x0000000020001870                DMA_ADC_PRI_CONTROL_TABLE_ENTRY_ADDRESS = (UDMACC26XX_CONFIG_BASE + 0x70)
                0x0000000020001890                DMA_GPT0A_PRI_CONTROL_TABLE_ENTRY_ADDRESS = (UDMACC26XX_CONFIG_BASE + 0x90)
                0x0000000020001900                DMA_SPI1_RX_CONTROL_TABLE_ENTRY_ADDRESS = (UDMACC26XX_CONFIG_BASE + 0x100)
                0x0000000020001910                DMA_SPI1_TX_CONTROL_TABLE_ENTRY_ADDRESS = (UDMACC26XX_CONFIG_BASE + 0x110)
                0x0000000020001a10                DMA_UART0_RX_ALT_CONTROL_TABLE_ENTRY_ADDRESS = (UDMACC26XX_CONFIG_BASE + 0x210)
                0x0000000020001a20                DMA_UART0_TX_ALT_CONTROL_TABLE_ENTRY_ADDRESS = (UDMACC26XX_CONFIG_BASE + 0x220)
                0x0000000020001a30                DMA_SPI0_RX_ALT_CONTROL_TABLE_ENTRY_ADDRESS = (UDMACC26XX_CONFIG_BASE + 0x230)
                0x0000000020001a40                DMA_SPI0_TX_ALT_CONTROL_TABLE_ENTRY_ADDRESS = (UDMACC26XX_CONFIG_BASE + 0x240)
                0x0000000020001a50                DMA_UART1_RX_ALT_CONTROL_TABLE_ENTRY_ADDRESS = (UDMACC26XX_CONFIG_BASE + 0x250)
                0x0000000020001a60                DMA_UART1_TX_ALT_CONTROL_TABLE_ENTRY_ADDRESS = (UDMACC26XX_CONFIG_BASE + 0x260)
                0x0000000020001a70                DMA_ADC_ALT_CONTROL_TABLE_ENTRY_ADDRESS = (UDMACC26XX_CONFIG_BASE + 0x270)
                0x0000000020001a90                DMA_GPT0A_ALT_CONTROL_TABLE_ENTRY_ADDRESS = (UDMACC26XX_CONFIG_BASE + 0x290)
                0x0000000020001b00                DMA_SPI1_RX_ALT_CONTROL_TABLE_ENTRY_ADDRESS = (UDMACC26XX_CONFIG_BASE + 0x300)
                0x0000000020001b10                DMA_SPI1_TX_ALT_CONTROL_TABLE_ENTRY_ADDRESS = (UDMACC26XX_CONFIG_BASE + 0x310)
                0x0000000000000000                UDMACC26XX_uart0RxControlTableEntry_is_placed = 0x0

.dmaUart0RxControlTableEntry
 *(.dmaUart0RxControlTableEntry)
                0x0000000000000000                UDMACC26XX_uart0TxControlTableEntry_is_placed = 0x0

.dmaUart0TxControlTableEntry
 *(.dmaUart0TxControlTableEntry)
                0x0000000000000000                UDMACC26XX_dmaSpi0RxControlTableEntry_is_placed = 0x0

.dmaSpi0RxControlTableEntry
                0x0000000020001830       0x10
 *(.dmaSpi0RxControlTableEntry)
 .dmaSpi0RxControlTableEntry
                0x0000000020001830       0x10 ti_drivers_config.obj
                0x0000000000000000                UDMACC26XX_dmaSpi0TxControlTableEntry_is_placed = 0x0

.dmaSpi0TxControlTableEntry
                0x0000000020001840       0x10
 *(.dmaSpi0TxControlTableEntry)
 .dmaSpi0TxControlTableEntry
                0x0000000020001840       0x10 ti_drivers_config.obj
                0x0000000000000000                UDMACC26XX_uart1RxControlTableEntry_is_placed = 0x0

.dmaUart1RxControlTableEntry
                0x0000000020001850       0x10
 *(.dmaUart1RxControlTableEntry)
 .dmaUart1RxControlTableEntry
                0x0000000020001850       0x10 ti_drivers_config.obj
                0x0000000000000000                UDMACC26XX_uart1TxControlTableEntry_is_placed = 0x0

.dmaUart1TxControlTableEntry
                0x0000000020001860       0x10
 *(.dmaUart1TxControlTableEntry)
 .dmaUart1TxControlTableEntry
                0x0000000020001860       0x10 ti_drivers_config.obj
                0x0000000000000000                UDMACC26XX_dmaADCPriControlTableEntry_is_placed = 0x0

.dmaADCPriControlTableEntry
 *(.dmaADCPriControlTableEntry)
                0x0000000000000000                UDMACC26XX_dmaGPT0APriControlTableEntry_is_placed = 0x0

.dmaGPT0APriControlTableEntry
 *(.dmaGPT0APriControlTableEntry)
                0x0000000000000000                UDMACC26XX_dmaSpi1RxControlTableEntry_is_placed = 0x0

.dmaSpi1RxControlTableEntry
 *(.dmaSpi1RxControlTableEntry)
                0x0000000000000000                UDMACC26XX_dmaSpi1TxControlTableEntry_is_placed = 0x0

.dmaSpi1TxControlTableEntry
 *(.dmaSpi1TxControlTableEntry)
                0x0000000000000000                UDMACC26XX_uart0RxAltControlTableEntry_is_placed = 0x0

.dmaUart0RxAltControlTableEntry
 *(.dmaUart0RxAltControlTableEntry)
                0x0000000000000000                UDMACC26XX_uart0TxAltControlTableEntry_is_placed = 0x0

.dmaUart0TxAltControlTableEntry
 *(.dmaUart0TxAltControlTableEntry)
                0x0000000000000000                UDMACC26XX_dmaSpi0RxAltControlTableEntry_is_placed = 0x0

.dmaSpi0RxAltControlTableEntry
                0x0000000020001a30       0x10
 *(.dmaSpi0RxAltControlTableEntry)
 .dmaSpi0RxAltControlTableEntry
                0x0000000020001a30       0x10 ti_drivers_config.obj
                0x0000000000000000                UDMACC26XX_dmaSpi0TxAltControlTableEntry_is_placed = 0x0

.dmaSpi0TxAltControlTableEntry
                0x0000000020001a40       0x10
 *(.dmaSpi0TxAltControlTableEntry)
 .dmaSpi0TxAltControlTableEntry
                0x0000000020001a40       0x10 ti_drivers_config.obj
                0x0000000000000000                UDMACC26XX_uart1RxAltControlTableEntry_is_placed = 0x0

.dmaUart1RxAltControlTableEntry
 *(.dmaUart1RxAltControlTableEntry)
                0x0000000000000000                UDMACC26XX_uart1TxAltControlTableEntry_is_placed = 0x0

.dmaUart1TxAltControlTableEntry
 *(.dmaUart1TxAltControlTableEntry)
                0x0000000000000000                UDMACC26XX_dmaADCAltControlTableEntry_is_placed = 0x0

.dmaADCAltControlTableEntry
 *(.dmaADCAltControlTableEntry)
                0x0000000000000000                UDMACC26XX_dmaGPT0AAltControlTableEntry_is_placed = 0x0

.dmaGPT0AAltControlTableEntry
 *(.dmaGPT0AAltControlTableEntry)
                0x0000000000000000                UDMACC26XX_dmaSpi1RxAltControlTableEntry_is_placed = 0x0

.dmaSpi1RxAltControlTableEntry
 *(.dmaSpi1RxAltControlTableEntry)
                0x0000000000000000                UDMACC26XX_dmaSpi1TxAltControlTableEntry_is_placed = 0x0

.dmaSpi1TxAltControlTableEntry
 *(.dmaSpi1TxAltControlTableEntry)

.text           0x0000000000000040     0xbed0
 CREATE_OBJECT_SYMBOLS
 *(.text)
 .text          0x0000000000000040      0x254 /home/developer/.conan/data/arm-none-eabi-gcc/9.2019.q4.major-0/library-msp/ga/package/44fcf6b9a7fb86b2586303e3db40189d3b511830/bin/../lib/gcc/arm-none-eabi/9.2.1/thumb/v7e-m+fp/hard/libgcc.a(_arm_muldf3.o)
                0x0000000000000040                __aeabi_dmul
                0x0000000000000040                __muldf3
 .text          0x0000000000000294      0x378 /home/developer/.conan/data/arm-none-eabi-gcc/9.2019.q4.major-0/library-msp/ga/package/44fcf6b9a7fb86b2586303e3db40189d3b511830/bin/../lib/gcc/arm-none-eabi/9.2.1/thumb/v7e-m+fp/hard/libgcc.a(_arm_addsubdf3.o)
                0x0000000000000294                __aeabi_drsub
                0x000000000000029c                __aeabi_dsub
                0x000000000000029c                __subdf3
                0x00000000000002a0                __adddf3
                0x00000000000002a0                __aeabi_dadd
                0x0000000000000518                __aeabi_ui2d
                0x0000000000000518                __floatunsidf
                0x0000000000000538                __floatsidf
                0x0000000000000538                __aeabi_i2d
                0x000000000000055c                __extendsfdf2
                0x000000000000055c                __aeabi_f2d
                0x00000000000005a0                __aeabi_ul2d
                0x00000000000005a0                __floatundidf
                0x00000000000005b0                __floatdidf
                0x00000000000005b0                __aeabi_l2d
 .text          0x000000000000060c      0x110 /home/developer/.conan/data/arm-none-eabi-gcc/9.2019.q4.major-0/library-msp/ga/package/44fcf6b9a7fb86b2586303e3db40189d3b511830/bin/../lib/gcc/arm-none-eabi/9.2.1/thumb/v7e-m+fp/hard/libgcc.a(_arm_cmpdf2.o)
                0x000000000000060c                __gtdf2
                0x000000000000060c                __gedf2
                0x0000000000000614                __ltdf2
                0x0000000000000614                __ledf2
                0x000000000000061c                __cmpdf2
                0x000000000000061c                __eqdf2
                0x000000000000061c                __nedf2
                0x0000000000000698                __aeabi_cdrcmple
                0x00000000000006a8                __aeabi_cdcmple
                0x00000000000006a8                __aeabi_cdcmpeq
                0x00000000000006b8                __aeabi_dcmpeq
                0x00000000000006cc                __aeabi_dcmplt
                0x00000000000006e0                __aeabi_dcmple
                0x00000000000006f4                __aeabi_dcmpge
                0x0000000000000708                __aeabi_dcmpgt
 .text          0x000000000000071c       0x50 /home/developer/.conan/data/arm-none-eabi-gcc/9.2019.q4.major-0/library-msp/ga/package/44fcf6b9a7fb86b2586303e3db40189d3b511830/bin/../lib/gcc/arm-none-eabi/9.2.1/thumb/v7e-m+fp/hard/libgcc.a(_arm_fixdfsi.o)
                0x000000000000071c                __fixdfsi
                0x000000000000071c                __aeabi_d2iz
 .text          0x000000000000076c       0x40 /home/developer/.conan/data/arm-none-eabi-gcc/9.2019.q4.major-0/library-msp/ga/package/44fcf6b9a7fb86b2586303e3db40189d3b511830/bin/../lib/gcc/arm-none-eabi/9.2.1/thumb/v7e-m+fp/hard/libgcc.a(_arm_fixunsdfsi.o)
                0x000000000000076c                __fixunsdfsi
                0x000000000000076c                __aeabi_d2uiz
 .text          0x00000000000007ac       0x30 /home/developer/.conan/data/arm-none-eabi-gcc/9.2019.q4.major-0/library-msp/ga/package/44fcf6b9a7fb86b2586303e3db40189d3b511830/bin/../lib/gcc/arm-none-eabi/9.2.1/thumb/v7e-m+fp/hard/libgcc.a(_aeabi_uldivmod.o)
                0x00000000000007ac                __aeabi_uldivmod
 .text          0x00000000000007dc      0x2c4 /home/developer/.conan/data/arm-none-eabi-gcc/9.2019.q4.major-0/library-msp/ga/package/44fcf6b9a7fb86b2586303e3db40189d3b511830/bin/../lib/gcc/arm-none-eabi/9.2.1/thumb/v7e-m+fp/hard/libgcc.a(_udivmoddi4.o)
                0x00000000000007dc                __udivmoddi4
 .text          0x0000000000000aa0        0x4 /home/developer/.conan/data/arm-none-eabi-gcc/9.2019.q4.major-0/library-msp/ga/package/44fcf6b9a7fb86b2586303e3db40189d3b511830/bin/../lib/gcc/arm-none-eabi/9.2.1/thumb/v7e-m+fp/hard/libgcc.a(_dvmd_tls.o)
                0x0000000000000aa0                __aeabi_ldiv0
                0x0000000000000aa0                __aeabi_idiv0
 .text          0x0000000000000aa4       0x14 /home/developer/.conan/data/arm-none-eabi-gcc/9.2019.q4.major-0/library-msp/ga/package/44fcf6b9a7fb86b2586303e3db40189d3b511830/bin/../lib/gcc/arm-none-eabi/9.2.1/../../../../arm-none-eabi/lib/thumb/v7e-m+fp/hard/libc_nano.a(lib_a-strcmp.o)
                0x0000000000000aa4                strcmp
 .text          0x0000000000000ab8       0x10 /home/developer/.conan/data/arm-none-eabi-gcc/9.2019.q4.major-0/library-msp/ga/package/44fcf6b9a7fb86b2586303e3db40189d3b511830/bin/../lib/gcc/arm-none-eabi/9.2.1/../../../../arm-none-eabi/lib/thumb/v7e-m+fp/hard/libc_nano.a(lib_a-strlen.o)
                0x0000000000000ab8                strlen
 *(.text.*)
 .text.mainThread
                0x0000000000000ac8      0x234 spiffsexternal.obj
                0x0000000000000ac8                mainThread
 .text.startup.main
                0x0000000000000cfc       0x14 main_nortos.obj
                0x0000000000000cfc                main
 .text.Board_shutDownExtFlash
                0x0000000000000d10       0xc0 ti_drivers_config.obj
                0x0000000000000d10                Board_shutDownExtFlash
 .text.Board_initHook
                0x0000000000000dd0        0x4 ti_drivers_config.obj
                0x0000000000000dd0                Board_initHook
 .text.Board_init
                0x0000000000000dd4       0x14 ti_drivers_config.obj
                0x0000000000000dd4                Board_init
 .text.spiffs_stat_pix
                0x0000000000000de8       0xb8 /project/staging/core_examples/cc13xx_cc26xx_sdk/source/third_party/spiffs/lib/gcc/m4f/spiffs_cc26xx.a(spiffs_hydrogen.c.obj)
 .text.spiffs_fflush_cache
                0x0000000000000ea0       0xb0 /project/staging/core_examples/cc13xx_cc26xx_sdk/source/third_party/spiffs/lib/gcc/m4f/spiffs_cc26xx.a(spiffs_hydrogen.c.obj)
 .text.SPIFFS_format
                0x0000000000000f50       0x70 /project/staging/core_examples/cc13xx_cc26xx_sdk/source/third_party/spiffs/lib/gcc/m4f/spiffs_cc26xx.a(spiffs_hydrogen.c.obj)
                0x0000000000000f50                SPIFFS_format
 .text.SPIFFS_mount
                0x0000000000000fc0      0x12c /project/staging/core_examples/cc13xx_cc26xx_sdk/source/third_party/spiffs/lib/gcc/m4f/spiffs_cc26xx.a(spiffs_hydrogen.c.obj)
                0x0000000000000fc0                SPIFFS_mount
 .text.SPIFFS_unmount
                0x00000000000010ec       0x64 /project/staging/core_examples/cc13xx_cc26xx_sdk/source/third_party/spiffs/lib/gcc/m4f/spiffs_cc26xx.a(spiffs_hydrogen.c.obj)
                0x00000000000010ec                SPIFFS_unmount
 .text.SPIFFS_open
                0x0000000000001150      0x14c /project/staging/core_examples/cc13xx_cc26xx_sdk/source/third_party/spiffs/lib/gcc/m4f/spiffs_cc26xx.a(spiffs_hydrogen.c.obj)
                0x0000000000001150                SPIFFS_open
 .text.SPIFFS_read
                0x000000000000129c      0x104 /project/staging/core_examples/cc13xx_cc26xx_sdk/source/third_party/spiffs/lib/gcc/m4f/spiffs_cc26xx.a(spiffs_hydrogen.c.obj)
                0x000000000000129c                SPIFFS_read
 .text.SPIFFS_write_delegate
                0x00000000000013a0      0x32c /project/staging/core_examples/cc13xx_cc26xx_sdk/source/third_party/spiffs/lib/gcc/m4f/spiffs_cc26xx.a(spiffs_hydrogen.c.obj)
                0x00000000000013a0                SPIFFS_write_delegate
 .text.SPIFFS_lseek
                0x00000000000016cc      0x114 /project/staging/core_examples/cc13xx_cc26xx_sdk/source/third_party/spiffs/lib/gcc/m4f/spiffs_cc26xx.a(spiffs_hydrogen.c.obj)
                0x00000000000016cc                SPIFFS_lseek
 .text.SPIFFS_fremove
                0x00000000000017e0       0x80 /project/staging/core_examples/cc13xx_cc26xx_sdk/source/third_party/spiffs/lib/gcc/m4f/spiffs_cc26xx.a(spiffs_hydrogen.c.obj)
                0x00000000000017e0                SPIFFS_fremove
 .text.SPIFFS_close
                0x0000000000001860      0x110 /project/staging/core_examples/cc13xx_cc26xx_sdk/source/third_party/spiffs/lib/gcc/m4f/spiffs_cc26xx.a(spiffs_hydrogen.c.obj)
                0x0000000000001860                SPIFFS_close
 .text.SPIFFS_eof
                0x0000000000001970       0x7c /project/staging/core_examples/cc13xx_cc26xx_sdk/source/third_party/spiffs/lib/gcc/m4f/spiffs_cc26xx.a(spiffs_hydrogen.c.obj)
                0x0000000000001970                SPIFFS_eof
 .text.SPIFFS_write
                0x00000000000019ec      0x1e0 /project/staging/core_examples/cc13xx_cc26xx_sdk/source/third_party/spiffs/lib/gcc/m4f/spiffs_cc26xx.a(spiffs_hydrogen.c.obj)
                0x00000000000019ec                SPIFFS_write
 .text.spiffs_obj_lu_find_free_obj_id_bitmap_v
                0x0000000000001bcc       0xc0 /project/staging/core_examples/cc13xx_cc26xx_sdk/source/third_party/spiffs/lib/gcc/m4f/spiffs_cc26xx.a(spiffs_nucleus.c.obj)
 .text.spiffs_update_ix_map.isra.0
                0x0000000000001c8c      0x11c /project/staging/core_examples/cc13xx_cc26xx_sdk/source/third_party/spiffs/lib/gcc/m4f/spiffs_cc26xx.a(spiffs_nucleus.c.obj)
 .text.spiffs_page_data_check.isra.0
                0x0000000000001da8       0xbc /project/staging/core_examples/cc13xx_cc26xx_sdk/source/third_party/spiffs/lib/gcc/m4f/spiffs_cc26xx.a(spiffs_nucleus.c.obj)
 .text.spiffs_page_index_check.isra.0
                0x0000000000001e64       0xc4 /project/staging/core_examples/cc13xx_cc26xx_sdk/source/third_party/spiffs/lib/gcc/m4f/spiffs_cc26xx.a(spiffs_nucleus.c.obj)
 .text.spiffs_obj_lu_find_entry_visitor.constprop.0
                0x0000000000001f28      0x208 /project/staging/core_examples/cc13xx_cc26xx_sdk/source/third_party/spiffs/lib/gcc/m4f/spiffs_cc26xx.a(spiffs_nucleus.c.obj)
 .text.spiffs_erase_block
                0x0000000000002130       0xe0 /project/staging/core_examples/cc13xx_cc26xx_sdk/source/third_party/spiffs/lib/gcc/m4f/spiffs_cc26xx.a(spiffs_nucleus.c.obj)
                0x0000000000002130                spiffs_erase_block
 .text.spiffs_obj_lu_scan
                0x0000000000002210      0x2b8 /project/staging/core_examples/cc13xx_cc26xx_sdk/source/third_party/spiffs/lib/gcc/m4f/spiffs_cc26xx.a(spiffs_nucleus.c.obj)
                0x0000000000002210                spiffs_obj_lu_scan
 .text.spiffs_obj_lu_find_free
                0x00000000000024c8       0x88 /project/staging/core_examples/cc13xx_cc26xx_sdk/source/third_party/spiffs/lib/gcc/m4f/spiffs_cc26xx.a(spiffs_nucleus.c.obj)
                0x00000000000024c8                spiffs_obj_lu_find_free
 .text.spiffs_obj_lu_find_id_and_span
                0x0000000000002550      0x2a0 /project/staging/core_examples/cc13xx_cc26xx_sdk/source/third_party/spiffs/lib/gcc/m4f/spiffs_cc26xx.a(spiffs_nucleus.c.obj)
                0x0000000000002550                spiffs_obj_lu_find_id_and_span
 .text.spiffs_page_allocate_data
                0x00000000000027f0      0x1f4 /project/staging/core_examples/cc13xx_cc26xx_sdk/source/third_party/spiffs/lib/gcc/m4f/spiffs_cc26xx.a(spiffs_nucleus.c.obj)
                0x00000000000027f0                spiffs_page_allocate_data
 .text.spiffs_page_delete
                0x00000000000029e4       0xb4 /project/staging/core_examples/cc13xx_cc26xx_sdk/source/third_party/spiffs/lib/gcc/m4f/spiffs_cc26xx.a(spiffs_nucleus.c.obj)
                0x00000000000029e4                spiffs_page_delete
 .text.spiffs_page_move
                0x0000000000002a98      0x1a4 /project/staging/core_examples/cc13xx_cc26xx_sdk/source/third_party/spiffs/lib/gcc/m4f/spiffs_cc26xx.a(spiffs_nucleus.c.obj)
                0x0000000000002a98                spiffs_page_move
 .text.spiffs_cb_object_event
                0x0000000000002c3c      0x17c /project/staging/core_examples/cc13xx_cc26xx_sdk/source/third_party/spiffs/lib/gcc/m4f/spiffs_cc26xx.a(spiffs_nucleus.c.obj)
                0x0000000000002c3c                spiffs_cb_object_event
 .text.spiffs_object_create
                0x0000000000002db8      0x164 /project/staging/core_examples/cc13xx_cc26xx_sdk/source/third_party/spiffs/lib/gcc/m4f/spiffs_cc26xx.a(spiffs_nucleus.c.obj)
                0x0000000000002db8                spiffs_object_create
 .text.spiffs_object_update_index_hdr
                0x0000000000002f1c      0x100 /project/staging/core_examples/cc13xx_cc26xx_sdk/source/third_party/spiffs/lib/gcc/m4f/spiffs_cc26xx.a(spiffs_nucleus.c.obj)
                0x0000000000002f1c                spiffs_object_update_index_hdr
 .text.spiffs_object_open_by_page
                0x000000000000301c       0xe4 /project/staging/core_examples/cc13xx_cc26xx_sdk/source/third_party/spiffs/lib/gcc/m4f/spiffs_cc26xx.a(spiffs_nucleus.c.obj)
                0x000000000000301c                spiffs_object_open_by_page
 .text.spiffs_object_append
                0x0000000000003100      0x64c /project/staging/core_examples/cc13xx_cc26xx_sdk/source/third_party/spiffs/lib/gcc/m4f/spiffs_cc26xx.a(spiffs_nucleus.c.obj)
                0x0000000000003100                spiffs_object_append
 .text.spiffs_object_modify
                0x000000000000374c      0x65c /project/staging/core_examples/cc13xx_cc26xx_sdk/source/third_party/spiffs/lib/gcc/m4f/spiffs_cc26xx.a(spiffs_nucleus.c.obj)
                0x000000000000374c                spiffs_object_modify
 .text.spiffs_object_find_object_index_header_by_name
                0x0000000000003da8      0x250 /project/staging/core_examples/cc13xx_cc26xx_sdk/source/third_party/spiffs/lib/gcc/m4f/spiffs_cc26xx.a(spiffs_nucleus.c.obj)
                0x0000000000003da8                spiffs_object_find_object_index_header_by_name
 .text.spiffs_object_truncate
                0x0000000000003ff8      0x668 /project/staging/core_examples/cc13xx_cc26xx_sdk/source/third_party/spiffs/lib/gcc/m4f/spiffs_cc26xx.a(spiffs_nucleus.c.obj)
                0x0000000000003ff8                spiffs_object_truncate
 .text.spiffs_object_read
                0x0000000000004660      0x2d4 /project/staging/core_examples/cc13xx_cc26xx_sdk/source/third_party/spiffs/lib/gcc/m4f/spiffs_cc26xx.a(spiffs_nucleus.c.obj)
                0x0000000000004660                spiffs_object_read
 .text.spiffs_obj_lu_find_free_obj_id
                0x0000000000004934      0x554 /project/staging/core_examples/cc13xx_cc26xx_sdk/source/third_party/spiffs/lib/gcc/m4f/spiffs_cc26xx.a(spiffs_nucleus.c.obj)
                0x0000000000004934                spiffs_obj_lu_find_free_obj_id
 .text.spiffs_fd_find_new
                0x0000000000004e88      0x148 /project/staging/core_examples/cc13xx_cc26xx_sdk/source/third_party/spiffs/lib/gcc/m4f/spiffs_cc26xx.a(spiffs_nucleus.c.obj)
                0x0000000000004e88                spiffs_fd_find_new
 .text.spiffs_fd_return
                0x0000000000004fd0       0x38 /project/staging/core_examples/cc13xx_cc26xx_sdk/source/third_party/spiffs/lib/gcc/m4f/spiffs_cc26xx.a(spiffs_nucleus.c.obj)
                0x0000000000004fd0                spiffs_fd_return
 .text.spiffs_fd_get
                0x0000000000005008       0x3c /project/staging/core_examples/cc13xx_cc26xx_sdk/source/third_party/spiffs/lib/gcc/m4f/spiffs_cc26xx.a(spiffs_nucleus.c.obj)
                0x0000000000005008                spiffs_fd_get
 .text.spiffs_hal_write
                0x0000000000005044       0x28 /project/staging/core_examples/cc13xx_cc26xx_sdk/source/third_party/spiffs/lib/gcc/m4f/spiffs_cc26xx.a(SPIFFSNVS.c.obj)
 .text.spiffs_hal_read
                0x000000000000506c       0x20 /project/staging/core_examples/cc13xx_cc26xx_sdk/source/third_party/spiffs/lib/gcc/m4f/spiffs_cc26xx.a(SPIFFSNVS.c.obj)
 .text.spiffs_hal_erase
                0x000000000000508c       0x18 /project/staging/core_examples/cc13xx_cc26xx_sdk/source/third_party/spiffs/lib/gcc/m4f/spiffs_cc26xx.a(SPIFFSNVS.c.obj)
 .text.SPIFFSNVS_close
                0x00000000000050a4        0x8 /project/staging/core_examples/cc13xx_cc26xx_sdk/source/third_party/spiffs/lib/gcc/m4f/spiffs_cc26xx.a(SPIFFSNVS.c.obj)
                0x00000000000050a4                SPIFFSNVS_close
 .text.SPIFFSNVS_config
                0x00000000000050ac       0xc0 /project/staging/core_examples/cc13xx_cc26xx_sdk/source/third_party/spiffs/lib/gcc/m4f/spiffs_cc26xx.a(SPIFFSNVS.c.obj)
                0x00000000000050ac                SPIFFSNVS_config
 .text.SPIFFSNVS_lock
                0x000000000000516c       0x1c /project/staging/core_examples/cc13xx_cc26xx_sdk/source/third_party/spiffs/lib/gcc/m4f/spiffs_cc26xx.a(SPIFFSNVS.c.obj)
                0x000000000000516c                SPIFFSNVS_lock
 .text.SPIFFSNVS_unlock
                0x0000000000005188       0x18 /project/staging/core_examples/cc13xx_cc26xx_sdk/source/third_party/spiffs/lib/gcc/m4f/spiffs_cc26xx.a(SPIFFSNVS.c.obj)
                0x0000000000005188                SPIFFSNVS_unlock
 .text.spiffs_cache_page_remove_oldest.constprop.0
                0x00000000000051a0       0xb0 /project/staging/core_examples/cc13xx_cc26xx_sdk/source/third_party/spiffs/lib/gcc/m4f/spiffs_cc26xx.a(spiffs_cache.c.obj)
 .text.spiffs_cache_drop_page
                0x0000000000005250       0x64 /project/staging/core_examples/cc13xx_cc26xx_sdk/source/third_party/spiffs/lib/gcc/m4f/spiffs_cc26xx.a(spiffs_cache.c.obj)
                0x0000000000005250                spiffs_cache_drop_page
 .text.spiffs_phys_rd
                0x00000000000052b4      0x190 /project/staging/core_examples/cc13xx_cc26xx_sdk/source/third_party/spiffs/lib/gcc/m4f/spiffs_cc26xx.a(spiffs_cache.c.obj)
                0x00000000000052b4                spiffs_phys_rd
 .text.spiffs_phys_wr
                0x0000000000005444      0x100 /project/staging/core_examples/cc13xx_cc26xx_sdk/source/third_party/spiffs/lib/gcc/m4f/spiffs_cc26xx.a(spiffs_cache.c.obj)
                0x0000000000005444                spiffs_phys_wr
 .text.spiffs_cache_page_get_by_fd
                0x0000000000005544       0x50 /project/staging/core_examples/cc13xx_cc26xx_sdk/source/third_party/spiffs/lib/gcc/m4f/spiffs_cc26xx.a(spiffs_cache.c.obj)
                0x0000000000005544                spiffs_cache_page_get_by_fd
 .text.spiffs_cache_page_allocate_by_fd
                0x0000000000005594       0x68 /project/staging/core_examples/cc13xx_cc26xx_sdk/source/third_party/spiffs/lib/gcc/m4f/spiffs_cc26xx.a(spiffs_cache.c.obj)
                0x0000000000005594                spiffs_cache_page_allocate_by_fd
 .text.spiffs_cache_fd_release
                0x00000000000055fc       0x54 /project/staging/core_examples/cc13xx_cc26xx_sdk/source/third_party/spiffs/lib/gcc/m4f/spiffs_cc26xx.a(spiffs_cache.c.obj)
                0x00000000000055fc                spiffs_cache_fd_release
 .text.spiffs_cache_init
                0x0000000000005650       0x9c /project/staging/core_examples/cc13xx_cc26xx_sdk/source/third_party/spiffs/lib/gcc/m4f/spiffs_cc26xx.a(spiffs_cache.c.obj)
                0x0000000000005650                spiffs_cache_init
 .text.spiffs_gc_quick
                0x00000000000056ec      0x210 /project/staging/core_examples/cc13xx_cc26xx_sdk/source/third_party/spiffs/lib/gcc/m4f/spiffs_cc26xx.a(spiffs_gc.c.obj)
                0x00000000000056ec                spiffs_gc_quick
 .text.spiffs_gc_erase_page_stats
                0x00000000000058fc      0x12c /project/staging/core_examples/cc13xx_cc26xx_sdk/source/third_party/spiffs/lib/gcc/m4f/spiffs_cc26xx.a(spiffs_gc.c.obj)
                0x00000000000058fc                spiffs_gc_erase_page_stats
 .text.spiffs_gc_find_candidate
                0x0000000000005a28      0x2a4 /project/staging/core_examples/cc13xx_cc26xx_sdk/source/third_party/spiffs/lib/gcc/m4f/spiffs_cc26xx.a(spiffs_gc.c.obj)
                0x0000000000005a28                spiffs_gc_find_candidate
 .text.spiffs_gc_clean
                0x0000000000005ccc      0x59c /project/staging/core_examples/cc13xx_cc26xx_sdk/source/third_party/spiffs/lib/gcc/m4f/spiffs_cc26xx.a(spiffs_gc.c.obj)
                0x0000000000005ccc                spiffs_gc_clean
 .text.spiffs_gc_check
                0x0000000000006268      0x158 /project/staging/core_examples/cc13xx_cc26xx_sdk/source/third_party/spiffs/lib/gcc/m4f/spiffs_cc26xx.a(spiffs_gc.c.obj)
                0x0000000000006268                spiffs_gc_check
 .text.Display_doOpen
                0x00000000000063c0       0x60 /project/staging/core_examples/cc13xx_cc26xx_sdk/source/ti/display/lib/gcc/m4f/display_cc26x2x7.a(Display.c.obj)
                0x00000000000063c0                Display_doOpen
 .text.Display_doPrintf
                0x0000000000006420       0x24 /project/staging/core_examples/cc13xx_cc26xx_sdk/source/ti/display/lib/gcc/m4f/display_cc26x2x7.a(Display.c.obj)
                0x0000000000006420                Display_doPrintf
 .text.Display_doInit
                0x0000000000006444       0x2c /project/staging/core_examples/cc13xx_cc26xx_sdk/source/ti/display/lib/gcc/m4f/display_cc26x2x7.a(Display.c.obj)
                0x0000000000006444                Display_doInit
 .text.DisplayUart2Min_init
                0x0000000000006470        0x4 /project/staging/core_examples/cc13xx_cc26xx_sdk/source/ti/display/lib/gcc/m4f/display_cc26x2x7.a(DisplayUart2.c.obj)
                0x0000000000006470                DisplayUart2Min_init
 .text.DisplayUart2Min_clearLines
                0x0000000000006474        0x4 /project/staging/core_examples/cc13xx_cc26xx_sdk/source/ti/display/lib/gcc/m4f/display_cc26x2x7.a(DisplayUart2.c.obj)
                0x0000000000006474                DisplayUart2Min_clearLines
 .text.DisplayUart2Min_control
                0x0000000000006478        0x8 /project/staging/core_examples/cc13xx_cc26xx_sdk/source/ti/display/lib/gcc/m4f/display_cc26x2x7.a(DisplayUart2.c.obj)
                0x0000000000006478                DisplayUart2Min_control
 .text.DisplayUart2Min_getType
                0x0000000000006480        0x8 /project/staging/core_examples/cc13xx_cc26xx_sdk/source/ti/display/lib/gcc/m4f/display_cc26x2x7.a(DisplayUart2.c.obj)
                0x0000000000006480                DisplayUart2Min_getType
 .text.DisplayUart2Min_open
                0x0000000000006488       0x40 /project/staging/core_examples/cc13xx_cc26xx_sdk/source/ti/display/lib/gcc/m4f/display_cc26x2x7.a(DisplayUart2.c.obj)
                0x0000000000006488                DisplayUart2Min_open
 .text.DisplayUart2Min_vprintf
                0x00000000000064c8       0x58 /project/staging/core_examples/cc13xx_cc26xx_sdk/source/ti/display/lib/gcc/m4f/display_cc26x2x7.a(DisplayUart2.c.obj)
                0x00000000000064c8                DisplayUart2Min_vprintf
 .text.DisplayUart2Min_close
                0x0000000000006520       0x18 /project/staging/core_examples/cc13xx_cc26xx_sdk/source/ti/display/lib/gcc/m4f/display_cc26x2x7.a(DisplayUart2.c.obj)
                0x0000000000006520                DisplayUart2Min_close
 .text.DisplayUart2Min_clear
                0x0000000000006538        0x4 /project/staging/core_examples/cc13xx_cc26xx_sdk/source/ti/display/lib/gcc/m4f/display_cc26x2x7.a(DisplayUart2.c.obj)
                0x0000000000006538                DisplayUart2Min_clear
 .text.GPIO_setCallback
                0x000000000000653c       0x1c /project/staging/core_examples/cc13xx_cc26xx_sdk/source/ti/drivers/lib/gcc/m4f/drivers_cc26x2x7.a(GPIO.c.obj)
                0x000000000000653c                GPIO_setCallback
 .text.GPIO_setUserArg
                0x0000000000006558       0x14 /project/staging/core_examples/cc13xx_cc26xx_sdk/source/ti/drivers/lib/gcc/m4f/drivers_cc26x2x7.a(GPIO.c.obj)
                0x0000000000006558                GPIO_setUserArg
 .text.GPIO_getUserArg
                0x000000000000656c       0x10 /project/staging/core_examples/cc13xx_cc26xx_sdk/source/ti/drivers/lib/gcc/m4f/drivers_cc26x2x7.a(GPIO.c.obj)
                0x000000000000656c                GPIO_getUserArg
 .text.GPIO_resetConfig
                0x000000000000657c       0x3c /project/staging/core_examples/cc13xx_cc26xx_sdk/source/ti/drivers/lib/gcc/m4f/drivers_cc26x2x7.a(GPIO.c.obj)
                0x000000000000657c                GPIO_resetConfig
 .text.GPIO_disableInt
                0x00000000000065b8       0x18 /project/staging/core_examples/cc13xx_cc26xx_sdk/source/ti/drivers/lib/gcc/m4f/drivers_cc26x2x7.a(GPIOCC26XX.c.obj)
                0x00000000000065b8                GPIO_disableInt
 .text.GPIO_read
                0x00000000000065d0       0x14 /project/staging/core_examples/cc13xx_cc26xx_sdk/source/ti/drivers/lib/gcc/m4f/drivers_cc26x2x7.a(GPIOCC26XX.c.obj)
                0x00000000000065d0                GPIO_read
 .text.GPIO_setConfig
                0x00000000000065e4       0x7c /project/staging/core_examples/cc13xx_cc26xx_sdk/source/ti/drivers/lib/gcc/m4f/drivers_cc26x2x7.a(GPIOCC26XX.c.obj)
                0x00000000000065e4                GPIO_setConfig
 .text.GPIO_setInterruptConfig
                0x0000000000006660       0x30 /project/staging/core_examples/cc13xx_cc26xx_sdk/source/ti/drivers/lib/gcc/m4f/drivers_cc26x2x7.a(GPIOCC26XX.c.obj)
                0x0000000000006660                GPIO_setInterruptConfig
 .text.GPIO_setConfigAndMux
                0x0000000000006690       0x7c /project/staging/core_examples/cc13xx_cc26xx_sdk/source/ti/drivers/lib/gcc/m4f/drivers_cc26x2x7.a(GPIOCC26XX.c.obj)
                0x0000000000006690                GPIO_setConfigAndMux
 .text.GPIO_write
                0x000000000000670c       0x14 /project/staging/core_examples/cc13xx_cc26xx_sdk/source/ti/drivers/lib/gcc/m4f/drivers_cc26x2x7.a(GPIOCC26XX.c.obj)
                0x000000000000670c                GPIO_write
 .text.NVS_close
                0x0000000000006720        0x8 /project/staging/core_examples/cc13xx_cc26xx_sdk/source/ti/drivers/lib/gcc/m4f/drivers_cc26x2x7.a(NVS.c.obj)
                0x0000000000006720                NVS_close
 .text.NVS_erase
                0x0000000000006728        0x8 /project/staging/core_examples/cc13xx_cc26xx_sdk/source/ti/drivers/lib/gcc/m4f/drivers_cc26x2x7.a(NVS.c.obj)
                0x0000000000006728                NVS_erase
 .text.NVS_getAttrs
                0x0000000000006730        0x8 /project/staging/core_examples/cc13xx_cc26xx_sdk/source/ti/drivers/lib/gcc/m4f/drivers_cc26x2x7.a(NVS.c.obj)
                0x0000000000006730                NVS_getAttrs
 .text.NVS_init
                0x0000000000006738       0x38 /project/staging/core_examples/cc13xx_cc26xx_sdk/source/ti/drivers/lib/gcc/m4f/drivers_cc26x2x7.a(NVS.c.obj)
                0x0000000000006738                NVS_init
 .text.NVS_open
                0x0000000000006770       0x84 /project/staging/core_examples/cc13xx_cc26xx_sdk/source/ti/drivers/lib/gcc/m4f/drivers_cc26x2x7.a(NVS.c.obj)
                0x0000000000006770                NVS_open
 .text.NVS_read
                0x00000000000067f4       0x10 /project/staging/core_examples/cc13xx_cc26xx_sdk/source/ti/drivers/lib/gcc/m4f/drivers_cc26x2x7.a(NVS.c.obj)
                0x00000000000067f4                NVS_read
 .text.NVS_write
                0x0000000000006804       0x10 /project/staging/core_examples/cc13xx_cc26xx_sdk/source/ti/drivers/lib/gcc/m4f/drivers_cc26x2x7.a(NVS.c.obj)
                0x0000000000006804                NVS_write
 .text.NVSSPI25X_getAttrs
                0x0000000000006814       0x14 /project/staging/core_examples/cc13xx_cc26xx_sdk/source/ti/drivers/lib/gcc/m4f/drivers_cc26x2x7.a(NVSSPI25X.c.obj)
                0x0000000000006814                NVSSPI25X_getAttrs
 .text.NVSSPI25X_lock
                0x0000000000006828       0x1c /project/staging/core_examples/cc13xx_cc26xx_sdk/source/ti/drivers/lib/gcc/m4f/drivers_cc26x2x7.a(NVSSPI25X.c.obj)
                0x0000000000006828                NVSSPI25X_lock
 .text.NVSSPI25X_unlock
                0x0000000000006844        0xc /project/staging/core_examples/cc13xx_cc26xx_sdk/source/ti/drivers/lib/gcc/m4f/drivers_cc26x2x7.a(NVSSPI25X.c.obj)
                0x0000000000006844                NVSSPI25X_unlock
 .text.NVSSPI25X_init
                0x0000000000006850       0x38 /project/staging/core_examples/cc13xx_cc26xx_sdk/source/ti/drivers/lib/gcc/m4f/drivers_cc26x2x7.a(NVSSPI25X.c.obj)
                0x0000000000006850                NVSSPI25X_init
 .text.NVSSPI25X_initSpiCs
                0x0000000000006888       0x24 /project/staging/core_examples/cc13xx_cc26xx_sdk/source/ti/drivers/lib/gcc/m4f/drivers_cc26x2x7.a(NVSSPI25X.c.obj)
                0x0000000000006888                NVSSPI25X_initSpiCs
 .text.NVSSPI25X_deinitSpiCs
                0x00000000000068ac        0x4 /project/staging/core_examples/cc13xx_cc26xx_sdk/source/ti/drivers/lib/gcc/m4f/drivers_cc26x2x7.a(NVSSPI25X.c.obj)
                0x00000000000068ac                NVSSPI25X_deinitSpiCs
 .text.NVSSPI25X_assertSpiCs
                0x00000000000068b0       0x14 /project/staging/core_examples/cc13xx_cc26xx_sdk/source/ti/drivers/lib/gcc/m4f/drivers_cc26x2x7.a(NVSSPI25X.c.obj)
                0x00000000000068b0                NVSSPI25X_assertSpiCs
 .text.NVSSPI25X_deassertSpiCs
                0x00000000000068c4       0x14 /project/staging/core_examples/cc13xx_cc26xx_sdk/source/ti/drivers/lib/gcc/m4f/drivers_cc26x2x7.a(NVSSPI25X.c.obj)
                0x00000000000068c4                NVSSPI25X_deassertSpiCs
 .text.extFlashWaitReady
                0x00000000000068d8       0x90 /project/staging/core_examples/cc13xx_cc26xx_sdk/source/ti/drivers/lib/gcc/m4f/drivers_cc26x2x7.a(NVSSPI25X.c.obj)
 .text.NVSSPI25X_close
                0x0000000000006968       0xbc /project/staging/core_examples/cc13xx_cc26xx_sdk/source/ti/drivers/lib/gcc/m4f/drivers_cc26x2x7.a(NVSSPI25X.c.obj)
                0x0000000000006968                NVSSPI25X_close
 .text.NVSSPI25X_control
                0x0000000000006a24       0x78 /project/staging/core_examples/cc13xx_cc26xx_sdk/source/ti/drivers/lib/gcc/m4f/drivers_cc26x2x7.a(NVSSPI25X.c.obj)
                0x0000000000006a24                NVSSPI25X_control
 .text.NVSSPI25X_open
                0x0000000000006a9c      0x180 /project/staging/core_examples/cc13xx_cc26xx_sdk/source/ti/drivers/lib/gcc/m4f/drivers_cc26x2x7.a(NVSSPI25X.c.obj)
                0x0000000000006a9c                NVSSPI25X_open
 .text.doRead   0x0000000000006c1c       0xb0 /project/staging/core_examples/cc13xx_cc26xx_sdk/source/ti/drivers/lib/gcc/m4f/drivers_cc26x2x7.a(NVSSPI25X.c.obj)
 .text.doErase  0x0000000000006ccc      0x124 /project/staging/core_examples/cc13xx_cc26xx_sdk/source/ti/drivers/lib/gcc/m4f/drivers_cc26x2x7.a(NVSSPI25X.c.obj)
 .text.NVSSPI25X_erase
                0x0000000000006df0       0x34 /project/staging/core_examples/cc13xx_cc26xx_sdk/source/ti/drivers/lib/gcc/m4f/drivers_cc26x2x7.a(NVSSPI25X.c.obj)
                0x0000000000006df0                NVSSPI25X_erase
 .text.NVSSPI25X_write
                0x0000000000006e24      0x270 /project/staging/core_examples/cc13xx_cc26xx_sdk/source/ti/drivers/lib/gcc/m4f/drivers_cc26x2x7.a(NVSSPI25X.c.obj)
                0x0000000000006e24                NVSSPI25X_write
 .text.NVSSPI25X_read
                0x0000000000007094       0xe0 /project/staging/core_examples/cc13xx_cc26xx_sdk/source/ti/drivers/lib/gcc/m4f/drivers_cc26x2x7.a(NVSSPI25X.c.obj)
                0x0000000000007094                NVSSPI25X_read
 .text.emptyClockFunc
                0x0000000000007174        0x4 /project/staging/core_examples/cc13xx_cc26xx_sdk/source/ti/drivers/lib/gcc/m4f/drivers_cc26x2x7.a(PowerCC26X2.c.obj)
 .text.nopResourceHandler
                0x0000000000007178        0x4 /project/staging/core_examples/cc13xx_cc26xx_sdk/source/ti/drivers/lib/gcc/m4f/drivers_cc26x2x7.a(PowerCC26X2.c.obj)
 .text.configureRFCoreClocks
                0x000000000000717c        0x4 /project/staging/core_examples/cc13xx_cc26xx_sdk/source/ti/drivers/lib/gcc/m4f/drivers_cc26x2x7.a(PowerCC26X2.c.obj)
 .text.switchToTCXO
                0x0000000000007180       0x80 /project/staging/core_examples/cc13xx_cc26xx_sdk/source/ti/drivers/lib/gcc/m4f/drivers_cc26x2x7.a(PowerCC26X2.c.obj)
 .text.configureXOSCHF
                0x0000000000007200      0x12c /project/staging/core_examples/cc13xx_cc26xx_sdk/source/ti/drivers/lib/gcc/m4f/drivers_cc26x2x7.a(PowerCC26X2.c.obj)
 .text.oscillatorISR
                0x000000000000732c      0x12c /project/staging/core_examples/cc13xx_cc26xx_sdk/source/ti/drivers/lib/gcc/m4f/drivers_cc26x2x7.a(PowerCC26X2.c.obj)
 .text.Power_disablePolicy
                0x0000000000007458       0x14 /project/staging/core_examples/cc13xx_cc26xx_sdk/source/ti/drivers/lib/gcc/m4f/drivers_cc26x2x7.a(PowerCC26X2.c.obj)
                0x0000000000007458                Power_disablePolicy
 .text.Power_enablePolicy
                0x000000000000746c       0x10 /project/staging/core_examples/cc13xx_cc26xx_sdk/source/ti/drivers/lib/gcc/m4f/drivers_cc26x2x7.a(PowerCC26X2.c.obj)
                0x000000000000746c                Power_enablePolicy
 .text.Power_getConstraintMask
                0x000000000000747c        0xc /project/staging/core_examples/cc13xx_cc26xx_sdk/source/ti/drivers/lib/gcc/m4f/drivers_cc26x2x7.a(PowerCC26X2.c.obj)
                0x000000000000747c                Power_getConstraintMask
 .text.Power_getDependencyCount
                0x0000000000007488       0x10 /project/staging/core_examples/cc13xx_cc26xx_sdk/source/ti/drivers/lib/gcc/m4f/drivers_cc26x2x7.a(PowerCC26X2.c.obj)
                0x0000000000007488                Power_getDependencyCount
 .text.Power_getTransitionLatency
                0x0000000000007498       0x1c /project/staging/core_examples/cc13xx_cc26xx_sdk/source/ti/drivers/lib/gcc/m4f/drivers_cc26x2x7.a(PowerCC26X2.c.obj)
                0x0000000000007498                Power_getTransitionLatency
 .text.Power_idleFunc
                0x00000000000074b4       0x18 /project/staging/core_examples/cc13xx_cc26xx_sdk/source/ti/drivers/lib/gcc/m4f/drivers_cc26x2x7.a(PowerCC26X2.c.obj)
                0x00000000000074b4                Power_idleFunc
 .text.Power_init
                0x00000000000074cc      0x168 /project/staging/core_examples/cc13xx_cc26xx_sdk/source/ti/drivers/lib/gcc/m4f/drivers_cc26x2x7.a(PowerCC26X2.c.obj)
                0x00000000000074cc                Power_init
 .text.Power_registerNotify
                0x0000000000007634       0x24 /project/staging/core_examples/cc13xx_cc26xx_sdk/source/ti/drivers/lib/gcc/m4f/drivers_cc26x2x7.a(PowerCC26X2.c.obj)
                0x0000000000007634                Power_registerNotify
 .text.Power_releaseConstraint
                0x0000000000007658       0x34 /project/staging/core_examples/cc13xx_cc26xx_sdk/source/ti/drivers/lib/gcc/m4f/drivers_cc26x2x7.a(PowerCC26X2.c.obj)
                0x0000000000007658                Power_releaseConstraint
 .text.Power_releaseDependency
                0x000000000000768c       0xc0 /project/staging/core_examples/cc13xx_cc26xx_sdk/source/ti/drivers/lib/gcc/m4f/drivers_cc26x2x7.a(PowerCC26X2.c.obj)
                0x000000000000768c                Power_releaseDependency
 .text.Power_setConstraint
                0x000000000000774c       0x30 /project/staging/core_examples/cc13xx_cc26xx_sdk/source/ti/drivers/lib/gcc/m4f/drivers_cc26x2x7.a(PowerCC26X2.c.obj)
                0x000000000000774c                Power_setConstraint
 .text.Power_setDependency
                0x000000000000777c       0xcc /project/staging/core_examples/cc13xx_cc26xx_sdk/source/ti/drivers/lib/gcc/m4f/drivers_cc26x2x7.a(PowerCC26X2.c.obj)
                0x000000000000777c                Power_setDependency
 .text.Power_sleep
                0x0000000000007848      0x1c8 /project/staging/core_examples/cc13xx_cc26xx_sdk/source/ti/drivers/lib/gcc/m4f/drivers_cc26x2x7.a(PowerCC26X2.c.obj)
                0x0000000000007848                Power_sleep
 .text.Power_unregisterNotify
                0x0000000000007a10       0x24 /project/staging/core_examples/cc13xx_cc26xx_sdk/source/ti/drivers/lib/gcc/m4f/drivers_cc26x2x7.a(PowerCC26X2.c.obj)
                0x0000000000007a10                Power_unregisterNotify
 .text.PowerCC26XX_calibrate
                0x0000000000007a34       0x18 /project/staging/core_examples/cc13xx_cc26xx_sdk/source/ti/drivers/lib/gcc/m4f/drivers_cc26x2x7.a(PowerCC26X2.c.obj)
                0x0000000000007a34                PowerCC26XX_calibrate
 .text.PowerCC26X2_initiateCalibration
                0x0000000000007a4c       0x74 /project/staging/core_examples/cc13xx_cc26xx_sdk/source/ti/drivers/lib/gcc/m4f/drivers_cc26x2x7.a(PowerCC26X2_calibrateRCOSC.c.obj)
                0x0000000000007a4c                PowerCC26X2_initiateCalibration
 .text.PowerCC26X2_auxISR
                0x0000000000007ac0      0x2ec /project/staging/core_examples/cc13xx_cc26xx_sdk/source/ti/drivers/lib/gcc/m4f/drivers_cc26x2x7.a(PowerCC26X2_calibrateRCOSC.c.obj)
                0x0000000000007ac0                PowerCC26X2_auxISR
 .text.PowerCC26X2_calibrate
                0x0000000000007dac      0x140 /project/staging/core_examples/cc13xx_cc26xx_sdk/source/ti/drivers/lib/gcc/m4f/drivers_cc26x2x7.a(PowerCC26X2_calibrateRCOSC.c.obj)
                0x0000000000007dac                PowerCC26X2_calibrate
 .text.PowerCC26X2_RCOSC_clockFunc
                0x0000000000007eec       0x4c /project/staging/core_examples/cc13xx_cc26xx_sdk/source/ti/drivers/lib/gcc/m4f/drivers_cc26x2x7.a(PowerCC26X2_calibrateRCOSC.c.obj)
                0x0000000000007eec                PowerCC26X2_RCOSC_clockFunc
 .text.SPI_close
                0x0000000000007f38        0x8 /project/staging/core_examples/cc13xx_cc26xx_sdk/source/ti/drivers/lib/gcc/m4f/drivers_cc26x2x7.a(SPI.c.obj)
                0x0000000000007f38                SPI_close
 .text.SPI_init
                0x0000000000007f40       0x4c /project/staging/core_examples/cc13xx_cc26xx_sdk/source/ti/drivers/lib/gcc/m4f/drivers_cc26x2x7.a(SPI.c.obj)
                0x0000000000007f40                SPI_init
 .text.SPI_open
                0x0000000000007f8c       0x44 /project/staging/core_examples/cc13xx_cc26xx_sdk/source/ti/drivers/lib/gcc/m4f/drivers_cc26x2x7.a(SPI.c.obj)
                0x0000000000007f8c                SPI_open
 .text.SPI_Params_init
                0x0000000000007fd0       0x1c /project/staging/core_examples/cc13xx_cc26xx_sdk/source/ti/drivers/lib/gcc/m4f/drivers_cc26x2x7.a(SPI.c.obj)
                0x0000000000007fd0                SPI_Params_init
 .text.SPI_transfer
                0x0000000000007fec        0x8 /project/staging/core_examples/cc13xx_cc26xx_sdk/source/ti/drivers/lib/gcc/m4f/drivers_cc26x2x7.a(SPI.c.obj)
                0x0000000000007fec                SPI_transfer
 .text.UART2_Params_init
                0x0000000000007ff4       0x1c /project/staging/core_examples/cc13xx_cc26xx_sdk/source/ti/drivers/lib/gcc/m4f/drivers_cc26x2x7.a(UART2.c.obj)
                0x0000000000007ff4                UART2_Params_init
 .text.UART2_readCancel
                0x0000000000008010       0x60 /project/staging/core_examples/cc13xx_cc26xx_sdk/source/ti/drivers/lib/gcc/m4f/drivers_cc26x2x7.a(UART2.c.obj)
                0x0000000000008010                UART2_readCancel
 .text.UART2_rxDisable
                0x0000000000008070       0x40 /project/staging/core_examples/cc13xx_cc26xx_sdk/source/ti/drivers/lib/gcc/m4f/drivers_cc26x2x7.a(UART2.c.obj)
                0x0000000000008070                UART2_rxDisable
 .text.UART2_writeTimeoutBlocking
                0x00000000000080b0      0x174 /project/staging/core_examples/cc13xx_cc26xx_sdk/source/ti/drivers/lib/gcc/m4f/drivers_cc26x2x7.a(UART2.c.obj)
                0x00000000000080b0                UART2_writeTimeoutBlocking
 .text.UART2_writeTimeoutNonblocking
                0x0000000000008224      0x134 /project/staging/core_examples/cc13xx_cc26xx_sdk/source/ti/drivers/lib/gcc/m4f/drivers_cc26x2x7.a(UART2.c.obj)
                0x0000000000008224                UART2_writeTimeoutNonblocking
 .text.UART2_writeTimeout
                0x0000000000008358       0x1c /project/staging/core_examples/cc13xx_cc26xx_sdk/source/ti/drivers/lib/gcc/m4f/drivers_cc26x2x7.a(UART2.c.obj)
                0x0000000000008358                UART2_writeTimeout
 .text.UART2_write
                0x0000000000008374       0x14 /project/staging/core_examples/cc13xx_cc26xx_sdk/source/ti/drivers/lib/gcc/m4f/drivers_cc26x2x7.a(UART2.c.obj)
                0x0000000000008374                UART2_write
 .text.UART2_writeCancel
                0x0000000000008388       0xb0 /project/staging/core_examples/cc13xx_cc26xx_sdk/source/ti/drivers/lib/gcc/m4f/drivers_cc26x2x7.a(UART2.c.obj)
                0x0000000000008388                UART2_writeCancel
 .text.UART2CC26X2_eventCallback
                0x0000000000008438        0x4 /project/staging/core_examples/cc13xx_cc26xx_sdk/source/ti/drivers/lib/gcc/m4f/drivers_cc26x2x7.a(UART2CC26X2.c.obj)
 .text.UART2CC26X2_postNotifyFxn
                0x000000000000843c      0x138 /project/staging/core_examples/cc13xx_cc26xx_sdk/source/ti/drivers/lib/gcc/m4f/drivers_cc26x2x7.a(UART2CC26X2.c.obj)
 .text.UART2_close
                0x0000000000008574       0x9c /project/staging/core_examples/cc13xx_cc26xx_sdk/source/ti/drivers/lib/gcc/m4f/drivers_cc26x2x7.a(UART2CC26X2.c.obj)
                0x0000000000008574                UART2_close
 .text.UART2_open
                0x0000000000008610      0x2fc /project/staging/core_examples/cc13xx_cc26xx_sdk/source/ti/drivers/lib/gcc/m4f/drivers_cc26x2x7.a(UART2CC26X2.c.obj)
                0x0000000000008610                UART2_open
 .text.UART2Support_disableRx
                0x000000000000890c       0x20 /project/staging/core_examples/cc13xx_cc26xx_sdk/source/ti/drivers/lib/gcc/m4f/drivers_cc26x2x7.a(UART2CC26X2.c.obj)
                0x000000000000890c                UART2Support_disableRx
 .text.UART2Support_disableTx
                0x000000000000892c        0xc /project/staging/core_examples/cc13xx_cc26xx_sdk/source/ti/drivers/lib/gcc/m4f/drivers_cc26x2x7.a(UART2CC26X2.c.obj)
                0x000000000000892c                UART2Support_disableTx
 .text.UART2Support_dmaStartTx
                0x0000000000008938       0xe4 /project/staging/core_examples/cc13xx_cc26xx_sdk/source/ti/drivers/lib/gcc/m4f/drivers_cc26x2x7.a(UART2CC26X2.c.obj)
                0x0000000000008938                UART2Support_dmaStartTx
 .text.UART2Support_dmaStopRx
                0x0000000000008a1c       0x74 /project/staging/core_examples/cc13xx_cc26xx_sdk/source/ti/drivers/lib/gcc/m4f/drivers_cc26x2x7.a(UART2CC26X2.c.obj)
                0x0000000000008a1c                UART2Support_dmaStopRx
 .text.UART2Support_dmaStartRx
                0x0000000000008a90      0x104 /project/staging/core_examples/cc13xx_cc26xx_sdk/source/ti/drivers/lib/gcc/m4f/drivers_cc26x2x7.a(UART2CC26X2.c.obj)
                0x0000000000008a90                UART2Support_dmaStartRx
 .text.UART2Support_dmaStopTx
                0x0000000000008b94       0x8c /project/staging/core_examples/cc13xx_cc26xx_sdk/source/ti/drivers/lib/gcc/m4f/drivers_cc26x2x7.a(UART2CC26X2.c.obj)
                0x0000000000008b94                UART2Support_dmaStopTx
 .text.UART2CC26X2_hwiIntFxn
                0x0000000000008c20      0x2bc /project/staging/core_examples/cc13xx_cc26xx_sdk/source/ti/drivers/lib/gcc/m4f/drivers_cc26x2x7.a(UART2CC26X2.c.obj)
 .text.UART2Support_enableTx
                0x0000000000008edc        0xc /project/staging/core_examples/cc13xx_cc26xx_sdk/source/ti/drivers/lib/gcc/m4f/drivers_cc26x2x7.a(UART2CC26X2.c.obj)
                0x0000000000008edc                UART2Support_enableTx
 .text.UART2Support_powerRelConstraint
                0x0000000000008ee8       0x2c /project/staging/core_examples/cc13xx_cc26xx_sdk/source/ti/drivers/lib/gcc/m4f/drivers_cc26x2x7.a(UART2CC26X2.c.obj)
                0x0000000000008ee8                UART2Support_powerRelConstraint
 .text.UART2Support_sendData
                0x0000000000008f14       0x3c /project/staging/core_examples/cc13xx_cc26xx_sdk/source/ti/drivers/lib/gcc/m4f/drivers_cc26x2x7.a(UART2CC26X2.c.obj)
                0x0000000000008f14                UART2Support_sendData
 .text.UART2Support_txDone
                0x0000000000008f50       0x10 /project/staging/core_examples/cc13xx_cc26xx_sdk/source/ti/drivers/lib/gcc/m4f/drivers_cc26x2x7.a(UART2CC26X2.c.obj)
                0x0000000000008f50                UART2Support_txDone
 .text.GPIO_hwiIntFxn
                0x0000000000008f60       0x4c /project/staging/core_examples/cc13xx_cc26xx_sdk/source/ti/drivers/lib/gcc/m4f/drivers_cc26x2x7.a(GPIOCC26X2.c.obj)
                0x0000000000008f60                GPIO_hwiIntFxn
 .text.GPIO_init
                0x0000000000008fac      0x138 /project/staging/core_examples/cc13xx_cc26xx_sdk/source/ti/drivers/lib/gcc/m4f/drivers_cc26x2x7.a(GPIOCC26X2.c.obj)
                0x0000000000008fac                GPIO_init
 .text.PowerCC26X2_updateSubSecInc
                0x00000000000090e4       0x84 /project/staging/core_examples/cc13xx_cc26xx_sdk/source/ti/drivers/lib/gcc/m4f/drivers_cc26x2x7.a(PowerCC26X2_calibrateRCOSC_helpers.c.obj)
                0x00000000000090e4                PowerCC26X2_updateSubSecInc
 .text.PowerCC26X2_readCtrim
                0x0000000000009168       0x10 /project/staging/core_examples/cc13xx_cc26xx_sdk/source/ti/drivers/lib/gcc/m4f/drivers_cc26x2x7.a(PowerCC26X2_calibrateRCOSC_helpers.c.obj)
                0x0000000000009168                PowerCC26X2_readCtrim
 .text.PowerCC26X2_readCtrimFract
                0x0000000000009178       0x10 /project/staging/core_examples/cc13xx_cc26xx_sdk/source/ti/drivers/lib/gcc/m4f/drivers_cc26x2x7.a(PowerCC26X2_calibrateRCOSC_helpers.c.obj)
                0x0000000000009178                PowerCC26X2_readCtrimFract
 .text.PowerCC26X2_readRtrim
                0x0000000000009188       0x10 /project/staging/core_examples/cc13xx_cc26xx_sdk/source/ti/drivers/lib/gcc/m4f/drivers_cc26x2x7.a(PowerCC26X2_calibrateRCOSC_helpers.c.obj)
                0x0000000000009188                PowerCC26X2_readRtrim
 .text.PowerCC26X2_writeCtrim
                0x0000000000009198       0x28 /project/staging/core_examples/cc13xx_cc26xx_sdk/source/ti/drivers/lib/gcc/m4f/drivers_cc26x2x7.a(PowerCC26X2_calibrateRCOSC_helpers.c.obj)
                0x0000000000009198                PowerCC26X2_writeCtrim
 .text.PowerCC26X2_writeCtrimFract
                0x00000000000091c0       0x28 /project/staging/core_examples/cc13xx_cc26xx_sdk/source/ti/drivers/lib/gcc/m4f/drivers_cc26x2x7.a(PowerCC26X2_calibrateRCOSC_helpers.c.obj)
                0x00000000000091c0                PowerCC26X2_writeCtrimFract
 .text.PowerCC26X2_writeCtrimFractEn
                0x00000000000091e8       0x28 /project/staging/core_examples/cc13xx_cc26xx_sdk/source/ti/drivers/lib/gcc/m4f/drivers_cc26x2x7.a(PowerCC26X2_calibrateRCOSC_helpers.c.obj)
                0x00000000000091e8                PowerCC26X2_writeCtrimFractEn
 .text.PowerCC26X2_writeRtrim
                0x0000000000009210       0x28 /project/staging/core_examples/cc13xx_cc26xx_sdk/source/ti/drivers/lib/gcc/m4f/drivers_cc26x2x7.a(PowerCC26X2_calibrateRCOSC_helpers.c.obj)
                0x0000000000009210                PowerCC26X2_writeRtrim
 .text.PowerCC26X2_setTdcClkSrc24M
                0x0000000000009238       0x3c /project/staging/core_examples/cc13xx_cc26xx_sdk/source/ti/drivers/lib/gcc/m4f/drivers_cc26x2x7.a(PowerCC26X2_calibrateRCOSC_helpers.c.obj)
                0x0000000000009238                PowerCC26X2_setTdcClkSrc24M
 .text.PowerCC26X2_setAclkRefSrc
                0x0000000000009274       0x40 /project/staging/core_examples/cc13xx_cc26xx_sdk/source/ti/drivers/lib/gcc/m4f/drivers_cc26x2x7.a(PowerCC26X2_calibrateRCOSC_helpers.c.obj)
                0x0000000000009274                PowerCC26X2_setAclkRefSrc
 .text.PowerCC26X2_oscCtlClearXtal
                0x00000000000092b4       0x10 /project/staging/core_examples/cc13xx_cc26xx_sdk/source/ti/drivers/lib/gcc/m4f/drivers_cc26x2x7.a(PowerCC26X2_helpers.c.obj)
                0x00000000000092b4                PowerCC26X2_oscCtlClearXtal
 .text.PowerCC26X2_prcmEnableCacheRetention
                0x00000000000092c4       0x10 /project/staging/core_examples/cc13xx_cc26xx_sdk/source/ti/drivers/lib/gcc/m4f/drivers_cc26x2x7.a(PowerCC26X2_helpers.c.obj)
                0x00000000000092c4                PowerCC26X2_prcmEnableCacheRetention
 .text.PowerCC26X2_oschfSwitchToRcosc
                0x00000000000092d4        0x4 /project/staging/core_examples/cc13xx_cc26xx_sdk/source/ti/drivers/lib/gcc/m4f/drivers_cc26x2x7.a(PowerCC26X2_helpers.c.obj)
                0x00000000000092d4                PowerCC26X2_oschfSwitchToRcosc
 .text.PowerCC26X2_oscClockSourceGet
                0x00000000000092d8        0xc /project/staging/core_examples/cc13xx_cc26xx_sdk/source/ti/drivers/lib/gcc/m4f/drivers_cc26x2x7.a(PowerCC26X2_helpers.c.obj)
                0x00000000000092d8                PowerCC26X2_oscClockSourceGet
 .text.PowerCC26X2_oscDisableQualifiers
                0x00000000000092e4       0x3c /project/staging/core_examples/cc13xx_cc26xx_sdk/source/ti/drivers/lib/gcc/m4f/drivers_cc26x2x7.a(PowerCC26X2_helpers.c.obj)
                0x00000000000092e4                PowerCC26X2_oscDisableQualifiers
 .text.PowerCC26X2_oschfTrySwitchToXosc
                0x0000000000009320        0x8 /project/staging/core_examples/cc13xx_cc26xx_sdk/source/ti/drivers/lib/gcc/m4f/drivers_cc26x2x7.a(PowerCC26X2_helpers.c.obj)
                0x0000000000009320                PowerCC26X2_oschfTrySwitchToXosc
 .text.PowerCC26X2_enableTCXOQual
                0x0000000000009328       0x20 /project/staging/core_examples/cc13xx_cc26xx_sdk/source/ti/drivers/lib/gcc/m4f/drivers_cc26x2x7.a(PowerCC26X2_helpers.c.obj)
                0x0000000000009328                PowerCC26X2_enableTCXOQual
 .text.PowerCC26X2_disableTCXOQual
                0x0000000000009348       0x20 /project/staging/core_examples/cc13xx_cc26xx_sdk/source/ti/drivers/lib/gcc/m4f/drivers_cc26x2x7.a(PowerCC26X2_helpers.c.obj)
                0x0000000000009348                PowerCC26X2_disableTCXOQual
 .text.PowerCC26X2_turnOnXosc
                0x0000000000009368        0x4 /project/staging/core_examples/cc13xx_cc26xx_sdk/source/ti/drivers/lib/gcc/m4f/drivers_cc26x2x7.a(PowerCC26X2_helpers.c.obj)
                0x0000000000009368                PowerCC26X2_turnOnXosc
 .text.PowerCC26X2_switchToTCXO
                0x000000000000936c       0x10 /project/staging/core_examples/cc13xx_cc26xx_sdk/source/ti/drivers/lib/gcc/m4f/drivers_cc26x2x7.a(PowerCC26X2_helpers.c.obj)
                0x000000000000936c                PowerCC26X2_switchToTCXO
 .text.PowerCC26X2_sysCtrlStandby
                0x000000000000937c        0xc /project/staging/core_examples/cc13xx_cc26xx_sdk/source/ti/drivers/lib/gcc/m4f/drivers_cc26x2x7.a(PowerCC26X2_helpers.c.obj)
                0x000000000000937c                PowerCC26X2_sysCtrlStandby
 .text.PowerCC26X2_sysCtrlIdle
                0x0000000000009388        0x4 /project/staging/core_examples/cc13xx_cc26xx_sdk/source/ti/drivers/lib/gcc/m4f/drivers_cc26x2x7.a(PowerCC26X2_helpers.c.obj)
                0x0000000000009388                PowerCC26X2_sysCtrlIdle
 .text.PowerCC26X2_setPeriphDeepSleepEnable
                0x000000000000938c        0xc /project/staging/core_examples/cc13xx_cc26xx_sdk/source/ti/drivers/lib/gcc/m4f/drivers_cc26x2x7.a(PowerCC26X2_helpers.c.obj)
                0x000000000000938c                PowerCC26X2_setPeriphDeepSleepEnable
 .text.PowerCC26X2_sysCtrlGetResetSource
                0x0000000000009398        0xc /project/staging/core_examples/cc13xx_cc26xx_sdk/source/ti/drivers/lib/gcc/m4f/drivers_cc26x2x7.a(PowerCC26X2_helpers.c.obj)
                0x0000000000009398                PowerCC26X2_sysCtrlGetResetSource
 .text.PowerCC26X2_setSubSecIncToXoscLf
                0x00000000000093a4       0x30 /project/staging/core_examples/cc13xx_cc26xx_sdk/source/ti/drivers/lib/gcc/m4f/drivers_cc26x2x7.a(PowerCC26X2_helpers.c.obj)
                0x00000000000093a4                PowerCC26X2_setSubSecIncToXoscLf
 .text.PowerCC26X2_sysCtrlUpdateVoltageRegulator
                0x00000000000093d4        0xc /project/staging/core_examples/cc13xx_cc26xx_sdk/source/ti/drivers/lib/gcc/m4f/drivers_cc26x2x7.a(PowerCC26X2_helpers.c.obj)
                0x00000000000093d4                PowerCC26X2_sysCtrlUpdateVoltageRegulator
 .text.SPICC26X2DMA_init
                0x00000000000093e0        0xc /project/staging/core_examples/cc13xx_cc26xx_sdk/source/ti/drivers/lib/gcc/m4f/drivers_cc26x2x7.a(SPICC26X2DMA.c.obj)
                0x00000000000093e0                SPICC26X2DMA_init
 .text.configNextTransfer
                0x00000000000093ec      0x15c /project/staging/core_examples/cc13xx_cc26xx_sdk/source/ti/drivers/lib/gcc/m4f/drivers_cc26x2x7.a(SPICC26X2DMA.c.obj)
 .text.SPICC26X2DMA_control
                0x0000000000009548       0xd8 /project/staging/core_examples/cc13xx_cc26xx_sdk/source/ti/drivers/lib/gcc/m4f/drivers_cc26x2x7.a(SPICC26X2DMA.c.obj)
                0x0000000000009548                SPICC26X2DMA_control
 .text.blockingTransferCallback
                0x0000000000009620        0x8 /project/staging/core_examples/cc13xx_cc26xx_sdk/source/ti/drivers/lib/gcc/m4f/drivers_cc26x2x7.a(SPICC26X2DMA.c.obj)
 .text.SPICC26X2DMA_close
                0x0000000000009628       0x74 /project/staging/core_examples/cc13xx_cc26xx_sdk/source/ti/drivers/lib/gcc/m4f/drivers_cc26x2x7.a(SPICC26X2DMA.c.obj)
                0x0000000000009628                SPICC26X2DMA_close
 .text.SPICC26X2DMA_swiFxn
                0x000000000000969c       0x6c /project/staging/core_examples/cc13xx_cc26xx_sdk/source/ti/drivers/lib/gcc/m4f/drivers_cc26x2x7.a(SPICC26X2DMA.c.obj)
 .text.initHw.isra.0
                0x0000000000009708       0x8c /project/staging/core_examples/cc13xx_cc26xx_sdk/source/ti/drivers/lib/gcc/m4f/drivers_cc26x2x7.a(SPICC26X2DMA.c.obj)
 .text.spiPostNotify
                0x0000000000009794       0x10 /project/staging/core_examples/cc13xx_cc26xx_sdk/source/ti/drivers/lib/gcc/m4f/drivers_cc26x2x7.a(SPICC26X2DMA.c.obj)
 .text.SPICC26X2DMA_open
                0x00000000000097a4      0x1a4 /project/staging/core_examples/cc13xx_cc26xx_sdk/source/ti/drivers/lib/gcc/m4f/drivers_cc26x2x7.a(SPICC26X2DMA.c.obj)
                0x00000000000097a4                SPICC26X2DMA_open
 .text.finishTransfer
                0x0000000000009948       0xb8 /project/staging/core_examples/cc13xx_cc26xx_sdk/source/ti/drivers/lib/gcc/m4f/drivers_cc26x2x7.a(SPICC26X2DMA.c.obj)
 .text.csnCallback
                0x0000000000009a00      0x10c /project/staging/core_examples/cc13xx_cc26xx_sdk/source/ti/drivers/lib/gcc/m4f/drivers_cc26x2x7.a(SPICC26X2DMA.c.obj)
 .text.SPICC26X2DMA_transferCancel
                0x0000000000009b0c       0xac /project/staging/core_examples/cc13xx_cc26xx_sdk/source/ti/drivers/lib/gcc/m4f/drivers_cc26x2x7.a(SPICC26X2DMA.c.obj)
                0x0000000000009b0c                SPICC26X2DMA_transferCancel
 .text.SPICC26X2DMA_hwiFxn
                0x0000000000009bb8      0x21c /project/staging/core_examples/cc13xx_cc26xx_sdk/source/ti/drivers/lib/gcc/m4f/drivers_cc26x2x7.a(SPICC26X2DMA.c.obj)
 .text.SPICC26X2DMA_transfer
                0x0000000000009dd4      0x340 /project/staging/core_examples/cc13xx_cc26xx_sdk/source/ti/drivers/lib/gcc/m4f/drivers_cc26x2x7.a(SPICC26X2DMA.c.obj)
                0x0000000000009dd4                SPICC26X2DMA_transfer
 .text.List_put
                0x000000000000a114       0x2c /project/staging/core_examples/cc13xx_cc26xx_sdk/source/ti/drivers/lib/gcc/m4f/drivers_cc26x2x7.a(List.c.obj)
                0x000000000000a114                List_put
 .text.List_remove
                0x000000000000a140       0x30 /project/staging/core_examples/cc13xx_cc26xx_sdk/source/ti/drivers/lib/gcc/m4f/drivers_cc26x2x7.a(List.c.obj)
                0x000000000000a140                List_remove
 .text.RingBuf_construct
                0x000000000000a170       0x14 /project/staging/core_examples/cc13xx_cc26xx_sdk/source/ti/drivers/lib/gcc/m4f/drivers_cc26x2x7.a(RingBuf.c.obj)
                0x000000000000a170                RingBuf_construct
 .text.RingBuf_getConsume
                0x000000000000a184       0x30 /project/staging/core_examples/cc13xx_cc26xx_sdk/source/ti/drivers/lib/gcc/m4f/drivers_cc26x2x7.a(RingBuf.c.obj)
                0x000000000000a184                RingBuf_getConsume
 .text.RingBuf_getCount
                0x000000000000a1b4        0x4 /project/staging/core_examples/cc13xx_cc26xx_sdk/source/ti/drivers/lib/gcc/m4f/drivers_cc26x2x7.a(RingBuf.c.obj)
                0x000000000000a1b4                RingBuf_getCount
 .text.RingBuf_getPointer
                0x000000000000a1b8       0x28 /project/staging/core_examples/cc13xx_cc26xx_sdk/source/ti/drivers/lib/gcc/m4f/drivers_cc26x2x7.a(RingBuf.c.obj)
                0x000000000000a1b8                RingBuf_getPointer
 .text.RingBuf_flush
                0x000000000000a1e0       0x1c /project/staging/core_examples/cc13xx_cc26xx_sdk/source/ti/drivers/lib/gcc/m4f/drivers_cc26x2x7.a(RingBuf.c.obj)
                0x000000000000a1e0                RingBuf_flush
 .text.RingBuf_put
                0x000000000000a1fc       0x48 /project/staging/core_examples/cc13xx_cc26xx_sdk/source/ti/drivers/lib/gcc/m4f/drivers_cc26x2x7.a(RingBuf.c.obj)
                0x000000000000a1fc                RingBuf_put
 .text.RingBuf_putAdvance
                0x000000000000a244       0x3c /project/staging/core_examples/cc13xx_cc26xx_sdk/source/ti/drivers/lib/gcc/m4f/drivers_cc26x2x7.a(RingBuf.c.obj)
                0x000000000000a244                RingBuf_putAdvance
 .text.RingBuf_putPointer
                0x000000000000a280       0x34 /project/staging/core_examples/cc13xx_cc26xx_sdk/source/ti/drivers/lib/gcc/m4f/drivers_cc26x2x7.a(RingBuf.c.obj)
                0x000000000000a280                RingBuf_putPointer
 .text.UDMACC26XX_hwiIntFxn
                0x000000000000a2b4        0xc /project/staging/core_examples/cc13xx_cc26xx_sdk/source/ti/drivers/lib/gcc/m4f/drivers_cc26x2x7.a(UDMACC26XX.c.obj)
                0x000000000000a2b4                UDMACC26XX_hwiIntFxn
 .text.UDMACC26XX_open
                0x000000000000a2c0       0x6c /project/staging/core_examples/cc13xx_cc26xx_sdk/source/ti/drivers/lib/gcc/m4f/drivers_cc26x2x7.a(UDMACC26XX.c.obj)
                0x000000000000a2c0                UDMACC26XX_open
 .text.UDMACC26XX_close
                0x000000000000a32c       0x44 /project/staging/core_examples/cc13xx_cc26xx_sdk/source/ti/drivers/lib/gcc/m4f/drivers_cc26x2x7.a(UDMACC26XX.c.obj)
                0x000000000000a32c                UDMACC26XX_close
 .text.NoRTOS_start
                0x000000000000a370        0x4 /project/staging/core_examples/cc13xx_cc26xx_sdk/kernel/nortos/lib/gcc/m4f/nortos_cc26x2x7.a(NoRTOS.c.obj)
                0x000000000000a370                NoRTOS_start
 .text.MutexP_create
                0x000000000000a374        0x8 /project/staging/core_examples/cc13xx_cc26xx_sdk/kernel/nortos/lib/gcc/m4f/nortos_cc26x2x7.a(MutexP_nortos.c.obj)
                0x000000000000a374                MutexP_create
 .text.MutexP_lock
                0x000000000000a37c        0x4 /project/staging/core_examples/cc13xx_cc26xx_sdk/kernel/nortos/lib/gcc/m4f/nortos_cc26x2x7.a(MutexP_nortos.c.obj)
                0x000000000000a37c                MutexP_lock
 .text.MutexP_unlock
                0x000000000000a380        0x4 /project/staging/core_examples/cc13xx_cc26xx_sdk/kernel/nortos/lib/gcc/m4f/nortos_cc26x2x7.a(MutexP_nortos.c.obj)
                0x000000000000a380                MutexP_unlock
 .text.clkFxn   0x000000000000a384        0x4 /project/staging/core_examples/cc13xx_cc26xx_sdk/kernel/nortos/lib/gcc/m4f/nortos_cc26x2x7.a(SemaphoreP_nortos.c.obj)
                0x000000000000a384                clkFxn
 .text.SemaphoreP_construct
                0x000000000000a388       0x60 /project/staging/core_examples/cc13xx_cc26xx_sdk/kernel/nortos/lib/gcc/m4f/nortos_cc26x2x7.a(SemaphoreP_nortos.c.obj)
                0x000000000000a388                SemaphoreP_construct
 .text.SemaphoreP_constructBinary
                0x000000000000a3e8       0x3c /project/staging/core_examples/cc13xx_cc26xx_sdk/kernel/nortos/lib/gcc/m4f/nortos_cc26x2x7.a(SemaphoreP_nortos.c.obj)
                0x000000000000a3e8                SemaphoreP_constructBinary
 .text.SemaphoreP_createBinary
                0x000000000000a424       0x40 /project/staging/core_examples/cc13xx_cc26xx_sdk/kernel/nortos/lib/gcc/m4f/nortos_cc26x2x7.a(SemaphoreP_nortos.c.obj)
                0x000000000000a424                SemaphoreP_createBinary
 .text.SemaphoreP_destruct
                0x000000000000a464        0x4 /project/staging/core_examples/cc13xx_cc26xx_sdk/kernel/nortos/lib/gcc/m4f/nortos_cc26x2x7.a(SemaphoreP_nortos.c.obj)
                0x000000000000a464                SemaphoreP_destruct
 .text.SemaphoreP_delete
                0x000000000000a468        0x4 /project/staging/core_examples/cc13xx_cc26xx_sdk/kernel/nortos/lib/gcc/m4f/nortos_cc26x2x7.a(SemaphoreP_nortos.c.obj)
                0x000000000000a468                SemaphoreP_delete
 .text.SemaphoreP_pend
                0x000000000000a46c       0xfc /project/staging/core_examples/cc13xx_cc26xx_sdk/kernel/nortos/lib/gcc/m4f/nortos_cc26x2x7.a(SemaphoreP_nortos.c.obj)
                0x000000000000a46c                SemaphoreP_pend
 .text.SemaphoreP_post
                0x000000000000a568       0x44 /project/staging/core_examples/cc13xx_cc26xx_sdk/kernel/nortos/lib/gcc/m4f/nortos_cc26x2x7.a(SemaphoreP_nortos.c.obj)
                0x000000000000a568                SemaphoreP_post
 .text.SwiP_Params_init
                0x000000000000a5ac       0x10 /project/staging/core_examples/cc13xx_cc26xx_sdk/kernel/nortos/lib/gcc/m4f/nortos_cc26x2x7.a(SwiP_nortos.c.obj)
                0x000000000000a5ac                SwiP_Params_init
 .text.SwiP_construct
                0x000000000000a5bc      0x104 /project/staging/core_examples/cc13xx_cc26xx_sdk/kernel/nortos/lib/gcc/m4f/nortos_cc26x2x7.a(SwiP_nortos.c.obj)
                0x000000000000a5bc                SwiP_construct
 .text.SwiP_destruct
                0x000000000000a6c0       0x38 /project/staging/core_examples/cc13xx_cc26xx_sdk/kernel/nortos/lib/gcc/m4f/nortos_cc26x2x7.a(SwiP_nortos.c.obj)
                0x000000000000a6c0                SwiP_destruct
 .text.SwiP_disable
                0x000000000000a6f8       0x1c /project/staging/core_examples/cc13xx_cc26xx_sdk/kernel/nortos/lib/gcc/m4f/nortos_cc26x2x7.a(SwiP_nortos.c.obj)
                0x000000000000a6f8                SwiP_disable
 .text.SwiP_dispatch
                0x000000000000a714       0xd4 /project/staging/core_examples/cc13xx_cc26xx_sdk/kernel/nortos/lib/gcc/m4f/nortos_cc26x2x7.a(SwiP_nortos.c.obj)
                0x000000000000a714                SwiP_dispatch
 .text.SwiP_handleHwi
                0x000000000000a7e8       0x18 /project/staging/core_examples/cc13xx_cc26xx_sdk/kernel/nortos/lib/gcc/m4f/nortos_cc26x2x7.a(SwiP_nortos.c.obj)
 .text.SwiP_post
                0x000000000000a800       0x70 /project/staging/core_examples/cc13xx_cc26xx_sdk/kernel/nortos/lib/gcc/m4f/nortos_cc26x2x7.a(SwiP_nortos.c.obj)
                0x000000000000a800                SwiP_post
 .text.SwiP_restore
                0x000000000000a870       0x48 /project/staging/core_examples/cc13xx_cc26xx_sdk/kernel/nortos/lib/gcc/m4f/nortos_cc26x2x7.a(SwiP_nortos.c.obj)
                0x000000000000a870                SwiP_restore
 .text.doPrint  0x000000000000a8b8      0x4ac /project/staging/core_examples/cc13xx_cc26xx_sdk/kernel/nortos/lib/gcc/m4f/nortos_cc26x2x7.a(SystemP_nortos.c.obj)
 .text.SystemP_vsnprintf
                0x000000000000ad64        0x4 /project/staging/core_examples/cc13xx_cc26xx_sdk/kernel/nortos/lib/gcc/m4f/nortos_cc26x2x7.a(SystemP_nortos.c.obj)
                0x000000000000ad64                SystemP_vsnprintf
 .text.ClockP_doTick
                0x000000000000ad68        0xc /project/staging/core_examples/cc13xx_cc26xx_sdk/kernel/nortos/lib/gcc/m4f/nortos_cc26x2x7.a(ClockPTimer_nortos.c.obj)
                0x000000000000ad68                ClockP_doTick
 .text.ClockP_startup.part.0
                0x000000000000ad74       0x84 /project/staging/core_examples/cc13xx_cc26xx_sdk/kernel/nortos/lib/gcc/m4f/nortos_cc26x2x7.a(ClockPTimer_nortos.c.obj)
 .text.ClockP_workFuncDynamic
                0x000000000000adf8      0x150 /project/staging/core_examples/cc13xx_cc26xx_sdk/kernel/nortos/lib/gcc/m4f/nortos_cc26x2x7.a(ClockPTimer_nortos.c.obj)
                0x000000000000adf8                ClockP_workFuncDynamic
 .text.ClockP_Params_init
                0x000000000000af48       0x10 /project/staging/core_examples/cc13xx_cc26xx_sdk/kernel/nortos/lib/gcc/m4f/nortos_cc26x2x7.a(ClockPTimer_nortos.c.obj)
                0x000000000000af48                ClockP_Params_init
 .text.ClockP_startup
                0x000000000000af58       0x10 /project/staging/core_examples/cc13xx_cc26xx_sdk/kernel/nortos/lib/gcc/m4f/nortos_cc26x2x7.a(ClockPTimer_nortos.c.obj)
                0x000000000000af58                ClockP_startup
 .text.ClockP_getTicksUntilInterrupt
                0x000000000000af68       0x30 /project/staging/core_examples/cc13xx_cc26xx_sdk/kernel/nortos/lib/gcc/m4f/nortos_cc26x2x7.a(ClockPTimer_nortos.c.obj)
                0x000000000000af68                ClockP_getTicksUntilInterrupt
 .text.ClockP_add
                0x000000000000af98       0x20 /project/staging/core_examples/cc13xx_cc26xx_sdk/kernel/nortos/lib/gcc/m4f/nortos_cc26x2x7.a(ClockPTimer_nortos.c.obj)
                0x000000000000af98                ClockP_add
 .text.ClockP_destruct
                0x000000000000afb8       0x1c /project/staging/core_examples/cc13xx_cc26xx_sdk/kernel/nortos/lib/gcc/m4f/nortos_cc26x2x7.a(ClockPTimer_nortos.c.obj)
                0x000000000000afb8                ClockP_destruct
 .text.ClockP_start
                0x000000000000afd4       0x98 /project/staging/core_examples/cc13xx_cc26xx_sdk/kernel/nortos/lib/gcc/m4f/nortos_cc26x2x7.a(ClockPTimer_nortos.c.obj)
                0x000000000000afd4                ClockP_start
 .text.ClockP_construct
                0x000000000000b06c       0x58 /project/staging/core_examples/cc13xx_cc26xx_sdk/kernel/nortos/lib/gcc/m4f/nortos_cc26x2x7.a(ClockPTimer_nortos.c.obj)
                0x000000000000b06c                ClockP_construct
 .text.ClockP_stop
                0x000000000000b0c4        0x8 /project/staging/core_examples/cc13xx_cc26xx_sdk/kernel/nortos/lib/gcc/m4f/nortos_cc26x2x7.a(ClockPTimer_nortos.c.obj)
                0x000000000000b0c4                ClockP_stop
 .text.ClockP_setTimeout
                0x000000000000b0cc        0x4 /project/staging/core_examples/cc13xx_cc26xx_sdk/kernel/nortos/lib/gcc/m4f/nortos_cc26x2x7.a(ClockPTimer_nortos.c.obj)
                0x000000000000b0cc                ClockP_setTimeout
 .text.ClockP_isActive
                0x000000000000b0d0        0x4 /project/staging/core_examples/cc13xx_cc26xx_sdk/kernel/nortos/lib/gcc/m4f/nortos_cc26x2x7.a(ClockPTimer_nortos.c.obj)
                0x000000000000b0d0                ClockP_isActive
 .text.ClockP_getCpuFreq
                0x000000000000b0d4       0x10 /project/staging/core_examples/cc13xx_cc26xx_sdk/kernel/nortos/lib/gcc/m4f/nortos_cc26x2x7.a(ClockPTimer_nortos.c.obj)
                0x000000000000b0d4                ClockP_getCpuFreq
 .text.ClockP_getSystemTickPeriod
                0x000000000000b0e4        0xc /project/staging/core_examples/cc13xx_cc26xx_sdk/kernel/nortos/lib/gcc/m4f/nortos_cc26x2x7.a(ClockPTimer_nortos.c.obj)
                0x000000000000b0e4                ClockP_getSystemTickPeriod
 .text.ClockP_usleep
                0x000000000000b0f0       0x90 /project/staging/core_examples/cc13xx_cc26xx_sdk/kernel/nortos/lib/gcc/m4f/nortos_cc26x2x7.a(ClockPTimer_nortos.c.obj)
                0x000000000000b0f0                ClockP_usleep
 .text.QueueP_init
                0x000000000000b180        0x8 /project/staging/core_examples/cc13xx_cc26xx_sdk/kernel/nortos/lib/gcc/m4f/nortos_cc26x2x7.a(QueueP_nortos.c.obj)
                0x000000000000b180                QueueP_init
 .text.QueueP_empty
                0x000000000000b188        0xc /project/staging/core_examples/cc13xx_cc26xx_sdk/kernel/nortos/lib/gcc/m4f/nortos_cc26x2x7.a(QueueP_nortos.c.obj)
                0x000000000000b188                QueueP_empty
 .text.QueueP_get
                0x000000000000b194       0x1c /project/staging/core_examples/cc13xx_cc26xx_sdk/kernel/nortos/lib/gcc/m4f/nortos_cc26x2x7.a(QueueP_nortos.c.obj)
                0x000000000000b194                QueueP_get
 .text.QueueP_head
                0x000000000000b1b0        0x4 /project/staging/core_examples/cc13xx_cc26xx_sdk/kernel/nortos/lib/gcc/m4f/nortos_cc26x2x7.a(QueueP_nortos.c.obj)
                0x000000000000b1b0                QueueP_head
 .text.QueueP_next
                0x000000000000b1b4        0x4 /project/staging/core_examples/cc13xx_cc26xx_sdk/kernel/nortos/lib/gcc/m4f/nortos_cc26x2x7.a(QueueP_nortos.c.obj)
                0x000000000000b1b4                QueueP_next
 .text.QueueP_put
                0x000000000000b1b8       0x20 /project/staging/core_examples/cc13xx_cc26xx_sdk/kernel/nortos/lib/gcc/m4f/nortos_cc26x2x7.a(QueueP_nortos.c.obj)
                0x000000000000b1b8                QueueP_put
 .text.QueueP_remove
                0x000000000000b1d8       0x10 /project/staging/core_examples/cc13xx_cc26xx_sdk/kernel/nortos/lib/gcc/m4f/nortos_cc26x2x7.a(QueueP_nortos.c.obj)
                0x000000000000b1d8                QueueP_remove
 .text.HwiP_dispatch
                0x000000000000b1e8       0x1c /project/staging/core_examples/cc13xx_cc26xx_sdk/kernel/nortos/lib/gcc/m4f/nortos_cc26x2x7.a(HwiPCC26XX_nortos.c.obj)
 .text.HwiP_enable
                0x000000000000b204        0x4 /project/staging/core_examples/cc13xx_cc26xx_sdk/kernel/nortos/lib/gcc/m4f/nortos_cc26x2x7.a(HwiPCC26XX_nortos.c.obj)
                0x000000000000b204                HwiP_enable
 .text.HwiP_disable
                0x000000000000b208       0x10 /project/staging/core_examples/cc13xx_cc26xx_sdk/kernel/nortos/lib/gcc/m4f/nortos_cc26x2x7.a(HwiPCC26XX_nortos.c.obj)
                0x000000000000b208                HwiP_disable
 .text.HwiP_restore
                0x000000000000b218        0x8 /project/staging/core_examples/cc13xx_cc26xx_sdk/kernel/nortos/lib/gcc/m4f/nortos_cc26x2x7.a(HwiPCC26XX_nortos.c.obj)
                0x000000000000b218                HwiP_restore
 .text.HwiP_clearInterrupt
                0x000000000000b220        0xc /project/staging/core_examples/cc13xx_cc26xx_sdk/kernel/nortos/lib/gcc/m4f/nortos_cc26x2x7.a(HwiPCC26XX_nortos.c.obj)
                0x000000000000b220                HwiP_clearInterrupt
 .text.HwiP_destruct
                0x000000000000b22c       0x1c /project/staging/core_examples/cc13xx_cc26xx_sdk/kernel/nortos/lib/gcc/m4f/nortos_cc26x2x7.a(HwiPCC26XX_nortos.c.obj)
                0x000000000000b22c                HwiP_destruct
 .text.HwiP_disableInterrupt
                0x000000000000b248        0xc /project/staging/core_examples/cc13xx_cc26xx_sdk/kernel/nortos/lib/gcc/m4f/nortos_cc26x2x7.a(HwiPCC26XX_nortos.c.obj)
                0x000000000000b248                HwiP_disableInterrupt
 .text.HwiP_enableInterrupt
                0x000000000000b254        0xc /project/staging/core_examples/cc13xx_cc26xx_sdk/kernel/nortos/lib/gcc/m4f/nortos_cc26x2x7.a(HwiPCC26XX_nortos.c.obj)
                0x000000000000b254                HwiP_enableInterrupt
 .text.HwiP_interruptsEnabled
                0x000000000000b260       0x10 /project/staging/core_examples/cc13xx_cc26xx_sdk/kernel/nortos/lib/gcc/m4f/nortos_cc26x2x7.a(HwiPCC26XX_nortos.c.obj)
                0x000000000000b260                HwiP_interruptsEnabled
 .text.HwiP_construct
                0x000000000000b270       0x90 /project/staging/core_examples/cc13xx_cc26xx_sdk/kernel/nortos/lib/gcc/m4f/nortos_cc26x2x7.a(HwiPCC26XX_nortos.c.obj)
                0x000000000000b270                HwiP_construct
 .text.HwiP_Params_init
                0x000000000000b300       0x14 /project/staging/core_examples/cc13xx_cc26xx_sdk/kernel/nortos/lib/gcc/m4f/nortos_cc26x2x7.a(HwiPCC26XX_nortos.c.obj)
                0x000000000000b300                HwiP_Params_init
 .text.HwiP_post
                0x000000000000b314        0xc /project/staging/core_examples/cc13xx_cc26xx_sdk/kernel/nortos/lib/gcc/m4f/nortos_cc26x2x7.a(HwiPCC26XX_nortos.c.obj)
                0x000000000000b314                HwiP_post
 .text.HwiP_inISR
                0x000000000000b320       0x14 /project/staging/core_examples/cc13xx_cc26xx_sdk/kernel/nortos/lib/gcc/m4f/nortos_cc26x2x7.a(HwiPCC26XX_nortos.c.obj)
                0x000000000000b320                HwiP_inISR
 .text.PowerCC26XX_standbyPolicy
                0x000000000000b334       0xf0 /project/staging/core_examples/cc13xx_cc26xx_sdk/kernel/nortos/lib/gcc/m4f/nortos_cc26x2x7.a(PowerCC26X2_nortos.c.obj)
                0x000000000000b334                PowerCC26XX_standbyPolicy
 .text.PowerCC26XX_schedulerDisable
                0x000000000000b424       0x10 /project/staging/core_examples/cc13xx_cc26xx_sdk/kernel/nortos/lib/gcc/m4f/nortos_cc26x2x7.a(PowerCC26X2_nortos.c.obj)
                0x000000000000b424                PowerCC26XX_schedulerDisable
 .text.PowerCC26XX_schedulerRestore
                0x000000000000b434        0xc /project/staging/core_examples/cc13xx_cc26xx_sdk/kernel/nortos/lib/gcc/m4f/nortos_cc26x2x7.a(PowerCC26X2_nortos.c.obj)
                0x000000000000b434                PowerCC26XX_schedulerRestore
 .text.TimerP_dynamicStub
                0x000000000000b440       0x20 /project/staging/core_examples/cc13xx_cc26xx_sdk/kernel/nortos/lib/gcc/m4f/nortos_cc26x2x7.a(TimerPCC26XX_nortos.c.obj)
                0x000000000000b440                TimerP_dynamicStub
 .text.TimerP_Params_init
                0x000000000000b460       0x10 /project/staging/core_examples/cc13xx_cc26xx_sdk/kernel/nortos/lib/gcc/m4f/nortos_cc26x2x7.a(TimerPCC26XX_nortos.c.obj)
                0x000000000000b460                TimerP_Params_init
 .text.TimerP_construct
                0x000000000000b470      0x104 /project/staging/core_examples/cc13xx_cc26xx_sdk/kernel/nortos/lib/gcc/m4f/nortos_cc26x2x7.a(TimerPCC26XX_nortos.c.obj)
                0x000000000000b470                TimerP_construct
 .text.TimerP_getMaxTicks
                0x000000000000b574       0x28 /project/staging/core_examples/cc13xx_cc26xx_sdk/kernel/nortos/lib/gcc/m4f/nortos_cc26x2x7.a(TimerPCC26XX_nortos.c.obj)
                0x000000000000b574                TimerP_getMaxTicks
 .text.TimerP_setNextTick
                0x000000000000b59c       0x50 /project/staging/core_examples/cc13xx_cc26xx_sdk/kernel/nortos/lib/gcc/m4f/nortos_cc26x2x7.a(TimerPCC26XX_nortos.c.obj)
                0x000000000000b59c                TimerP_setNextTick
 .text.TimerP_getCount64
                0x000000000000b5ec        0xc /project/staging/core_examples/cc13xx_cc26xx_sdk/kernel/nortos/lib/gcc/m4f/nortos_cc26x2x7.a(TimerPCC26XX_nortos.c.obj)
                0x000000000000b5ec                TimerP_getCount64
 .text.TimerP_getCurrentTick
                0x000000000000b5f8       0x34 /project/staging/core_examples/cc13xx_cc26xx_sdk/kernel/nortos/lib/gcc/m4f/nortos_cc26x2x7.a(TimerPCC26XX_nortos.c.obj)
                0x000000000000b5f8                TimerP_getCurrentTick
 .text.resetISR
                0x000000000000b62c       0x10 /project/staging/core_examples/cc13xx_cc26xx_sdk/kernel/nortos/lib/gcc/m4f/nortos_cc26x2x7.a(startup_cc13x2_cc26x2_gcc.c.obj)
                0x000000000000b62c                resetISR
 .text.nmiISR   0x000000000000b63c        0x4 /project/staging/core_examples/cc13xx_cc26xx_sdk/kernel/nortos/lib/gcc/m4f/nortos_cc26x2x7.a(startup_cc13x2_cc26x2_gcc.c.obj)
 .text.faultISR
                0x000000000000b640        0x4 /project/staging/core_examples/cc13xx_cc26xx_sdk/kernel/nortos/lib/gcc/m4f/nortos_cc26x2x7.a(startup_cc13x2_cc26x2_gcc.c.obj)
 .text.busFaultHandler
                0x000000000000b644        0x4 /project/staging/core_examples/cc13xx_cc26xx_sdk/kernel/nortos/lib/gcc/m4f/nortos_cc26x2x7.a(startup_cc13x2_cc26x2_gcc.c.obj)
 .text.defaultHandler
                0x000000000000b648        0x4 /project/staging/core_examples/cc13xx_cc26xx_sdk/kernel/nortos/lib/gcc/m4f/nortos_cc26x2x7.a(startup_cc13x2_cc26x2_gcc.c.obj)
 .text.localProgramStart
                0x000000000000b64c       0x88 /project/staging/core_examples/cc13xx_cc26xx_sdk/kernel/nortos/lib/gcc/m4f/nortos_cc26x2x7.a(startup_cc13x2_cc26x2_gcc.c.obj)
                0x000000000000b64c                localProgramStart
 .text._fini    0x000000000000b6d4        0x4 /project/staging/core_examples/cc13xx_cc26xx_sdk/kernel/nortos/lib/gcc/m4f/nortos_cc26x2x7.a(startup_cc13x2_cc26x2_gcc.c.obj)
                0x000000000000b6d4                _fini
 .text.NOROM_CPUcpsid
                0x000000000000b6d8        0x8 /project/staging/core_examples/cc13xx_cc26xx_sdk/source/ti/devices/cc13x2x7_cc26x2x7/driverlib/bin/gcc/driverlib.lib(cpu.c.obj)
                0x000000000000b6d8                NOROM_CPUcpsid
 .text.NOROM_CPUprimask
                0x000000000000b6e0        0x8 /project/staging/core_examples/cc13xx_cc26xx_sdk/source/ti/devices/cc13x2x7_cc26x2x7/driverlib/bin/gcc/driverlib.lib(cpu.c.obj)
                0x000000000000b6e0                NOROM_CPUprimask
 .text.NOROM_CPUcpsie
                0x000000000000b6e8        0x8 /project/staging/core_examples/cc13xx_cc26xx_sdk/source/ti/devices/cc13x2x7_cc26x2x7/driverlib/bin/gcc/driverlib.lib(cpu.c.obj)
                0x000000000000b6e8                NOROM_CPUcpsie
 .text.NOROM_CPUdelay
                0x000000000000b6f0        0x8 /project/staging/core_examples/cc13xx_cc26xx_sdk/source/ti/devices/cc13x2x7_cc26x2x7/driverlib/bin/gcc/driverlib.lib(cpu.c.obj)
                0x000000000000b6f0                NOROM_CPUdelay
 .text.IntDefaultHandler
                0x000000000000b6f8        0x4 /project/staging/core_examples/cc13xx_cc26xx_sdk/source/ti/devices/cc13x2x7_cc26x2x7/driverlib/bin/gcc/driverlib.lib(interrupt.c.obj)
 .text.NOROM_IntRegister
                0x000000000000b6fc       0x38 /project/staging/core_examples/cc13xx_cc26xx_sdk/source/ti/devices/cc13x2x7_cc26x2x7/driverlib/bin/gcc/driverlib.lib(interrupt.c.obj)
                0x000000000000b6fc                NOROM_IntRegister
 .text.NOROM_IntUnregister
                0x000000000000b734       0x14 /project/staging/core_examples/cc13xx_cc26xx_sdk/source/ti/devices/cc13x2x7_cc26x2x7/driverlib/bin/gcc/driverlib.lib(interrupt.c.obj)
                0x000000000000b734                NOROM_IntUnregister
 .text.NOROM_OSCHF_TurnOnXosc
                0x000000000000b748       0x24 /project/staging/core_examples/cc13xx_cc26xx_sdk/source/ti/devices/cc13x2x7_cc26x2x7/driverlib/bin/gcc/driverlib.lib(osc.c.obj)
                0x000000000000b748                NOROM_OSCHF_TurnOnXosc
 .text.NOROM_OSCHF_AttemptToSwitchToXosc
                0x000000000000b76c       0x98 /project/staging/core_examples/cc13xx_cc26xx_sdk/source/ti/devices/cc13x2x7_cc26x2x7/driverlib/bin/gcc/driverlib.lib(osc.c.obj)
                0x000000000000b76c                NOROM_OSCHF_AttemptToSwitchToXosc
 .text.NOROM_OSCHF_SwitchToRcOscTurnOffXosc
                0x000000000000b804       0x70 /project/staging/core_examples/cc13xx_cc26xx_sdk/source/ti/devices/cc13x2x7_cc26x2x7/driverlib/bin/gcc/driverlib.lib(osc.c.obj)
                0x000000000000b804                NOROM_OSCHF_SwitchToRcOscTurnOffXosc
 .text.NOROM_OSC_HPOSCRelativeFrequencyOffsetGet
                0x000000000000b874       0x40 /project/staging/core_examples/cc13xx_cc26xx_sdk/source/ti/devices/cc13x2x7_cc26x2x7/driverlib/bin/gcc/driverlib.lib(osc.c.obj)
                0x000000000000b874                NOROM_OSC_HPOSCRelativeFrequencyOffsetGet
 .text.NOROM_PRCMPowerDomainsAllOff
                0x000000000000b8b4       0x94 /project/staging/core_examples/cc13xx_cc26xx_sdk/source/ti/devices/cc13x2x7_cc26x2x7/driverlib/bin/gcc/driverlib.lib(prcm.c.obj)
                0x000000000000b8b4                NOROM_PRCMPowerDomainsAllOff
 .text.NOROM_PRCMPowerDomainsAllOn
                0x000000000000b948       0x54 /project/staging/core_examples/cc13xx_cc26xx_sdk/source/ti/devices/cc13x2x7_cc26x2x7/driverlib/bin/gcc/driverlib.lib(prcm.c.obj)
                0x000000000000b948                NOROM_PRCMPowerDomainsAllOn
 .text.TrimAfterColdResetWakeupFromShutDown
                0x000000000000b99c       0xd0 /project/staging/core_examples/cc13xx_cc26xx_sdk/source/ti/devices/cc13x2x7_cc26x2x7/driverlib/bin/gcc/driverlib.lib(setup.c.obj)
 .text.NOROM_SetupTrimDevice
                0x000000000000ba6c       0xe4 /project/staging/core_examples/cc13xx_cc26xx_sdk/source/ti/devices/cc13x2x7_cc26x2x7/driverlib/bin/gcc/driverlib.lib(setup.c.obj)
                0x000000000000ba6c                NOROM_SetupTrimDevice
 .text.NOROM_SysCtrlIdle
                0x000000000000bb50       0x38 /project/staging/core_examples/cc13xx_cc26xx_sdk/source/ti/devices/cc13x2x7_cc26x2x7/driverlib/bin/gcc/driverlib.lib(sys_ctrl.c.obj)
                0x000000000000bb50                NOROM_SysCtrlIdle
 .text.NOROM_SysCtrlStandby
                0x000000000000bb88      0x110 /project/staging/core_examples/cc13xx_cc26xx_sdk/source/ti/devices/cc13x2x7_cc26x2x7/driverlib/bin/gcc/driverlib.lib(sys_ctrl.c.obj)
                0x000000000000bb88                NOROM_SysCtrlStandby
 .text.NOROM_AUXSYSIFOpModeChange
                0x000000000000bc98       0x40 /project/staging/core_examples/cc13xx_cc26xx_sdk/source/ti/devices/cc13x2x7_cc26x2x7/driverlib/bin/gcc/driverlib.lib(aux_sysif.c.obj)
                0x000000000000bc98                NOROM_AUXSYSIFOpModeChange
 .text.NOROM_ThisLibraryIsFor_CC13x2x7_CC26x2x7_HaltIfViolated
                0x000000000000bcd8       0x18 /project/staging/core_examples/cc13xx_cc26xx_sdk/source/ti/devices/cc13x2x7_cc26x2x7/driverlib/bin/gcc/driverlib.lib(chipinfo.c.obj)
                0x000000000000bcd8                NOROM_ThisLibraryIsFor_CC13x2x7_CC26x2x7_HaltIfViolated
 .text.malloc   0x000000000000bcf0       0x10 /home/developer/.conan/data/arm-none-eabi-gcc/9.2019.q4.major-0/library-msp/ga/package/44fcf6b9a7fb86b2586303e3db40189d3b511830/bin/../lib/gcc/arm-none-eabi/9.2.1/../../../../arm-none-eabi/lib/thumb/v7e-m+fp/hard/libc_nano.a(lib_a-malloc.o)
                0x000000000000bcf0                malloc
 .text.free     0x000000000000bd00       0x10 /home/developer/.conan/data/arm-none-eabi-gcc/9.2019.q4.major-0/library-msp/ga/package/44fcf6b9a7fb86b2586303e3db40189d3b511830/bin/../lib/gcc/arm-none-eabi/9.2.1/../../../../arm-none-eabi/lib/thumb/v7e-m+fp/hard/libc_nano.a(lib_a-malloc.o)
                0x000000000000bd00                free
 .text.memcpy   0x000000000000bd10       0x1c /home/developer/.conan/data/arm-none-eabi-gcc/9.2019.q4.major-0/library-msp/ga/package/44fcf6b9a7fb86b2586303e3db40189d3b511830/bin/../lib/gcc/arm-none-eabi/9.2.1/../../../../arm-none-eabi/lib/thumb/v7e-m+fp/hard/libc_nano.a(lib_a-memcpy-stub.o)
                0x000000000000bd10                memcpy
 .text.memset   0x000000000000bd2c       0x10 /home/developer/.conan/data/arm-none-eabi-gcc/9.2019.q4.major-0/library-msp/ga/package/44fcf6b9a7fb86b2586303e3db40189d3b511830/bin/../lib/gcc/arm-none-eabi/9.2.1/../../../../arm-none-eabi/lib/thumb/v7e-m+fp/hard/libc_nano.a(lib_a-memset.o)
                0x000000000000bd2c                memset
 .text._free_r  0x000000000000bd3c       0xa0 /home/developer/.conan/data/arm-none-eabi-gcc/9.2019.q4.major-0/library-msp/ga/package/44fcf6b9a7fb86b2586303e3db40189d3b511830/bin/../lib/gcc/arm-none-eabi/9.2.1/../../../../arm-none-eabi/lib/thumb/v7e-m+fp/hard/libc_nano.a(lib_a-nano-freer.o)
                0x000000000000bd3c                _free_r
 .text._malloc_r
                0x000000000000bddc       0xb4 /home/developer/.conan/data/arm-none-eabi-gcc/9.2019.q4.major-0/library-msp/ga/package/44fcf6b9a7fb86b2586303e3db40189d3b511830/bin/../lib/gcc/arm-none-eabi/9.2.1/../../../../arm-none-eabi/lib/thumb/v7e-m+fp/hard/libc_nano.a(lib_a-nano-mallocr.o)
                0x000000000000bddc                _malloc_r
 .text._sbrk_r  0x000000000000be90       0x20 /home/developer/.conan/data/arm-none-eabi-gcc/9.2019.q4.major-0/library-msp/ga/package/44fcf6b9a7fb86b2586303e3db40189d3b511830/bin/../lib/gcc/arm-none-eabi/9.2.1/../../../../arm-none-eabi/lib/thumb/v7e-m+fp/hard/libc_nano.a(lib_a-sbrkr.o)
                0x000000000000be90                _sbrk_r
 .text.strncpy  0x000000000000beb0       0x26 /home/developer/.conan/data/arm-none-eabi-gcc/9.2019.q4.major-0/library-msp/ga/package/44fcf6b9a7fb86b2586303e3db40189d3b511830/bin/../lib/gcc/arm-none-eabi/9.2.1/../../../../arm-none-eabi/lib/thumb/v7e-m+fp/hard/libc_nano.a(lib_a-strncpy.o)
                0x000000000000beb0                strncpy
 *fill*         0x000000000000bed6        0x2 
 .text.__malloc_lock
                0x000000000000bed8        0xc /home/developer/.conan/data/arm-none-eabi-gcc/9.2019.q4.major-0/library-msp/ga/package/44fcf6b9a7fb86b2586303e3db40189d3b511830/bin/../lib/gcc/arm-none-eabi/9.2.1/../../../../arm-none-eabi/lib/thumb/v7e-m+fp/hard/libc_nano.a(lib_a-mlock.o)
                0x000000000000bed8                __malloc_lock
 .text.__malloc_unlock
                0x000000000000bee4        0xc /home/developer/.conan/data/arm-none-eabi-gcc/9.2019.q4.major-0/library-msp/ga/package/44fcf6b9a7fb86b2586303e3db40189d3b511830/bin/../lib/gcc/arm-none-eabi/9.2.1/../../../../arm-none-eabi/lib/thumb/v7e-m+fp/hard/libc_nano.a(lib_a-mlock.o)
                0x000000000000bee4                __malloc_unlock
 .text.__retarget_lock_acquire_recursive