###############################################################################
#
# IAR ELF Linker V9.40.2.374/LNX for ARM BX               19/Apr/2024  14:32:22
# Copyright 2007-2023 IAR Systems AB.
#
#    Output file  =  gpiointerrupt.out
#    Map file     =  gpiointerrupt.map
#    Command line =
#        gpiointerrupt.obj main_nortos.obj ti_devices_config.obj
#        ti_drivers_config.obj
#        -L/project/staging/core_examples/cc13xx_cc26xx_sdk/source
#        -L/project/staging/core_examples/cc13xx_cc26xx_sdk/kernel/nortos
#        -fti_utils_build_linker.cmd.genlibs
#        (ti/drivers/lib/iar/m4f/drivers_cc26x2x7.a
#        ti/grlib/lib/iar/m4f/grlib.a lib/iar/m4f/nortos_cc26x2x7.a
#        ti/devices/cc13x2x7_cc26x2x7/driverlib/bin/iar/driverlib.lib) --config
#        ../iar/cc13x2x7_cc26x2x7_nortos.icf --map gpiointerrupt.map --silent
#        --semihosting=iar_breakpoint --cpu=Cortex-M4 --fpu=VFPv4_sp -o
#        gpiointerrupt.out
#
###############################################################################

*******************************************************************************
*** RUNTIME MODEL ATTRIBUTES
***

CppFlavor       = *
__CPP_Runtime   = 1
__Heap_Handler  = DLMalloc
__SystemLibrary = DLib
__dlib_version  = 6


*******************************************************************************
*** HEAP SELECTION
***

The advanced heap was selected because the application calls
memory allocation functions outside of system library functions,
there are calls to deallocation functions in the application, and
the application appears to be primarily optimized for speed.


*******************************************************************************
*** PLACEMENT SUMMARY
***

"A0":  place at address 0x0 { ro section .resetVecs };
"A1":  place at end of [from 0x0 to 0xa'ffff] { ro section .ccfg };
"P1":  place in [from 0x0 to 0xa'ffff] { ro };
"P2":  place in [from 0x2000'0000 to 0x2002'3fff] { rw, section .ramVecs };
define block HEAP with size = 16K, alignment = 8 { };
"P3":  place in [from 0x2000'0000 to 0x2002'3fff] { block HEAP };
define block CSTACK with size = 1K, alignment = 8 { section .stack };
"A2":  place at end of [from 0x2000'0000 to 0x2002'3fff] { block CSTACK };
do not initialize { section .stack, section .noinit };
initialize by copy { rw };
keep { section .resetVecs };
keep { section .ccfg };

No sections matched the following patterns:

  ro section .log_data  in block LOG_DATA
  ro section .log_ptr*  in block LOG_PTR


  Section            Kind         Address    Size  Object
  -------            ----         -------    ----  ------
"A0":                                        0xd8
  .resetVecs         const            0x0    0xd8  startup_cc13x2_cc26x2_iar.c.obj [6]
                                   - 0xd8    0xd8

"P1":                                      0x242c
  .text              ro code         0xd8   0x71c  PowerCC26X2.c.obj [4]
  .text              ro code        0x7f4   0x118  PowerCC26X2_helpers.c.obj [4]
  .text              ro code        0x90c   0x2f8  ClockPTimer_nortos.c.obj [6]
  .text              ro code        0xc04    0xcc  HwiPCC26XX_nortos.c.obj [6]
  .text              ro code        0xcd0    0x80  prcm.c.obj [3]
  .text              ro code        0xd50    0xf4  PowerCC26X2_nortos.c.obj [6]
  .text              ro code        0xe44    0x18  cpu.c.obj [3]
  .text              ro code        0xe5c   0x2ec  PowerCC26X2_calibrateRCOSC.c.obj [4]
  .text              ro code       0x1148   0x134  osc.c.obj [3]
  .text              ro code       0x127c   0x11c  sys_ctrl.c.obj [3]
  .text              ro code       0x1398    0x5a  QueueP_nortos.c.obj [6]
  .text              ro code       0x13f2    0x7e  lz77_init_single.o [7]
  .text              ro code       0x1470   0x214  SwiP_nortos.c.obj [6]
  .text              ro code       0x1684   0x1a8  TimerPCC26XX_nortos.c.obj [6]
  .text              ro code       0x182c    0x50  interrupt.c.obj [3]
  .text              ro code       0x187c   0x168  PowerCC26X2_calibrateRCOSC_helpers.c.obj [4]
  .text              ro code       0x19e4   0x230  I64DivMod.o [7]
  .text              ro code       0x1c14     0x2  I64DivZer.o [7]
  .rodata            const         0x1c16     0x1  ti_drivers_config.obj [1]
  .rodata            const         0x1c17     0x1  ti_drivers_config.obj [1]
  .text              ro code       0x1c18   0x1be  ti_drivers_config.obj [1]
  .text              ro code       0x1dd8    0xd0  GPIOCC26XX.c.obj [4]
  .text              ro code       0x1ea8    0x4c  GPIO.c.obj [4]
  .text              ro code       0x1ef4   0x148  GPIOCC26X2.c.obj [4]
  .text              ro code       0x203c     0x2  ti_drivers_config.obj [1]
  .text              ro code       0x2040    0x76  ABImemcpy_unaligned.o [7]
  .text              ro code       0x20b8   0x190  setup.c.obj [3]
  .text              ro code       0x2248    0x18  chipinfo.c.obj [3]
  .text              ro code       0x2260    0x3c  aux_sysif.c.obj [3]
  .text              ro code       0x229c    0x70  gpiointerrupt.obj [1]
  .rodata            const         0x230c    0x54  PowerCC26X2.c.obj [4]
  .text              ro code       0x2360    0x38  zero_init3.o [7]
  .text              ro code       0x2398    0x28  startup_cc13x2_cc26x2_iar.c.obj [6]
  .text              ro code       0x23c0    0x28  data_init.o [7]
  .text              ro code       0x23e8    0x22  fpinit_M.o [5]
  .iar.init_table    const         0x240c    0x20  - Linker created -
  .text              ro code       0x242c    0x1e  cmain.o [7]
  .text              ro code       0x244a    0x12  main_nortos.obj [1]
  .text              ro code       0x245c     0x4  exit.o [2]
  .text              ro code       0x2460     0x4  NoRTOS.c.obj [6]
  .text              ro code       0x2464     0xa  cexit.o [7]
  .text              ro code       0x2470    0x14  exit.o [8]
  .text              ro code       0x2484    0x1c  cstartup_M.o [7]
  .rodata            const         0x24a0    0x14  ti_drivers_config.obj [1]
  .rodata            const         0x24b4    0x10  ti_drivers_config.obj [1]
  .rodata            const         0x24c4     0x0  zero_init3.o [7]
  .rodata            const         0x24c4     0x0  lz77_init_single.o [7]
  Initializer bytes  const         0x24c4    0x40  <for P2-P3-1>
                                 - 0x2504  0x242c

"A1":                                        0x58
  .ccfg              const       0xa'ffa8    0x58  ti_devices_config.obj [1]
                               - 0xb'0000    0x58

"P2-P3", part 1 of 3:                       0x248
  P2-P3-1                     0x2000'0000   0x248  <Init block>
    .data            inited   0x2000'0000    0x7c  ti_drivers_config.obj [1]
    .data            inited   0x2000'007c   0x174  PowerCC26X2.c.obj [4]
    .data            inited   0x2000'01f0    0x1c  PowerCC26X2.c.obj [4]
    .data            inited   0x2000'020c     0x4  HwiPCC26XX_nortos.c.obj [6]
    .data            inited   0x2000'0210     0x8  ClockPTimer_nortos.c.obj [6]
    .data            inited   0x2000'0218    0x30  TimerPCC26XX_nortos.c.obj [6]
                            - 0x2000'0248   0x248

"P2-P3", part 2 of 3:                       0x318
  .bss               zero     0x2000'0248    0xd8  HwiPCC26XX_nortos.c.obj [6]
  .bss               zero     0x2000'0320    0xa8  ClockPTimer_nortos.c.obj [6]
  .bss               zero     0x2000'03c8    0x7c  ti_drivers_config.obj [1]
  .bss               zero     0x2000'0444    0x7c  ti_drivers_config.obj [1]
  .bss               zero     0x2000'04c0    0x4c  SwiP_nortos.c.obj [6]
  .bss               zero     0x2000'050c    0x20  GPIOCC26X2.c.obj [4]
  .bss               zero     0x2000'052c    0x14  osc.c.obj [3]
  .bss               zero     0x2000'0540    0x10  osc.c.obj [3]
  .bss               zero     0x2000'0550     0xc  ClockPTimer_nortos.c.obj [6]
  .bss               zero     0x2000'055c     0x4  PowerCC26X2_nortos.c.obj [6]
                            - 0x2000'0560   0x318

"P2-P3", part 3 of 3:                        0xd8
  .ramVecs           uninit   0x2000'0600    0xd8  interrupt.c.obj [3]
                            - 0x2000'06d8    0xd8

"A2":                                       0x400
  CSTACK                      0x2002'3c00   0x400  <Block>
    .stack           uninit   0x2002'3c00     0x4  startup_cc13x2_cc26x2_iar.c.obj [6]
    CSTACK           uninit   0x2002'3c04   0x3fc  <Block tail>
                            - 0x2002'4000   0x400

Unused ranges:

         From           To      Size
         ----           --      ----
       0x2504     0xa'ffa7  0xa'daa4
  0x2000'0560  0x2000'05ff      0xa0
  0x2000'06d8  0x2002'3bff  0x2'3528


*******************************************************************************
*** INIT TABLE
***

          Address      Size
          -------      ----
Zero (__iar_zero_init3)
    1 destination range, total size 0x318:
          0x2000'0248  0x318

Copy/lz77 (__iar_lz77_init_single3)
    1 source range, total size 0x40 (10% of destination):
               0x24c4   0x40
    1 destination range, total size 0x248:
          0x2000'0000  0x248



*******************************************************************************
*** MODULE SUMMARY
***

    Module                                    ro code  ro data  rw data
    ------                                    -------  -------  -------
command line/config:
    -------------------------------------------------------------------
    Total:

/project/staging/core_examples/examples/nortos/LP_CC2652R7/drivers/gpiointerrupt/iar: [1]
    gpiointerrupt.obj                             112
    main_nortos.obj                                18
    ti_devices_config.obj                                   88
    ti_drivers_config.obj                         448       51      372
    -------------------------------------------------------------------
    Total:                                        578      139      372

dl7M_tln.a: [2]
    exit.o                                          4
    -------------------------------------------------------------------
    Total:                                          4

driverlib.lib: [3]
    aux_sysif.c.obj                                60
    chipinfo.c.obj                                 24
    cpu.c.obj                                      24
    interrupt.c.obj                                80               216
    osc.c.obj                                     308                36
    prcm.c.obj                                    128
    setup.c.obj                                   400
    sys_ctrl.c.obj                                284
    -------------------------------------------------------------------
    Total:                                      1'308               252

drivers_cc26x2x7.a: [4]
    GPIO.c.obj                                     76
    GPIOCC26X2.c.obj                              328                32
    GPIOCC26XX.c.obj                              208
    PowerCC26X2.c.obj                           1'820      128      400
    PowerCC26X2_calibrateRCOSC.c.obj              748
    PowerCC26X2_calibrateRCOSC_helpers.c.obj      360
    PowerCC26X2_helpers.c.obj                     280
    -------------------------------------------------------------------
    Total:                                      3'820      128      432

m7M_tls.a: [5]
    fpinit_M.o                                     34
    -------------------------------------------------------------------
    Total:                                         34

nortos_cc26x2x7.a: [6]
    ClockPTimer_nortos.c.obj                      760        1      188
    HwiPCC26XX_nortos.c.obj                       204               220
    NoRTOS.c.obj                                    4
    PowerCC26X2_nortos.c.obj                      244                 4
    QueueP_nortos.c.obj                            90
    SwiP_nortos.c.obj                             532                76
    TimerPCC26XX_nortos.c.obj                     424        6       48
    startup_cc13x2_cc26x2_iar.c.obj                40      216        4
    -------------------------------------------------------------------
    Total:                                      2'298      223      540

rt7M_tl.a: [7]
    ABImemcpy_unaligned.o                         118
    I64DivMod.o                                   560
    I64DivZer.o                                     2
    cexit.o                                        10
    cmain.o                                        30
    cstartup_M.o                                   28
    data_init.o                                    40
    lz77_init_single.o                            126
    zero_init3.o                                   56
    -------------------------------------------------------------------
    Total:                                        970

shb_l.a: [8]
    exit.o                                         20
    -------------------------------------------------------------------
    Total:                                         20

    Gaps                                            8        2
    Linker created                                          32    1'020
-----------------------------------------------------------------------
    Grand Total:                                9'040      524    2'616


*******************************************************************************
*** ENTRY LIST
***

Entry                       Address   Size  Type      Object
-----                       -------   ----  ----      ------
.iar.init_table$$Base        0x240c          --   Gb  - Linker created -
.iar.init_table$$Limit       0x242c          --   Gb  - Linker created -
?main                        0x242d         Code  Gb  cmain.o [7]
AONProgIntHandler            0x23bf    0x2  Code  Wk  startup_cc13x2_cc26x2_iar.c.obj [6]
AONRTCIntHandler             0x23bf    0x2  Code  Wk  startup_cc13x2_cc26x2_iar.c.obj [6]
AUXADCIntHandler             0x23bf    0x2  Code  Wk  startup_cc13x2_cc26x2_iar.c.obj [6]
AUXCombEventIntHandler       0x23bf    0x2  Code  Wk  startup_cc13x2_cc26x2_iar.c.obj [6]
AUXCompAIntHandler           0x23bf    0x2  Code  Wk  startup_cc13x2_cc26x2_iar.c.obj [6]
AUXSWEvent0IntHandler        0x23bf    0x2  Code  Wk  startup_cc13x2_cc26x2_iar.c.obj [6]
AUXSWEvent1IntHandler        0x23bf    0x2  Code  Wk  startup_cc13x2_cc26x2_iar.c.obj [6]
AUXTimer2IntHandler          0x23bf    0x2  Code  Wk  startup_cc13x2_cc26x2_iar.c.obj [6]
BatMonIntHandler             0x23bf    0x2  Code  Wk  startup_cc13x2_cc26x2_iar.c.obj [6]
Board_init                   0x1dc1   0x16  Code  Gb  ti_drivers_config.obj [1]
Board_initHook               0x203d    0x2  Code  Wk  ti_drivers_config.obj [1]
Board_sendExtFlashByte       0x1c19  0x126  Code  Gb  ti_drivers_config.obj [1]
Board_shutDownExtFlash       0x1d6b   0x4a  Code  Gb  ti_drivers_config.obj [1]
Board_wakeUpExtFlash         0x1d3f   0x2c  Code  Gb  ti_drivers_config.obj [1]
BusFaultIntHandler           0x23bf    0x2  Code  Wk  startup_cc13x2_cc26x2_iar.c.obj [6]
CPUwfi                        0xd51    0x4  Code  Lc  PowerCC26X2_nortos.c.obj [6]
CSTACK$$Base            0x2002'3c00          --   Gb  - Linker created -
CSTACK$$Limit           0x2002'4000          --   Gb  - Linker created -
ClockP_Params_init            0x90d    0xe  Code  Gb  ClockPTimer_nortos.c.obj [6]
ClockP_construct              0xb1d   0x3a  Code  Gb  ClockPTimer_nortos.c.obj [6]
ClockP_defaultParams    0x2000'0550    0xc  Data  Lc  ClockPTimer_nortos.c.obj [6]
ClockP_doTick                 0xb15    0x8  Code  Gb  ClockPTimer_nortos.c.obj [6]
ClockP_getSystemTickPeriod
                              0xbd1    0x6  Code  Gb  ClockPTimer_nortos.c.obj [6]
ClockP_getTicks               0x98b    0x4  Code  Gb  ClockPTimer_nortos.c.obj [6]
ClockP_getTicksUntilInterrupt
                              0x98f   0x2a  Code  Gb  ClockPTimer_nortos.c.obj [6]
ClockP_initialized      0x2000'0210    0x1  Data  Lc  ClockPTimer_nortos.c.obj [6]
ClockP_module           0x2000'0320   0xa8  Data  Lc  ClockPTimer_nortos.c.obj [6]
ClockP_scheduleNextTick
                              0x9b9   0x18  Code  Gb  ClockPTimer_nortos.c.obj [6]
ClockP_setTimeout             0xbcd    0x4  Code  Gb  ClockPTimer_nortos.c.obj [6]
ClockP_start                  0xb57   0x70  Code  Gb  ClockPTimer_nortos.c.obj [6]
ClockP_startup                0x91b   0x70  Code  Gb  ClockPTimer_nortos.c.obj [6]
ClockP_stop                   0xbc7    0x6  Code  Gb  ClockPTimer_nortos.c.obj [6]
ClockP_tickPeriod       0x2000'0214    0x4  Data  Gb  ClockPTimer_nortos.c.obj [6]
ClockP_walkQueueDynamic
                              0x9d1   0x60  Code  Gb  ClockPTimer_nortos.c.obj [6]
ClockP_workFuncDynamic        0xa31   0xe2  Code  Gb  ClockPTimer_nortos.c.obj [6]
CryptoIntHandler             0x23bf    0x2  Code  Wk  startup_cc13x2_cc26x2_iar.c.obj [6]
DebugMonIntHandler           0x23bf    0x2  Code  Wk  startup_cc13x2_cc26x2_iar.c.obj [6]
DynProgIntHandler            0x23bf    0x2  Code  Wk  startup_cc13x2_cc26x2_iar.c.obj [6]
FlashIntHandler              0x23bf    0x2  Code  Wk  startup_cc13x2_cc26x2_iar.c.obj [6]
GPIOIntHandler               0x23bf    0x2  Code  Wk  startup_cc13x2_cc26x2_iar.c.obj [6]
GPIO_config                  0x24b4   0x10  Data  Gb  ti_drivers_config.obj [1]
GPIO_disableInt              0x1dd9   0x14  Code  Gb  GPIOCC26XX.c.obj [4]
GPIO_enableInt               0x1ded   0x14  Code  Gb  GPIOCC26XX.c.obj [4]
GPIO_hwiIntFxn               0x1ef5   0x3a  Code  Gb  GPIOCC26X2.c.obj [4]
GPIO_init                    0x1f2f   0xde  Code  Gb  GPIOCC26X2.c.obj [4]
GPIO_pinLowerBound           0x1c16    0x1  Data  Gb  ti_drivers_config.obj [1]
GPIO_pinUpperBound           0x1c17    0x1  Data  Gb  ti_drivers_config.obj [1]
GPIO_resetConfig             0x1ebf   0x2e  Code  Gb  GPIO.c.obj [4]
GPIO_setCallback             0x1ea9   0x16  Code  Gb  GPIO.c.obj [4]
GPIO_setConfig               0x1e01    0x4  Code  Gb  GPIOCC26XX.c.obj [4]
GPIO_setConfigAndMux         0x1e05   0x72  Code  Gb  GPIOCC26XX.c.obj [4]
GPIO_toggle                  0x1e77   0x10  Code  Gb  GPIOCC26XX.c.obj [4]
GPIO_write                   0x1e99   0x10  Code  Gb  GPIOCC26XX.c.obj [4]
HwiP_Params_init              0xca3   0x12  Code  Gb  HwiPCC26XX_nortos.c.obj [6]
HwiP_construct                0xc37   0x6c  Code  Gb  HwiPCC26XX_nortos.c.obj [6]
HwiP_disable                  0xc09   0x10  Code  Gb  HwiPCC26XX_nortos.c.obj [6]
HwiP_dispatch                 0xc23   0x14  Code  Lc  HwiPCC26XX_nortos.c.obj [6]
HwiP_dispatchTable      0x2000'0248   0xd8  Data  Lc  HwiPCC26XX_nortos.c.obj [6]
HwiP_enable                   0xc05    0x4  Code  Gb  HwiPCC26XX_nortos.c.obj [6]
HwiP_post                     0xcb5    0x8  Code  Gb  HwiPCC26XX_nortos.c.obj [6]
HwiP_restore                  0xc19    0xa  Code  Gb  HwiPCC26XX_nortos.c.obj [6]
HwiP_swiPIntNum         0x2000'020c    0x4  Data  Gb  HwiPCC26XX_nortos.c.obj [6]
I2CIntHandler                0x23bf    0x2  Code  Wk  startup_cc13x2_cc26x2_iar.c.obj [6]
I2SIntHandler                0x23bf    0x2  Code  Wk  startup_cc13x2_cc26x2_iar.c.obj [6]
MPUFaultIntHandler           0x23bf    0x2  Code  Wk  startup_cc13x2_cc26x2_iar.c.obj [6]
NOROM_AUXSYSIFOpModeChange
                             0x2261   0x30  Code  Gb  aux_sysif.c.obj [3]
NOROM_CPUcpsid                0xe45    0x8  Code  Gb  cpu.c.obj [3]
NOROM_CPUcpsie                0xe4d    0x8  Code  Gb  cpu.c.obj [3]
NOROM_CPUdelay                0xe55    0x8  Code  Gb  cpu.c.obj [3]
NOROM_IntRegister            0x182d   0x48  Code  Gb  interrupt.c.obj [3]
NOROM_OSCHF_AttemptToSwitchToXosc
                             0x1197   0x52  Code  Gb  osc.c.obj [3]
NOROM_OSCHF_SwitchToRcOscTurnOffXosc
                             0x11e9   0x34  Code  Gb  osc.c.obj [3]
NOROM_OSCHF_TurnOnXosc       0x1179   0x1e  Code  Gb  osc.c.obj [3]
NOROM_OSC_HPOSCRelativeFrequencyOffsetGet
                             0x121d   0x3a  Code  Gb  osc.c.obj [3]
NOROM_PRCMPowerDomainsAllOff
                              0xcd1   0x3e  Code  Gb  prcm.c.obj [3]
NOROM_PRCMPowerDomainsAllOn
                              0xd0f   0x3c  Code  Gb  prcm.c.obj [3]
NOROM_SetupTrimDevice        0x20b9   0x98  Code  Gb  setup.c.obj [3]
NOROM_SysCtrlIdle            0x127d   0x28  Code  Gb  sys_ctrl.c.obj [3]
NOROM_SysCtrlStandby         0x12a5   0xc8  Code  Gb  sys_ctrl.c.obj [3]
NOROM_ThisLibraryIsFor_CC13x2x7_CC26x2x7_HaltIfViolated
                             0x2249   0x14  Code  Gb  chipinfo.c.obj [3]
NoRTOS_start                 0x2461    0x4  Code  Gb  NoRTOS.c.obj [6]
OSCHfSourceSwitch            0x1149   0x30  Code  Lc  osc.c.obj [3]
OSCIntHandler                0x23bf    0x2  Code  Wk  startup_cc13x2_cc26x2_iar.c.obj [6]
PendSVIntHandler             0x23bf    0x2  Code  Wk  startup_cc13x2_cc26x2_iar.c.obj [6]
PowerCC26X2_RCOSC_clockFunc
                             0x10f1   0x30  Code  Gb  PowerCC26X2_calibrateRCOSC.c.obj [4]
PowerCC26X2_auxISR            0xeb7  0x156  Code  Gb  PowerCC26X2_calibrateRCOSC.c.obj [4]
PowerCC26X2_calibrate        0x100d   0xe4  Code  Gb  PowerCC26X2_calibrateRCOSC.c.obj [4]
PowerCC26X2_config           0x24a0   0x14  Data  Gb  ti_drivers_config.obj [1]
PowerCC26X2_disableTCXOQual
                              0x865   0x1a  Code  Gb  PowerCC26X2_helpers.c.obj [4]
PowerCC26X2_enableTCXOQual
                              0x84b   0x1a  Code  Gb  PowerCC26X2_helpers.c.obj [4]
PowerCC26X2_initiateCalibration
                              0xe5d   0x5a  Code  Gb  PowerCC26X2_calibrateRCOSC.c.obj [4]
PowerCC26X2_module      0x2000'007c  0x174  Data  Gb  PowerCC26X2.c.obj [4]
PowerCC26X2_oscClockSourceGet
                              0x80f    0x8  Code  Gb  PowerCC26X2_helpers.c.obj [4]
PowerCC26X2_oscCtlClearXtal
                              0x7f5    0xa  Code  Gb  PowerCC26X2_helpers.c.obj [4]
PowerCC26X2_oscDisableQualifiers
                              0x817   0x30  Code  Gb  PowerCC26X2_helpers.c.obj [4]
PowerCC26X2_oschfSwitchToRcosc
                              0x80b    0x4  Code  Gb  PowerCC26X2_helpers.c.obj [4]
PowerCC26X2_oschfTrySwitchToXosc
                              0x847    0x4  Code  Gb  PowerCC26X2_helpers.c.obj [4]
PowerCC26X2_prcmEnableCacheRetention
                              0x7ff    0xc  Code  Gb  PowerCC26X2_helpers.c.obj [4]
PowerCC26X2_readCtrim        0x18db    0xa  Code  Gb  PowerCC26X2_calibrateRCOSC_helpers.c.obj [4]
PowerCC26X2_readCtrimFract
                             0x18e5    0xa  Code  Gb  PowerCC26X2_calibrateRCOSC_helpers.c.obj [4]
PowerCC26X2_readRtrim        0x18ef    0xa  Code  Gb  PowerCC26X2_calibrateRCOSC_helpers.c.obj [4]
PowerCC26X2_rtcSubSecInc
                        0x2000'01f0    0x4  Data  Lc  PowerCC26X2.c.obj [4]
PowerCC26X2_setAclkRefSrc
                             0x198d   0x30  Code  Gb  PowerCC26X2_calibrateRCOSC_helpers.c.obj [4]
PowerCC26X2_setPeriphDeepSleepEnable
                              0x89b    0x8  Code  Gb  PowerCC26X2_helpers.c.obj [4]
PowerCC26X2_setSubSecIncToXoscLf
                              0x8ab   0x20  Code  Gb  PowerCC26X2_helpers.c.obj [4]
PowerCC26X2_setTdcClkSrc24M
                             0x1961   0x2c  Code  Gb  PowerCC26X2_calibrateRCOSC_helpers.c.obj [4]
PowerCC26X2_swiKey      0x2000'055c    0x4  Data  Lc  PowerCC26X2_nortos.c.obj [6]
PowerCC26X2_switchToTCXO
                              0x883    0xa  Code  Gb  PowerCC26X2_helpers.c.obj [4]
PowerCC26X2_sysCtrlGetResetSource
                              0x8a3    0x8  Code  Gb  PowerCC26X2_helpers.c.obj [4]
PowerCC26X2_sysCtrlIdle
                              0x897    0x4  Code  Gb  PowerCC26X2_helpers.c.obj [4]
PowerCC26X2_sysCtrlStandby
                              0x88d    0xa  Code  Gb  PowerCC26X2_helpers.c.obj [4]
PowerCC26X2_sysCtrlUpdateVoltageRegulator
                              0x8cb    0x8  Code  Gb  PowerCC26X2_helpers.c.obj [4]
PowerCC26X2_turnOnXosc        0x87f    0x4  Code  Gb  PowerCC26X2_helpers.c.obj [4]
PowerCC26X2_updateSubSecInc
                             0x187d   0x5e  Code  Gb  PowerCC26X2_calibrateRCOSC_helpers.c.obj [4]
PowerCC26X2_writeCtrim       0x18f9   0x1a  Code  Gb  PowerCC26X2_calibrateRCOSC_helpers.c.obj [4]
PowerCC26X2_writeCtrimFract
                             0x1913   0x1a  Code  Gb  PowerCC26X2_calibrateRCOSC_helpers.c.obj [4]
PowerCC26X2_writeCtrimFractEn
                             0x192d   0x1a  Code  Gb  PowerCC26X2_calibrateRCOSC_helpers.c.obj [4]
PowerCC26X2_writeRtrim       0x1947   0x1a  Code  Gb  PowerCC26X2_calibrateRCOSC_helpers.c.obj [4]
PowerCC26X2_xosclfRtcCompNotifyObj
                        0x2000'01f4   0x18  Data  Lc  PowerCC26X2.c.obj [4]
PowerCC26XX_calibrate         0x59d   0x20  Code  Gb  PowerCC26X2.c.obj [4]
PowerCC26XX_schedulerDisable
                              0xe17    0xc  Code  Gb  PowerCC26X2_nortos.c.obj [6]
PowerCC26XX_schedulerRestore
                              0xe23    0x8  Code  Gb  PowerCC26X2_nortos.c.obj [6]
PowerCC26XX_standbyPolicy
                              0xd55   0xc2  Code  Gb  PowerCC26X2_nortos.c.obj [6]
Power_getConstraintMask
                               0xd9    0x8  Code  Gb  PowerCC26X2.c.obj [4]
Power_getTransitionLatency
                               0xe1   0x1c  Code  Gb  PowerCC26X2.c.obj [4]
Power_init                     0xfd  0x140  Code  Gb  PowerCC26X2.c.obj [4]
Power_releaseConstraint
                              0x23d   0x2c  Code  Gb  PowerCC26X2.c.obj [4]
Power_releaseDependency
                              0x269   0xa0  Code  Gb  PowerCC26X2.c.obj [4]
Power_setConstraint           0x309   0x22  Code  Gb  PowerCC26X2.c.obj [4]
Power_setDependency           0x333   0xa4  Code  Gb  PowerCC26X2.c.obj [4]
Power_sleep                   0x3d7  0x1c6  Code  Gb  PowerCC26X2.c.obj [4]
QueueP_empty                 0x139b    0xe  Code  Gb  QueueP_nortos.c.obj [6]
QueueP_get                   0x13a9   0x14  Code  Gb  QueueP_nortos.c.obj [6]
QueueP_head                  0x13c5    0x4  Code  Gb  QueueP_nortos.c.obj [6]
QueueP_init                  0x1399    0x2  Code  Gb  QueueP_nortos.c.obj [6]
QueueP_next                  0x13d1    0x4  Code  Gb  QueueP_nortos.c.obj [6]
QueueP_put                   0x13d5    0x2  Code  Gb  QueueP_nortos.c.obj [6]
RFCCPE0IntHandler            0x23bf    0x2  Code  Wk  startup_cc13x2_cc26x2_iar.c.obj [6]
RFCCPE1IntHandler            0x23bf    0x2  Code  Wk  startup_cc13x2_cc26x2_iar.c.obj [6]
RFCCmdAckIntHandler          0x23bf    0x2  Code  Wk  startup_cc13x2_cc26x2_iar.c.obj [6]
RFCHardwareIntHandler        0x23bf    0x2  Code  Wk  startup_cc13x2_cc26x2_iar.c.obj [6]
Region$$Table$$Base          0x240c          --   Gb  - Linker created -
Region$$Table$$Limit         0x242c          --   Gb  - Linker created -
SSI0IntHandler               0x23bf    0x2  Code  Wk  startup_cc13x2_cc26x2_iar.c.obj [6]
SSI1IntHandler               0x23bf    0x2  Code  Wk  startup_cc13x2_cc26x2_iar.c.obj [6]
STACK_TOP {Abs}         0x2002'4000         Data  Gb  <internal module>
SVCallIntHandler             0x23bf    0x2  Code  Wk  startup_cc13x2_cc26x2_iar.c.obj [6]
SWEvent0IntHandler           0x23bf    0x2  Code  Wk  startup_cc13x2_cc26x2_iar.c.obj [6]
SwiP_Params_init             0x1471   0x12  Code  Gb  SwiP_nortos.c.obj [6]
SwiP_construct               0x1485   0xb0  Code  Gb  SwiP_nortos.c.obj [6]
SwiP_currentTrigger     0x2000'04cc    0x4  Data  Lc  SwiP_nortos.c.obj [6]
SwiP_defaultParams           0x1674   0x10  Data  Lc  SwiP_nortos.c.obj [6]
SwiP_disable                 0x153b   0x16  Code  Gb  SwiP_nortos.c.obj [6]
SwiP_dispatch                0x1551   0x80  Code  Gb  SwiP_nortos.c.obj [6]
SwiP_handleHwi               0x15d5   0x10  Code  Lc  SwiP_nortos.c.obj [6]
SwiP_hwiStruct          0x2000'04d0   0x1c  Data  Lc  SwiP_nortos.c.obj [6]
SwiP_initialized        0x2000'04c1    0x1  Data  Lc  SwiP_nortos.c.obj [6]
SwiP_lockState          0x2000'04c8    0x4  Data  Lc  SwiP_nortos.c.obj [6]
SwiP_post                    0x15ed   0x4e  Code  Gb  SwiP_nortos.c.obj [6]
SwiP_readyList          0x2000'04ec   0x20  Data  Lc  SwiP_nortos.c.obj [6]
SwiP_readyMask          0x2000'04c4    0x4  Data  Lc  SwiP_nortos.c.obj [6]
SwiP_restore                 0x163b   0x2a  Code  Gb  SwiP_nortos.c.obj [6]
SwiP_schedulerRunning   0x2000'04c0    0x1  Data  Lc  SwiP_nortos.c.obj [6]
SysTickIntHandler            0x23bf    0x2  Code  Wk  startup_cc13x2_cc26x2_iar.c.obj [6]
TRNGIntHandler               0x23bf    0x2  Code  Wk  startup_cc13x2_cc26x2_iar.c.obj [6]
Timer0AIntHandler            0x23bf    0x2  Code  Wk  startup_cc13x2_cc26x2_iar.c.obj [6]
Timer0BIntHandler            0x23bf    0x2  Code  Wk  startup_cc13x2_cc26x2_iar.c.obj [6]
Timer1AIntHandler            0x23bf    0x2  Code  Wk  startup_cc13x2_cc26x2_iar.c.obj [6]
Timer1BIntHandler            0x23bf    0x2  Code  Wk  startup_cc13x2_cc26x2_iar.c.obj [6]
Timer2AIntHandler            0x23bf    0x2  Code  Wk  startup_cc13x2_cc26x2_iar.c.obj [6]
Timer2BIntHandler            0x23bf    0x2  Code  Wk  startup_cc13x2_cc26x2_iar.c.obj [6]
Timer3AIntHandler            0x23bf    0x2  Code  Wk  startup_cc13x2_cc26x2_iar.c.obj [6]
Timer3BIntHandler            0x23bf    0x2  Code  Wk  startup_cc13x2_cc26x2_iar.c.obj [6]
TimerP_Params_init           0x1685    0xc  Code  Gb  TimerPCC26XX_nortos.c.obj [6]
TimerP_construct             0x1691   0x7e  Code  Gb  TimerPCC26XX_nortos.c.obj [6]
TimerP_defaultParams    0x2000'0218    0xc  Data  Lc  TimerPCC26XX_nortos.c.obj [6]
TimerP_dynamicStub           0x17d1   0x10  Code  Gb  TimerPCC26XX_nortos.c.obj [6]
TimerP_getCurrentTick        0x17e1   0x2e  Code  Gb  TimerPCC26XX_nortos.c.obj [6]
TimerP_getMaxTicks           0x170f   0x1e  Code  Gb  TimerPCC26XX_nortos.c.obj [6]
TimerP_handle           0x2000'0228    0x4  Data  Lc  TimerPCC26XX_nortos.c.obj [6]
TimerP_hwiStruct        0x2000'022c   0x1c  Data  Lc  TimerPCC26XX_nortos.c.obj [6]
TimerP_initialized      0x2000'0224    0x1  Data  Lc  TimerPCC26XX_nortos.c.obj [6]
TimerP_setNextTick           0x174d   0x32  Code  Gb  TimerPCC26XX_nortos.c.obj [6]
TimerP_setThreshold          0x172d   0x20  Code  Gb  TimerPCC26XX_nortos.c.obj [6]
TimerP_start                 0x1791   0x3e  Code  Gb  TimerPCC26XX_nortos.c.obj [6]
TimerP_startup               0x177f   0x12  Code  Gb  TimerPCC26XX_nortos.c.obj [6]
TrimAfterColdResetWakeupFromShutDown
                             0x2151   0x92  Code  Lc  setup.c.obj [3]
UART0IntHandler              0x23bf    0x2  Code  Wk  startup_cc13x2_cc26x2_iar.c.obj [6]
UART1IntHandler              0x23bf    0x2  Code  Wk  startup_cc13x2_cc26x2_iar.c.obj [6]
UsageFaultIntHandler         0x23bf    0x2  Code  Wk  startup_cc13x2_cc26x2_iar.c.obj [6]
WatchdogIntHandler           0x23bf    0x2  Code  Wk  startup_cc13x2_cc26x2_iar.c.obj [6]
__aeabi_ldiv0                0x1c15         Code  Gb  I64DivZer.o [7]
__aeabi_uldivmod             0x19e5         Code  Gb  I64DivMod.o [7]
__ccfg                     0xa'ffa8   0x58  Data  Gb  ti_devices_config.obj [1]
__cmain                      0x242d         Code  Gb  cmain.o [7]
__exit                       0x2471   0x14  Code  Gb  exit.o [8]
__iar_data_init3             0x23c1   0x28  Code  Gb  data_init.o [7]
__iar_init_vfp               0x23e9         Code  Gb  fpinit_M.o [5]
__iar_lz77_init_single3
                             0x13f3   0x7e  Code  Gb  lz77_init_single.o [7]
__iar_program_start          0x2485         Code  Gb  cstartup_M.o [7]
__iar_unaligned_memcpy       0x2041         Code  Gb  ABImemcpy_unaligned.o [7]
__iar_unaligned_memcpy4
                             0x2061         Code  Gb  ABImemcpy_unaligned.o [7]
__iar_unaligned_memcpy8
                             0x2061         Code  Gb  ABImemcpy_unaligned.o [7]
__iar_zero_init3             0x2361   0x38  Code  Gb  zero_init3.o [7]
__low_level_init             0x23a9   0x12  Code  Gb  startup_cc13x2_cc26x2_iar.c.obj [6]
__vector_table                  0x0   0xd8  Data  Gb  startup_cc13x2_cc26x2_iar.c.obj [6]
_call_main                   0x2439         Code  Gb  cmain.o [7]
_exit                        0x2465         Code  Gb  cexit.o [7]
_hposcCoeffs            0x2000'0540   0x10  Data  Gb  osc.c.obj [3]
configureRFCoreClocks         0x66b    0x4  Code  Lc  PowerCC26X2.c.obj [4]
configureXOSCHF               0x6c3   0xe4  Code  Lc  PowerCC26X2.c.obj [4]
dummy_stack             0x2002'3c00    0x4  Data  Lc  startup_cc13x2_cc26x2_iar.c.obj [6]
emptyClockFunc                0x635    0x2  Code  Lc  PowerCC26X2.c.obj [4]
exit                         0x245d    0x4  Code  Gb  exit.o [2]
faultISR                     0x23bd    0x2  Code  Lc  startup_cc13x2_cc26x2_iar.c.obj [6]
g_OpMode_to_order            0x2294    0x4  Data  Lc  aux_sysif.c.obj [3]
g_Order_to_OpMode            0x2298    0x4  Data  Lc  aux_sysif.c.obj [3]
g_pfnRAMVectors         0x2000'0600   0xd8  Data  Lc  interrupt.c.obj [3]
gpioButtonFxn0               0x229d    0x6  Code  Gb  gpiointerrupt.obj [1]
gpioButtonFxn1               0x22a3    0x6  Code  Gb  gpiointerrupt.obj [1]
gpioCallbackFunctions   0x2000'03c8   0x7c  Data  Gb  ti_drivers_config.obj [1]
gpioHwi                 0x2000'0510   0x1c  Data  Lc  GPIOCC26X2.c.obj [4]
gpioPinConfigs          0x2000'0000   0x7c  Data  Gb  ti_drivers_config.obj [1]
gpioUserArgs            0x2000'0444   0x7c  Data  Gb  ti_drivers_config.obj [1]
initCalled              0x2000'050c    0x1  Data  Lc  GPIOCC26X2.c.obj [4]
intDefaultHandler            0x23bf    0x2  Code  Lc  startup_cc13x2_cc26x2_iar.c.obj [6]
localProgramStart            0x2399    0xe  Code  Gb  startup_cc13x2_cc26x2_iar.c.obj [6]
main                         0x244b   0x12  Code  Gb  main_nortos.obj [1]
mainThread                   0x22a9   0x52  Code  Gb  gpiointerrupt.obj [1]
nmiISR                       0x23bb    0x2  Code  Lc  startup_cc13x2_cc26x2_iar.c.obj [6]
nopResourceHandler            0x637    0x4  Code  Lc  PowerCC26X2.c.obj [4]
notify                        0x63b   0x30  Code  Lc  PowerCC26X2.c.obj [4]
oscHfGlobals            0x2000'052c   0x14  Data  Lc  osc.c.obj [3]
oscillatorISR                 0x5bd   0x76  Code  Lc  PowerCC26X2.c.obj [4]
resourceDB                   0x230c   0x54  Data  Gb  PowerCC26X2.c.obj [4]
switchToTCXO                  0x7e9    0xc  Code  Lc  PowerCC26X2.c.obj [4]
switchXOSCHF                  0x66f   0x54  Code  Lc  PowerCC26X2.c.obj [4]
uDMAErrIntHandler            0x23bf    0x2  Code  Wk  startup_cc13x2_cc26x2_iar.c.obj [6]
uDMAIntHandler               0x23bf    0x2  Code  Wk  startup_cc13x2_cc26x2_iar.c.obj [6]


[1] = /project/staging/core_examples/examples/nortos/LP_CC2652R7/drivers/gpiointerrupt/iar
[2] = dl7M_tln.a
[3] = driverlib.lib
[4] = drivers_cc26x2x7.a
[5] = m7M_tls.a
[6] = nortos_cc26x2x7.a
[7] = rt7M_tl.a
[8] = shb_l.a

  9'040 bytes of readonly  code memory
    524 bytes of readonly  data memory
  2'616 bytes of readwrite data memory

Errors: none
Warnings: none
