###############################################################################
#
# IAR ELF Linker V9.40.2.374/LNX for ARM BX               19/Apr/2024  13:35:09
# Copyright 2007-2023 IAR Systems AB.
#
#    Output file  =  fatsdraw.out
#    Map file     =  fatsdraw.map
#    Command line =
#        fatsdraw_nortos.obj main_nortos.obj ti_devices_config.obj
#        ti_drivers_config.obj
#        -L/project/staging/core_examples/simplelink-lowpower-f3-sdk/source
#        -L/project/staging/core_examples/simplelink-lowpower-f3-sdk/kernel/nortos
#        -fti_utils_build_linker.cmd.genlibs
#        (ti/display/lib/iar/m0p/display_cc23x0r5.a
#        ti/drivers/lib/iar/m0p/drivers_cc23x0r5.a
#        lib/iar/m0p/nortos_cc23x0r5.a third_party/fatfs/lib/iar/m0p/fatfs.a
#        ti/devices/cc23x0r5/driverlib/lib/iar/driverlib.a) --config
#        ../iar/cc23x0r5_nortos.icf --map fatsdraw.map --silent
#        --semihosting=iar_breakpoint --cpu=Cortex-M0+ -o fatsdraw.out
#
###############################################################################

*******************************************************************************
*** RUNTIME MODEL ATTRIBUTES
***

CppFlavor       = *
__CPP_Runtime   = 1
__Heap_Handler  = DLMalloc
__SystemLibrary = DLib
__dlib_version  = 6


*******************************************************************************
*** HEAP SELECTION
***

The advanced heap was selected because the application calls
memory allocation functions outside of system library functions,
there are calls to deallocation functions in the application, and
the application appears to be primarily optimized for speed.


*******************************************************************************
*** RESERVED RANGES
***

Ranges reserved by absolute symbols:

         From           To  Size
         ----           --  ----
  0x2000'0400  0x2000'040f  0x10
  0x2000'0410  0x2000'041f  0x10
  0x2000'0420  0x2000'042f  0x10
  0x2000'0430  0x2000'043f  0x10
  0x2000'0480  0x2000'048f  0x10
  0x2000'0490  0x2000'049f  0x10


*******************************************************************************
*** PLACEMENT SUMMARY
***

"A0":  place at address 0x0 { ro section .resetVecs };
"P2":  place in [from 0x4e02'0000 to 0x4e02'07ff] { section .ccfg };
"P3":  place in [from 0x0 to 0x7'ffff] { ro };
"P4":  place in [from 0x2000'0000 to 0x2000'8fff] { rw, section .ramVecs };
define block HEAP with size = 16K, alignment = 8 { };
"P5":  place in [from 0x2000'0000 to 0x2000'8fff] { block HEAP };
define block CSTACK with size = 1K, alignment = 8 { section .stack };
"A1":  place at end of [from 0x2000'0000 to 0x2000'8fff] { block CSTACK };
do not initialize { section .stack, section .noinit };
initialize by copy { rw };
keep { section .resetVecs };
keep { section .ccfg };

No sections matched the following patterns:

  ro section .log_data  in block LOG_DATA
  ro section .log_ptr*  in block LOG_PTR
  section .s2rram       in "P1"


  Section            Kind         Address    Size  Object
  -------            ----         -------    ----  ------
"A0":                                        0x8c
  .resetVecs         const            0x0    0x8c  startup_cc23x0r5_iar.c.obj [8]
                                   - 0x8c    0x8c

"P3":                                      0x850f
  .text              ro code         0x8c  0x16ea  ff.c.obj [6]
  .text              ro code       0x1776    0x3e  ffsystem.c.obj [6]
  .text              ro code       0x17b4    0xd8  diskio.c.obj [6]
  .text              ro code       0x188c    0x52  ABImemset.o [9]
  .text              ro code       0x18de    0xae  I32DivModFast.o [9]
  .text              ro code       0x198c   0x194  SemaphoreP_nortos.c.obj [8]
  .text              ro code       0x1b20   0x458  fatsdraw_nortos.obj [1]
  .text              ro code       0x1f78     0x2  IntDivZer.o [9]
  .rodata            const         0x1f7a     0x1  ti_drivers_config.obj [1]
  .rodata            const         0x1f7b     0x1  ti_drivers_config.obj [1]
  .text              ro code       0x1f7c   0x218  ClockPLPF3_nortos.c.obj [8]
  .text              ro code       0x2194  0x1670  dlmalloc.o [3]
  .text              ro code       0x3804     0x8  heaptramp0.o [3]
  .text              ro code       0x380c   0x122  HwiPCC23X0_nortos.c.obj [8]
  .rodata            const         0x392e     0x1  ti_drivers_config.obj [1]
  .rodata            const         0x392f     0x1  ti_drivers_config.obj [1]
  .text              ro code       0x3930   0x424  PowerCC23X0.c.obj [5]
  .text              ro code       0x3d54    0x9d  Display.c.obj [2]
  .rodata            const         0x3df1     0x1  ti_drivers_config.obj [1]
  .rodata            const         0x3df2     0x1  ti_drivers_config.obj [1]
  .rodata            const         0x3df3     0x1  ti_drivers_config.obj [1]
  .text              ro code       0x3df4   0x244  GPIOLPF3.c.obj [5]
  .text              ro code       0x4038   0x21c  SDFatFS.c.obj [5]
  .text              ro code       0x4254     0xe  strlen.o [9]
  .text              ro code       0x4262    0x66  List.c.obj [5]
  .text              ro code       0x42c8     0xa  abort.o [3]
  .text              ro code       0x42d4    0x2c  xgetmemchunk.o [3]
  .text              ro code       0x4300    0x4e  ABImemcpy.o [9]
  .text              ro code       0x4350   0x1c4  interrupt.c.obj [4]
  .text              ro code       0x4514    0x7c  lrfd.c.obj [4]
  .text              ro code       0x4590    0xb4  SD.c.obj [5]
  .text              ro code       0x4644    0x14  exit.o [10]
  .text              ro code       0x4658   0xec0  SPILPF3DMA.c.obj [5]
  .text              ro code       0x5518   0x1f4  SwiP_nortos.c.obj [8]
  .text              ro code       0x570c    0x60  GPIO.c.obj [5]
  .text              ro code       0x576c    0x74  UDMALPF3.c.obj [5]
  .text              ro code       0x57e0    0x38  udma.c.obj [4]
  .text              ro code       0x5818    0x14  memset.o [9]
  .text              ro code       0x582c    0x58  QueueP_nortos.c.obj [8]
  .text              ro code       0x5884   0xad8  UART2LPF3.c.obj [5]
  .text              ro code       0x635c   0x144  RingBuf.c.obj [5]
  .text              ro code       0x64a0    0x94  UART2.c.obj [5]
  .text              ro code       0x6534    0x5a  UART2.c.obj [5]
  .text              ro code       0x658e    0x34  UART2.c.obj [5]
  .text              ro code       0x65c4    0x74  uart.c.obj [4]
  .text              ro code       0x6638   0x90e  SDSPI.c.obj [5]
  .text              ro code       0x6f48    0xb4  SPI.c.obj [5]
  .text              ro code       0x6ffc   0x3f8  SystemP_nortos.c.obj [8]
  .text              ro code       0x73f4    0x32  DblCmpLe.o [7]
  .text              ro code       0x7428    0x52  DblToI32.o [7]
  .text              ro code       0x747c    0x34  IxxToDbl.o [7]
  .text              ro code       0x74b0   0x1a8  DblAddSub.o [7]
  .text              ro code       0x7658   0x184  DblMul.o [7]
  .rodata            const         0x77dc   0x320  fatsdraw_nortos.obj [1]
  .text              ro code       0x7afc   0x296  UART2.c.obj [5]
  .text              ro code       0x7d94   0x1d0  ti_drivers_config.obj [1]
  .text              ro code       0x7f64     0x8  cpu.c.obj [4]
  .text              ro code       0x7f6c     0x2  ti_drivers_config.obj [1]
  .text              ro code       0x7f70   0x150  PowerCC23X0_nortos.c.obj [8]
  .text              ro code       0x80c0    0xb4  DisplayUart2.c.obj [2]
  .text              ro code       0x8174     0xe  UART2.c.obj [5]
  .text              ro code       0x8182    0x1a  UART2.c.obj [5]
  .text              ro code       0x819c    0x80  lz77_init_single.o [9]
  .rodata            const         0x821c    0x74  fatsdraw_nortos.obj [1]
  .rodata            const         0x8290    0x58  ti_drivers_config.obj [1]
  .rodata            const         0x82e8    0x40  ti_drivers_config.obj [1]
  .text              ro code       0x8328    0x3c  zero_init3.o [9]
  .text              ro code       0x8364    0x36  startup_cc23x0r5_iar.c.obj [8]
  .text              ro code       0x839c    0x2c  setup.c.obj [4]
  .text              ro code       0x83c8    0x28  data_init.o [9]
  .rodata            const         0x83f0    0x24  SDSPI.c.obj [5]
  .rodata            const         0x8414    0x24  UART2.c.obj [5]
  .iar.init_table    const         0x8438    0x20  - Linker created -
  .rodata            const         0x8458    0x20  DisplayUart2.c.obj [2]
  .text              ro code       0x8478    0x1e  cmain.o [9]
  .text              ro code       0x8496    0x12  main_nortos.obj [1]
  .text              ro code       0x84a8     0x8  exit.o [3]
  .text              ro code       0x84b0     0x8  NoRTOS.c.obj [8]
  .text              ro code       0x84b8     0xa  cexit.o [9]
  .text              ro code       0x84c4    0x1c  cstartup_M.o [9]
  .rodata            const         0x84e0    0x18  SPILPF3DMA.c.obj [5]
  .rodata            const         0x84f8    0x14  ti_drivers_config.obj [1]
  .rodata            const         0x850c    0x10  ti_drivers_config.obj [1]
  .rodata            const         0x851c     0xc  ti_drivers_config.obj [1]
  .rodata            const         0x8528     0xc  ti_drivers_config.obj [1]
  .rodata            const         0x8534     0xc  ti_drivers_config.obj [1]
  .rodata            const         0x8540     0xc  SDSPI.c.obj [5]
  .rodata            const         0x854c     0x8  ti_drivers_config.obj [1]
  .rodata            const         0x8554     0x8  ti_drivers_config.obj [1]
  .rodata            const         0x855c     0x4  ti_drivers_config.obj [1]
  .rodata            const         0x8560     0x4  ti_drivers_config.obj [1]
  .rodata            const         0x8564     0x4  ti_drivers_config.obj [1]
  .rodata            const         0x8568     0x0  zero_init3.o [9]
  .rodata            const         0x8568     0x0  lz77_init_single.o [9]
  Initializer bytes  const         0x8568    0x30  <for P4-P5-1>
                                 - 0x8598  0x850c

"P4-P5", part 1 of 3:                        0x85
  P4-P5-1                     0x2000'04a0    0x85  <Init block>
    .data            inited   0x2000'04a0    0x68  ti_drivers_config.obj [1]
    .data            inited   0x2000'0508    0x10  PowerCC23X0.c.obj [5]
    .data            inited   0x2000'0518     0x4  HwiPCC23X0_nortos.c.obj [8]
    .data            inited   0x2000'051c     0x9  SemaphoreP_nortos.c.obj [8]
                            - 0x2000'0525    0x85

"P4-P5", part 2 of 3:                      0x1a70
  .bss               zero     0x2000'0528   0xc54  fatsdraw_nortos.obj [1]
  .bss               zero     0x2000'117c   0x400  ti_drivers_config.obj [1]
  .bss               zero     0x2000'157c   0x240  ti_drivers_config.obj [1]
  .bss               zero     0x2000'17bc   0x1d8  dlmalloc.o [3]
  .bss               zero     0x2000'1994   0x180  ti_drivers_config.obj [1]
  .bss               zero     0x2000'1b14   0x100  ti_drivers_config.obj [1]
  .bss               zero     0x2000'1c14    0x8c  HwiPCC23X0_nortos.c.obj [8]
  .bss               zero     0x2000'1ca0    0x68  ti_drivers_config.obj [1]
  .bss               zero     0x2000'1d08    0x68  ti_drivers_config.obj [1]
  .bss               zero     0x2000'1d70    0x50  diskio.c.obj [6]
  .bss               zero     0x2000'1dc0    0x4c  SwiP_nortos.c.obj [8]
  .bss               zero     0x2000'1e0c    0x40  PowerCC23X0.c.obj [5]
  .bss               zero     0x2000'1e4c    0x20  ti_drivers_config.obj [1]
  .bss               zero     0x2000'1e6c    0x20  ti_drivers_config.obj [1]
  .bss               zero     0x2000'1e8c    0x20  GPIOLPF3.c.obj [5]
  .bss               zero     0x2000'1eac    0x20  PowerCC23X0.c.obj [5]
  .bss               zero     0x2000'1ecc    0x20  ClockPLPF3_nortos.c.obj [8]
  .bss               zero     0x2000'1eec    0x18  UDMALPF3.c.obj [5]
  .bss               zero     0x2000'1f04    0x18  dlmalloc.o [3]
  .bss               zero     0x2000'1f1c    0x14  SDFatFS.c.obj [5]
  .bss               zero     0x2000'1f30    0x14  ff.c.obj [6]
  .bss               zero     0x2000'1f44    0x14  PowerCC23X0_nortos.c.obj [8]
  .bss               zero     0x2000'1f58     0xc  ti_drivers_config.obj [1]
  .bss               zero     0x2000'1f64     0xc  ti_drivers_config.obj [1]
  .bss               zero     0x2000'1f70     0xc  PowerCC23X0.c.obj [5]
  .bss               zero     0x2000'1f7c     0x8  PowerCC23X0.c.obj [5]
  .bss               zero     0x2000'1f84     0x8  lrfd.c.obj [4]
  .bss               zero     0x2000'1f8c     0x4  fatsdraw_nortos.obj [1]
  .bss               zero     0x2000'1f90     0x4  xgetmemchunk.o [3]
  .bss               zero     0x2000'1f94     0x2  SemaphoreP_nortos.c.obj [8]
  .bss               zero     0x2000'1f96     0x1  SD.c.obj [5]
  .bss               zero     0x2000'1f97     0x1  SPI.c.obj [5]
                            - 0x2000'1f98  0x1a70

"P4-P5", part 3 of 3:                      0x4090
  .ramVecs           uninit   0x2000'2000    0x8c  interrupt.c.obj [4]
  HEAP                        0x2000'2090  0x4000  <Block>
    HEAP             uninit   0x2000'2090  0x4000  <Block tail>
                            - 0x2000'6090  0x4090

"A1":                                       0x400
  CSTACK                      0x2000'8c00   0x400  <Block>
    .stack           uninit   0x2000'8c00     0x4  startup_cc23x0r5_iar.c.obj [8]
    CSTACK           uninit   0x2000'8c04   0x3fc  <Block tail>
                            - 0x2000'9000   0x400

"P2":                                       0x800
  .ccfg              const    0x4e02'0000   0x800  ti_devices_config.obj [1]
                            - 0x4e02'0800   0x800

Unused ranges:

         From           To      Size
         ----           --      ----
       0x859b     0x7'ffff  0x7'7a65
  0x2000'0000  0x2000'03ff     0x400
  0x2000'0440  0x2000'047f      0x40
  0x2000'0525  0x2000'0527       0x3
  0x2000'1f98  0x2000'1fff      0x68
  0x2000'6090  0x2000'8bff    0x2b70


*******************************************************************************
*** INIT TABLE
***

          Address      Size
          -------      ----
Zero (__iar_zero_init3)
    1 destination range, total size 0x1a70:
          0x2000'0528  0x1a70

Copy/lz77 (__iar_lz77_init_single3)
    1 source range, total size 0x30 (36% of destination):
               0x8568    0x30
    1 destination range, total size 0x85:
          0x2000'04a0    0x85



*******************************************************************************
*** MODULE SUMMARY
***

    Module                      ro code  ro data  rw data
    ------                      -------  -------  -------
command line/config:
    -----------------------------------------------------
    Total:

/project/staging/core_examples/examples/nortos/LP_EM_CC2340R5/drivers/fatsdraw/iar: [1]
    fatsdraw_nortos.obj           1'112      916    3'160
    main_nortos.obj                  18
    ti_devices_config.obj                  2'048
    ti_drivers_config.obj           466      296    2'640
    -----------------------------------------------------
    Total:                        1'596    3'260    5'800

display_cc23x0r5.a: [2]
    Display.c.obj                   157
    DisplayUart2.c.obj              180       32
    -----------------------------------------------------
    Total:                          337       32

dl6M_tln.a: [3]
    abort.o                          10
    dlmalloc.o                    5'744               496
    exit.o                            8
    heaptramp0.o                      8
    xgetmemchunk.o                   44                 4
    -----------------------------------------------------
    Total:                        5'814               500

driverlib.a: [4]
    cpu.c.obj                         8
    interrupt.c.obj                 452               140
    lrfd.c.obj                      124                 8
    setup.c.obj                      44
    uart.c.obj                      116
    udma.c.obj                       56
    -----------------------------------------------------
    Total:                          800               148

drivers_cc23x0r5.a: [5]
    GPIO.c.obj                       96
    GPIOLPF3.c.obj                  580                32
    List.c.obj                      102
    PowerCC23X0.c.obj             1'060        6      132
    RingBuf.c.obj                   324
    SD.c.obj                        180                 1
    SDFatFS.c.obj                   540                20
    SDSPI.c.obj                   2'318       48
    SPI.c.obj                       180                 1
    SPILPF3DMA.c.obj              3'776       24
    UART2.c.obj                     992       36
    UART2LPF3.c.obj               2'776
    UDMALPF3.c.obj                  116                24
    -----------------------------------------------------
    Total:                       13'040      114      210

fatfs.a: [6]
    diskio.c.obj                    216                80
    ff.c.obj                      5'866                20
    ffsystem.c.obj                   62
    -----------------------------------------------------
    Total:                        6'144               100

m6M_tl.a: [7]
    DblAddSub.o                     424
    DblCmpLe.o                       50
    DblMul.o                        388
    DblToI32.o                       82
    IxxToDbl.o                       52
    -----------------------------------------------------
    Total:                          996

nortos_cc23x0r5.a: [8]
    ClockPLPF3_nortos.c.obj         536                32
    HwiPCC23X0_nortos.c.obj         290        1      144
    NoRTOS.c.obj                      8
    PowerCC23X0_nortos.c.obj        336                20
    QueueP_nortos.c.obj              88
    SemaphoreP_nortos.c.obj         404        4       11
    SwiP_nortos.c.obj               500                76
    SystemP_nortos.c.obj          1'016
    startup_cc23x0r5_iar.c.obj       54      140        4
    -----------------------------------------------------
    Total:                        3'232      145      287

rt6M_tl.a: [9]
    ABImemcpy.o                      78
    ABImemset.o                      82
    I32DivModFast.o                 174
    IntDivZer.o                       2
    cexit.o                          10
    cmain.o                          30
    cstartup_M.o                     28
    data_init.o                      40
    lz77_init_single.o              128
    memset.o                         20
    strlen.o                         14
    zero_init3.o                     60
    -----------------------------------------------------
    Total:                          666

shb_l.a: [10]
    exit.o                           20
    -----------------------------------------------------
    Total:                           20

    Gaps                             20
    Linker created                            32   17'404
---------------------------------------------------------
    Grand Total:                 32'665    3'583   24'449


*******************************************************************************
*** ENTRY LIST
***

Entry                       Address   Size  Type      Object
-----                       -------   ----  ----      ------
.iar.init_table$$Base        0x8438          --   Gb  - Linker created -
.iar.init_table$$Limit       0x8458          --   Gb  - Linker created -
?main                        0x8479         Code  Gb  cmain.o [9]
Board_init                   0x7f2d   0x26  Code  Gb  ti_drivers_config.obj [1]
Board_initHook               0x7f6d    0x2  Code  Wk  ti_drivers_config.obj [1]
Board_sendExtFlashByte       0x7d95  0x126  Code  Gb  ti_drivers_config.obj [1]
Board_shutDownExtFlash       0x7ee5   0x48  Code  Gb  ti_drivers_config.obj [1]
Board_wakeUpExtFlash         0x7ebb   0x2a  Code  Gb  ti_drivers_config.obj [1]
CPUDelay                     0x7f65    0x8  Code  Gb  cpu.c.obj [4]
CSTACK$$Base            0x2000'8c00          --   Gb  - Linker created -
CSTACK$$Limit           0x2000'9000          --   Gb  - Linker created -
ClockP_add                   0x20dd   0x18  Code  Gb  ClockPLPF3_nortos.c.obj [8]
ClockP_defaultParams    0x2000'1ecc    0xc  Data  Lc  ClockPLPF3_nortos.c.obj [8]
ClockP_destruct              0x20d1    0xc  Code  Gb  ClockPLPF3_nortos.c.obj [8]
ClockP_getCpuFreq            0x2175    0xa  Code  Gb  ClockPLPF3_nortos.c.obj [8]
ClockP_getSystemTickPeriod
                             0x217f    0x4  Code  Gb  ClockPLPF3_nortos.c.obj [8]
ClockP_getSystemTicks        0x2183    0x6  Code  Gb  ClockPLPF3_nortos.c.obj [8]
ClockP_hwiCallback           0x2029   0xa8  Code  Lc  ClockPLPF3_nortos.c.obj [8]
ClockP_inWorkFunc       0x2000'1ed9    0x1  Data  Lc  ClockPLPF3_nortos.c.obj [8]
ClockP_initialized      0x2000'1ed8    0x1  Data  Lc  ClockPLPF3_nortos.c.obj [8]
ClockP_isActive              0x2171    0x4  Code  Gb  ClockPLPF3_nortos.c.obj [8]
ClockP_list             0x2000'1edc    0x8  Data  Lc  ClockPLPF3_nortos.c.obj [8]
ClockP_nextScheduledTick
                        0x2000'1ee8    0x4  Data  Lc  ClockPLPF3_nortos.c.obj [8]
ClockP_start                 0x20f5   0x60  Code  Gb  ClockPLPF3_nortos.c.obj [8]
ClockP_startDuringWorkFunc
                        0x2000'1eda    0x1  Data  Lc  ClockPLPF3_nortos.c.obj [8]
ClockP_startup               0x1f7d   0x5a  Code  Gb  ClockPLPF3_nortos.c.obj [8]
ClockP_ticks            0x2000'1ee4    0x4  Data  Lc  ClockPLPF3_nortos.c.obj [8]
ClockP_walkQueueDynamic
                             0x1fd7   0x52  Code  Gb  ClockPLPF3_nortos.c.obj [8]
DisplayUart2Min_clear        0x80ff    0x2  Code  Gb  DisplayUart2.c.obj [2]
DisplayUart2Min_clearLines
                             0x8101    0x2  Code  Gb  DisplayUart2.c.obj [2]
DisplayUart2Min_close        0x8151    0x4  Code  Gb  DisplayUart2.c.obj [2]
DisplayUart2Min_control
                             0x8169    0x6  Code  Gb  DisplayUart2.c.obj [2]
DisplayUart2Min_fxnTable
                             0x8458   0x20  Data  Gb  DisplayUart2.c.obj [2]
DisplayUart2Min_getType
                             0x816f    0x6  Code  Gb  DisplayUart2.c.obj [2]
DisplayUart2Min_init         0x80c1    0x2  Code  Gb  DisplayUart2.c.obj [2]
DisplayUart2Min_open         0x80c3   0x3c  Code  Gb  DisplayUart2.c.obj [2]
DisplayUart2Min_vprintf
                             0x8105   0x4a  Code  Gb  DisplayUart2.c.obj [2]
Display_config               0x851c    0xc  Data  Gb  ti_drivers_config.obj [1]
Display_count                0x1f7a    0x1  Data  Gb  ti_drivers_config.obj [1]
Display_defaultParams        0x3df0    0x1  Data  Gb  Display.c.obj [2]
Display_doInit               0x3dcb   0x1c  Code  Gb  Display.c.obj [2]
Display_doOpen               0x3d55   0x60  Code  Gb  Display.c.obj [2]
Display_doPrintf             0x3db5    0xc  Code  Gb  Display.c.obj [2]
FatFs                   0x2000'1f34   0x10  Data  Lc  ff.c.obj [6]
Fsid                    0x2000'1f30    0x2  Data  Lc  ff.c.obj [6]
GPIO_config                  0x850c   0x10  Data  Gb  ti_drivers_config.obj [1]
GPIO_disableInt              0x3df5    0xe  Code  Gb  GPIOLPF3.c.obj [5]
GPIO_enableInt               0x3e03   0x10  Code  Gb  GPIOLPF3.c.obj [5]
GPIO_getUserArg              0x5731    0xa  Code  Gb  GPIO.c.obj [5]
GPIO_hwiIntFxn               0x3e13   0x58  Code  Gb  GPIOLPF3.c.obj [5]
GPIO_init                    0x3e6b   0xdc  Code  Gb  GPIOLPF3.c.obj [5]
GPIO_pinLowerBound           0x1f7b    0x1  Data  Gb  ti_drivers_config.obj [1]
GPIO_pinUpperBound           0x392e    0x1  Data  Gb  ti_drivers_config.obj [1]
GPIO_read                    0x3f47    0x8  Code  Gb  GPIOLPF3.c.obj [5]
GPIO_resetConfig             0x573b   0x2a  Code  Gb  GPIO.c.obj [5]
GPIO_setCallback             0x570d   0x16  Code  Gb  GPIO.c.obj [5]
GPIO_setConfig               0x3f4f    0xa  Code  Gb  GPIOLPF3.c.obj [5]
GPIO_setConfigAndMux         0x3fa5   0x58  Code  Gb  GPIOLPF3.c.obj [5]
GPIO_setInterruptConfig
                             0x3f59   0x3c  Code  Gb  GPIOLPF3.c.obj [5]
GPIO_setUserArg              0x5723    0xe  Code  Gb  GPIO.c.obj [5]
GPIO_write                   0x3f95   0x10  Code  Gb  GPIOLPF3.c.obj [5]
HEAP$$Base              0x2000'2090          --   Gb  - Linker created -
HEAP$$Limit             0x2000'6090          --   Gb  - Linker created -
HwiP_Params_init             0x38f5   0x12  Code  Gb  HwiPCC23X0_nortos.c.obj [8]
HwiP_clearInterrupt          0x380d    0x8  Code  Gb  HwiPCC23X0_nortos.c.obj [8]
HwiP_construct               0x3815   0x68  Code  Gb  HwiPCC23X0_nortos.c.obj [8]
HwiP_destruct                0x387d   0x12  Code  Gb  HwiPCC23X0_nortos.c.obj [8]
HwiP_disable                 0x388f    0x8  Code  Gb  HwiPCC23X0_nortos.c.obj [8]
HwiP_disableInterrupt        0x3897    0x8  Code  Gb  HwiPCC23X0_nortos.c.obj [8]
HwiP_dispatch                0x389f   0x1c  Code  Gb  HwiPCC23X0_nortos.c.obj [8]
HwiP_dispatchTable      0x2000'1c14   0x8c  Data  Lc  HwiPCC23X0_nortos.c.obj [8]
HwiP_enable                  0x38bb    0x4  Code  Gb  HwiPCC23X0_nortos.c.obj [8]
HwiP_enableInterrupt         0x38bf    0x8  Code  Gb  HwiPCC23X0_nortos.c.obj [8]
HwiP_inISR                   0x38d3    0x8  Code  Gb  HwiPCC23X0_nortos.c.obj [8]
HwiP_interruptsEnabled       0x38c7    0xc  Code  Gb  HwiPCC23X0_nortos.c.obj [8]
HwiP_post                    0x3907    0x8  Code  Gb  HwiPCC23X0_nortos.c.obj [8]
HwiP_restore                 0x390f    0x8  Code  Gb  HwiPCC23X0_nortos.c.obj [8]
HwiP_setFunc                 0x3917   0x18  Code  Gb  HwiPCC23X0_nortos.c.obj [8]
HwiP_swiPIntNum         0x2000'0518    0x4  Data  Gb  HwiPCC23X0_nortos.c.obj [8]
IntClearPend                 0x44b3   0x34  Code  Gb  interrupt.c.obj [4]
IntDefaultHandler            0x4351    0x2  Code  Lc  interrupt.c.obj [4]
IntDisable                   0x444f   0x22  Code  Gb  interrupt.c.obj [4]
IntEnable                    0x442b   0x24  Code  Gb  interrupt.c.obj [4]
IntRegister                  0x4353   0x38  Code  Gb  interrupt.c.obj [4]
IntSetPend                   0x4471   0x42  Code  Gb  interrupt.c.obj [4]
IntSetPriority               0x4395   0x96  Code  Gb  interrupt.c.obj [4]
IntUnregister                0x438b    0xa  Code  Gb  interrupt.c.obj [4]
LRFDApplyClockDependencies
                             0x4545   0x40  Code  Gb  lrfd.c.obj [4]
LRFDReleaseClockDependency
                             0x452d   0x18  Code  Gb  lrfd.c.obj [4]
LRFDSetClockDependency       0x4515   0x18  Code  Gb  lrfd.c.obj [4]
List_clearList               0x4263   0x14  Code  Gb  List.c.obj [5]
List_put                     0x4277   0x26  Code  Gb  List.c.obj [5]
List_remove                  0x429d   0x2c  Code  Gb  List.c.obj [5]
NoRTOS_start                 0x84b1    0x8  Code  Gb  NoRTOS.c.obj [8]
PowerCC23X0_config           0x854c    0x8  Data  Gb  ti_drivers_config.obj [1]
PowerCC23X0_enterStandby::controlPreStandby
                        0x2000'0514    0x4  Data  Lc  PowerCC23X0.c.obj [5]
PowerCC23X0_notify           0x3cc5   0x32  Code  Gb  PowerCC23X0.c.obj [5]
PowerCC23X0_oscillatorISR
                             0x3ba9   0x9a  Code  Lc  PowerCC23X0.c.obj [5]
PowerCC23X0_rtcISR           0x3c43    0x8  Code  Lc  PowerCC23X0.c.obj [5]
PowerCC23X0_setDependencyCount
                             0x3cf9   0x1c  Code  Lc  PowerCC23X0.c.obj [5]
PowerCC23X0_standbyPolicy
                             0x7f71  0x126  Code  Gb  PowerCC23X0_nortos.c.obj [8]
PowerCC23X0_startHFXT        0x3c51   0x6a  Code  Lc  PowerCC23X0.c.obj [5]
PowerLPF3_selectLFXT         0x3b75   0x2c  Code  Gb  PowerCC23X0.c.obj [5]
Power_disablePolicy          0x39a1    0xa  Code  Gb  PowerCC23X0.c.obj [5]
Power_enablePolicy           0x39ab    0x8  Code  Gb  PowerCC23X0.c.obj [5]
Power_getConstraintMask
                             0x39b3    0x6  Code  Gb  PowerCC23X0.c.obj [5]
Power_getDependencyCount
                             0x39b9   0x22  Code  Gb  PowerCC23X0.c.obj [5]
Power_idleFunc               0x39db   0x16  Code  Gb  PowerCC23X0.c.obj [5]
Power_init                   0x3931   0x70  Code  Gb  PowerCC23X0.c.obj [5]
Power_registerNotify         0x39f1   0x24  Code  Gb  PowerCC23X0.c.obj [5]
Power_releaseConstraint
                             0x3a45   0x28  Code  Gb  PowerCC23X0.c.obj [5]
Power_releaseDependency
                             0x3ab7   0x46  Code  Gb  PowerCC23X0.c.obj [5]
Power_setConstraint          0x3a21   0x24  Code  Gb  PowerCC23X0.c.obj [5]
Power_setDependency          0x3a6d   0x4a  Code  Gb  PowerCC23X0.c.obj [5]
Power_sleep                  0x3b2d   0x3a  Code  Gb  PowerCC23X0.c.obj [5]
Power_unregisterNotify       0x3a15    0xc  Code  Gb  PowerCC23X0.c.obj [5]
QueueP_empty                 0x5833    0xe  Code  Gb  QueueP_nortos.c.obj [8]
QueueP_get                   0x5841   0x1a  Code  Gb  QueueP_nortos.c.obj [8]
QueueP_init                  0x582d    0x6  Code  Gb  QueueP_nortos.c.obj [8]
QueueP_put                   0x585b    0x2  Code  Gb  QueueP_nortos.c.obj [8]
QueueP_remove                0x5877    0xe  Code  Gb  QueueP_nortos.c.obj [8]
Region$$Table$$Base          0x8438          --   Gb  - Linker created -
Region$$Table$$Limit         0x8458          --   Gb  - Linker created -
RingBuf_construct            0x635d   0x12  Code  Gb  RingBuf.c.obj [5]
RingBuf_flush                0x63d5   0x20  Code  Gb  RingBuf.c.obj [5]
RingBuf_getConsume           0x637b   0x30  Code  Gb  RingBuf.c.obj [5]
RingBuf_getCount             0x63ab    0x4  Code  Gb  RingBuf.c.obj [5]
RingBuf_getPointer           0x63af   0x26  Code  Gb  RingBuf.c.obj [5]
RingBuf_put                  0x63f5   0x32  Code  Gb  RingBuf.c.obj [5]
RingBuf_putAdvance           0x6433   0x3a  Code  Gb  RingBuf.c.obj [5]
RingBuf_putPointer           0x646d   0x2a  Code  Gb  RingBuf.c.obj [5]
SDFatFS_close                0x4039   0x38  Code  Gb  SDFatFS.c.obj [5]
SDFatFS_config               0x8560    0x4  Data  Gb  ti_drivers_config.obj [1]
SDFatFS_count                0x392f    0x1  Data  Gb  ti_drivers_config.obj [1]
SDFatFS_diskIOctrl           0x4095   0x40  Code  Gb  SDFatFS.c.obj [5]
SDFatFS_diskInitialize       0x4071   0x24  Code  Gb  SDFatFS.c.obj [5]
SDFatFS_diskRead             0x40d5   0x2c  Code  Gb  SDFatFS.c.obj [5]
SDFatFS_diskStatus           0x4101    0xe  Code  Gb  SDFatFS.c.obj [5]
SDFatFS_diskWrite            0x410f   0x2c  Code  Gb  SDFatFS.c.obj [5]
SDFatFS_init                 0x413b   0x3a  Code  Gb  SDFatFS.c.obj [5]
SDFatFS_objects         0x2000'157c  0x240  Data  Gb  ti_drivers_config.obj [1]
SDFatFS_open                 0x4175   0xba  Code  Gb  SDFatFS.c.obj [5]
SDSPI_close                  0x6639   0x24  Code  Gb  SDSPI.c.obj [5]
SDSPI_control                0x665d    0x6  Code  Gb  SDSPI.c.obj [5]
SDSPI_fxnTable               0x83f0   0x24  Data  Gb  SDSPI.c.obj [5]
SDSPI_getNumSectors          0x6663   0x90  Code  Gb  SDSPI.c.obj [5]
SDSPI_getSectorSize          0x66f3    0x6  Code  Gb  SDSPI.c.obj [5]
SDSPI_hwAttrs                0x8564    0x4  Data  Lc  ti_drivers_config.obj [1]
SDSPI_init                   0x66f9    0xc  Code  Gb  SDSPI.c.obj [5]
SDSPI_initialize             0x6705  0x3ec  Code  Gb  SDSPI.c.obj [5]
SDSPI_objects           0x2000'1f64    0xc  Data  Gb  ti_drivers_config.obj [1]
SDSPI_open                   0x6af1   0x70  Code  Gb  SDSPI.c.obj [5]
SDSPI_read                   0x6b61   0xb6  Code  Gb  SDSPI.c.obj [5]
SDSPI_write                  0x6c17   0xd2  Code  Gb  SDSPI.c.obj [5]
SD_close                     0x4591    0xa  Code  Gb  SD.c.obj [5]
SD_config                    0x8528    0xc  Data  Gb  ti_drivers_config.obj [1]
SD_count                     0x3df1    0x1  Data  Gb  ti_drivers_config.obj [1]
SD_defaultParams             0x4640    0x4  Data  Gb  SD.c.obj [5]
SD_getNumSectors             0x459b    0xa  Code  Gb  SD.c.obj [5]
SD_getSectorSize             0x45a5    0xa  Code  Gb  SD.c.obj [5]
SD_init                      0x45af   0x34  Code  Gb  SD.c.obj [5]
SD_initialize                0x45e3    0xa  Code  Gb  SD.c.obj [5]
SD_open                      0x45f1   0x30  Code  Gb  SD.c.obj [5]
SD_read                      0x462d    0xa  Code  Gb  SD.c.obj [5]
SD_write                     0x4637    0xa  Code  Gb  SD.c.obj [5]
SPILPF3DMA_close             0x4659   0x7e  Code  Gb  SPILPF3DMA.c.obj [5]
SPILPF3DMA_control           0x46d7  0x12a  Code  Gb  SPILPF3DMA.c.obj [5]
SPILPF3DMA_fxnTable          0x84e0   0x18  Data  Gb  SPILPF3DMA.c.obj [5]
SPILPF3DMA_hwAttrs           0x82e8   0x40  Data  Gb  ti_drivers_config.obj [1]
SPILPF3DMA_hwiFxn            0x4801  0x1ba  Code  Lc  SPILPF3DMA.c.obj [5]
SPILPF3DMA_init              0x49c9    0xa  Code  Gb  SPILPF3DMA.c.obj [5]
SPILPF3DMA_objects      0x2000'1b14  0x100  Data  Gb  ti_drivers_config.obj [1]
SPILPF3DMA_open              0x49d3  0x13e  Code  Gb  SPILPF3DMA.c.obj [5]
SPILPF3DMA_swiFxn            0x4b35   0x4e  Code  Lc  SPILPF3DMA.c.obj [5]
SPILPF3DMA_transfer          0x4b85  0x432  Code  Gb  SPILPF3DMA.c.obj [5]
SPILPF3DMA_transferCancel
                             0x4fb7  0x156  Code  Gb  SPILPF3DMA.c.obj [5]
SPI_Params_init              0x6fc5    0xe  Code  Gb  SPI.c.obj [5]
SPI_close                    0x6f49    0xa  Code  Gb  SPI.c.obj [5]
SPI_config                   0x8534    0xc  Data  Gb  ti_drivers_config.obj [1]
SPI_count                    0x3df2    0x1  Data  Gb  ti_drivers_config.obj [1]
SPI_defaultParams            0x6fdc   0x20  Data  Gb  SPI.c.obj [5]
SPI_init                     0x6f53   0x34  Code  Gb  SPI.c.obj [5]
SPI_open                     0x6f89   0x30  Code  Gb  SPI.c.obj [5]
SPI_transfer                 0x6fd3    0xa  Code  Gb  SPI.c.obj [5]
STACK_TOP {Abs}         0x2000'9000         Data  Gb  <internal module>
SemaphoreP_construct         0x198f   0x52  Code  Gb  SemaphoreP_nortos.c.obj [8]
SemaphoreP_constructBinary
                             0x19e1   0x20  Code  Gb  SemaphoreP_nortos.c.obj [8]
SemaphoreP_create            0x1a01   0x16  Code  Gb  SemaphoreP_nortos.c.obj [8]
SemaphoreP_createBinary
                             0x1a17   0x1a  Code  Gb  SemaphoreP_nortos.c.obj [8]
SemaphoreP_defaultParams
                        0x2000'051c    0x8  Data  Gb  SemaphoreP_nortos.c.obj [8]
SemaphoreP_delete            0x1a33    0x8  Code  Gb  SemaphoreP_nortos.c.obj [8]
SemaphoreP_destruct          0x1a31    0x2  Code  Gb  SemaphoreP_nortos.c.obj [8]
SemaphoreP_initialized  0x2000'0524    0x1  Data  Lc  SemaphoreP_nortos.c.obj [8]
SemaphoreP_pend              0x1a3b   0x98  Code  Gb  SemaphoreP_nortos.c.obj [8]
SemaphoreP_post              0x1ad3   0x3c  Code  Gb  SemaphoreP_nortos.c.obj [8]
SetupTrimDevice              0x839d   0x2c  Code  Gb  setup.c.obj [4]
SwiP_Params_init             0x5519    0xe  Code  Gb  SwiP_nortos.c.obj [8]
SwiP_construct               0x5529   0xb2  Code  Gb  SwiP_nortos.c.obj [8]
SwiP_currentTrigger     0x2000'1dcc    0x4  Data  Lc  SwiP_nortos.c.obj [8]
SwiP_defaultParams           0x56fc   0x10  Data  Lc  SwiP_nortos.c.obj [8]
SwiP_destruct                0x55db   0x30  Code  Gb  SwiP_nortos.c.obj [8]
SwiP_dispatch                0x560b   0x82  Code  Gb  SwiP_nortos.c.obj [8]
SwiP_handleHwi               0x568d   0x14  Code  Lc  SwiP_nortos.c.obj [8]
SwiP_hwiStruct          0x2000'1dd0   0x1c  Data  Lc  SwiP_nortos.c.obj [8]
SwiP_initialized        0x2000'1dc1    0x1  Data  Lc  SwiP_nortos.c.obj [8]
SwiP_lockState          0x2000'1dc8    0x4  Data  Lc  SwiP_nortos.c.obj [8]
SwiP_post                    0x56a1   0x4e  Code  Gb  SwiP_nortos.c.obj [8]
SwiP_readyList          0x2000'1dec   0x20  Data  Lc  SwiP_nortos.c.obj [8]
SwiP_readyMask          0x2000'1dc4    0x4  Data  Lc  SwiP_nortos.c.obj [8]
SwiP_schedulerRunning   0x2000'1dc0    0x1  Data  Lc  SwiP_nortos.c.obj [8]
SystemP_vsnprintf            0x6ffd    0x8  Code  Gb  SystemP_nortos.c.obj [8]
UART2LPF3_eventCallback
                             0x5e83    0x2  Code  Lc  UART2LPF3.c.obj [5]
UART2LPF3_getRxData          0x5891   0x30  Code  Lc  UART2LPF3.c.obj [5]
UART2LPF3_hwAttrs            0x8290   0x58  Data  Lc  ti_drivers_config.obj [1]
UART2LPF3_hwiIntFxn          0x5e85  0x262  Code  Lc  UART2LPF3.c.obj [5]
UART2LPF3_initHw             0x60e9  0x1b2  Code  Lc  UART2LPF3.c.obj [5]
UART2LPF3_initIO             0x629b   0x3e  Code  Lc  UART2LPF3.c.obj [5]
UART2LPF3_objects       0x2000'1994  0x180  Data  Gb  ti_drivers_config.obj [1]
UART2LPF3_postNotifyFxn
                             0x6335   0x18  Code  Lc  UART2LPF3.c.obj [5]
UART2LPF3_preNotifyFxn       0x62d9   0x36  Code  Lc  UART2LPF3.c.obj [5]
UART2Support_disableRx       0x5ac9   0x22  Code  Gb  UART2LPF3.c.obj [5]
UART2Support_disableTx       0x5aeb    0xe  Code  Gb  UART2LPF3.c.obj [5]
UART2Support_dmaStartRx
                             0x5b09  0x124  Code  Gb  UART2LPF3.c.obj [5]
UART2Support_dmaStartTx
                             0x5c35   0xc8  Code  Gb  UART2LPF3.c.obj [5]
UART2Support_dmaStopRx       0x5d09   0x6e  Code  Gb  UART2LPF3.c.obj [5]
UART2Support_dmaStopTx       0x5d85   0x78  Code  Gb  UART2LPF3.c.obj [5]
UART2Support_enableTx        0x5e2d   0x10  Code  Gb  UART2LPF3.c.obj [5]
UART2Support_powerRelConstraint
                             0x5e3d    0xa  Code  Gb  UART2LPF3.c.obj [5]
UART2Support_sendData        0x5e47   0x2c  Code  Gb  UART2LPF3.c.obj [5]
UART2Support_txDone          0x5e73   0x10  Code  Gb  UART2LPF3.c.obj [5]
UART2_Params_init            0x7afd    0xc  Code  Gb  UART2.c.obj [5]
UART2_close                  0x58c1   0x98  Code  Gb  UART2LPF3.c.obj [5]
UART2_config                 0x8554    0x8  Data  Gb  ti_drivers_config.obj [1]
UART2_count                  0x3df3    0x1  Data  Gb  ti_drivers_config.obj [1]
UART2_defaultParams          0x8414   0x24  Data  Gb  UART2.c.obj [5]
UART2_open                   0x5959  0x170  Code  Gb  UART2LPF3.c.obj [5]
UART2_readCancel             0x6535   0x5a  Code  Wk  UART2.c.obj [5]
UART2_rxDisable              0x658f   0x34  Code  Wk  UART2.c.obj [5]
UART2_write                  0x8175    0xe  Code  Wk  UART2.c.obj [5]
UART2_writeCancel            0x64a1   0x94  Code  Wk  UART2.c.obj [5]
UART2_writeTimeout           0x8183   0x1a  Code  Wk  UART2.c.obj [5]
UART2_writeTimeoutBlocking
                             0x7b0d  0x184  Code  Gb  UART2.c.obj [5]
UART2_writeTimeoutNonblocking
                             0x7c91  0x102  Code  Gb  UART2.c.obj [5]
UARTConfigSetExpClk          0x65c5   0x4c  Code  Gb  uart.c.obj [4]
UARTDisable                  0x6611   0x24  Code  Gb  uart.c.obj [4]
UDMALPF3_channelDisable
                             0x588b    0x6  Code  Lc  UART2LPF3.c.obj [5]
UDMALPF3_clearInterrupt
                             0x5885    0x6  Code  Lc  UART2LPF3.c.obj [5]
UDMALPF3_config              0x855c    0x4  Data  Gb  ti_drivers_config.obj [1]
UDMALPF3_init                0x576d   0x3a  Code  Gb  UDMALPF3.c.obj [5]
UDMALPF3_postNotifyFxn       0x57a7   0x28  Code  Lc  UDMALPF3.c.obj [5]
__aeabi_cdcmple              0x73f5         Code  Gb  DblCmpLe.o [7]
__aeabi_d2iz                 0x7429         Code  Gb  DblToI32.o [7]
__aeabi_d2uiz                0x744d         Code  Gb  DblToI32.o [7]
__aeabi_dmul                 0x7659         Code  Gb  DblMul.o [7]
__aeabi_dsub                 0x756b         Code  Gb  DblAddSub.o [7]
__aeabi_i2d                  0x749d         Code  Gb  IxxToDbl.o [7]
__aeabi_idiv0                0x1f79         Code  Gb  IntDivZer.o [9]
__aeabi_memclr               0x18ad         Code  Gb  ABImemset.o [9]
__aeabi_memcpy               0x4335         Code  Gb  ABImemcpy.o [9]
__aeabi_memcpy4              0x4301         Code  Gb  ABImemcpy.o [9]
__aeabi_memcpy8              0x4301         Code  Gb  ABImemcpy.o [9]
__aeabi_memset               0x188d         Code  Gb  ABImemset.o [9]
__aeabi_ui2d                 0x747d         Code  Gb  IxxToDbl.o [7]
__aeabi_uidiv                0x18df         Code  Gb  I32DivModFast.o [9]
__aeabi_uidivmod             0x18df         Code  Gb  I32DivModFast.o [9]
__ccfg_boot_cfg_crc32_begin {Abs}
                        0x4e02'0000         Data  Gb  <internal module>
__ccfg_boot_cfg_crc32_end {Abs}
                        0x4e02'000b         Data  Gb  <internal module>
__ccfg_crc32_begin {Abs}
                        0x4e02'0010         Data  Gb  <internal module>
__ccfg_crc32_end {Abs}  0x4e02'074b         Data  Gb  <internal module>
__ccfg_debug_cfg_crc32_begin {Abs}
                        0x4e02'07d0         Data  Gb  <internal module>
__ccfg_debug_cfg_crc32_end {Abs}
                        0x4e02'07fb         Data  Gb  <internal module>
__ccfg_user_record_crc32_begin {Abs}
                        0x4e02'0750         Data  Gb  <internal module>
__ccfg_user_record_crc32_end {Abs}
                        0x4e02'07cb         Data  Gb  <internal module>
__cmain                      0x8479         Code  Gb  cmain.o [9]
__data_GetMemChunk           0x42d5   0x2c  Code  Gb  xgetmemchunk.o [3]
__data_GetMemChunk::start
                        0x2000'1f90    0x4  Data  Lc  xgetmemchunk.o [3]
__exit                       0x4645   0x14  Code  Gb  exit.o [10]
__iar_Memcpy                 0x4341         Code  Gb  ABImemcpy.o [9]
__iar_Memset4_word           0x18b1         Code  Gb  ABImemset.o [9]
__iar_Memset_word            0x1899         Code  Gb  ABImemset.o [9]
__iar_d2uiz                  0x7451         Code  Gb  DblToI32.o [7]
__iar_data_init3             0x83c9   0x28  Code  Gb  data_init.o [9]
__iar_dlfree                 0x3225  0x5d6  Code  Gb  dlmalloc.o [3]
__iar_dlmalloc               0x2221  0xff6  Code  Gb  dlmalloc.o [3]
__iar_lz77_init_single3
                             0x819d   0x80  Code  Gb  lz77_init_single.o [9]
__iar_program_start          0x84c5         Code  Gb  cstartup_M.o [9]
__iar_zero_init3             0x8329   0x3c  Code  Gb  zero_init3.o [9]
__low_level_init             0x8381    0xc  Code  Gb  startup_cc23x0r5_iar.c.obj [8]
__vector_table                  0x0   0x8c  Data  Gb  startup_cc23x0r5_iar.c.obj [8]
_call_main                   0x8485         Code  Gb  cmain.o [9]
_exit                        0x84b9         Code  Gb  cexit.o [9]
_gm_                    0x2000'17bc  0x1d8  Data  Lc  dlmalloc.o [3]
abort                        0x42c9    0xa  Code  Gb  abort.o [3]
assertCS                     0x6ce9    0x6  Code  Lc  SDSPI.c.obj [5]
blockingTransferCallback
                             0x5115    0xc  Code  Lc  SPILPF3DMA.c.obj [5]
ccfg                    0x4e02'0000  0x800  Data  Gb  ti_devices_config.obj [1]
check_fs                      0xa49   0x6a  Code  Lc  ff.c.obj [6]
ckmHwi                  0x2000'1e14   0x1c  Data  Lc  PowerCC23X0.c.obj [5]
clkFxn                       0x198d    0x2  Code  Gb  SemaphoreP_nortos.c.obj [8]
clockHwi                0x2000'1e30   0x1c  Data  Gb  PowerCC23X0.c.obj [5]
clst2sect                     0x1fd   0x18  Code  Lc  ff.c.obj [6]
configNextTransfer           0x5121  0x11e  Code  Lc  SPILPF3DMA.c.obj [5]
constraintCounts        0x2000'0508    0x4  Data  Lc  PowerCC23X0.c.obj [5]
constraintMask          0x2000'0510    0x4  Data  Lc  PowerCC23X0.c.obj [5]
cpy_buff                0x2000'0528  0x804  Data  Gb  fatsdraw_nortos.obj [1]
create_chain                  0x457   0xf8  Code  Lc  ff.c.obj [6]
csnCallback                  0x5255   0x6c  Code  Lc  SPILPF3DMA.c.obj [5]
dataLength                   0x634c    0x4  Data  Lc  UART2LPF3.c.obj [5]
deassertCS                   0x6cef    0x4  Code  Lc  SDSPI.c.obj [5]
dir_clear                     0x54f   0x54  Code  Lc  ff.c.obj [6]
dir_next                      0x637   0xae  Code  Lc  ff.c.obj [6]
dir_register                  0x71d   0x8a  Code  Lc  ff.c.obj [6]
dir_sdi                       0x5a3   0x94  Code  Lc  ff.c.obj [6]
disk_initialize              0x1819   0x18  Code  Gb  diskio.c.obj [6]
disk_ioctl                   0x1865   0x1a  Code  Gb  diskio.c.obj [6]
disk_read                    0x1831   0x1a  Code  Gb  diskio.c.obj [6]
disk_register                0x17b5   0x28  Code  Gb  diskio.c.obj [6]
disk_status                  0x17ff   0x1a  Code  Gb  diskio.c.obj [6]
disk_unregister              0x17dd   0x22  Code  Gb  diskio.c.obj [6]
disk_write                   0x184b   0x1a  Code  Gb  diskio.c.obj [6]
display                 0x2000'1f8c    0x4  Data  Lc  fatsdraw_nortos.obj [1]
displayUART2Buffer      0x2000'117c  0x400  Data  Lc  ti_drivers_config.obj [1]
displayUart2HWAttrs          0x84f8   0x14  Data  Gb  ti_drivers_config.obj [1]
displayUart2Object      0x2000'1f58    0xc  Data  Gb  ti_drivers_config.obj [1]
dmaChannel0AltControlTableEntry {Abs}
                        0x2000'0480   0x10  Data  Lc  ti_drivers_config.obj [1]
dmaChannel0ControlTableEntry {Abs}
                        0x2000'0400   0x10  Data  Lc  ti_drivers_config.obj [1]
dmaChannel1AltControlTableEntry {Abs}
                        0x2000'0490   0x10  Data  Lc  ti_drivers_config.obj [1]
dmaChannel1ControlTableEntry {Abs}
                        0x2000'0410   0x10  Data  Lc  ti_drivers_config.obj [1]
dmaChannel2ControlTableEntry {Abs}
                        0x2000'0420   0x10  Data  Lc  ti_drivers_config.obj [1]
dmaChannel3ControlTableEntry {Abs}
                        0x2000'0430   0x10  Data  Lc  ti_drivers_config.obj [1]
dmaNullConfig                0x524c    0x8  Data  Lc  SPILPF3DMA.c.obj [5]
dmaRxConfig                  0x5510    0x8  Data  Lc  SPILPF3DMA.c.obj [5]
dmaTxConfig                  0x5244    0x8  Data  Lc  SPILPF3DMA.c.obj [5]
doEnablePolicy          0x2000'1f95    0x1  Data  Lc  SemaphoreP_nortos.c.obj [8]
doPrint                      0x7005  0x358  Code  Lc  SystemP_nortos.c.obj [8]
drive_fxn_table         0x2000'1d70   0x50  Data  Lc  diskio.c.obj [6]
dst                     0x2000'0f54  0x228  Data  Gb  fatsdraw_nortos.obj [1]
dummy_stack             0x2000'8c00    0x4  Data  Lc  startup_cc23x0r5_iar.c.obj [8]
enableSPI                    0x54c5   0x2c  Code  Lc  SPILPF3DMA.c.obj [5]
exit                         0x84a9    0x8  Code  Gb  exit.o [3]
f_close                      0x14df   0x2c  Code  Gb  ff.c.obj [6]
f_getfree                    0x167f   0xf8  Code  Gb  ff.c.obj [6]
f_lseek                      0x150b  0x174  Code  Gb  ff.c.obj [6]
f_mount                       0xdcd   0x9a  Code  Gb  ff.c.obj [6]
f_open                        0xe89  0x1da  Code  Gb  ff.c.obj [6]
f_read                       0x1063  0x1ca  Code  Gb  ff.c.obj [6]
f_sync                       0x1439   0xa6  Code  Gb  ff.c.obj [6]
f_write                      0x122d  0x20c  Code  Gb  ff.c.obj [6]
fatfs_getFatTime             0x1e13    0x4  Code  Gb  fatsdraw_nortos.obj [1]
faultISR                     0x8397    0x2  Code  Lc  startup_cc23x0r5_iar.c.obj [8]
ff_cre_syncobj               0x1777   0x1a  Code  Gb  ffsystem.c.obj [6]
ff_del_syncobj               0x1791    0xa  Code  Gb  ffsystem.c.obj [6]
ff_rel_grant                 0x17ad    0x8  Code  Gb  ffsystem.c.obj [6]
ff_req_grant                 0x179b   0x12  Code  Gb  ffsystem.c.obj [6]
find_volume                   0xac1  0x2ae  Code  Lc  ff.c.obj [6]
flushFifos                   0x52c1   0x22  Code  Lc  SPILPF3DMA.c.obj [5]
follow_path                   0x7a9  0x24c  Code  Lc  ff.c.obj [6]
formatNum                    0x7361   0x76  Code  Lc  SystemP_nortos.c.obj [8]
frameFormat                  0x54f8   0x18  Data  Lc  SPILPF3DMA.c.obj [5]
free                         0x3805    0x8  Code  Gb  heaptramp0.o [3]
get_fat                       0x215   0xc6  Code  Lc  ff.c.obj [6]
get_fattime                  0x1885    0x8  Code  Gb  diskio.c.obj [6]
get_ldnumber                  0xa05   0x44  Code  Lc  ff.c.obj [6]
gpioCallbackFunctions   0x2000'1ca0   0x68  Data  Gb  ti_drivers_config.obj [1]
gpioHwi                 0x2000'1e90   0x1c  Data  Lc  GPIOLPF3.c.obj [5]
gpioPinConfigs          0x2000'04a0   0x68  Data  Gb  ti_drivers_config.obj [1]
gpioUserArgs            0x2000'1d08   0x68  Data  Gb  ti_drivers_config.obj [1]
initCalled              0x2000'1e8c    0x1  Data  Lc  GPIOLPF3.c.obj [5]
initHw                       0x52f5   0xde  Code  Lc  SPILPF3DMA.c.obj [5]
initIO                       0x53d3   0x66  Code  Lc  SPILPF3DMA.c.obj [5]
init_mparams                 0x21b3   0x2a  Code  Lc  dlmalloc.o [3]
init_top                     0x21dd   0x38  Code  Lc  dlmalloc.o [3]
inputfile                    0x1f5c    0xc  Data  Gb  fatsdraw_nortos.obj [1]
intDefaultHandler            0x8399    0x2  Code  Lc  startup_cc23x0r5_iar.c.obj [8]
isInitialized           0x2000'1f1c    0x1  Data  Lc  SDFatFS.c.obj [5]
isInitialized           0x2000'1e0d    0x1  Data  Lc  PowerCC23X0.c.obj [5]
isInitialized           0x2000'1f96    0x1  Data  Lc  SD.c.obj [5]
isInitialized           0x2000'1f97    0x1  Data  Lc  SPI.c.obj [5]
isOpen                  0x2000'1eec    0x1  Data  Lc  UDMALPF3.c.obj [5]
isPolicyEnabled         0x2000'1e0c    0x1  Data  Lc  PowerCC23X0.c.obj [5]
ld_clust                      0x6e5   0x20  Code  Lc  ff.c.obj [6]
ld_dword                       0x8d   0x16  Code  Lc  ff.c.obj [6]
localProgramStart            0x8365   0x1a  Code  Gb  startup_cc23x0r5_iar.c.obj [8]
lrfdClockDependencySets
                        0x2000'1f88    0x4  Data  Lc  lrfd.c.obj [4]
lrfdClocked             0x2000'1f84    0x1  Data  Lc  lrfd.c.obj [4]
main                         0x8497   0x12  Code  Gb  main_nortos.obj [1]
mainThread                   0x1b91  0x282  Code  Gb  fatsdraw_nortos.obj [1]
mem_cmp                        0xb3   0x1c  Code  Lc  ff.c.obj [6]
memset                       0x5819   0x14  Code  Gb  memset.o [9]
mode                         0x54f0    0x8  Data  Lc  SPILPF3DMA.c.obj [5]
move_window                   0x135   0x36  Code  Lc  ff.c.obj [6]
mparams                 0x2000'1f04   0x18  Data  Lc  dlmalloc.o [3]
nmiISR                       0x8395    0x2  Code  Lc  startup_cc23x0r5_iar.c.obj [8]
notifyList              0x2000'1f7c    0x8  Data  Lc  PowerCC23X0.c.obj [5]
outputfile                   0x1f68   0x10  Data  Gb  fatsdraw_nortos.obj [1]
parityType                   0x6354    0x8  Data  Lc  UART2LPF3.c.obj [5]
pendInProgress          0x2000'1f94    0x1  Data  Lc  SemaphoreP_nortos.c.obj [8]
policyFxn               0x2000'1e10    0x4  Data  Lc  PowerCC23X0.c.obj [5]
postNotify              0x2000'1ef0   0x14  Data  Lc  UDMALPF3.c.obj [5]
powerState              0x2000'050c    0x1  Data  Lc  PowerCC23X0.c.obj [5]
printDrive                   0x1b21   0x6c  Code  Gb  fatsdraw_nortos.obj [1]
put_fat                       0x2db  0x106  Code  Lc  ff.c.obj [6]
ramVectorTable          0x2000'2000   0x8c  Data  Lc  interrupt.c.obj [4]
recvDataBlock                0x6cfd   0x92  Code  Lc  SDSPI.c.obj [5]
remove_chain                  0x3e1   0x76  Code  Lc  ff.c.obj [6]
resourceCountsClkctl0   0x2000'1eac   0x20  Data  Lc  PowerCC23X0.c.obj [5]
resourceCountsLrfd      0x2000'1f70    0xc  Data  Lc  PowerCC23X0.c.obj [5]
sdFatFSHandles          0x2000'1f20   0x10  Data  Lc  SDFatFS.c.obj [5]
segment_holding              0x2195   0x1e  Code  Lc  dlmalloc.o [3]
sendCmd                      0x6d9d   0x9c  Code  Lc  SDSPI.c.obj [5]
spiPostNotify                0x5439   0x68  Code  Lc  SPILPF3DMA.c.obj [5]
spiTransfer                  0x6e39   0x20  Code  Lc  SDSPI.c.obj [5]
src                     0x2000'0d2c  0x228  Data  Gb  fatsdraw_nortos.obj [1]
st_clust                      0x705   0x18  Code  Lc  ff.c.obj [6]
st_dword                       0xa3   0x10  Code  Lc  ff.c.obj [6]
stopBits                     0x6350    0x2  Data  Lc  UART2LPF3.c.obj [5]
strlen                       0x4255         Code  Gb  strlen.o [9]
sync_fs                       0x16b   0x92  Code  Lc  ff.c.obj [6]
sync_window                    0xeb   0x4a  Code  Lc  ff.c.obj [6]
sysTimerResolutionShift
                             0x80b8    0x8  Data  Lc  PowerCC23X0_nortos.c.obj [8]
sysTimerTimeouts        0x2000'1f44   0x14  Data  Lc  PowerCC23X0_nortos.c.obj [8]
textarray                    0x78f4  0x208  Data  Gb  fatsdraw_nortos.obj [1]
transmitDataBlock            0x6e59   0x8e  Code  Lc  SDSPI.c.obj [5]
uDMADisableChannelAttribute
                             0x57e1   0x22  Code  Gb  udma.c.obj [4]
uDMAGetChannelSize           0x5803    0xe  Code  Gb  udma.c.obj [4]
uart2RxRingBuffer0      0x2000'1e4c   0x20  Data  Lc  ti_drivers_config.obj [1]
uart2TxRingBuffer0      0x2000'1e6c   0x20  Data  Lc  ti_drivers_config.obj [1]
unlock_fs                      0xcf   0x1c  Code  Lc  ff.c.obj [6]
validate                      0xd79   0x54  Code  Lc  ff.c.obj [6]
waitUntilReady               0x6ee7   0x54  Code  Lc  SDSPI.c.obj [5]


[1] = /project/staging/core_examples/examples/nortos/LP_EM_CC2340R5/drivers/fatsdraw/iar
[2] = display_cc23x0r5.a
[3] = dl6M_tln.a
[4] = driverlib.a
[5] = drivers_cc23x0r5.a
[6] = fatfs.a
[7] = m6M_tl.a
[8] = nortos_cc23x0r5.a
[9] = rt6M_tl.a
[10] = shb_l.a

  32'665 bytes of readonly  code memory
   3'583 bytes of readonly  data memory
  24'449 bytes of readwrite data memory

Errors: none
Warnings: none
