******************************************************************************
            TI ARM Clang Linker Unix v3.2.0                    
******************************************************************************
>> Linked Fri Apr 19 13:35:12 2024

OUTPUT FILE NAME:   <gpioshutdown.out>
ENTRY POINT SYMBOL: "resetISR"  address: 00001a9d


MEMORY CONFIGURATION

         name            origin    length      used     unused   attr    fill
----------------------  --------  ---------  --------  --------  ----  --------
  FLASH                 00000000   00080000  00001c85  0007e37b  R  X
  SRAM                  20000000   00009000  00002899  00006767  RW X
  S2RRAM                40098000   00001000  00000000  00001000  RW  
  CCFG                  4e020000   00000800  00000800  00000000  R   
  LOG_DATA              90000000   00040000  00000000  00040000  R   
  LOG_PTR               94000008   00040000  00000000  00040000  R   


SEGMENT ALLOCATION MAP

run origin  load origin   length   init length attrs members
----------  ----------- ---------- ----------- ----- -------
00000000    00000000    00001c2b   00001c2b    r-x
  00000000    00000000    0000008c   0000008c    r-- .resetVecs
  0000008c    0000008c    00001b0e   00001b0e    r-x .text
  00001b9c    00001b9c    0000008f   0000008f    r-- .rodata
00001c2c    00001c2c    00000008   00000008    rw-
  00001c2c    00001c2c    00000008   00000008    rw- .args
00001c34    00001c34    00000054   00000054    r--
  00001c34    00001c34    00000054   00000054    r-- .cinit
20000000    20000000    0000240d   00000000    rw-
  20000000    20000000    00002000   00000000    rw- .sysmem
  20002000    20002000    00000280   00000000    rw- .bss
  20002280    20002280    0000018d   00000000    rw- .data
20008c00    20008c00    00000400   00000000    rw-
  20008c00    20008c00    00000400   00000000    rw- .stack
4e020000    4e020000    00000800   00000800    r--
  4e020000    4e020000    00000800   00000800    r-- .ccfg


SECTION ALLOCATION MAP

 output                                  attributes/
section   page    origin      length       input sections
--------  ----  ----------  ----------   ----------------
.resetVecs 
*          0    00000000    0000008c     
                  00000000    0000008c     nortos_cc23x0r5.a : startup_cc23x0r5_ticlang.c.obj (.resetVecs)

.binit     0    00000000    00000000     

.text      0    0000008c    00001b0e     
                  0000008c    00000180     drivers_cc23x0r5.a : Button.c.obj (.text.Button_clockTimeoutHandler)
                  0000020c    00000140     nortos_cc23x0r5.a : PowerCC23X0_nortos.c.obj (.text.PowerCC23X0_standbyPolicy)
                  0000034c    0000012c     libc.a : memory.c.obj (.text.aligned_alloc)
                  00000478    00000118     drivers_cc23x0r5.a : LED.c.obj (.text.LED_open)
                  00000590    000000e0                        : Button.c.obj (.text.Button_open)
                  00000670    000000dc                        : GPIOLPF3.c.obj (.text.GPIO_init)
                  0000074c    000000a4                        : PowerCC23X0.c.obj (.text.Power_shutdown)
                  000007f0    0000009c                        : PowerCC23X0.c.obj (.text.Power_init)
                  0000088c    0000009c     nortos_cc23x0r5.a : SemaphoreP_nortos.c.obj (.text.SemaphoreP_pend)
                  00000928    00000090     gpioshutdown.obj (.text.mainThread)
                  000009b8    0000007c     drivers_cc23x0r5.a : LED.c.obj (.text.LED_startBlinking)
                  00000a34    00000078     nortos_cc23x0r5.a : ClockPLPF3_nortos.c.obj (.text.ClockP_hwiCallback)
                  00000aac    00000078                       : HwiPCC23X0_nortos.c.obj (.text.HwiP_construct)
                  00000b24    00000078     drivers_cc23x0r5.a : PowerCC23X0.c.obj (.text.PowerCC23X0_oscillatorISR)
                  00000b9c    00000078     libc.a : copy_decompress_lzss.c.obj (.text:decompress:lzss)
                  00000c14    00000074     nortos_cc23x0r5.a : ClockPLPF3_nortos.c.obj (.text.ClockP_startup)
                  00000c88    0000006c     drivers_cc23x0r5.a : PowerCC23X0.c.obj (.text.PowerCC23X0_startHFXT)
                  00000cf4    00000064     nortos_cc23x0r5.a : ClockPLPF3_nortos.c.obj (.text.ClockP_start)
                  00000d58    00000064     drivers_cc23x0r5.a : GPIOLPF3.c.obj (.text.GPIO_setConfigAndMux)
                  00000dbc    00000064     driverlib.a : interrupt.c.obj (.text.IntSetPriority)
                  00000e20    00000064     libc.a : memory.c.obj (.text.split)
                  00000e84    0000005c     nortos_cc23x0r5.a : ClockPLPF3_nortos.c.obj (.text.ClockP_walkQueueDynamic)
                  00000ee0    0000005c                       : SemaphoreP_nortos.c.obj (.text.SemaphoreP_construct)
                  00000f3c    00000058     drivers_cc23x0r5.a : Button.c.obj (.text.Button_gpioCallbackFxn)
                  00000f94    00000058                        : PowerCC23X0.c.obj (.text.Power_setDependency)
                  00000fec    00000058     libclang_rt.builtins.a : clzsi2.c.obj (.text.__clzsi2)
                  00001044    00000054     ti_drivers_config.obj (.text.Board_shutDownExtFlash)
                  00001098    00000054     driverlib.a : lrfd.c.obj (.text.LRFDApplyClockDependencies)
                  000010ec    0000004c     ti_drivers_config.obj (.text.Board_sendExtFlashByte)
                  00001138    0000004c     drivers_cc23x0r5.a : PowerCC23X0.c.obj (.text.Power_sleep)
                  00001184    00000048     nortos_cc23x0r5.a : ClockPLPF3_nortos.c.obj (.text.ClockP_construct)
                  000011cc    00000048                       : ClockPLPF3_nortos.c.obj (.text.ClockP_stop)
                  00001214    00000044     drivers_cc23x0r5.a : GPIOLPF3.c.obj (.text.GPIO_setInterruptConfig)
                  00001258    00000044                        : LED.c.obj (.text.clockTimeoutHandler)
                  0000129c    00000042                        : LED.c.obj (.text.LED_setBrightnessLevel)
                  000012de    00000002     ti_drivers_config.obj (.text.Board_initHook)
                  000012e0    00000040     drivers_cc23x0r5.a : PWM.c.obj (.text.PWM_init)
                  00001320    00000040                        : PWM.c.obj (.text.PWM_open)
                  00001360    00000040     nortos_cc23x0r5.a : SemaphoreP_nortos.c.obj (.text.SemaphoreP_post)
                  000013a0    00000040     libclang_rt.builtins.a : aeabi_uidivmod.S.obj (.text.__aeabi_uidivmod)
                  000013e0    0000003c     libc.a : autoinit.c.obj (.text:__TI_auto_init_nobinit_nopinit)
                  0000141c    00000038     drivers_cc23x0r5.a : GPIOLPF3.c.obj (.text.GPIO_hwiIntFxn)
                  00001454    00000038     driverlib.a : interrupt.c.obj (.text.IntClearPend)
                  0000148c    00000034     ti_drivers_config.obj (.text.Board_wakeUpExtFlash)
                  000014c0    00000034     drivers_cc23x0r5.a : PowerCC23X0.c.obj (.text.PowerCC23X0_notify)
                  000014f4    00000032                        : LED.c.obj (.text.LED_setOn)
                  00001526    00000002     libclang_rt.builtins.a : aeabi_div0.c.obj (.text.__aeabi_idiv0)
                  00001528    00000030     drivers_cc23x0r5.a : GPIO.c.obj (.text.GPIO_resetConfig)
                  00001558    00000030     driverlib.a : interrupt.c.obj (.text.IntIsEnabled)
                  00001588    00000030     drivers_cc23x0r5.a : LED.c.obj (.text.LED_setOff)
                  000015b8    00000030                        : PowerCC23X0.c.obj (.text.Power_getDependencyCount)
                  000015e8    00000030                        : PowerCC23X0.c.obj (.text.Power_releaseConstraint)
                  00001618    0000002c     driverlib.a : interrupt.c.obj (.text.IntRegister)
                  00001644    0000002c     drivers_cc23x0r5.a : PowerCC23X0.c.obj (.text.PowerCC23X0_setDependencyCount)
                  00001670    0000002c                        : PowerCC23X0.c.obj (.text.Power_setConstraint)
                  0000169c    0000002c     driverlib.a : setup.c.obj (.text.SetupTrimDevice)
                  000016c8    00000028     ti_drivers_config.obj (.text.Board_init)
                  000016f0    00000028     driverlib.a : interrupt.c.obj (.text.IntDisable)
                  00001718    00000028                 : interrupt.c.obj (.text.IntEnable)
                  00001740    00000028     drivers_cc23x0r5.a : List.c.obj (.text.List_remove)
                  00001768    00000028     libc.a : memory.c.obj (.text.free_list_insert)
                  00001790    00000026     drivers_cc23x0r5.a : Button.c.obj (.text.msToTicks)
                  000017b6    00000002     libc.a : _lock.c.obj (.text._nop)
                  000017b8    00000024     nortos_cc23x0r5.a : HwiPCC23X0_nortos.c.obj (.text.HwiP_dispatch)
                  000017dc    00000024     drivers_cc23x0r5.a : List.c.obj (.text.List_put)
                  00001800    00000024                        : PowerCC23X0.c.obj (.text.PowerLPF3_selectLFXT)
                  00001824    00000024     libc.a : boot_cortex_m.c.obj (.text:_c_int00)
                  00001848    00000022     drivers_cc23x0r5.a : LED.c.obj (.text.LED_stopBlinking)
                  0000186a    00000002     nortos_cc23x0r5.a : SemaphoreP_nortos.c.obj (.text.clkFxn)
                  0000186c    00000020                       : ClockPLPF3_nortos.c.obj (.text.ClockP_add)
                  0000188c    00000020     drivers_cc23x0r5.a : LED.c.obj (.text.LED_toggle)
                  000018ac    0000001c                        : GPIO.c.obj (.text.GPIO_setCallback)
                  000018c8    0000001c     driverlib.a : lrfd.c.obj (.text.LRFDSetClockDependency)
                  000018e4    0000001c     nortos_cc23x0r5.a : SemaphoreP_nortos.c.obj (.text.SemaphoreP_constructBinary)
                  00001900    0000001c     libc.a : args_main.c.obj (.text._args_main)
                  0000191c    0000001c            : memory.c.obj (.text.free_list_remove)
                  00001938    0000001a     nortos_cc23x0r5.a : ClockPLPF3_nortos.c.obj (.text.ClockP_create)
                  00001952    00000002                       : startup_cc23x0r5_ticlang.c.obj (.text.faultISR)
                  00001954    00000018                       : HwiPCC23X0_nortos.c.obj (.text.HwiP_inISR)
                  0000196c    00000018                       : HwiPCC23X0_nortos.c.obj (.text.HwiP_setFunc)
                  00001984    00000018     drivers_cc23x0r5.a : PowerCC23X0.c.obj (.text.Power_idleFunc)
                  0000199c    00000016                        : Button.c.obj (.text.timediff)
                  000019b2    00000016     libc.a : copy_zero_init.c.obj (.text:decompress:ZI:__TI_zero_init_nomemset)
                  000019c8    00000014     nortos_cc23x0r5.a : ClockPLPF3_nortos.c.obj (.text.ClockP_destruct)
                  000019dc    00000014     drivers_cc23x0r5.a : GPIOLPF3.c.obj (.text.GPIO_disableInt)
                  000019f0    00000014                        : GPIOLPF3.c.obj (.text.GPIO_write)
                  00001a04    00000014                        : List.c.obj (.text.List_clearList)
                  00001a18    00000012     libc.a : memcpy16.S.obj (.text:TI_memcpy_small)
                  00001a2a    00000012            : copy_decompress_none.c.obj (.text:decompress:none)
                  00001a3c    00000010     drivers_cc23x0r5.a : Button.c.obj (.text.Button_Params_init)
                  00001a4c    00000010     nortos_cc23x0r5.a : HwiPCC23X0_nortos.c.obj (.text.HwiP_Params_init)
                  00001a5c    00000010     drivers_cc23x0r5.a : PWM.c.obj (.text.PWM_Params_init)
                  00001a6c    00000010                        : PowerCC23X0.c.obj (.text.Power_disablePolicy)
                  00001a7c    00000010     gpioshutdown.obj (.text.buttonCallback)
                  00001a8c    00000010     main_nortos.obj (.text.main)
                  00001a9c    00000010     nortos_cc23x0r5.a : startup_cc23x0r5_ticlang.c.obj (.text.resetISR)
                  00001aac    0000000e                       : HwiPCC23X0_nortos.c.obj (.text.HwiP_restore)
                  00001aba    0000000e     drivers_cc23x0r5.a : Button.c.obj (.text.OUTLINED_FUNCTION_0)
                  00001ac8    00000004     libc.a : pre_init.c.obj (.text._system_pre_init)
                  00001acc    00000004            : exit.c.obj (.text:abort)
                  00001ad0    00000002     nortos_cc23x0r5.a : startup_cc23x0r5_ticlang.c.obj (.text.intDefaultHandler)
                  00001ad2    00000002                       : startup_cc23x0r5_ticlang.c.obj (.text.nmiISR)
                  00001ad4    00000004     --HOLE-- [fill = 0]
                  00001ad8    0000000c                       : ClockPLPF3_nortos.c.obj (.text.ClockP_getSystemTicks)
                  00001ae4    0000000c     drivers_cc23x0r5.a : GPIOLPF3.c.obj (.text.GPIO_read)
                  00001af0    0000000c     nortos_cc23x0r5.a : HwiPCC23X0_nortos.c.obj (.text.HwiP_disable)
                  00001afc    0000000c     drivers_cc23x0r5.a : PowerCC23X0.c.obj (.text.PowerCC23X0_rtcISR)
                  00001b08    0000000c                        : PowerCC23X0.c.obj (.text.Power_enablePolicy)
                  00001b14    0000000c                        : PowerCC23X0.c.obj (.text.Power_getConstraintMask)
                  00001b20    0000000c     libc.a : memory.c.obj (.text.malloc)
                  00001b2c    0000000a     nortos_cc23x0r5.a : ClockPLPF3_nortos.c.obj (.text.ClockP_Params_init)
                  00001b36    0000000a     drivers_cc23x0r5.a : GPIOLPF3.c.obj (.text.GPIO_setConfig)
                  00001b40    0000000a                        : PWM.c.obj (.text.PWM_close)
                  00001b4a    0000000a                        : PWM.c.obj (.text.PWM_setDuty)
                  00001b54    0000000a                        : PWM.c.obj (.text.PWM_start)
                  00001b5e    00000008     nortos_cc23x0r5.a : HwiPCC23X0_nortos.c.obj (.text.HwiP_clearInterrupt)
                  00001b66    00000008                       : HwiPCC23X0_nortos.c.obj (.text.HwiP_enable)
                  00001b6e    00000008                       : HwiPCC23X0_nortos.c.obj (.text.HwiP_enableInterrupt)
                  00001b76    00000008                       : NoRTOS.c.obj (.text.NoRTOS_start)
                  00001b7e    00000002     --HOLE-- [fill = 0]
                  00001b80    00000008     libclang_rt.builtins.a : aeabi_memcpy.S.obj (.text.__aeabi_memcpy)
                  00001b88    00000006     driverlib.a : cpu.c.obj (.text.CPUDelay)
                  00001b8e    00000004     nortos_cc23x0r5.a : ClockPLPF3_nortos.c.obj (.text.ClockP_getSystemTickPeriod)
                  00001b92    00000004                       : ClockPLPF3_nortos.c.obj (.text.ClockP_isActive)
                  00001b96    00000004                       : ClockPLPF3_nortos.c.obj (.text.ClockP_setTimeout)

.rodata    0    00001b9c    0000008f     
                  00001b9c    00000018     drivers_cc23x0r5.a : PWM.c.obj (.rodata.PWM_defaultParams)
                  00001bb4    00000014                        : Button.c.obj (.rodata.Button_defaultParams)
                  00001bc8    00000010     ti_drivers_config.obj (.rodata.GPIO_config)
                  00001bd8    00000010     ti_drivers_config.obj (.rodata.LED_config)
                  00001be8    0000000c     nortos_cc23x0r5.a : ClockPLPF3_nortos.c.obj (.rodata.ClockP_defaultParams)
                  00001bf4    0000000a     drivers_cc23x0r5.a : Button.c.obj (.rodata..Lswitch.table.Button_gpioCallbackFxn)
                  00001bfe    00000001     ti_drivers_config.obj (.rodata.Button_count)
                  00001bff    00000001     ti_drivers_config.obj (.rodata.GPIO_pinLowerBound)
                  00001c00    00000008     ti_drivers_config.obj (.rodata.ButtonHWAttrs)
                  00001c08    00000008     ti_drivers_config.obj (.rodata.Button_config)
                  00001c10    00000008     drivers_cc23x0r5.a : LED.c.obj (.rodata.LED_defaultParams)
                  00001c18    00000008     ti_drivers_config.obj (.rodata.PowerCC23X0_config)
                  00001c20    00000005     nortos_cc23x0r5.a : PowerCC23X0_nortos.c.obj (.rodata.sysTimerResolutionShift)
                  00001c25    00000004     ti_drivers_config.obj (.rodata.LEDHWAttrs)
                  00001c29    00000001     ti_drivers_config.obj (.rodata.GPIO_pinUpperBound)
                  00001c2a    00000001     ti_drivers_config.obj (.rodata.LED_count)

.cinit     0    00001c34    00000054     
                  00001c34    0000002e     (.cinit..data.load) [load image, compression = lzss]
                  00001c62    00000002     --HOLE-- [fill = 0]
                  00001c64    0000000c     (__TI_handler_table)
                  00001c70    00000008     (.cinit..bss.load) [load image, compression = zero_init]
                  00001c78    00000010     (__TI_cinit_table)

.init_array 
*          0    00000000    00000000     UNINITIALIZED

.sysmem    0    20000000    00002000     UNINITIALIZED
                  20000000    00000010     libc.a : memory.c.obj (.sysmem)
                  20000010    00001ff0     --HOLE--

.bss       0    20002000    00000280     UNINITIALIZED
                  20002000    000000b8     (.common:LEDObjects)
                  200020b8    00000068     (.common:gpioCallbackFunctions)
                  20002120    00000068     (.common:gpioUserArgs)
                  20002188    00000050     (.common:semStruct)
                  200021d8    00000024     (.common:ButtonObjects)
                  200021fc    0000001c     drivers_cc23x0r5.a : PowerCC23X0.c.obj (.bss.ckmHwi)
                  20002218    0000001c                        : GPIOLPF3.c.obj (.bss.gpioHwi)
                  20002234    0000001c     (.common:clockHwi)
                  20002250    00000014     nortos_cc23x0r5.a : PowerCC23X0_nortos.c.obj (.bss.sysTimerTimeouts)
                  20002264    00000008     drivers_cc23x0r5.a : PowerCC23X0.c.obj (.bss.notifyList)
                  2000226c    00000004                        : PowerCC23X0.c.obj (.bss.PowerCC23X0_enterStandby.controlPreStandby)
                  20002270    00000004                        : PowerCC23X0.c.obj (.bss.constraintCounts)
                  20002274    00000004     driverlib.a : lrfd.c.obj (.bss.lrfdClockDependencySets)
                  20002278    00000004     libc.a : memory.c.obj (.bss.sys_free)
                  2000227c    00000004     (.common:semHandle)

.data      0    20002280    0000018d     UNINITIALIZED
                  20002280    0000008c     nortos_cc23x0r5.a : HwiPCC23X0_nortos.c.obj (.data.HwiP_dispatchTable)
                  2000230c    00000068     ti_drivers_config.obj (.data.gpioPinConfigs)
                  20002374    0000003f     drivers_cc23x0r5.a : PowerCC23X0.c.obj (.data..L_MergedGlobals.1)
                  200023b3    00000001     nortos_cc23x0r5.a : ClockPLPF3_nortos.c.obj (.data.ClockP_initialized)
                  200023b4    00000024     drivers_cc23x0r5.a : PowerCC23X0.c.obj (.data..L_MergedGlobals)
                  200023d8    00000014     nortos_cc23x0r5.a : ClockPLPF3_nortos.c.obj (.data..L_MergedGlobals)
                  200023ec    00000004                       : HwiPCC23X0_nortos.c.obj (.data.HwiP_swiPIntNum)
                  200023f0    00000010                       : SemaphoreP_nortos.c.obj (.data..L_MergedGlobals)
                  20002400    00000004     libc.a : _lock.c.obj (.data._lock)
                  20002404    00000004            : _lock.c.obj (.data._unlock)
                  20002408    00000001     drivers_cc23x0r5.a : GPIOLPF3.c.obj (.data.initCalled)
                  20002409    00000001                        : PWM.c.obj (.data.isInitialized)
                  2000240a    00000001     driverlib.a : lrfd.c.obj (.data.lrfdClocked)
                  2000240b    00000001     --HOLE--
                  2000240c    00000001     libc.a : memory.c.obj (.data.memory_is_initialized)

.ramVecs   0    20002500    0000008c     NOLOAD SECTION
                  20002500    0000008c     driverlib.a : interrupt.c.obj (.ramVecs)

.stack     0    20008c00    00000400     UNINITIALIZED
                  20008c00    00000004     libc.a : boot_cortex_m.c.obj (.stack)
                  20008c04    000003fc     --HOLE--

.ccfg      0    4e020000    00000800     
                  4e020000    00000800     ti_devices_config.obj (.ccfg)

.log_data 
*          0    90000000    00000000     COPY SECTION

.log_ptr   0    94000008    00000000     COPY SECTION

__llvm_prf_cnts 
*          0    20000000    00000000     UNINITIALIZED

__llvm_prf_bits 
*          0    20000000    00000000     UNINITIALIZED

.args      0    00001c2c    00000008     
                  00001c2c    00000008     --HOLE-- [fill = 0]

MODULE SUMMARY

       Module                           code   ro data   rw data
       ------                           ----   -------   -------
    <current directory>
       ti_devices_config.obj            0      2048      0      
       ti_drivers_config.obj            254    64        532    
       gpioshutdown.obj                 160    0         84     
       main_nortos.obj                  16     0         0      
    +--+--------------------------------+------+---------+---------+
       Total:                           430    2112      616    
                                                                
    /home/developer/.conan/data/tiarmllvm/3.2.0.LTS-0/library-msp/ga/package/be241241e9d4718e5bab4eb33935bbb69606bb0c/lib/armv6m-ti-none-eabi/c/libc.a
       memory.c.obj                     480    0         5      
       copy_decompress_lzss.c.obj       120    0         0      
       autoinit.c.obj                   60     0         0      
       boot_cortex_m.c.obj              36     0         0      
       args_main.c.obj                  28     0         0      
       copy_zero_init.c.obj             22     0         0      
       copy_decompress_none.c.obj       18     0         0      
       memcpy16.S.obj                   18     0         0      
       _lock.c.obj                      2      0         8      
       exit.c.obj                       4      0         0      
       pre_init.c.obj                   4      0         0      
    +--+--------------------------------+------+---------+---------+
       Total:                           792    0         13     
                                                                
    /home/developer/.conan/data/tiarmllvm/3.2.0.LTS-0/library-msp/ga/package/be241241e9d4718e5bab4eb33935bbb69606bb0c/lib/clang/15.0.7/lib/armv6m-ti-none-eabi/libclang_rt.builtins.a
       clzsi2.c.obj                     88     0         0      
       aeabi_uidivmod.S.obj             64     0         0      
       aeabi_memcpy.S.obj               8      0         0      
       aeabi_div0.c.obj                 2      0         0      
    +--+--------------------------------+------+---------+---------+
       Total:                           162    0         0      
                                                                
    /project/staging/core_examples/simplelink-lowpower-f3-sdk/kernel/nortos/lib/ticlang/m0p/nortos_cc23x0r5.a
       ClockPLPF3_nortos.c.obj          684    12        21     
       HwiPCC23X0_nortos.c.obj          270    0         144    
       SemaphoreP_nortos.c.obj          342    0         16     
       PowerCC23X0_nortos.c.obj         320    5         20     
       startup_cc23x0r5_ticlang.c.obj   22     140       0      
       NoRTOS.c.obj                     8      0         0      
    +--+--------------------------------+------+---------+---------+
       Total:                           1646   157       201    
                                                                
    /project/staging/core_examples/simplelink-lowpower-f3-sdk/source/ti/devices/cc23x0r5/driverlib/lib/ticlang/driverlib.a
       interrupt.c.obj                  328    0         140    
       lrfd.c.obj                       112    0         5      
       setup.c.obj                      44     0         0      
       cpu.c.obj                        6      0         0      
    +--+--------------------------------+------+---------+---------+
       Total:                           490    0         145    
                                                                
    /project/staging/core_examples/simplelink-lowpower-f3-sdk/source/ti/drivers/lib/ticlang/m0p/drivers_cc23x0r5.a
       PowerCC23X0.c.obj                1060   0         171    
       Button.c.obj                     786    30        0      
       LED.c.obj                        702    8         0      
       GPIOLPF3.c.obj                   506    0         29     
       PWM.c.obj                        174    24        1      
       List.c.obj                       96     0         0      
       GPIO.c.obj                       76     0         0      
    +--+--------------------------------+------+---------+---------+
       Total:                           3400   62        201    
                                                                
       Heap:                            0      0         8192   
       Stack:                           0      0         1024   
       Linker Generated:                0      82        0      
    +--+--------------------------------+------+---------+---------+
       Grand Total:                     6920   2413      10392  


LINKER GENERATED COPY TABLES

__TI_cinit_table @ 00001c78 records: 2, size/record: 8, table size: 16
	.data: load addr=00001c34, load size=0000002e bytes, run addr=20002280, run size=0000018d bytes, compression=lzss
	.bss: load addr=00001c70, load size=00000008 bytes, run addr=20002000, run size=00000280 bytes, compression=zero_init


LINKER GENERATED HANDLER TABLE

__TI_handler_table @ 00001c64 records: 3, size/record: 4, table size: 12
	index: 0, handler: __TI_decompress_lzss
	index: 1, handler: __TI_decompress_none
	index: 2, handler: __TI_zero_init


GLOBAL SYMBOLS: SORTED ALPHABETICALLY BY Name 

address   name                          
-------   ----                          
000016c9  Board_init                    
000012df  Board_initHook                
000010ed  Board_sendExtFlashByte        
00001045  Board_shutDownExtFlash        
0000148d  Board_wakeUpExtFlash          
200021d8  ButtonObjects                 
00001a3d  Button_Params_init            
00001c08  Button_config                 
00001bfe  Button_count                  
00001bb4  Button_defaultParams          
00000f3d  Button_gpioCallbackFxn        
00000591  Button_open                   
00001acc  C$$EXIT                       
00001b89  CPUDelay                      
00001b2d  ClockP_Params_init            
0000186d  ClockP_add                    
00001185  ClockP_construct              
00001939  ClockP_create                 
000019c9  ClockP_destruct               
00001b8f  ClockP_getSystemTickPeriod    
00001ad9  ClockP_getSystemTicks         
00001b93  ClockP_isActive               
00001b97  ClockP_setTimeout             
00000cf5  ClockP_start                  
00000c15  ClockP_startup                
000011cd  ClockP_stop                   
00000e85  ClockP_walkQueueDynamic       
00001bc8  GPIO_config                   
000019dd  GPIO_disableInt               
0000141d  GPIO_hwiIntFxn                
00000671  GPIO_init                     
00001bff  GPIO_pinLowerBound            
00001c29  GPIO_pinUpperBound            
00001ae5  GPIO_read                     
00001529  GPIO_resetConfig              
000018ad  GPIO_setCallback              
00001b37  GPIO_setConfig                
00000d59  GPIO_setConfigAndMux          
00001215  GPIO_setInterruptConfig       
000019f1  GPIO_write                    
00001a4d  HwiP_Params_init              
00001b5f  HwiP_clearInterrupt           
00000aad  HwiP_construct                
00001af1  HwiP_disable                  
000017b9  HwiP_dispatch                 
00001b67  HwiP_enable                   
00001b6f  HwiP_enableInterrupt          
00001955  HwiP_inISR                    
00001aad  HwiP_restore                  
0000196d  HwiP_setFunc                  
200023ec  HwiP_swiPIntNum               
00001455  IntClearPend                  
000016f1  IntDisable                    
00001719  IntEnable                     
00001559  IntIsEnabled                  
00001619  IntRegister                   
00000dbd  IntSetPriority                
20002000  LEDObjects                    
00001bd8  LED_config                    
00001c2a  LED_count                     
00001c10  LED_defaultParams             
00000479  LED_open                      
0000129d  LED_setBrightnessLevel        
00001589  LED_setOff                    
000014f5  LED_setOn                     
000009b9  LED_startBlinking             
00001849  LED_stopBlinking              
0000188d  LED_toggle                    
00001099  LRFDApplyClockDependencies    
000018c9  LRFDSetClockDependency        
00001a05  List_clearList                
000017dd  List_put                      
00001741  List_remove                   
00001b77  NoRTOS_start                  
00001a5d  PWM_Params_init               
00001b41  PWM_close                     
UNDEFED   PWM_config                    
UNDEFED   PWM_count                     
00001b9c  PWM_defaultParams             
000012e1  PWM_init                      
00001321  PWM_open                      
00001b4b  PWM_setDuty                   
00001b55  PWM_start                     
00001c18  PowerCC23X0_config            
000014c1  PowerCC23X0_notify            
0000020d  PowerCC23X0_standbyPolicy     
00001801  PowerLPF3_selectLFXT          
00001a6d  Power_disablePolicy           
00001b09  Power_enablePolicy            
00001b15  Power_getConstraintMask       
000015b9  Power_getDependencyCount      
00001985  Power_idleFunc                
000007f1  Power_init                    
000015e9  Power_releaseConstraint       
00001671  Power_setConstraint           
00000f95  Power_setDependency           
0000074d  Power_shutdown                
00001139  Power_sleep                   
00000ee1  SemaphoreP_construct          
000018e5  SemaphoreP_constructBinary    
200023f8  SemaphoreP_defaultParams      
0000088d  SemaphoreP_pend               
00001361  SemaphoreP_post               
0000169d  SetupTrimDevice               
00001a19  TI_memcpy_small               
20009000  __STACK_END                   
00000400  __STACK_SIZE                  
00002000  __SYSMEM_SIZE                 
00000000  __TI_ATRegion0_region_sz      
00000000  __TI_ATRegion0_src_addr       
00000000  __TI_ATRegion0_trg_addr       
00000000  __TI_ATRegion1_region_sz      
00000000  __TI_ATRegion1_src_addr       
00000000  __TI_ATRegion1_trg_addr       
00000000  __TI_ATRegion2_region_sz      
00000000  __TI_ATRegion2_src_addr       
00000000  __TI_ATRegion2_trg_addr       
00001c78  __TI_CINIT_Base               
00001c88  __TI_CINIT_Limit              
00001c88  __TI_CINIT_Warm               
00001c64  __TI_Handler_Table_Base       
00001c70  __TI_Handler_Table_Limit      
000013e1  __TI_auto_init_nobinit_nopinit
00000b9d  __TI_decompress_lzss          
00001a2b  __TI_decompress_none          
ffffffff  __TI_pprof_out_hndl           
ffffffff  __TI_prof_data_size           
ffffffff  __TI_prof_data_start          
00000000  __TI_static_base__            
000019b3  __TI_zero_init_nomemset       
00001527  __aeabi_idiv0                 
00001b81  __aeabi_memcpy                
00001b81  __aeabi_memcpy4               
00001b81  __aeabi_memcpy8               
000013a1  __aeabi_uidiv                 
000013a1  __aeabi_uidivmod              
ffffffff  __binit__                     
00001c2c  __c_args__                    
00000fed  __clzsi2                      
UNDEFED   __mpu_init                    
20008c00  __stack                       
20000000  __start___llvm_prf_bits       
20000000  __start___llvm_prf_cnts       
20000000  __stop___llvm_prf_bits        
20000000  __stop___llvm_prf_cnts        
00001901  _args_main                    
00001825  _c_int00                      
20002400  _lock                         
000017b7  _nop                          
20000000  _sys_memory                   
UNDEFED   _system_post_cinit            
00001ac9  _system_pre_init              
20002404  _unlock                       
00001acd  abort                         
0000034d  aligned_alloc                 
ffffffff  binit                         
4e020000  ccfg                          
0000186b  clkFxn                        
20002234  clockHwi                      
200020b8  gpioCallbackFunctions         
2000230c  gpioPinConfigs                
20002120  gpioUserArgs                  
00001a8d  main                          
00000929  mainThread                    
00001b21  malloc                        
0000034d  memalign                      
00001a9d  resetISR                      
2000227c  semHandle                     
20002188  semStruct                     


GLOBAL SYMBOLS: SORTED BY Symbol Address 

address   name                          
-------   ----                          
00000000  __TI_ATRegion0_region_sz      
00000000  __TI_ATRegion0_src_addr       
00000000  __TI_ATRegion0_trg_addr       
00000000  __TI_ATRegion1_region_sz      
00000000  __TI_ATRegion1_src_addr       
00000000  __TI_ATRegion1_trg_addr       
00000000  __TI_ATRegion2_region_sz      
00000000  __TI_ATRegion2_src_addr       
00000000  __TI_ATRegion2_trg_addr       
00000000  __TI_static_base__            
0000020d  PowerCC23X0_standbyPolicy     
0000034d  aligned_alloc                 
0000034d  memalign                      
00000400  __STACK_SIZE                  
00000479  LED_open                      
00000591  Button_open                   
00000671  GPIO_init                     
0000074d  Power_shutdown                
000007f1  Power_init                    
0000088d  SemaphoreP_pend               
00000929  mainThread                    
000009b9  LED_startBlinking             
00000aad  HwiP_construct                
00000b9d  __TI_decompress_lzss          
00000c15  ClockP_startup                
00000cf5  ClockP_start                  
00000d59  GPIO_setConfigAndMux          
00000dbd  IntSetPriority                
00000e85  ClockP_walkQueueDynamic       
00000ee1  SemaphoreP_construct          
00000f3d  Button_gpioCallbackFxn        
00000f95  Power_setDependency           
00000fed  __clzsi2                      
00001045  Board_shutDownExtFlash        
00001099  LRFDApplyClockDependencies    
000010ed  Board_sendExtFlashByte        
00001139  Power_sleep                   
00001185  ClockP_construct              
000011cd  ClockP_stop                   
00001215  GPIO_setInterruptConfig       
0000129d  LED_setBrightnessLevel        
000012df  Board_initHook                
000012e1  PWM_init                      
00001321  PWM_open                      
00001361  SemaphoreP_post               
000013a1  __aeabi_uidiv                 
000013a1  __aeabi_uidivmod              
000013e1  __TI_auto_init_nobinit_nopinit
0000141d  GPIO_hwiIntFxn                
00001455  IntClearPend                  
0000148d  Board_wakeUpExtFlash          
000014c1  PowerCC23X0_notify            
000014f5  LED_setOn                     
00001527  __aeabi_idiv0                 
00001529  GPIO_resetConfig              
00001559  IntIsEnabled                  
00001589  LED_setOff                    
000015b9  Power_getDependencyCount      
000015e9  Power_releaseConstraint       
00001619  IntRegister                   
00001671  Power_setConstraint           
0000169d  SetupTrimDevice               
000016c9  Board_init                    
000016f1  IntDisable                    
00001719  IntEnable                     
00001741  List_remove                   
000017b7  _nop                          
000017b9  HwiP_dispatch                 
000017dd  List_put                      
00001801  PowerLPF3_selectLFXT          
00001825  _c_int00                      
00001849  LED_stopBlinking              
0000186b  clkFxn                        
0000186d  ClockP_add                    
0000188d  LED_toggle                    
000018ad  GPIO_setCallback              
000018c9  LRFDSetClockDependency        
000018e5  SemaphoreP_constructBinary    
00001901  _args_main                    
00001939  ClockP_create                 
00001955  HwiP_inISR                    
0000196d  HwiP_setFunc                  
00001985  Power_idleFunc                
000019b3  __TI_zero_init_nomemset       
000019c9  ClockP_destruct               
000019dd  GPIO_disableInt               
000019f1  GPIO_write                    
00001a05  List_clearList                
00001a19  TI_memcpy_small               
00001a2b  __TI_decompress_none          
00001a3d  Button_Params_init            
00001a4d  HwiP_Params_init              
00001a5d  PWM_Params_init               
00001a6d  Power_disablePolicy           
00001a8d  main                          
00001a9d  resetISR                      
00001aad  HwiP_restore                  
00001ac9  _system_pre_init              
00001acc  C$$EXIT                       
00001acd  abort                         
00001ad9  ClockP_getSystemTicks         
00001ae5  GPIO_read                     
00001af1  HwiP_disable                  
00001b09  Power_enablePolicy            
00001b15  Power_getConstraintMask       
00001b21  malloc                        
00001b2d  ClockP_Params_init            
00001b37  GPIO_setConfig                
00001b41  PWM_close                     
00001b4b  PWM_setDuty                   
00001b55  PWM_start                     
00001b5f  HwiP_clearInterrupt           
00001b67  HwiP_enable                   
00001b6f  HwiP_enableInterrupt          
00001b77  NoRTOS_start                  
00001b81  __aeabi_memcpy                
00001b81  __aeabi_memcpy4               
00001b81  __aeabi_memcpy8               
00001b89  CPUDelay                      
00001b8f  ClockP_getSystemTickPeriod    
00001b93  ClockP_isActive               
00001b97  ClockP_setTimeout             
00001b9c  PWM_defaultParams             
00001bb4  Button_defaultParams          
00001bc8  GPIO_config                   
00001bd8  LED_config                    
00001bfe  Button_count                  
00001bff  GPIO_pinLowerBound            
00001c08  Button_config                 
00001c10  LED_defaultParams             
00001c18  PowerCC23X0_config            
00001c29  GPIO_pinUpperBound            
00001c2a  LED_count                     
00001c2c  __c_args__                    
00001c64  __TI_Handler_Table_Base       
00001c70  __TI_Handler_Table_Limit      
00001c78  __TI_CINIT_Base               
00001c88  __TI_CINIT_Limit              
00001c88  __TI_CINIT_Warm               
00002000  __SYSMEM_SIZE                 
20000000  __start___llvm_prf_bits       
20000000  __start___llvm_prf_cnts       
20000000  __stop___llvm_prf_bits        
20000000  __stop___llvm_prf_cnts        
20000000  _sys_memory                   
20002000  LEDObjects                    
200020b8  gpioCallbackFunctions         
20002120  gpioUserArgs                  
20002188  semStruct                     
200021d8  ButtonObjects                 
20002234  clockHwi                      
2000227c  semHandle                     
2000230c  gpioPinConfigs                
200023ec  HwiP_swiPIntNum               
200023f8  SemaphoreP_defaultParams      
20002400  _lock                         
20002404  _unlock                       
20008c00  __stack                       
20009000  __STACK_END                   
4e020000  ccfg                          
ffffffff  __TI_pprof_out_hndl           
ffffffff  __TI_prof_data_size           
ffffffff  __TI_prof_data_start          
ffffffff  __binit__                     
ffffffff  binit                         
UNDEFED   PWM_config                    
UNDEFED   PWM_count                     
UNDEFED   __mpu_init                    
UNDEFED   _system_post_cinit            

[169 symbols]
