Archive member included to satisfy reference by file (symbol)

/project/staging/core_examples/simplelink-lowpower-f3-sdk/source/ti/drivers/lib/gcc/m0p/drivers_cc23x0r5.a(Comparator.c.obj)
                              comparatorinterrupt.obj (Comparator_getLevel)
/project/staging/core_examples/simplelink-lowpower-f3-sdk/source/ti/drivers/lib/gcc/m0p/drivers_cc23x0r5.a(ComparatorLPF3LP.c.obj)
                              ti_drivers_config.obj (ComparatorLPF3LP_fxnTable)
/project/staging/core_examples/simplelink-lowpower-f3-sdk/source/ti/drivers/lib/gcc/m0p/drivers_cc23x0r5.a(GPIO.c.obj)
                              ti_drivers_config.obj (GPIO_resetConfig)
/project/staging/core_examples/simplelink-lowpower-f3-sdk/source/ti/drivers/lib/gcc/m0p/drivers_cc23x0r5.a(GPIOLPF3.c.obj)
                              /project/staging/core_examples/simplelink-lowpower-f3-sdk/source/ti/drivers/lib/gcc/m0p/drivers_cc23x0r5.a(GPIO.c.obj) (GPIO_disableInt)
/project/staging/core_examples/simplelink-lowpower-f3-sdk/source/ti/drivers/lib/gcc/m0p/drivers_cc23x0r5.a(PowerCC23X0.c.obj)
                              ti_drivers_config.obj (Power_init)
/project/staging/core_examples/simplelink-lowpower-f3-sdk/source/ti/drivers/lib/gcc/m0p/drivers_cc23x0r5.a(TemperatureLPF3.c.obj)
                              /project/staging/core_examples/simplelink-lowpower-f3-sdk/source/ti/drivers/lib/gcc/m0p/drivers_cc23x0r5.a(PowerCC23X0.c.obj) (Temperature_init)
/project/staging/core_examples/simplelink-lowpower-f3-sdk/source/ti/drivers/lib/gcc/m0p/drivers_cc23x0r5.a(List.c.obj)
                              /project/staging/core_examples/simplelink-lowpower-f3-sdk/source/ti/drivers/lib/gcc/m0p/drivers_cc23x0r5.a(PowerCC23X0.c.obj) (List_put)
/project/staging/core_examples/simplelink-lowpower-f3-sdk/source/ti/drivers/lib/gcc/m0p/drivers_cc23x0r5.a(BatMonSupportLPF3.c.obj)
                              /project/staging/core_examples/simplelink-lowpower-f3-sdk/source/ti/drivers/lib/gcc/m0p/drivers_cc23x0r5.a(TemperatureLPF3.c.obj) (BatMonSupportLPF3_init)
/project/staging/core_examples/simplelink-lowpower-f3-sdk/kernel/nortos/lib/gcc/m0p/nortos_cc23x0r5.a(NoRTOS.c.obj)
                              main_nortos.obj (NoRTOS_start)
/project/staging/core_examples/simplelink-lowpower-f3-sdk/kernel/nortos/lib/gcc/m0p/nortos_cc23x0r5.a(SemaphoreP_nortos.c.obj)
                              /project/staging/core_examples/simplelink-lowpower-f3-sdk/kernel/nortos/lib/gcc/m0p/nortos_cc23x0r5.a(NoRTOS.c.obj) (SemaphoreP_defaultParams)
/project/staging/core_examples/simplelink-lowpower-f3-sdk/kernel/nortos/lib/gcc/m0p/nortos_cc23x0r5.a(ClockPLPF3_nortos.c.obj)
                              /project/staging/core_examples/simplelink-lowpower-f3-sdk/kernel/nortos/lib/gcc/m0p/nortos_cc23x0r5.a(SemaphoreP_nortos.c.obj) (ClockP_startup)
/project/staging/core_examples/simplelink-lowpower-f3-sdk/kernel/nortos/lib/gcc/m0p/nortos_cc23x0r5.a(HwiPCC23X0_nortos.c.obj)
                              /project/staging/core_examples/simplelink-lowpower-f3-sdk/source/ti/drivers/lib/gcc/m0p/drivers_cc23x0r5.a(BatMonSupportLPF3.c.obj) (HwiP_clearInterrupt)
/project/staging/core_examples/simplelink-lowpower-f3-sdk/kernel/nortos/lib/gcc/m0p/nortos_cc23x0r5.a(PowerCC23X0_nortos.c.obj)
                              ti_drivers_config.obj (PowerCC23X0_standbyPolicy)
/project/staging/core_examples/simplelink-lowpower-f3-sdk/kernel/nortos/lib/gcc/m0p/nortos_cc23x0r5.a(startup_cc23x0r5_gcc.c.obj)
                              (resetISR)
/project/staging/core_examples/simplelink-lowpower-f3-sdk/source/ti/devices/cc23x0r5/driverlib/lib/gcc/driverlib.a(cpu.c.obj)
                              ti_drivers_config.obj (CPUDelay)
/project/staging/core_examples/simplelink-lowpower-f3-sdk/source/ti/devices/cc23x0r5/driverlib/lib/gcc/driverlib.a(interrupt.c.obj)
                              /project/staging/core_examples/simplelink-lowpower-f3-sdk/kernel/nortos/lib/gcc/m0p/nortos_cc23x0r5.a(HwiPCC23X0_nortos.c.obj) (IntRegister)
/project/staging/core_examples/simplelink-lowpower-f3-sdk/source/ti/devices/cc23x0r5/driverlib/lib/gcc/driverlib.a(lrfd.c.obj)
                              /project/staging/core_examples/simplelink-lowpower-f3-sdk/source/ti/drivers/lib/gcc/m0p/drivers_cc23x0r5.a(PowerCC23X0.c.obj) (LRFDSetClockDependency)
/project/staging/core_examples/simplelink-lowpower-f3-sdk/source/ti/devices/cc23x0r5/driverlib/lib/gcc/driverlib.a(setup.c.obj)
                              /project/staging/core_examples/simplelink-lowpower-f3-sdk/kernel/nortos/lib/gcc/m0p/nortos_cc23x0r5.a(startup_cc23x0r5_gcc.c.obj) (SetupTrimDevice)
/home/developer/.conan/data/arm-none-eabi-gcc/9.2019.q4.major-0/library-msp/ga/package/44fcf6b9a7fb86b2586303e3db40189d3b511830/bin/../lib/gcc/arm-none-eabi/9.2.1/thumb/v6-m/nofp/libgcc.a(_clzsi2.o)
                              /project/staging/core_examples/simplelink-lowpower-f3-sdk/source/ti/drivers/lib/gcc/m0p/drivers_cc23x0r5.a(GPIOLPF3.c.obj) (__clzsi2)
[...]
Memory Configuration

Name             Origin             Length             Attributes
FLASH            0x0000000000000000 0x0000000000080000 xr
CCFG             0x000000004e020000 0x0000000000000800 r
SRAM             0x0000000020000000 0x0000000000009000 xrw
S2RRAM           0x0000000040098000 0x0000000000001000 rw
LOG_DATA         0x0000000090000000 0x0000000000040000 r
LOG_PTR          0x0000000094000008 0x0000000000040000 r
*default*        0x0000000000000000 0xffffffffffffffff

Linker script and memory map

LOAD comparatorinterrupt.obj
LOAD main_nortos.obj
LOAD ti_devices_config.obj
LOAD ti_drivers_config.obj
                0x0000000000000400                STACKSIZE = 0x400
                0x0000000000002004                HEAPSIZE = 0x2004
                0x0000000000000000                PROVIDE (_resetVecs_base_address = DEFINED (_resetVecs_base_address)?_resetVecs_base_address:0x0)

.resetVecs      0x0000000000000000       0x40
 *(.resetVecs)
 .resetVecs     0x0000000000000000       0x40 /project/staging/core_examples/simplelink-lowpower-f3-sdk/kernel/nortos/lib/gcc/m0p/nortos_cc23x0r5.a(startup_cc23x0r5_gcc.c.obj)

.ramVecs        0x0000000020000000       0x8c
 *(.ramVecs)
 .ramVecs       0x0000000020000000       0x8c /project/staging/core_examples/simplelink-lowpower-f3-sdk/source/ti/devices/cc23x0r5/driverlib/lib/gcc/driverlib.a(interrupt.c.obj)
                0x0000000020000400                UDMALPF3_CONFIG_BASE = 0x20000400
                0x0000000020000400                DMA_CHANNEL0_CONTROL_TABLE_ENTRY_ADDRESS = (UDMALPF3_CONFIG_BASE + 0x0)
                0x0000000020000410                DMA_CHANNEL1_CONTROL_TABLE_ENTRY_ADDRESS = (UDMALPF3_CONFIG_BASE + 0x10)
                0x0000000020000420                DMA_CHANNEL2_CONTROL_TABLE_ENTRY_ADDRESS = (UDMALPF3_CONFIG_BASE + 0x20)
                0x0000000020000430                DMA_CHANNEL3_CONTROL_TABLE_ENTRY_ADDRESS = (UDMALPF3_CONFIG_BASE + 0x30)
                0x0000000020000440                DMA_CHANNEL4_CONTROL_TABLE_ENTRY_ADDRESS = (UDMALPF3_CONFIG_BASE + 0x40)
                0x0000000020000450                DMA_CHANNEL5_CONTROL_TABLE_ENTRY_ADDRESS = (UDMALPF3_CONFIG_BASE + 0x50)
                0x0000000020000460                DMA_CHANNEL6_CONTROL_TABLE_ENTRY_ADDRESS = (UDMALPF3_CONFIG_BASE + 0x60)
                0x0000000020000470                DMA_CHANNEL7_CONTROL_TABLE_ENTRY_ADDRESS = (UDMALPF3_CONFIG_BASE + 0x70)
                0x0000000020000480                DMA_CHANNEL0_ALT_CONTROL_TABLE_ENTRY_ADDRESS = (UDMALPF3_CONFIG_BASE + 0x80)
                0x0000000020000490                DMA_CHANNEL1_ALT_CONTROL_TABLE_ENTRY_ADDRESS = (UDMALPF3_CONFIG_BASE + 0x90)
                0x00000000200004a0                DMA_CHANNEL2_ALT_CONTROL_TABLE_ENTRY_ADDRESS = (UDMALPF3_CONFIG_BASE + 0xa0)
                0x00000000200004b0                DMA_CHANNEL3_ALT_CONTROL_TABLE_ENTRY_ADDRESS = (UDMALPF3_CONFIG_BASE + 0xb0)
                0x00000000200004c0                DMA_CHANNEL4_ALT_CONTROL_TABLE_ENTRY_ADDRESS = (UDMALPF3_CONFIG_BASE + 0xc0)
                0x00000000200004d0                DMA_CHANNEL5_ALT_CONTROL_TABLE_ENTRY_ADDRESS = (UDMALPF3_CONFIG_BASE + 0xd0)
                0x00000000200004e0                DMA_CHANNEL6_ALT_CONTROL_TABLE_ENTRY_ADDRESS = (UDMALPF3_CONFIG_BASE + 0xe0)
                0x00000000200004f0                DMA_CHANNEL7_ALT_CONTROL_TABLE_ENTRY_ADDRESS = (UDMALPF3_CONFIG_BASE + 0xf0)
                0x0000000000000000                UDMALPF3_channel0ControlTableEntry_is_placed = 0x0

.dmaChannel0ControlTableEntry
 *(.dmaChannel0ControlTableEntry)
                0x0000000000000000                UDMALPF3_channel1ControlTableEntry_is_placed = 0x0

.dmaChannel1ControlTableEntry
 *(.dmaChannel1ControlTableEntry)
                0x0000000000000000                UDMALPF3_channel2ControlTableEntry_is_placed = 0x0

.dmaChannel2ControlTableEntry
 *(.dmaChannel2ControlTableEntry)
                0x0000000000000000                UDMALPF3_channel3ControlTableEntry_is_placed = 0x0

.dmaChannel3ControlTableEntry
 *(.dmaChannel3ControlTableEntry)
                0x0000000000000000                UDMALPF3_channel4ControlTableEntry_is_placed = 0x0

.dmaChannel4ControlTableEntry
 *(.dmaChannel4ControlTableEntry)
                0x0000000000000000                UDMALPF3_channel5ControlTableEntry_is_placed = 0x0

.dmaChannel5ControlTableEntry
 *(.dmaChannel5ControlTableEntry)
                0x0000000000000000                UDMALPF3_channel6ControlTableEntry_is_placed = 0x0

.dmaChannel6ControlTableEntry
 *(.dmaChannel6ControlTableEntry)
                0x0000000000000000                UDMALPF3_channel7ControlTableEntry_is_placed = 0x0

.dmaChannel7ControlTableEntry
 *(.dmaChannel7ControlTableEntry)
                0x0000000000000000                UDMALPF3_channel0AltControlTableEntry_is_placed = 0x0

.dmaChannel0AltControlTableEntry
 *(.dmaChannel0AltControlTableEntry)
                0x0000000000000000                UDMALPF3_channel1AltControlTableEntry_is_placed = 0x0

.dmaChannel1AltControlTableEntry
 *(.dmaChannel1AltControlTableEntry)
                0x0000000000000000                UDMALPF3_channel2AltControlTableEntry_is_placed = 0x0

.dmaChannel2AltControlTableEntry
 *(.dmaChannel2AltControlTableEntry)
                0x0000000000000000                UDMALPF3_channel3AltControlTableEntry_is_placed = 0x0

.dmaChannel3AltControlTableEntry
 *(.dmaChannel3AltControlTableEntry)
                0x0000000000000000                UDMALPF3_channel4AltControlTableEntry_is_placed = 0x0

.dmaChannel4AltControlTableEntry
 *(.dmaChannel4AltControlTableEntry)
                0x0000000000000000                UDMALPF3_channel5AltControlTableEntry_is_placed = 0x0

.dmaChannel5AltControlTableEntry
 *(.dmaChannel5AltControlTableEntry)
                0x0000000000000000                UDMALPF3_channel6AltControlTableEntry_is_placed = 0x0

.dmaChannel6AltControlTableEntry
 *(.dmaChannel6AltControlTableEntry)
                0x0000000000000000                UDMALPF3_channel7AltControlTableEntry_is_placed = 0x0

.dmaChannel7AltControlTableEntry
 *(.dmaChannel7AltControlTableEntry)

.text           0x0000000000000040     0x1404
 CREATE_OBJECT_SYMBOLS
 *(.text)
 .text          0x0000000000000040       0x3c /home/developer/.conan/data/arm-none-eabi-gcc/9.2019.q4.major-0/library-msp/ga/package/44fcf6b9a7fb86b2586303e3db40189d3b511830/bin/../lib/gcc/arm-none-eabi/9.2.1/thumb/v6-m/nofp/libgcc.a(_clzsi2.o)
                0x0000000000000040                __clzsi2
 *(.text.*)
 .text.comparatorCallback
                0x000000000000007c       0x14 comparatorinterrupt.obj
                0x000000000000007c                comparatorCallback
 .text.mainThread
                0x0000000000000090       0x4c comparatorinterrupt.obj
                0x0000000000000090                mainThread
 .text.startup.main
                0x00000000000000dc       0x14 main_nortos.obj
                0x00000000000000dc                main
 .text.Board_shutDownExtFlash
                0x00000000000000f0       0xbc ti_drivers_config.obj
                0x00000000000000f0                Board_shutDownExtFlash
 .text.Board_initHook
                0x00000000000001ac        0x4 ti_drivers_config.obj
                0x00000000000001ac                Board_initHook
 .text.Board_init
                0x00000000000001b0       0x28 ti_drivers_config.obj
                0x00000000000001b0                Board_init
 .text.Comparator_getLevel
                0x00000000000001d8        0xc /project/staging/core_examples/simplelink-lowpower-f3-sdk/source/ti/drivers/lib/gcc/m0p/drivers_cc23x0r5.a(Comparator.c.obj)
                0x00000000000001d8                Comparator_getLevel
 .text.Comparator_init
                0x00000000000001e4       0x54 /project/staging/core_examples/simplelink-lowpower-f3-sdk/source/ti/drivers/lib/gcc/m0p/drivers_cc23x0r5.a(Comparator.c.obj)
                0x00000000000001e4                Comparator_init
 .text.Comparator_open
                0x0000000000000238       0x3c /project/staging/core_examples/simplelink-lowpower-f3-sdk/source/ti/drivers/lib/gcc/m0p/drivers_cc23x0r5.a(Comparator.c.obj)
                0x0000000000000238                Comparator_open
 .text.Comparator_Params_init
                0x0000000000000274        0xc /project/staging/core_examples/simplelink-lowpower-f3-sdk/source/ti/drivers/lib/gcc/m0p/drivers_cc23x0r5.a(Comparator.c.obj)
                0x0000000000000274                Comparator_Params_init
 .text.Comparator_start
                0x0000000000000280        0xc /project/staging/core_examples/simplelink-lowpower-f3-sdk/source/ti/drivers/lib/gcc/m0p/drivers_cc23x0r5.a(Comparator.c.obj)
                0x0000000000000280                Comparator_start
 .text.ComparatorLPF3LP_hwiIntFxn
                0x000000000000028c       0x28 /project/staging/core_examples/simplelink-lowpower-f3-sdk/source/ti/drivers/lib/gcc/m0p/drivers_cc23x0r5.a(ComparatorLPF3LP.c.obj)
 .text.ComparatorLPF3LP_getTrigger
                0x00000000000002b4       0x14 /project/staging/core_examples/simplelink-lowpower-f3-sdk/source/ti/drivers/lib/gcc/m0p/drivers_cc23x0r5.a(ComparatorLPF3LP.c.obj)
                0x00000000000002b4                ComparatorLPF3LP_getTrigger
 .text.ComparatorLPF3LP_init
                0x00000000000002c8       0x10 /project/staging/core_examples/simplelink-lowpower-f3-sdk/source/ti/drivers/lib/gcc/m0p/drivers_cc23x0r5.a(ComparatorLPF3LP.c.obj)
                0x00000000000002c8                ComparatorLPF3LP_init
 .text.ComparatorLPF3LP_getLevel
                0x00000000000002d8       0x34 /project/staging/core_examples/simplelink-lowpower-f3-sdk/source/ti/drivers/lib/gcc/m0p/drivers_cc23x0r5.a(ComparatorLPF3LP.c.obj)
                0x00000000000002d8                ComparatorLPF3LP_getLevel
 .text.ComparatorLPF3LP_stop
                0x000000000000030c       0x34 /project/staging/core_examples/simplelink-lowpower-f3-sdk/source/ti/drivers/lib/gcc/m0p/drivers_cc23x0r5.a(ComparatorLPF3LP.c.obj)
                0x000000000000030c                ComparatorLPF3LP_stop
 .text.ComparatorLPF3LP_open
                0x0000000000000340      0x190 /project/staging/core_examples/simplelink-lowpower-f3-sdk/source/ti/drivers/lib/gcc/m0p/drivers_cc23x0r5.a(ComparatorLPF3LP.c.obj)
                0x0000000000000340                ComparatorLPF3LP_open
 .text.ComparatorLPF3LP_start
                0x00000000000004d0       0x64 /project/staging/core_examples/simplelink-lowpower-f3-sdk/source/ti/drivers/lib/gcc/m0p/drivers_cc23x0r5.a(ComparatorLPF3LP.c.obj)
                0x00000000000004d0                ComparatorLPF3LP_start
 .text.ComparatorLPF3LP_setTrigger
                0x0000000000000534      0x160 /project/staging/core_examples/simplelink-lowpower-f3-sdk/source/ti/drivers/lib/gcc/m0p/drivers_cc23x0r5.a(ComparatorLPF3LP.c.obj)
                0x0000000000000534                ComparatorLPF3LP_setTrigger
 .text.ComparatorLPF3LP_close
                0x0000000000000694       0x74 /project/staging/core_examples/simplelink-lowpower-f3-sdk/source/ti/drivers/lib/gcc/m0p/drivers_cc23x0r5.a(ComparatorLPF3LP.c.obj)
                0x0000000000000694                ComparatorLPF3LP_close
 .text.GPIO_resetConfig
                0x0000000000000708       0x38 /project/staging/core_examples/simplelink-lowpower-f3-sdk/source/ti/drivers/lib/gcc/m0p/drivers_cc23x0r5.a(GPIO.c.obj)
                0x0000000000000708                GPIO_resetConfig
 .text.GPIO_hwiIntFxn
                0x0000000000000740       0x44 /project/staging/core_examples/simplelink-lowpower-f3-sdk/source/ti/drivers/lib/gcc/m0p/drivers_cc23x0r5.a(GPIOLPF3.c.obj)
                0x0000000000000740                GPIO_hwiIntFxn
 .text.GPIO_disableInt
                0x0000000000000784       0x14 /project/staging/core_examples/simplelink-lowpower-f3-sdk/source/ti/drivers/lib/gcc/m0p/drivers_cc23x0r5.a(GPIOLPF3.c.obj)
                0x0000000000000784                GPIO_disableInt
 .text.GPIO_init
                0x0000000000000798      0x130 /project/staging/core_examples/simplelink-lowpower-f3-sdk/source/ti/drivers/lib/gcc/m0p/drivers_cc23x0r5.a(GPIOLPF3.c.obj)
                0x0000000000000798                GPIO_init
 .text.GPIO_setConfig
                0x00000000000008c8       0x78 /project/staging/core_examples/simplelink-lowpower-f3-sdk/source/ti/drivers/lib/gcc/m0p/drivers_cc23x0r5.a(GPIOLPF3.c.obj)
                0x00000000000008c8                GPIO_setConfig
 .text.GPIO_toggle
                0x0000000000000940       0x14 /project/staging/core_examples/simplelink-lowpower-f3-sdk/source/ti/drivers/lib/gcc/m0p/drivers_cc23x0r5.a(GPIOLPF3.c.obj)
                0x0000000000000940                GPIO_toggle
 .text.GPIO_write
                0x0000000000000954       0x18 /project/staging/core_examples/simplelink-lowpower-f3-sdk/source/ti/drivers/lib/gcc/m0p/drivers_cc23x0r5.a(GPIOLPF3.c.obj)
                0x0000000000000954                GPIO_write
 .text.GPIO_setConfigAndMux
                0x000000000000096c       0x7c /project/staging/core_examples/simplelink-lowpower-f3-sdk/source/ti/drivers/lib/gcc/m0p/drivers_cc23x0r5.a(GPIOLPF3.c.obj)
                0x000000000000096c                GPIO_setConfigAndMux
 .text.PowerCC23X0_rtcISR
                0x00000000000009e8       0x14 /project/staging/core_examples/simplelink-lowpower-f3-sdk/source/ti/drivers/lib/gcc/m0p/drivers_cc23x0r5.a(PowerCC23X0.c.obj)
 .text.PowerCC23X0_startHFXT.part.0
                0x00000000000009fc       0xb0 /project/staging/core_examples/simplelink-lowpower-f3-sdk/source/ti/drivers/lib/gcc/m0p/drivers_cc23x0r5.a(PowerCC23X0.c.obj)
 .text.PowerCC23X0_oscillatorISR
                0x0000000000000aac      0x128 /project/staging/core_examples/simplelink-lowpower-f3-sdk/source/ti/drivers/lib/gcc/m0p/drivers_cc23x0r5.a(PowerCC23X0.c.obj)
 .text.Power_init
                0x0000000000000bd4       0xc0 /project/staging/core_examples/simplelink-lowpower-f3-sdk/source/ti/drivers/lib/gcc/m0p/drivers_cc23x0r5.a(PowerCC23X0.c.obj)
                0x0000000000000bd4                Power_init
 .text.Power_getConstraintMask
                0x0000000000000c94        0xc /project/staging/core_examples/simplelink-lowpower-f3-sdk/source/ti/drivers/lib/gcc/m0p/drivers_cc23x0r5.a(PowerCC23X0.c.obj)
                0x0000000000000c94                Power_getConstraintMask
 .text.Power_setDependency
                0x0000000000000ca0       0x6c /project/staging/core_examples/simplelink-lowpower-f3-sdk/source/ti/drivers/lib/gcc/m0p/drivers_cc23x0r5.a(PowerCC23X0.c.obj)
                0x0000000000000ca0                Power_setDependency
 .text.Power_sleep
                0x0000000000000d0c       0x80 /project/staging/core_examples/simplelink-lowpower-f3-sdk/source/ti/drivers/lib/gcc/m0p/drivers_cc23x0r5.a(PowerCC23X0.c.obj)
                0x0000000000000d0c                Power_sleep
 .text.PowerLPF3_selectLFXT
                0x0000000000000d8c       0x54 /project/staging/core_examples/simplelink-lowpower-f3-sdk/source/ti/drivers/lib/gcc/m0p/drivers_cc23x0r5.a(PowerCC23X0.c.obj)
                0x0000000000000d8c                PowerLPF3_selectLFXT
 .text.PowerCC23X0_notify
                0x0000000000000de0       0x34 /project/staging/core_examples/simplelink-lowpower-f3-sdk/source/ti/drivers/lib/gcc/m0p/drivers_cc23x0r5.a(PowerCC23X0.c.obj)
                0x0000000000000de0                PowerCC23X0_notify
 .text.NoRTOS_start
                0x0000000000000e14        0x8 /project/staging/core_examples/simplelink-lowpower-f3-sdk/kernel/nortos/lib/gcc/m0p/nortos_cc23x0r5.a(NoRTOS.c.obj)
                0x0000000000000e14                NoRTOS_start
 .text.HwiP_dispatch
                0x0000000000000e1c       0x24 /project/staging/core_examples/simplelink-lowpower-f3-sdk/kernel/nortos/lib/gcc/m0p/nortos_cc23x0r5.a(HwiPCC23X0_nortos.c.obj)
                0x0000000000000e1c                HwiP_dispatch
 .text.HwiP_clearInterrupt
                0x0000000000000e40        0x8 /project/staging/core_examples/simplelink-lowpower-f3-sdk/kernel/nortos/lib/gcc/m0p/nortos_cc23x0r5.a(HwiPCC23X0_nortos.c.obj)
                0x0000000000000e40                HwiP_clearInterrupt
 .text.HwiP_construct
                0x0000000000000e48       0x88 /project/staging/core_examples/simplelink-lowpower-f3-sdk/kernel/nortos/lib/gcc/m0p/nortos_cc23x0r5.a(HwiPCC23X0_nortos.c.obj)
                0x0000000000000e48                HwiP_construct
 .text.HwiP_destruct
                0x0000000000000ed0       0x14 /project/staging/core_examples/simplelink-lowpower-f3-sdk/kernel/nortos/lib/gcc/m0p/nortos_cc23x0r5.a(HwiPCC23X0_nortos.c.obj)
                0x0000000000000ed0                HwiP_destruct
 .text.HwiP_disable
                0x0000000000000ee4        0xc /project/staging/core_examples/simplelink-lowpower-f3-sdk/kernel/nortos/lib/gcc/m0p/nortos_cc23x0r5.a(HwiPCC23X0_nortos.c.obj)
                0x0000000000000ee4                HwiP_disable
 .text.HwiP_disableInterrupt
                0x0000000000000ef0        0x8 /project/staging/core_examples/simplelink-lowpower-f3-sdk/kernel/nortos/lib/gcc/m0p/nortos_cc23x0r5.a(HwiPCC23X0_nortos.c.obj)
                0x0000000000000ef0                HwiP_disableInterrupt
 .text.HwiP_enable
                0x0000000000000ef8        0x8 /project/staging/core_examples/simplelink-lowpower-f3-sdk/kernel/nortos/lib/gcc/m0p/nortos_cc23x0r5.a(HwiPCC23X0_nortos.c.obj)
                0x0000000000000ef8                HwiP_enable
 .text.HwiP_enableInterrupt
                0x0000000000000f00        0x8 /project/staging/core_examples/simplelink-lowpower-f3-sdk/kernel/nortos/lib/gcc/m0p/nortos_cc23x0r5.a(HwiPCC23X0_nortos.c.obj)
                0x0000000000000f00                HwiP_enableInterrupt
 .text.HwiP_Params_init
                0x0000000000000f08       0x14 /project/staging/core_examples/simplelink-lowpower-f3-sdk/kernel/nortos/lib/gcc/m0p/nortos_cc23x0r5.a(HwiPCC23X0_nortos.c.obj)
                0x0000000000000f08                HwiP_Params_init
 .text.HwiP_restore
                0x0000000000000f1c        0xc /project/staging/core_examples/simplelink-lowpower-f3-sdk/kernel/nortos/lib/gcc/m0p/nortos_cc23x0r5.a(HwiPCC23X0_nortos.c.obj)
                0x0000000000000f1c                HwiP_restore
 .text.PowerCC23X0_standbyPolicy
                0x0000000000000f28      0x1d0 /project/staging/core_examples/simplelink-lowpower-f3-sdk/kernel/nortos/lib/gcc/m0p/nortos_cc23x0r5.a(PowerCC23X0_nortos.c.obj)
                0x0000000000000f28                PowerCC23X0_standbyPolicy
 .text.resetISR
                0x00000000000010f8        0xc /project/staging/core_examples/simplelink-lowpower-f3-sdk/kernel/nortos/lib/gcc/m0p/nortos_cc23x0r5.a(startup_cc23x0r5_gcc.c.obj)
                0x00000000000010f8                resetISR
 .text.nmiISR   0x0000000000001104        0x4 /project/staging/core_examples/simplelink-lowpower-f3-sdk/kernel/nortos/lib/gcc/m0p/nortos_cc23x0r5.a(startup_cc23x0r5_gcc.c.obj)
 .text.faultISR
                0x0000000000001108        0x4 /project/staging/core_examples/simplelink-lowpower-f3-sdk/kernel/nortos/lib/gcc/m0p/nortos_cc23x0r5.a(startup_cc23x0r5_gcc.c.obj)
 .text.defaultHandler
                0x000000000000110c        0x4 /project/staging/core_examples/simplelink-lowpower-f3-sdk/kernel/nortos/lib/gcc/m0p/nortos_cc23x0r5.a(startup_cc23x0r5_gcc.c.obj)
 .text.localProgramStart
                0x0000000000001110       0x78 /project/staging/core_examples/simplelink-lowpower-f3-sdk/kernel/nortos/lib/gcc/m0p/nortos_cc23x0r5.a(startup_cc23x0r5_gcc.c.obj)
                0x0000000000001110                localProgramStart
 .text._fini    0x0000000000001188        0x4 /project/staging/core_examples/simplelink-lowpower-f3-sdk/kernel/nortos/lib/gcc/m0p/nortos_cc23x0r5.a(startup_cc23x0r5_gcc.c.obj)
                0x0000000000001188                _fini
 .text.CPUDelay
                0x000000000000118c        0x8 /project/staging/core_examples/simplelink-lowpower-f3-sdk/source/ti/devices/cc23x0r5/driverlib/lib/gcc/driverlib.a(cpu.c.obj)
                0x000000000000118c                CPUDelay
 .text.IntDefaultHandler
                0x0000000000001194        0x4 /project/staging/core_examples/simplelink-lowpower-f3-sdk/source/ti/devices/cc23x0r5/driverlib/lib/gcc/driverlib.a(interrupt.c.obj)
 .text.IntRegister
                0x0000000000001198       0x30 /project/staging/core_examples/simplelink-lowpower-f3-sdk/source/ti/devices/cc23x0r5/driverlib/lib/gcc/driverlib.a(interrupt.c.obj)
                0x0000000000001198                IntRegister
 .text.IntUnregister
                0x00000000000011c8       0x14 /project/staging/core_examples/simplelink-lowpower-f3-sdk/source/ti/devices/cc23x0r5/driverlib/lib/gcc/driverlib.a(interrupt.c.obj)
                0x00000000000011c8                IntUnregister
 .text.IntSetPriority
                0x00000000000011dc       0xb4 /project/staging/core_examples/simplelink-lowpower-f3-sdk/source/ti/devices/cc23x0r5/driverlib/lib/gcc/driverlib.a(interrupt.c.obj)
                0x00000000000011dc                IntSetPriority
 .text.IntEnable
                0x0000000000001290       0x28 /project/staging/core_examples/simplelink-lowpower-f3-sdk/source/ti/devices/cc23x0r5/driverlib/lib/gcc/driverlib.a(interrupt.c.obj)
                0x0000000000001290                IntEnable
 .text.IntDisable
                0x00000000000012b8       0x2c /project/staging/core_examples/simplelink-lowpower-f3-sdk/source/ti/devices/cc23x0r5/driverlib/lib/gcc/driverlib.a(interrupt.c.obj)
                0x00000000000012b8                IntDisable
 .text.IntClearPend
                0x00000000000012e4       0x40 /project/staging/core_examples/simplelink-lowpower-f3-sdk/source/ti/devices/cc23x0r5/driverlib/lib/gcc/driverlib.a(interrupt.c.obj)
                0x00000000000012e4                IntClearPend
 .text.LRFDSetClockDependency
                0x0000000000001324       0x60 /project/staging/core_examples/simplelink-lowpower-f3-sdk/source/ti/devices/cc23x0r5/driverlib/lib/gcc/driverlib.a(lrfd.c.obj)
                0x0000000000001324                LRFDSetClockDependency
 .text.LRFDApplyClockDependencies
                0x0000000000001384       0x54 /project/staging/core_examples/simplelink-lowpower-f3-sdk/source/ti/devices/cc23x0r5/driverlib/lib/gcc/driverlib.a(lrfd.c.obj)
                0x0000000000001384                LRFDApplyClockDependencies
 .text.SetupTrimDevice
                0x00000000000013d8       0x48 /project/staging/core_examples/simplelink-lowpower-f3-sdk/source/ti/devices/cc23x0r5/driverlib/lib/gcc/driverlib.a(setup.c.obj)
                0x00000000000013d8                SetupTrimDevice
 .text.memcpy   0x0000000000001420       0x12 /home/developer/.conan/data/arm-none-eabi-gcc/9.2019.q4.major-0/library-msp/ga/package/44fcf6b9a7fb86b2586303e3db40189d3b511830/arm-none-eabi/lib/thumb/v6-m/nofp/libc_nano.a(lib_a-memcpy-stub.o)
                0x0000000000001420                memcpy
 .text.memset   0x0000000000001432       0x10 /home/developer/.conan/data/arm-none-eabi-gcc/9.2019.q4.major-0/library-msp/ga/package/44fcf6b9a7fb86b2586303e3db40189d3b511830/arm-none-eabi/lib/thumb/v6-m/nofp/libc_nano.a(lib_a-memset.o)
                0x0000000000001432                memset
                0x0000000000001444                . = ALIGN (0x4)
 *fill*         0x0000000000001442        0x2 
 *(.ctors)
                0x0000000000001444                . = ALIGN (0x4)
 *(.dtors)
                0x0000000000001444                . = ALIGN (0x4)
                0x0000000000001444                __init_array_start = .
 *(.init_array*)
                0x0000000000001444                __init_array_end = .
 *(.init)
 *(.fini*)
                [!provide]                        PROVIDE (__etext = .)
                [!provide]                        PROVIDE (_etext = .)
                [!provide]                        PROVIDE (etext = .)

.glue_7         0x0000000000001444        0x0
 .glue_7        0x0000000000001444        0x0 linker stubs

.glue_7t        0x0000000000001444        0x0
 .glue_7t       0x0000000000001444        0x0 linker stubs

.vfp11_veneer   0x0000000000001444        0x0
 .vfp11_veneer  0x0000000000001444        0x0 linker stubs

.v4_bx          0x0000000000001444        0x0
 .v4_bx         0x0000000000001444        0x0 linker stubs

.iplt           0x0000000000001444        0x0
 .iplt          0x0000000000001444        0x0 comparatorinterrupt.obj

.rodata         0x0000000000001444       0x6c
 *(.rodata)
 *(.rodata.*)
 .rodata.ComparatorLPF3LP_hwAttrs
                0x0000000000001444       0x18 ti_drivers_config.obj
                0x0000000000001444                ComparatorLPF3LP_hwAttrs
 .rodata.Comparator_config
                0x000000000000145c        0xc ti_drivers_config.obj
                0x000000000000145c                Comparator_config
 .rodata.Comparator_count
                0x0000000000001468        0x1 ti_drivers_config.obj
                0x0000000000001468                Comparator_count
 *fill*         0x0000000000001469        0x3 
 .rodata.GPIO_config
                0x000000000000146c       0x10 ti_drivers_config.obj
                0x000000000000146c                GPIO_config
 .rodata.GPIO_pinLowerBound
                0x000000000000147c        0x1 ti_drivers_config.obj
                0x000000000000147c                GPIO_pinLowerBound
 .rodata.GPIO_pinUpperBound
                0x000000000000147d        0x1 ti_drivers_config.obj
                0x000000000000147d                GPIO_pinUpperBound
 *fill*         0x000000000000147e        0x2 
 .rodata.PowerCC23X0_config
                0x0000000000001480        0x8 ti_drivers_config.obj
                0x0000000000001480                PowerCC23X0_config
 .rodata.Comparator_defaultParams
                0x0000000000001488        0x8 /project/staging/core_examples/simplelink-lowpower-f3-sdk/source/ti/drivers/lib/gcc/m0p/drivers_cc23x0r5.a(Comparator.c.obj)
 .rodata.ComparatorLPF3LP_fxnTable
                0x0000000000001490       0x20 /project/staging/core_examples/simplelink-lowpower-f3-sdk/source/ti/drivers/lib/gcc/m0p/drivers_cc23x0r5.a(ComparatorLPF3LP.c.obj)
                0x0000000000001490                ComparatorLPF3LP_fxnTable
 *(.timestampPFormat)

.data           0x000000002000008c       0x70 load address 0x00000000000014b0
                0x00000000000014b0                __data_load__ = LOADADDR (.data)
                0x000000002000008c                __data_start__ = .
 *(.data)
 *(.data.*)
 .data.gpioPinConfigs
                0x000000002000008c       0x68 ti_drivers_config.obj
                0x000000002000008c                gpioPinConfigs
 .data.powerState
                0x00000000200000f4        0x1 /project/staging/core_examples/simplelink-lowpower-f3-sdk/source/ti/drivers/lib/gcc/m0p/drivers_cc23x0r5.a(PowerCC23X0.c.obj)
 *fill*         0x00000000200000f5        0x3 
 .data.HwiP_swiPIntNum
                0x00000000200000f8        0x4 /project/staging/core_examples/simplelink-lowpower-f3-sdk/kernel/nortos/lib/gcc/m0p/nortos_cc23x0r5.a(HwiPCC23X0_nortos.c.obj)
                0x00000000200000f8                HwiP_swiPIntNum
                0x00000000200000fc                . = ALIGN (0x2)
 *(.TI.ramfunc)
                0x00000000200000fc                . = ALIGN (0x4)
                0x00000000200000fc                __data_end__ = .

.igot.plt       0x00000000200000fc        0x0 load address 0x0000000000001520
 .igot.plt      0x00000000200000fc        0x0 comparatorinterrupt.obj

.ARM.exidx      0x0000000000001520        0x0
                0x0000000000001520                __exidx_start = .
 *(.ARM.exidx* .gnu.linkonce.armexidx.*)
                0x0000000000001520                __exidx_end = .

.ARM.extab
 *(.ARM.extab* .gnu.linkonce.armextab.*)

.nvs
 *(.nvs)

.ccfg           0x000000004e020000      0x800
 *(.ccfg)
 .ccfg          0x000000004e020000      0x800 ti_devices_config.obj
                0x000000004e020000                ccfg

.rel.dyn        0x000000004e020800        0x0
 .rel.iplt      0x000000004e020800        0x0 comparatorinterrupt.obj

.bss            0x00000000200000fc      0x240
                0x00000000200000fc                __bss_start__ = .
 *(.shbss)
 *(.bss)
 *(.bss.*)
 .bss.isInitialized
                0x00000000200000fc        0x1 /project/staging/core_examples/simplelink-lowpower-f3-sdk/source/ti/drivers/lib/gcc/m0p/drivers_cc23x0r5.a(Comparator.c.obj)
 *fill*         0x00000000200000fd        0x3 
 .bss.gpioHwi   0x0000000020000100       0x1c /project/staging/core_examples/simplelink-lowpower-f3-sdk/source/ti/drivers/lib/gcc/m0p/drivers_cc23x0r5.a(GPIOLPF3.c.obj)
 .bss.initCalled
                0x000000002000011c        0x1 /project/staging/core_examples/simplelink-lowpower-f3-sdk/source/ti/drivers/lib/gcc/m0p/drivers_cc23x0r5.a(GPIOLPF3.c.obj)
 *fill*         0x000000002000011d        0x3 
 .bss.ckmHwi    0x0000000020000120       0x1c /project/staging/core_examples/simplelink-lowpower-f3-sdk/source/ti/drivers/lib/gcc/m0p/drivers_cc23x0r5.a(PowerCC23X0.c.obj)
 .bss.constraintCounts
                0x000000002000013c        0x4 /project/staging/core_examples/simplelink-lowpower-f3-sdk/source/ti/drivers/lib/gcc/m0p/drivers_cc23x0r5.a(PowerCC23X0.c.obj)
 .bss.constraintMask
                0x0000000020000140        0x4 /project/staging/core_examples/simplelink-lowpower-f3-sdk/source/ti/drivers/lib/gcc/m0p/drivers_cc23x0r5.a(PowerCC23X0.c.obj)
 .bss.controlPreStandby.4975
                0x0000000020000144        0x4 /project/staging/core_examples/simplelink-lowpower-f3-sdk/source/ti/drivers/lib/gcc/m0p/drivers_cc23x0r5.a(PowerCC23X0.c.obj)
 .bss.isInitialized
                0x0000000020000148        0x1 /project/staging/core_examples/simplelink-lowpower-f3-sdk/source/ti/drivers/lib/gcc/m0p/drivers_cc23x0r5.a(PowerCC23X0.c.obj)
 .bss.isPolicyEnabled
                0x0000000020000149        0x1 /project/staging/core_examples/simplelink-lowpower-f3-sdk/source/ti/drivers/lib/gcc/m0p/drivers_cc23x0r5.a(PowerCC23X0.c.obj)
 *fill*         0x000000002000014a        0x2 
 .bss.notifyList
                0x000000002000014c        0x8 /project/staging/core_examples/simplelink-lowpower-f3-sdk/source/ti/drivers/lib/gcc/m0p/drivers_cc23x0r5.a(PowerCC23X0.c.obj)
 .bss.policyFxn
                0x0000000020000154        0x4 /project/staging/core_examples/simplelink-lowpower-f3-sdk/source/ti/drivers/lib/gcc/m0p/drivers_cc23x0r5.a(PowerCC23X0.c.obj)
 .bss.resourceCountsClkctl0
                0x0000000020000158       0x1f /project/staging/core_examples/simplelink-lowpower-f3-sdk/source/ti/drivers/lib/gcc/m0p/drivers_cc23x0r5.a(PowerCC23X0.c.obj)
 *fill*         0x0000000020000177        0x1 
 .bss.resourceCountsLrfd
                0x0000000020000178        0xc /project/staging/core_examples/simplelink-lowpower-f3-sdk/source/ti/drivers/lib/gcc/m0p/drivers_cc23x0r5.a(PowerCC23X0.c.obj)
 .bss.HwiP_dispatchTable
                0x0000000020000184       0x8c /project/staging/core_examples/simplelink-lowpower-f3-sdk/kernel/nortos/lib/gcc/m0p/nortos_cc23x0r5.a(HwiPCC23X0_nortos.c.obj)
 .bss.sysTimerTimeouts
                0x0000000020000210       0x14 /project/staging/core_examples/simplelink-lowpower-f3-sdk/kernel/nortos/lib/gcc/m0p/nortos_cc23x0r5.a(PowerCC23X0_nortos.c.obj)
 .bss.lrfdClockDependencySets
                0x0000000020000224        0x4 /project/staging/core_examples/simplelink-lowpower-f3-sdk/source/ti/devices/cc23x0r5/driverlib/lib/gcc/driverlib.a(lrfd.c.obj)
 .bss.lrfdClocked
                0x0000000020000228        0x1 /project/staging/core_examples/simplelink-lowpower-f3-sdk/source/ti/devices/cc23x0r5/driverlib/lib/gcc/driverlib.a(lrfd.c.obj)
 *(COMMON)
 *fill*         0x0000000020000229        0x3 
 COMMON         0x000000002000022c       0xf4 ti_drivers_config.obj
                0x000000002000022c                ComparatorLPF3LP_objects
                0x0000000020000250                gpioCallbackFunctions
                0x00000000200002b8                gpioUserArgs
 COMMON         0x0000000020000320       0x1c /project/staging/core_examples/simplelink-lowpower-f3-sdk/source/ti/drivers/lib/gcc/m0p/drivers_cc23x0r5.a(PowerCC23X0.c.obj)
                0x0000000020000320                clockHwi
                0x000000002000033c                . = ALIGN (0x4)
                0x000000002000033c                __bss_end__ = .

.s2rram
 *(.s2rram)

.heap           0x000000002000033c     0x2004
                0x000000002000033c                __heap_start__ = .
                0x000000002000033c                end = __heap_start__
                0x000000002000033c                _end = end
                0x000000002000033c                __end = end
                0x0000000020002340                . = (. + HEAPSIZE)
 *fill*         0x000000002000033c     0x2004 
 *(.heap)
                0x0000000020002340                __heap_end__ = .
                0x0000000020002340                __HeapLimit = __heap_end__

.stack          0x0000000020002340      0x400
                0x0000000020002340                _stack = .
                0x0000000020002340                __stack = .
 *(.stack)
                0x0000000020002740                . = (. + STACKSIZE)
 *fill*         0x0000000020002340      0x400 
                0x0000000020002740                _stack_end = .
                0x0000000020002740                __stack_end = .

.log_data
 *(.log_data)

.log_ptr
 *(.log_ptr*)
LOAD ti_utils_build_linker.cmd.genlibs
LOAD /project/staging/core_examples/simplelink-lowpower-f3-sdk/source/ti/drivers/lib/gcc/m0p/drivers_cc23x0r5.a
LOAD /project/staging/core_examples/simplelink-lowpower-f3-sdk/kernel/nortos/lib/gcc/m0p/nortos_cc23x0r5.a
LOAD /project/staging/core_examples/simplelink-lowpower-f3-sdk/source/ti/devices/cc23x0r5/driverlib/lib/gcc/driverlib.a
LOAD /home/developer/.conan/data/arm-none-eabi-gcc/9.2019.q4.major-0/library-msp/ga/package/44fcf6b9a7fb86b2586303e3db40189d3b511830/bin/../lib/gcc/arm-none-eabi/9.2.1/thumb/v6-m/nofp/libgcc.a
LOAD /home/developer/.conan/data/arm-none-eabi-gcc/9.2019.q4.major-0/library-msp/ga/package/44fcf6b9a7fb86b2586303e3db40189d3b511830/arm-none-eabi/lib/thumb/v6-m/nofp/libc_nano.a
LOAD /home/developer/.conan/data/arm-none-eabi-gcc/9.2019.q4.major-0/library-msp/ga/package/44fcf6b9a7fb86b2586303e3db40189d3b511830/arm-none-eabi/lib/thumb/v6-m/nofp/libm.a
LOAD /home/developer/.conan/data/arm-none-eabi-gcc/9.2019.q4.major-0/library-msp/ga/package/44fcf6b9a7fb86b2586303e3db40189d3b511830/arm-none-eabi/lib/thumb/v6-m/nofp/libnosys.a
START GROUP
LOAD /home/developer/.conan/data/arm-none-eabi-gcc/9.2019.q4.major-0/library-msp/ga/package/44fcf6b9a7fb86b2586303e3db40189d3b511830/bin/../lib/gcc/arm-none-eabi/9.2.1/thumb/v6-m/nofp/libgcc.a
LOAD /home/developer/.conan/data/arm-none-eabi-gcc/9.2019.q4.major-0/library-msp/ga/package/44fcf6b9a7fb86b2586303e3db40189d3b511830/arm-none-eabi/lib/thumb/v6-m/nofp/libc_nano.a
END GROUP
START GROUP
LOAD /home/developer/.conan/data/arm-none-eabi-gcc/9.2019.q4.major-0/library-msp/ga/package/44fcf6b9a7fb86b2586303e3db40189d3b511830/bin/../lib/gcc/arm-none-eabi/9.2.1/thumb/v6-m/nofp/libgcc.a
LOAD /home/developer/.conan/data/arm-none-eabi-gcc/9.2019.q4.major-0/library-msp/ga/package/44fcf6b9a7fb86b2586303e3db40189d3b511830/arm-none-eabi/lib/thumb/v6-m/nofp/libc_nano.a
END GROUP
OUTPUT(comparatorinterrupt.out elf32-littlearm)

.debug_info     0x0000000000000000     0xc82d
 .debug_info    0x0000000000000000      0x429 comparatorinterrupt.obj
 .debug_info    0x0000000000000429       0x82 main_nortos.obj
 .debug_info    0x00000000000004ab      0x4fe ti_devices_config.obj
 .debug_info    0x00000000000009a9      0xe0c ti_drivers_config.obj
 .debug_info    0x00000000000017b5      0xf08 /project/staging/core_examples/simplelink-lowpower-f3-sdk/source/ti/drivers/lib/gcc/m0p/drivers_cc23x0r5.a(Comparator.c.obj)
 .debug_info    0x00000000000026bd     0x1400 /project/staging/core_examples/simplelink-lowpower-f3-sdk/source/ti/drivers/lib/gcc/m0p/drivers_cc23x0r5.a(ComparatorLPF3LP.c.obj)
 .debug_info    0x0000000000003abd      0xbfa /project/staging/core_examples/simplelink-lowpower-f3-sdk/source/ti/drivers/lib/gcc/m0p/drivers_cc23x0r5.a(GPIO.c.obj)
 .debug_info    0x00000000000046b7     0x1736 /project/staging/core_examples/simplelink-lowpower-f3-sdk/source/ti/drivers/lib/gcc/m0p/drivers_cc23x0r5.a(GPIOLPF3.c.obj)
 .debug_info    0x0000000000005ded     0x1e9f /project/staging/core_examples/simplelink-lowpower-f3-sdk/source/ti/drivers/lib/gcc/m0p/drivers_cc23x0r5.a(PowerCC23X0.c.obj)
 .debug_info    0x0000000000007c8c      0x1ec /project/staging/core_examples/simplelink-lowpower-f3-sdk/kernel/nortos/lib/gcc/m0p/nortos_cc23x0r5.a(NoRTOS.c.obj)
 .debug_info    0x0000000000007e78     0x1650 /project/staging/core_examples/simplelink-lowpower-f3-sdk/kernel/nortos/lib/gcc/m0p/nortos_cc23x0r5.a(HwiPCC23X0_nortos.c.obj)
 .debug_info    0x00000000000094c8      0x2c5 /project/staging/core_examples/simplelink-lowpower-f3-sdk/kernel/nortos/lib/gcc/m0p/nortos_cc23x0r5.a(PowerCC23X0_nortos.c.obj)
 .debug_info    0x000000000000978d      0xbb6 /project/staging/core_examples/simplelink-lowpower-f3-sdk/kernel/nortos/lib/gcc/m0p/nortos_cc23x0r5.a(startup_cc23x0r5_gcc.c.obj)
 .debug_info    0x000000000000a343       0xa5 /project/staging/core_examples/simplelink-lowpower-f3-sdk/source/ti/devices/cc23x0r5/driverlib/lib/gcc/driverlib.a(cpu.c.obj)
 .debug_info    0x000000000000a3e8      0x748 /project/staging/core_examples/simplelink-lowpower-f3-sdk/source/ti/devices/cc23x0r5/driverlib/lib/gcc/driverlib.a(interrupt.c.obj)
 .debug_info    0x000000000000ab30      0x233 /project/staging/core_examples/simplelink-lowpower-f3-sdk/source/ti/devices/cc23x0r5/driverlib/lib/gcc/driverlib.a(lrfd.c.obj)
 .debug_info    0x000000000000ad63     0x1aca /project/staging/core_examples/simplelink-lowpower-f3-sdk/source/ti/devices/cc23x0r5/driverlib/lib/gcc/driverlib.a(setup.c.obj)

.debug_abbrev   0x0000000000000000     0x2c9f
 .debug_abbrev  0x0000000000000000      0x174 comparatorinterrupt.obj
 .debug_abbrev  0x0000000000000174       0x43 main_nortos.obj
 .debug_abbrev  0x00000000000001b7      0x127 ti_devices_config.obj
 .debug_abbrev  0x00000000000002de      0x326 ti_drivers_config.obj
 .debug_abbrev  0x0000000000000604      0x307 /project/staging/core_examples/simplelink-lowpower-f3-sdk/source/ti/drivers/lib/gcc/m0p/drivers_cc23x0r5.a(Comparator.c.obj)
 .debug_abbrev  0x000000000000090b      0x4ea /project/staging/core_examples/simplelink-lowpower-f3-sdk/source/ti/drivers/lib/gcc/m0p/drivers_cc23x0r5.a(ComparatorLPF3LP.c.obj)
 .debug_abbrev  0x0000000000000df5      0x2d6 /project/staging/core_examples/simplelink-lowpower-f3-sdk/source/ti/drivers/lib/gcc/m0p/drivers_cc23x0r5.a(GPIO.c.obj)
 .debug_abbrev  0x00000000000010cb      0x500 /project/staging/core_examples/simplelink-lowpower-f3-sdk/source/ti/drivers/lib/gcc/m0p/drivers_cc23x0r5.a(GPIOLPF3.c.obj)
 .debug_abbrev  0x00000000000015cb      0x575 /project/staging/core_examples/simplelink-lowpower-f3-sdk/source/ti/drivers/lib/gcc/m0p/drivers_cc23x0r5.a(PowerCC23X0.c.obj)
 .debug_abbrev  0x0000000000001b40      0x108 /project/staging/core_examples/simplelink-lowpower-f3-sdk/kernel/nortos/lib/gcc/m0p/nortos_cc23x0r5.a(NoRTOS.c.obj)
 .debug_abbrev  0x0000000000001c48      0x535 /project/staging/core_examples/simplelink-lowpower-f3-sdk/kernel/nortos/lib/gcc/m0p/nortos_cc23x0r5.a(HwiPCC23X0_nortos.c.obj)
 .debug_abbrev  0x000000000000217d      0x11e /project/staging/core_examples/simplelink-lowpower-f3-sdk/kernel/nortos/lib/gcc/m0p/nortos_cc23x0r5.a(PowerCC23X0_nortos.c.obj)
 .debug_abbrev  0x000000000000229b      0x35a /project/staging/core_examples/simplelink-lowpower-f3-sdk/kernel/nortos/lib/gcc/m0p/nortos_cc23x0r5.a(startup_cc23x0r5_gcc.c.obj)
 .debug_abbrev  0x00000000000025f5       0x64 /project/staging/core_examples/simplelink-lowpower-f3-sdk/source/ti/devices/cc23x0r5/driverlib/lib/gcc/driverlib.a(cpu.c.obj)
 .debug_abbrev  0x0000000000002659      0x331 /project/staging/core_examples/simplelink-lowpower-f3-sdk/source/ti/devices/cc23x0r5/driverlib/lib/gcc/driverlib.a(interrupt.c.obj)
 .debug_abbrev  0x000000000000298a      0x106 /project/staging/core_examples/simplelink-lowpower-f3-sdk/source/ti/devices/cc23x0r5/driverlib/lib/gcc/driverlib.a(lrfd.c.obj)
 .debug_abbrev  0x0000000000002a90      0x20f /project/staging/core_examples/simplelink-lowpower-f3-sdk/source/ti/devices/cc23x0r5/driverlib/lib/gcc/driverlib.a(setup.c.obj)

.debug_loc      0x0000000000000000     0x42bd
 .debug_loc     0x0000000000000000       0x6a comparatorinterrupt.obj
 .debug_loc     0x000000000000006a       0xb8 ti_drivers_config.obj
 .debug_loc     0x0000000000000122      0x25b /project/staging/core_examples/simplelink-lowpower-f3-sdk/source/ti/drivers/lib/gcc/m0p/drivers_cc23x0r5.a(Comparator.c.obj)
 .debug_loc     0x000000000000037d      0x745 /project/staging/core_examples/simplelink-lowpower-f3-sdk/source/ti/drivers/lib/gcc/m0p/drivers_cc23x0r5.a(ComparatorLPF3LP.c.obj)
 .debug_loc     0x0000000000000ac2      0x191 /project/staging/core_examples/simplelink-lowpower-f3-sdk/source/ti/drivers/lib/gcc/m0p/drivers_cc23x0r5.a(GPIO.c.obj)
 .debug_loc     0x0000000000000c53      0xbcf /project/staging/core_examples/simplelink-lowpower-f3-sdk/source/ti/drivers/lib/gcc/m0p/drivers_cc23x0r5.a(GPIOLPF3.c.obj)
 .debug_loc     0x0000000000001822     0x13e1 /project/staging/core_examples/simplelink-lowpower-f3-sdk/source/ti/drivers/lib/gcc/m0p/drivers_cc23x0r5.a(PowerCC23X0.c.obj)
 .debug_loc     0x0000000000002c03       0x32 /project/staging/core_examples/simplelink-lowpower-f3-sdk/kernel/nortos/lib/gcc/m0p/nortos_cc23x0r5.a(NoRTOS.c.obj)
 .debug_loc     0x0000000000002c35      0x810 /project/staging/core_examples/simplelink-lowpower-f3-sdk/kernel/nortos/lib/gcc/m0p/nortos_cc23x0r5.a(HwiPCC23X0_nortos.c.obj)
 .debug_loc     0x0000000000003445      0x3c1 /project/staging/core_examples/simplelink-lowpower-f3-sdk/kernel/nortos/lib/gcc/m0p/nortos_cc23x0r5.a(PowerCC23X0_nortos.c.obj)
 .debug_loc     0x0000000000003806       0x54 /project/staging/core_examples/simplelink-lowpower-f3-sdk/kernel/nortos/lib/gcc/m0p/nortos_cc23x0r5.a(startup_cc23x0r5_gcc.c.obj)
 .debug_loc     0x000000000000385a      0x81b /project/staging/core_examples/simplelink-lowpower-f3-sdk/source/ti/devices/cc23x0r5/driverlib/lib/gcc/driverlib.a(interrupt.c.obj)
 .debug_loc     0x0000000000004075      0x226 /project/staging/core_examples/simplelink-lowpower-f3-sdk/source/ti/devices/cc23x0r5/driverlib/lib/gcc/driverlib.a(lrfd.c.obj)
 .debug_loc     0x000000000000429b       0x22 /project/staging/core_examples/simplelink-lowpower-f3-sdk/source/ti/devices/cc23x0r5/driverlib/lib/gcc/driverlib.a(setup.c.obj)

.debug_aranges  0x0000000000000000      0x560
 .debug_aranges
                0x0000000000000000       0x28 comparatorinterrupt.obj
 .debug_aranges
                0x0000000000000028       0x20 main_nortos.obj
 .debug_aranges
                0x0000000000000048       0x18 ti_devices_config.obj
 .debug_aranges
                0x0000000000000060       0x40 ti_drivers_config.obj
 .debug_aranges
                0x00000000000000a0       0x60 /project/staging/core_examples/simplelink-lowpower-f3-sdk/source/ti/drivers/lib/gcc/m0p/drivers_cc23x0r5.a(Comparator.c.obj)
 .debug_aranges
                0x0000000000000100       0x60 /project/staging/core_examples/simplelink-lowpower-f3-sdk/source/ti/drivers/lib/gcc/m0p/drivers_cc23x0r5.a(ComparatorLPF3LP.c.obj)
 .debug_aranges
                0x0000000000000160       0x40 /project/staging/core_examples/simplelink-lowpower-f3-sdk/source/ti/drivers/lib/gcc/m0p/drivers_cc23x0r5.a(GPIO.c.obj)
 .debug_aranges
                0x00000000000001a0       0x80 /project/staging/core_examples/simplelink-lowpower-f3-sdk/source/ti/drivers/lib/gcc/m0p/drivers_cc23x0r5.a(GPIOLPF3.c.obj)
 .debug_aranges
                0x0000000000000220      0x110 /project/staging/core_examples/simplelink-lowpower-f3-sdk/source/ti/drivers/lib/gcc/m0p/drivers_cc23x0r5.a(PowerCC23X0.c.obj)
 .debug_aranges
                0x0000000000000330       0x30 /project/staging/core_examples/simplelink-lowpower-f3-sdk/kernel/nortos/lib/gcc/m0p/nortos_cc23x0r5.a(NoRTOS.c.obj)
 .debug_aranges
                0x0000000000000360       0xb8 /project/staging/core_examples/simplelink-lowpower-f3-sdk/kernel/nortos/lib/gcc/m0p/nortos_cc23x0r5.a(HwiPCC23X0_nortos.c.obj)
 .debug_aranges
                0x0000000000000418       0x20 /project/staging/core_examples/simplelink-lowpower-f3-sdk/kernel/nortos/lib/gcc/m0p/nortos_cc23x0r5.a(PowerCC23X0_nortos.c.obj)
 .debug_aranges
                0x0000000000000438       0x48 /project/staging/core_examples/simplelink-lowpower-f3-sdk/kernel/nortos/lib/gcc/m0p/nortos_cc23x0r5.a(startup_cc23x0r5_gcc.c.obj)
 .debug_aranges
                0x0000000000000480       0x20 /project/staging/core_examples/simplelink-lowpower-f3-sdk/source/ti/devices/cc23x0r5/driverlib/lib/gcc/driverlib.a(cpu.c.obj)
 .debug_aranges
                0x00000000000004a0       0x70 /project/staging/core_examples/simplelink-lowpower-f3-sdk/source/ti/devices/cc23x0r5/driverlib/lib/gcc/driverlib.a(interrupt.c.obj)
 .debug_aranges
                0x0000000000000510       0x30 /project/staging/core_examples/simplelink-lowpower-f3-sdk/source/ti/devices/cc23x0r5/driverlib/lib/gcc/driverlib.a(lrfd.c.obj)
 .debug_aranges
                0x0000000000000540       0x20 /project/staging/core_examples/simplelink-lowpower-f3-sdk/source/ti/devices/cc23x0r5/driverlib/lib/gcc/driverlib.a(setup.c.obj)

.debug_ranges   0x0000000000000000      0xc48
 .debug_ranges  0x0000000000000000       0x18 comparatorinterrupt.obj
 .debug_ranges  0x0000000000000018       0x10 main_nortos.obj
 .debug_ranges  0x0000000000000028       0x60 ti_drivers_config.obj
 .debug_ranges  0x0000000000000088       0x70 /project/staging/core_examples/simplelink-lowpower-f3-sdk/source/ti/drivers/lib/gcc/m0p/drivers_cc23x0r5.a(Comparator.c.obj)
 .debug_ranges  0x00000000000000f8      0x2a8 /project/staging/core_examples/simplelink-lowpower-f3-sdk/source/ti/drivers/lib/gcc/m0p/drivers_cc23x0r5.a(ComparatorLPF3LP.c.obj)
 .debug_ranges  0x00000000000003a0       0x48 /project/staging/core_examples/simplelink-lowpower-f3-sdk/source/ti/drivers/lib/gcc/m0p/drivers_cc23x0r5.a(GPIO.c.obj)
 .debug_ranges  0x00000000000003e8      0x248 /project/staging/core_examples/simplelink-lowpower-f3-sdk/source/ti/drivers/lib/gcc/m0p/drivers_cc23x0r5.a(GPIOLPF3.c.obj)
 .debug_ranges  0x0000000000000630      0x290 /project/staging/core_examples/simplelink-lowpower-f3-sdk/source/ti/drivers/lib/gcc/m0p/drivers_cc23x0r5.a(PowerCC23X0.c.obj)
 .debug_ranges  0x00000000000008c0       0x20 /project/staging/core_examples/simplelink-lowpower-f3-sdk/kernel/nortos/lib/gcc/m0p/nortos_cc23x0r5.a(NoRTOS.c.obj)
 .debug_ranges  0x00000000000008e0      0x160 /project/staging/core_examples/simplelink-lowpower-f3-sdk/kernel/nortos/lib/gcc/m0p/nortos_cc23x0r5.a(HwiPCC23X0_nortos.c.obj)
 .debug_ranges  0x0000000000000a40       0x10 /project/staging/core_examples/simplelink-lowpower-f3-sdk/kernel/nortos/lib/gcc/m0p/nortos_cc23x0r5.a(PowerCC23X0_nortos.c.obj)
 .debug_ranges  0x0000000000000a50       0x68 /project/staging/core_examples/simplelink-lowpower-f3-sdk/kernel/nortos/lib/gcc/m0p/nortos_cc23x0r5.a(startup_cc23x0r5_gcc.c.obj)
 .debug_ranges  0x0000000000000ab8       0x10 /project/staging/core_examples/simplelink-lowpower-f3-sdk/source/ti/devices/cc23x0r5/driverlib/lib/gcc/driverlib.a(cpu.c.obj)
 .debug_ranges  0x0000000000000ac8      0x120 /project/staging/core_examples/simplelink-lowpower-f3-sdk/source/ti/devices/cc23x0r5/driverlib/lib/gcc/driverlib.a(interrupt.c.obj)
 .debug_ranges  0x0000000000000be8       0x50 /project/staging/core_examples/simplelink-lowpower-f3-sdk/source/ti/devices/cc23x0r5/driverlib/lib/gcc/driverlib.a(lrfd.c.obj)
 .debug_ranges  0x0000000000000c38       0x10 /project/staging/core_examples/simplelink-lowpower-f3-sdk/source/ti/devices/cc23x0r5/driverlib/lib/gcc/driverlib.a(setup.c.obj)

.debug_line     0x0000000000000000     0x6c2a
 .debug_line    0x0000000000000000      0x2ce comparatorinterrupt.obj
 .debug_line    0x00000000000002ce       0x77 main_nortos.obj
 .debug_line    0x0000000000000345      0x251 ti_devices_config.obj
 .debug_line    0x0000000000000596      0x69c ti_drivers_config.obj
 .debug_line    0x0000000000000c32      0x577 /project/staging/core_examples/simplelink-lowpower-f3-sdk/source/ti/drivers/lib/gcc/m0p/drivers_cc23x0r5.a(Comparator.c.obj)
 .debug_line    0x00000000000011a9      0xd68 /project/staging/core_examples/simplelink-lowpower-f3-sdk/source/ti/drivers/lib/gcc/m0p/drivers_cc23x0r5.a(ComparatorLPF3LP.c.obj)
 .debug_line    0x0000000000001f11      0x449 /project/staging/core_examples/simplelink-lowpower-f3-sdk/source/ti/drivers/lib/gcc/m0p/drivers_cc23x0r5.a(GPIO.c.obj)
 .debug_line    0x000000000000235a      0xadd /project/staging/core_examples/simplelink-lowpower-f3-sdk/source/ti/drivers/lib/gcc/m0p/drivers_cc23x0r5.a(GPIOLPF3.c.obj)
 .debug_line    0x0000000000002e37     0x15e0 /project/staging/core_examples/simplelink-lowpower-f3-sdk/source/ti/drivers/lib/gcc/m0p/drivers_cc23x0r5.a(PowerCC23X0.c.obj)
 .debug_line    0x0000000000004417      0x2a3 /project/staging/core_examples/simplelink-lowpower-f3-sdk/kernel/nortos/lib/gcc/m0p/nortos_cc23x0r5.a(NoRTOS.c.obj)
 .debug_line    0x00000000000046ba      0xabb /project/staging/core_examples/simplelink-lowpower-f3-sdk/kernel/nortos/lib/gcc/m0p/nortos_cc23x0r5.a(HwiPCC23X0_nortos.c.obj)
 .debug_line    0x0000000000005175      0x607 /project/staging/core_examples/simplelink-lowpower-f3-sdk/kernel/nortos/lib/gcc/m0p/nortos_cc23x0r5.a(PowerCC23X0_nortos.c.obj)
 .debug_line    0x000000000000577c      0x50a /project/staging/core_examples/simplelink-lowpower-f3-sdk/kernel/nortos/lib/gcc/m0p/nortos_cc23x0r5.a(startup_cc23x0r5_gcc.c.obj)
 .debug_line    0x0000000000005c86      0x1e7 /project/staging/core_examples/simplelink-lowpower-f3-sdk/source/ti/devices/cc23x0r5/driverlib/lib/gcc/driverlib.a(cpu.c.obj)
 .debug_line    0x0000000000005e6d      0x76b /project/staging/core_examples/simplelink-lowpower-f3-sdk/source/ti/devices/cc23x0r5/driverlib/lib/gcc/driverlib.a(interrupt.c.obj)
 .debug_line    0x00000000000065d8      0x3c4 /project/staging/core_examples/simplelink-lowpower-f3-sdk/source/ti/devices/cc23x0r5/driverlib/lib/gcc/driverlib.a(lrfd.c.obj)
 .debug_line    0x000000000000699c      0x28e /project/staging/core_examples/simplelink-lowpower-f3-sdk/source/ti/devices/cc23x0r5/driverlib/lib/gcc/driverlib.a(setup.c.obj)

.debug_str      0x0000000000000000     0x333d
 .debug_str     0x0000000000000000      0x4b6 comparatorinterrupt.obj
                                        0x530 (size before relaxing)
 .debug_str     0x00000000000004b6       0x16 main_nortos.obj
                                        0x1bb (size before relaxing)
 .debug_str     0x00000000000004cc      0x2dd ti_devices_config.obj
                                        0x493 (size before relaxing)
 .debug_str     0x00000000000007a9      0x65b ti_drivers_config.obj
                                        0xda5 (size before relaxing)
 .debug_str     0x0000000000000e04      0x600 /project/staging/core_examples/simplelink-lowpower-f3-sdk/source/ti/drivers/lib/gcc/m0p/drivers_cc23x0r5.a(Comparator.c.obj)
                                        0x9a1 (size before relaxing)
 .debug_str     0x0000000000001404      0x4c2 /project/staging/core_examples/simplelink-lowpower-f3-sdk/source/ti/drivers/lib/gcc/m0p/drivers_cc23x0r5.a(ComparatorLPF3LP.c.obj)
                                        0xd91 (size before relaxing)
 .debug_str     0x00000000000018c6       0xb7 /project/staging/core_examples/simplelink-lowpower-f3-sdk/source/ti/drivers/lib/gcc/m0p/drivers_cc23x0r5.a(GPIO.c.obj)
                                        0x6d1 (size before relaxing)
 .debug_str     0x000000000000197d      0x1eb /project/staging/core_examples/simplelink-lowpower-f3-sdk/source/ti/drivers/lib/gcc/m0p/drivers_cc23x0r5.a(GPIOLPF3.c.obj)
                                        0x9a8 (size before relaxing)
 .debug_str     0x0000000000001b68      0x850 /project/staging/core_examples/simplelink-lowpower-f3-sdk/source/ti/drivers/lib/gcc/m0p/drivers_cc23x0r5.a(PowerCC23X0.c.obj)
                                        0xda1 (size before relaxing)
 .debug_str     0x00000000000023b8      0x10a /project/staging/core_examples/simplelink-lowpower-f3-sdk/kernel/nortos/lib/gcc/m0p/nortos_cc23x0r5.a(NoRTOS.c.obj)
                                        0x319 (size before relaxing)
 .debug_str     0x00000000000024c2      0x234 /project/staging/core_examples/simplelink-lowpower-f3-sdk/kernel/nortos/lib/gcc/m0p/nortos_cc23x0r5.a(HwiPCC23X0_nortos.c.obj)
                                        0x900 (size before relaxing)
 .debug_str     0x00000000000026f6      0x131 /project/staging/core_examples/simplelink-lowpower-f3-sdk/kernel/nortos/lib/gcc/m0p/nortos_cc23x0r5.a(PowerCC23X0_nortos.c.obj)
                                        0x37d (size before relaxing)
 .debug_str     0x0000000000002827      0x147 /project/staging/core_examples/simplelink-lowpower-f3-sdk/kernel/nortos/lib/gcc/m0p/nortos_cc23x0r5.a(startup_cc23x0r5_gcc.c.obj)
                                        0x748 (size before relaxing)
 .debug_str     0x000000000000296e       0xb1 /project/staging/core_examples/simplelink-lowpower-f3-sdk/source/ti/devices/cc23x0r5/driverlib/lib/gcc/driverlib.a(cpu.c.obj)
                                        0x210 (size before relaxing)
 .debug_str     0x0000000000002a1f      0x157 /project/staging/core_examples/simplelink-lowpower-f3-sdk/source/ti/devices/cc23x0r5/driverlib/lib/gcc/driverlib.a(interrupt.c.obj)
                                        0x3d8 (size before relaxing)
 .debug_str     0x0000000000002b76       0x9e /project/staging/core_examples/simplelink-lowpower-f3-sdk/source/ti/devices/cc23x0r5/driverlib/lib/gcc/driverlib.a(lrfd.c.obj)
                                        0x2a7 (size before relaxing)
 .debug_str     0x0000000000002c14      0x729 /project/staging/core_examples/simplelink-lowpower-f3-sdk/source/ti/devices/cc23x0r5/driverlib/lib/gcc/driverlib.a(setup.c.obj)
                                        0xb98 (size before relaxing)

.comment        0x0000000000000000       0x79
 .comment       0x0000000000000000       0x79 comparatorinterrupt.obj
                                         0x7a (size before relaxing)
 .comment       0x0000000000000079       0x7a main_nortos.obj
 .comment       0x0000000000000079       0x7a ti_devices_config.obj
 .comment       0x0000000000000079       0x7a ti_drivers_config.obj
 .comment       0x0000000000000079       0x7a /project/staging/core_examples/simplelink-lowpower-f3-sdk/source/ti/drivers/lib/gcc/m0p/drivers_cc23x0r5.a(Comparator.c.obj)
 .comment       0x0000000000000079       0x7a /project/staging/core_examples/simplelink-lowpower-f3-sdk/source/ti/drivers/lib/gcc/m0p/drivers_cc23x0r5.a(ComparatorLPF3LP.c.obj)
 .comment       0x0000000000000079       0x7a /project/staging/core_examples/simplelink-lowpower-f3-sdk/source/ti/drivers/lib/gcc/m0p/drivers_cc23x0r5.a(GPIO.c.obj)
 .comment       0x0000000000000079       0x7a /project/staging/core_examples/simplelink-lowpower-f3-sdk/source/ti/drivers/lib/gcc/m0p/drivers_cc23x0r5.a(GPIOLPF3.c.obj)
 .comment       0x0000000000000079       0x7a /project/staging/core_examples/simplelink-lowpower-f3-sdk/source/ti/drivers/lib/gcc/m0p/drivers_cc23x0r5.a(PowerCC23X0.c.obj)
 .comment       0x0000000000000079       0x7a /project/staging/core_examples/simplelink-lowpower-f3-sdk/kernel/nortos/lib/gcc/m0p/nortos_cc23x0r5.a(NoRTOS.c.obj)
 .comment       0x0000000000000079       0x7a /project/staging/core_examples/simplelink-lowpower-f3-sdk/kernel/nortos/lib/gcc/m0p/nortos_cc23x0r5.a(HwiPCC23X0_nortos.c.obj)
 .comment       0x0000000000000079       0x7a /project/staging/core_examples/simplelink-lowpower-f3-sdk/kernel/nortos/lib/gcc/m0p/nortos_cc23x0r5.a(PowerCC23X0_nortos.c.obj)
 .comment       0x0000000000000079       0x7a /project/staging/core_examples/simplelink-lowpower-f3-sdk/kernel/nortos/lib/gcc/m0p/nortos_cc23x0r5.a(startup_cc23x0r5_gcc.c.obj)
 .comment       0x0000000000000079       0x7a /project/staging/core_examples/simplelink-lowpower-f3-sdk/source/ti/devices/cc23x0r5/driverlib/lib/gcc/driverlib.a(cpu.c.obj)
 .comment       0x0000000000000079       0x7a /project/staging/core_examples/simplelink-lowpower-f3-sdk/source/ti/devices/cc23x0r5/driverlib/lib/gcc/driverlib.a(interrupt.c.obj)
 .comment       0x0000000000000079       0x7a /project/staging/core_examples/simplelink-lowpower-f3-sdk/source/ti/devices/cc23x0r5/driverlib/lib/gcc/driverlib.a(lrfd.c.obj)
 .comment       0x0000000000000079       0x7a /project/staging/core_examples/simplelink-lowpower-f3-sdk/source/ti/devices/cc23x0r5/driverlib/lib/gcc/driverlib.a(setup.c.obj)

.ARM.attributes
                0x0000000000000000       0x32
 .ARM.attributes
                0x0000000000000000       0x2b comparatorinterrupt.obj
 .ARM.attributes
                0x000000000000002b       0x2b main_nortos.obj
 .ARM.attributes
                0x0000000000000056       0x32 ti_devices_config.obj
 .ARM.attributes
                0x0000000000000088       0x2b ti_drivers_config.obj
 .ARM.attributes
                0x00000000000000b3       0x2c /project/staging/core_examples/simplelink-lowpower-f3-sdk/source/ti/drivers/lib/gcc/m0p/drivers_cc23x0r5.a(Comparator.c.obj)
 .ARM.attributes
                0x00000000000000df       0x2c /project/staging/core_examples/simplelink-lowpower-f3-sdk/source/ti/drivers/lib/gcc/m0p/drivers_cc23x0r5.a(ComparatorLPF3LP.c.obj)
 .ARM.attributes
                0x000000000000010b       0x2c /project/staging/core_examples/simplelink-lowpower-f3-sdk/source/ti/drivers/lib/gcc/m0p/drivers_cc23x0r5.a(GPIO.c.obj)
 .ARM.attributes
                0x0000000000000137       0x2c /project/staging/core_examples/simplelink-lowpower-f3-sdk/source/ti/drivers/lib/gcc/m0p/drivers_cc23x0r5.a(GPIOLPF3.c.obj)
 .ARM.attributes
                0x0000000000000163       0x2c /project/staging/core_examples/simplelink-lowpower-f3-sdk/source/ti/drivers/lib/gcc/m0p/drivers_cc23x0r5.a(PowerCC23X0.c.obj)
 .ARM.attributes
                0x000000000000018f       0x2c /project/staging/core_examples/simplelink-lowpower-f3-sdk/kernel/nortos/lib/gcc/m0p/nortos_cc23x0r5.a(NoRTOS.c.obj)
 .ARM.attributes
                0x00000000000001bb       0x2c /project/staging/core_examples/simplelink-lowpower-f3-sdk/kernel/nortos/lib/gcc/m0p/nortos_cc23x0r5.a(HwiPCC23X0_nortos.c.obj)
 .ARM.attributes
                0x00000000000001e7       0x2c /project/staging/core_examples/simplelink-lowpower-f3-sdk/kernel/nortos/lib/gcc/m0p/nortos_cc23x0r5.a(PowerCC23X0_nortos.c.obj)
 .ARM.attributes
                0x0000000000000213       0x2c /project/staging/core_examples/simplelink-lowpower-f3-sdk/kernel/nortos/lib/gcc/m0p/nortos_cc23x0r5.a(startup_cc23x0r5_gcc.c.obj)
 .ARM.attributes
                0x000000000000023f       0x2c /project/staging/core_examples/simplelink-lowpower-f3-sdk/source/ti/devices/cc23x0r5/driverlib/lib/gcc/driverlib.a(cpu.c.obj)
 .ARM.attributes
                0x000000000000026b       0x2c /project/staging/core_examples/simplelink-lowpower-f3-sdk/source/ti/devices/cc23x0r5/driverlib/lib/gcc/driverlib.a(interrupt.c.obj)
 .ARM.attributes
                0x0000000000000297       0x2c /project/staging/core_examples/simplelink-lowpower-f3-sdk/source/ti/devices/cc23x0r5/driverlib/lib/gcc/driverlib.a(lrfd.c.obj)
 .ARM.attributes
                0x00000000000002c3       0x2c /project/staging/core_examples/simplelink-lowpower-f3-sdk/source/ti/devices/cc23x0r5/driverlib/lib/gcc/driverlib.a(setup.c.obj)
 .ARM.attributes
                0x00000000000002ef       0x1e /home/developer/.conan/data/arm-none-eabi-gcc/9.2019.q4.major-0/library-msp/ga/package/44fcf6b9a7fb86b2586303e3db40189d3b511830/bin/../lib/gcc/arm-none-eabi/9.2.1/thumb/v6-m/nofp/libgcc.a(_clzsi2.o)
 .ARM.attributes
                0x000000000000030d       0x2c /home/developer/.conan/data/arm-none-eabi-gcc/9.2019.q4.major-0/library-msp/ga/package/44fcf6b9a7fb86b2586303e3db40189d3b511830/arm-none-eabi/lib/thumb/v6-m/nofp/libc_nano.a(lib_a-memcpy-stub.o)
 .ARM.attributes
                0x0000000000000339       0x2c /home/developer/.conan/data/arm-none-eabi-gcc/9.2019.q4.major-0/library-msp/ga/package/44fcf6b9a7fb86b2586303e3db40189d3b511830/arm-none-eabi/lib/thumb/v6-m/nofp/libc_nano.a(lib_a-memset.o)

.debug_frame    0x0000000000000000      0xbac
 .debug_frame   0x0000000000000000       0x40 comparatorinterrupt.obj
 .debug_frame   0x0000000000000040       0x28 main_nortos.obj
 .debug_frame   0x0000000000000068       0x88 ti_drivers_config.obj
 .debug_frame   0x00000000000000f0       0xec /project/staging/core_examples/simplelink-lowpower-f3-sdk/source/ti/drivers/lib/gcc/m0p/drivers_cc23x0r5.a(Comparator.c.obj)
 .debug_frame   0x00000000000001dc       0xfc /project/staging/core_examples/simplelink-lowpower-f3-sdk/source/ti/drivers/lib/gcc/m0p/drivers_cc23x0r5.a(ComparatorLPF3LP.c.obj)
 .debug_frame   0x00000000000002d8       0x6c /project/staging/core_examples/simplelink-lowpower-f3-sdk/source/ti/drivers/lib/gcc/m0p/drivers_cc23x0r5.a(GPIO.c.obj)
 .debug_frame   0x0000000000000344      0x13c /project/staging/core_examples/simplelink-lowpower-f3-sdk/source/ti/drivers/lib/gcc/m0p/drivers_cc23x0r5.a(GPIOLPF3.c.obj)
 .debug_frame   0x0000000000000480      0x2d4 /project/staging/core_examples/simplelink-lowpower-f3-sdk/source/ti/drivers/lib/gcc/m0p/drivers_cc23x0r5.a(PowerCC23X0.c.obj)
 .debug_frame   0x0000000000000754       0x50 /project/staging/core_examples/simplelink-lowpower-f3-sdk/kernel/nortos/lib/gcc/m0p/nortos_cc23x0r5.a(NoRTOS.c.obj)
 .debug_frame   0x00000000000007a4      0x1b8 /project/staging/core_examples/simplelink-lowpower-f3-sdk/kernel/nortos/lib/gcc/m0p/nortos_cc23x0r5.a(HwiPCC23X0_nortos.c.obj)
 .debug_frame   0x000000000000095c       0x30 /project/staging/core_examples/simplelink-lowpower-f3-sdk/kernel/nortos/lib/gcc/m0p/nortos_cc23x0r5.a(PowerCC23X0_nortos.c.obj)
 .debug_frame   0x000000000000098c       0x7c /project/staging/core_examples/simplelink-lowpower-f3-sdk/kernel/nortos/lib/gcc/m0p/nortos_cc23x0r5.a(startup_cc23x0r5_gcc.c.obj)
 .debug_frame   0x0000000000000a08       0x20 /project/staging/core_examples/simplelink-lowpower-f3-sdk/source/ti/devices/cc23x0r5/driverlib/lib/gcc/driverlib.a(cpu.c.obj)
 .debug_frame   0x0000000000000a28       0xdc /project/staging/core_examples/simplelink-lowpower-f3-sdk/source/ti/devices/cc23x0r5/driverlib/lib/gcc/driverlib.a(interrupt.c.obj)
 .debug_frame   0x0000000000000b04       0x40 /project/staging/core_examples/simplelink-lowpower-f3-sdk/source/ti/devices/cc23x0r5/driverlib/lib/gcc/driverlib.a(lrfd.c.obj)
 .debug_frame   0x0000000000000b44       0x20 /project/staging/core_examples/simplelink-lowpower-f3-sdk/source/ti/devices/cc23x0r5/driverlib/lib/gcc/driverlib.a(setup.c.obj)
 .debug_frame   0x0000000000000b64       0x28 /home/developer/.conan/data/arm-none-eabi-gcc/9.2019.q4.major-0/library-msp/ga/package/44fcf6b9a7fb86b2586303e3db40189d3b511830/arm-none-eabi/lib/thumb/v6-m/nofp/libc_nano.a(lib_a-memcpy-stub.o)
 .debug_frame   0x0000000000000b8c       0x20 /home/developer/.conan/data/arm-none-eabi-gcc/9.2019.q4.major-0/library-msp/ga/package/44fcf6b9a7fb86b2586303e3db40189d3b511830/arm-none-eabi/lib/thumb/v6-m/nofp/libc_nano.a(lib_a-memset.o)
