Archive member included to satisfy reference by file (symbol)

/project/staging/core_examples/simplelink-lowpower-f3-sdk/source/ti/display/lib/gcc/m0p/display_cc23x0r5.a(Display.c.obj)
                              temperatureNotify.obj (Display_doOpen)
/project/staging/core_examples/simplelink-lowpower-f3-sdk/source/ti/display/lib/gcc/m0p/display_cc23x0r5.a(DisplayUart2.c.obj)
                              ti_drivers_config.obj (DisplayUart2Min_fxnTable)
/project/staging/core_examples/simplelink-lowpower-f3-sdk/source/ti/drivers/lib/gcc/m0p/drivers_cc23x0r5.a(UDMALPF3.c.obj)
                              ti_drivers_config.obj (UDMALPF3_init)
/project/staging/core_examples/simplelink-lowpower-f3-sdk/source/ti/drivers/lib/gcc/m0p/drivers_cc23x0r5.a(GPIO.c.obj)
                              ti_drivers_config.obj (GPIO_resetConfig)
/project/staging/core_examples/simplelink-lowpower-f3-sdk/source/ti/drivers/lib/gcc/m0p/drivers_cc23x0r5.a(GPIOLPF3.c.obj)
                              /project/staging/core_examples/simplelink-lowpower-f3-sdk/source/ti/drivers/lib/gcc/m0p/drivers_cc23x0r5.a(GPIO.c.obj) (GPIO_disableInt)
/project/staging/core_examples/simplelink-lowpower-f3-sdk/source/ti/drivers/lib/gcc/m0p/drivers_cc23x0r5.a(PowerCC23X0.c.obj)
                              ti_drivers_config.obj (Power_init)
/project/staging/core_examples/simplelink-lowpower-f3-sdk/source/ti/drivers/lib/gcc/m0p/drivers_cc23x0r5.a(TemperatureLPF3.c.obj)
                              temperatureNotify.obj (Temperature_init)
/project/staging/core_examples/simplelink-lowpower-f3-sdk/source/ti/drivers/lib/gcc/m0p/drivers_cc23x0r5.a(UART2.c.obj)
                              /project/staging/core_examples/simplelink-lowpower-f3-sdk/source/ti/display/lib/gcc/m0p/display_cc23x0r5.a(DisplayUart2.c.obj) (UART2_Params_init)
/project/staging/core_examples/simplelink-lowpower-f3-sdk/source/ti/drivers/lib/gcc/m0p/drivers_cc23x0r5.a(UART2LPF3.c.obj)
                              /project/staging/core_examples/simplelink-lowpower-f3-sdk/source/ti/display/lib/gcc/m0p/display_cc23x0r5.a(DisplayUart2.c.obj) (UART2_close)
/project/staging/core_examples/simplelink-lowpower-f3-sdk/source/ti/drivers/lib/gcc/m0p/drivers_cc23x0r5.a(List.c.obj)
                              /project/staging/core_examples/simplelink-lowpower-f3-sdk/source/ti/drivers/lib/gcc/m0p/drivers_cc23x0r5.a(PowerCC23X0.c.obj) (List_put)
/project/staging/core_examples/simplelink-lowpower-f3-sdk/source/ti/drivers/lib/gcc/m0p/drivers_cc23x0r5.a(RingBuf.c.obj)
                              /project/staging/core_examples/simplelink-lowpower-f3-sdk/source/ti/drivers/lib/gcc/m0p/drivers_cc23x0r5.a(UART2LPF3.c.obj) (RingBuf_construct)
/project/staging/core_examples/simplelink-lowpower-f3-sdk/source/ti/drivers/lib/gcc/m0p/drivers_cc23x0r5.a(BatMonSupportLPF3.c.obj)
                              /project/staging/core_examples/simplelink-lowpower-f3-sdk/source/ti/drivers/lib/gcc/m0p/drivers_cc23x0r5.a(TemperatureLPF3.c.obj) (BatMonSupportLPF3_init)
/project/staging/core_examples/simplelink-lowpower-f3-sdk/kernel/nortos/lib/gcc/m0p/nortos_cc23x0r5.a(NoRTOS.c.obj)
                              main_nortos.obj (NoRTOS_start)
/project/staging/core_examples/simplelink-lowpower-f3-sdk/kernel/nortos/lib/gcc/m0p/nortos_cc23x0r5.a(posix_sleep.c.obj)
                              temperatureNotify.obj (sleep)
/project/staging/core_examples/simplelink-lowpower-f3-sdk/kernel/nortos/lib/gcc/m0p/nortos_cc23x0r5.a(SemaphoreP_nortos.c.obj)
                              /project/staging/core_examples/simplelink-lowpower-f3-sdk/source/ti/drivers/lib/gcc/m0p/drivers_cc23x0r5.a(UART2LPF3.c.obj) (SemaphoreP_constructBinary)
/project/staging/core_examples/simplelink-lowpower-f3-sdk/kernel/nortos/lib/gcc/m0p/nortos_cc23x0r5.a(SystemP_nortos.c.obj)
                              /project/staging/core_examples/simplelink-lowpower-f3-sdk/source/ti/display/lib/gcc/m0p/display_cc23x0r5.a(DisplayUart2.c.obj) (SystemP_snprintf)
/project/staging/core_examples/simplelink-lowpower-f3-sdk/kernel/nortos/lib/gcc/m0p/nortos_cc23x0r5.a(ClockPLPF3_nortos.c.obj)
                              /project/staging/core_examples/simplelink-lowpower-f3-sdk/kernel/nortos/lib/gcc/m0p/nortos_cc23x0r5.a(SemaphoreP_nortos.c.obj) (ClockP_startup)
/project/staging/core_examples/simplelink-lowpower-f3-sdk/kernel/nortos/lib/gcc/m0p/nortos_cc23x0r5.a(HwiPCC23X0_nortos.c.obj)
                              /project/staging/core_examples/simplelink-lowpower-f3-sdk/source/ti/drivers/lib/gcc/m0p/drivers_cc23x0r5.a(BatMonSupportLPF3.c.obj) (HwiP_clearInterrupt)
/project/staging/core_examples/simplelink-lowpower-f3-sdk/kernel/nortos/lib/gcc/m0p/nortos_cc23x0r5.a(PowerCC23X0_nortos.c.obj)
                              ti_drivers_config.obj (PowerCC23X0_standbyPolicy)
/project/staging/core_examples/simplelink-lowpower-f3-sdk/kernel/nortos/lib/gcc/m0p/nortos_cc23x0r5.a(startup_cc23x0r5_gcc.c.obj)
                              (resetISR)
[...]
Memory Configuration

Name             Origin             Length             Attributes
FLASH            0x0000000000000000 0x0000000000080000 xr
CCFG             0x000000004e020000 0x0000000000000800 r
SRAM             0x0000000020000000 0x0000000000009000 xrw
S2RRAM           0x0000000040098000 0x0000000000001000 rw
LOG_DATA         0x0000000090000000 0x0000000000040000 r
LOG_PTR          0x0000000094000008 0x0000000000040000 r
*default*        0x0000000000000000 0xffffffffffffffff

Linker script and memory map

LOAD temperatureNotify.obj
LOAD main_nortos.obj
LOAD ti_devices_config.obj
LOAD ti_drivers_config.obj
                0x0000000000000400                STACKSIZE = 0x400
                0x0000000000002004                HEAPSIZE = 0x2004
                0x0000000000000000                PROVIDE (_resetVecs_base_address = DEFINED (_resetVecs_base_address)?_resetVecs_base_address:0x0)

.resetVecs      0x0000000000000000       0x40
 *(.resetVecs)
 .resetVecs     0x0000000000000000       0x40 /project/staging/core_examples/simplelink-lowpower-f3-sdk/kernel/nortos/lib/gcc/m0p/nortos_cc23x0r5.a(startup_cc23x0r5_gcc.c.obj)

.ramVecs        0x0000000020000000       0x8c
 *(.ramVecs)
 .ramVecs       0x0000000020000000       0x8c /project/staging/core_examples/simplelink-lowpower-f3-sdk/source/ti/devices/cc23x0r5/driverlib/lib/gcc/driverlib.a(interrupt.c.obj)
                0x0000000020000400                UDMALPF3_CONFIG_BASE = 0x20000400
                0x0000000020000400                DMA_CHANNEL0_CONTROL_TABLE_ENTRY_ADDRESS = (UDMALPF3_CONFIG_BASE + 0x0)
                0x0000000020000410                DMA_CHANNEL1_CONTROL_TABLE_ENTRY_ADDRESS = (UDMALPF3_CONFIG_BASE + 0x10)
                0x0000000020000420                DMA_CHANNEL2_CONTROL_TABLE_ENTRY_ADDRESS = (UDMALPF3_CONFIG_BASE + 0x20)
                0x0000000020000430                DMA_CHANNEL3_CONTROL_TABLE_ENTRY_ADDRESS = (UDMALPF3_CONFIG_BASE + 0x30)
                0x0000000020000440                DMA_CHANNEL4_CONTROL_TABLE_ENTRY_ADDRESS = (UDMALPF3_CONFIG_BASE + 0x40)
                0x0000000020000450                DMA_CHANNEL5_CONTROL_TABLE_ENTRY_ADDRESS = (UDMALPF3_CONFIG_BASE + 0x50)
                0x0000000020000460                DMA_CHANNEL6_CONTROL_TABLE_ENTRY_ADDRESS = (UDMALPF3_CONFIG_BASE + 0x60)
                0x0000000020000470                DMA_CHANNEL7_CONTROL_TABLE_ENTRY_ADDRESS = (UDMALPF3_CONFIG_BASE + 0x70)
                0x0000000020000480                DMA_CHANNEL0_ALT_CONTROL_TABLE_ENTRY_ADDRESS = (UDMALPF3_CONFIG_BASE + 0x80)
                0x0000000020000490                DMA_CHANNEL1_ALT_CONTROL_TABLE_ENTRY_ADDRESS = (UDMALPF3_CONFIG_BASE + 0x90)
                0x00000000200004a0                DMA_CHANNEL2_ALT_CONTROL_TABLE_ENTRY_ADDRESS = (UDMALPF3_CONFIG_BASE + 0xa0)
                0x00000000200004b0                DMA_CHANNEL3_ALT_CONTROL_TABLE_ENTRY_ADDRESS = (UDMALPF3_CONFIG_BASE + 0xb0)
                0x00000000200004c0                DMA_CHANNEL4_ALT_CONTROL_TABLE_ENTRY_ADDRESS = (UDMALPF3_CONFIG_BASE + 0xc0)
                0x00000000200004d0                DMA_CHANNEL5_ALT_CONTROL_TABLE_ENTRY_ADDRESS = (UDMALPF3_CONFIG_BASE + 0xd0)
                0x00000000200004e0                DMA_CHANNEL6_ALT_CONTROL_TABLE_ENTRY_ADDRESS = (UDMALPF3_CONFIG_BASE + 0xe0)
                0x00000000200004f0                DMA_CHANNEL7_ALT_CONTROL_TABLE_ENTRY_ADDRESS = (UDMALPF3_CONFIG_BASE + 0xf0)
                0x0000000000000000                UDMALPF3_channel0ControlTableEntry_is_placed = 0x0

.dmaChannel0ControlTableEntry
                0x0000000020000400       0x10
 *(.dmaChannel0ControlTableEntry)
 .dmaChannel0ControlTableEntry
                0x0000000020000400       0x10 ti_drivers_config.obj
                0x0000000000000000                UDMALPF3_channel1ControlTableEntry_is_placed = 0x0

.dmaChannel1ControlTableEntry
                0x0000000020000410       0x10
 *(.dmaChannel1ControlTableEntry)
 .dmaChannel1ControlTableEntry
                0x0000000020000410       0x10 ti_drivers_config.obj
                0x0000000000000000                UDMALPF3_channel2ControlTableEntry_is_placed = 0x0

.dmaChannel2ControlTableEntry
 *(.dmaChannel2ControlTableEntry)
                0x0000000000000000                UDMALPF3_channel3ControlTableEntry_is_placed = 0x0

.dmaChannel3ControlTableEntry
 *(.dmaChannel3ControlTableEntry)
                0x0000000000000000                UDMALPF3_channel4ControlTableEntry_is_placed = 0x0

.dmaChannel4ControlTableEntry
 *(.dmaChannel4ControlTableEntry)
                0x0000000000000000                UDMALPF3_channel5ControlTableEntry_is_placed = 0x0

.dmaChannel5ControlTableEntry
 *(.dmaChannel5ControlTableEntry)
                0x0000000000000000                UDMALPF3_channel6ControlTableEntry_is_placed = 0x0

.dmaChannel6ControlTableEntry
 *(.dmaChannel6ControlTableEntry)
                0x0000000000000000                UDMALPF3_channel7ControlTableEntry_is_placed = 0x0

.dmaChannel7ControlTableEntry
 *(.dmaChannel7ControlTableEntry)
                0x0000000000000000                UDMALPF3_channel0AltControlTableEntry_is_placed = 0x0

.dmaChannel0AltControlTableEntry
 *(.dmaChannel0AltControlTableEntry)
                0x0000000000000000                UDMALPF3_channel1AltControlTableEntry_is_placed = 0x0

.dmaChannel1AltControlTableEntry
 *(.dmaChannel1AltControlTableEntry)
                0x0000000000000000                UDMALPF3_channel2AltControlTableEntry_is_placed = 0x0

.dmaChannel2AltControlTableEntry
 *(.dmaChannel2AltControlTableEntry)
                0x0000000000000000                UDMALPF3_channel3AltControlTableEntry_is_placed = 0x0

.dmaChannel3AltControlTableEntry
 *(.dmaChannel3AltControlTableEntry)
                0x0000000000000000                UDMALPF3_channel4AltControlTableEntry_is_placed = 0x0

.dmaChannel4AltControlTableEntry
 *(.dmaChannel4AltControlTableEntry)
                0x0000000000000000                UDMALPF3_channel5AltControlTableEntry_is_placed = 0x0

.dmaChannel5AltControlTableEntry
 *(.dmaChannel5AltControlTableEntry)
                0x0000000000000000                UDMALPF3_channel6AltControlTableEntry_is_placed = 0x0

.dmaChannel6AltControlTableEntry
 *(.dmaChannel6AltControlTableEntry)
                0x0000000000000000                UDMALPF3_channel7AltControlTableEntry_is_placed = 0x0

.dmaChannel7AltControlTableEntry
 *(.dmaChannel7AltControlTableEntry)

.text           0x0000000000000040     0x4b48
 CREATE_OBJECT_SYMBOLS
 *(.text)
 .text          0x0000000000000040      0x114 /home/developer/.conan/data/arm-none-eabi-gcc/9.2019.q4.major-0/library-msp/ga/package/44fcf6b9a7fb86b2586303e3db40189d3b511830/bin/../lib/gcc/arm-none-eabi/9.2.1/thumb/v6-m/nofp/libgcc.a(_udivsi3.o)
                0x0000000000000040                __udivsi3
                0x0000000000000040                __aeabi_uidiv
                0x000000000000014c                __aeabi_uidivmod
 .text          0x0000000000000154        0x4 /home/developer/.conan/data/arm-none-eabi-gcc/9.2019.q4.major-0/library-msp/ga/package/44fcf6b9a7fb86b2586303e3db40189d3b511830/bin/../lib/gcc/arm-none-eabi/9.2.1/thumb/v6-m/nofp/libgcc.a(_dvmd_tls.o)
                0x0000000000000154                __aeabi_ldiv0
                0x0000000000000154                __aeabi_idiv0
 .text          0x0000000000000158       0x7c /home/developer/.conan/data/arm-none-eabi-gcc/9.2019.q4.major-0/library-msp/ga/package/44fcf6b9a7fb86b2586303e3db40189d3b511830/bin/../lib/gcc/arm-none-eabi/9.2.1/thumb/v6-m/nofp/libgcc.a(_arm_cmpdf2.o)
                0x0000000000000158                __aeabi_cdrcmple
                0x0000000000000168                __aeabi_cdcmple
                0x0000000000000168                __aeabi_cdcmpeq
                0x0000000000000178                __aeabi_dcmpeq
                0x0000000000000184                __aeabi_dcmplt
                0x0000000000000198                __aeabi_dcmple
                0x00000000000001ac                __aeabi_dcmpgt
                0x00000000000001c0                __aeabi_dcmpge
 .text          0x00000000000001d4       0x3c /home/developer/.conan/data/arm-none-eabi-gcc/9.2019.q4.major-0/library-msp/ga/package/44fcf6b9a7fb86b2586303e3db40189d3b511830/bin/../lib/gcc/arm-none-eabi/9.2.1/thumb/v6-m/nofp/libgcc.a(_clzsi2.o)
                0x00000000000001d4                __clzsi2
 .text          0x0000000000000210       0x40 /home/developer/.conan/data/arm-none-eabi-gcc/9.2019.q4.major-0/library-msp/ga/package/44fcf6b9a7fb86b2586303e3db40189d3b511830/bin/../lib/gcc/arm-none-eabi/9.2.1/thumb/v6-m/nofp/libgcc.a(_ctzsi2.o)
                0x0000000000000210                __ctzsi2
 .text          0x0000000000000250       0x3c /home/developer/.conan/data/arm-none-eabi-gcc/9.2019.q4.major-0/library-msp/ga/package/44fcf6b9a7fb86b2586303e3db40189d3b511830/bin/../lib/gcc/arm-none-eabi/9.2.1/thumb/v6-m/nofp/libgcc.a(_fixunsdfsi.o)
                0x0000000000000250                __fixunsdfsi
                0x0000000000000250                __aeabi_d2uiz
 .text          0x000000000000028c       0x78 /home/developer/.conan/data/arm-none-eabi-gcc/9.2019.q4.major-0/library-msp/ga/package/44fcf6b9a7fb86b2586303e3db40189d3b511830/bin/../lib/gcc/arm-none-eabi/9.2.1/thumb/v6-m/nofp/libgcc.a(eqdf2.o)
                0x000000000000028c                __eqdf2
                0x000000000000028c                __nedf2
 .text          0x0000000000000304       0xe4 /home/developer/.conan/data/arm-none-eabi-gcc/9.2019.q4.major-0/library-msp/ga/package/44fcf6b9a7fb86b2586303e3db40189d3b511830/bin/../lib/gcc/arm-none-eabi/9.2.1/thumb/v6-m/nofp/libgcc.a(gedf2.o)
                0x0000000000000304                __gtdf2
                0x0000000000000304                __gedf2
 .text          0x00000000000003e8       0xe0 /home/developer/.conan/data/arm-none-eabi-gcc/9.2019.q4.major-0/library-msp/ga/package/44fcf6b9a7fb86b2586303e3db40189d3b511830/bin/../lib/gcc/arm-none-eabi/9.2.1/thumb/v6-m/nofp/libgcc.a(ledf2.o)
                0x00000000000003e8                __ltdf2
                0x00000000000003e8                __ledf2
 .text          0x00000000000004c8      0x4d8 /home/developer/.conan/data/arm-none-eabi-gcc/9.2019.q4.major-0/library-msp/ga/package/44fcf6b9a7fb86b2586303e3db40189d3b511830/bin/../lib/gcc/arm-none-eabi/9.2.1/thumb/v6-m/nofp/libgcc.a(muldf3.o)
                0x00000000000004c8                __aeabi_dmul
 .text          0x00000000000009a0      0x724 /home/developer/.conan/data/arm-none-eabi-gcc/9.2019.q4.major-0/library-msp/ga/package/44fcf6b9a7fb86b2586303e3db40189d3b511830/bin/../lib/gcc/arm-none-eabi/9.2.1/thumb/v6-m/nofp/libgcc.a(subdf3.o)
                0x00000000000009a0                __aeabi_dsub
 .text          0x00000000000010c4       0x6c /home/developer/.conan/data/arm-none-eabi-gcc/9.2019.q4.major-0/library-msp/ga/package/44fcf6b9a7fb86b2586303e3db40189d3b511830/bin/../lib/gcc/arm-none-eabi/9.2.1/thumb/v6-m/nofp/libgcc.a(fixdfsi.o)
                0x00000000000010c4                __aeabi_d2iz
 .text          0x0000000000001130       0x60 /home/developer/.conan/data/arm-none-eabi-gcc/9.2019.q4.major-0/library-msp/ga/package/44fcf6b9a7fb86b2586303e3db40189d3b511830/bin/../lib/gcc/arm-none-eabi/9.2.1/thumb/v6-m/nofp/libgcc.a(floatsidf.o)
                0x0000000000001130                __aeabi_i2d
 .text          0x0000000000001190        0xe /home/developer/.conan/data/arm-none-eabi-gcc/9.2019.q4.major-0/library-msp/ga/package/44fcf6b9a7fb86b2586303e3db40189d3b511830/arm-none-eabi/lib/thumb/v6-m/nofp/libc_nano.a(lib_a-strlen.o)
                0x0000000000001190                strlen
 *(.text.*)
 *fill*         0x000000000000119e        0x2 
 .text.deltaNotificationFxn
                0x00000000000011a0       0x34 temperatureNotify.obj
                0x00000000000011a0                deltaNotificationFxn
 .text.aboveBelowNotificationFxn
                0x00000000000011d4       0x40 temperatureNotify.obj
                0x00000000000011d4                aboveBelowNotificationFxn
 .text.mainThread
                0x0000000000001214       0xa8 temperatureNotify.obj
                0x0000000000001214                mainThread
 .text.startup.main
                0x00000000000012bc       0x14 main_nortos.obj
                0x00000000000012bc                main
 .text.Board_shutDownExtFlash
                0x00000000000012d0       0xbc ti_drivers_config.obj
                0x00000000000012d0                Board_shutDownExtFlash
 .text.Board_initHook
                0x000000000000138c        0x4 ti_drivers_config.obj
                0x000000000000138c                Board_initHook
 .text.Board_init
                0x0000000000001390       0x2c ti_drivers_config.obj
                0x0000000000001390                Board_init
 .text.Display_doOpen
                0x00000000000013bc       0x64 /project/staging/core_examples/simplelink-lowpower-f3-sdk/source/ti/display/lib/gcc/m0p/display_cc23x0r5.a(Display.c.obj)
                0x00000000000013bc                Display_doOpen
 .text.Display_doPrintf
                0x0000000000001420       0x24 /project/staging/core_examples/simplelink-lowpower-f3-sdk/source/ti/display/lib/gcc/m0p/display_cc23x0r5.a(Display.c.obj)
                0x0000000000001420                Display_doPrintf
 .text.Display_doInit
                0x0000000000001444       0x28 /project/staging/core_examples/simplelink-lowpower-f3-sdk/source/ti/display/lib/gcc/m0p/display_cc23x0r5.a(Display.c.obj)
                0x0000000000001444                Display_doInit
 .text.DisplayUart2Min_init
                0x000000000000146c        0x4 /project/staging/core_examples/simplelink-lowpower-f3-sdk/source/ti/display/lib/gcc/m0p/display_cc23x0r5.a(DisplayUart2.c.obj)
                0x000000000000146c                DisplayUart2Min_init
 .text.DisplayUart2Min_clearLines
                0x0000000000001470        0x4 /project/staging/core_examples/simplelink-lowpower-f3-sdk/source/ti/display/lib/gcc/m0p/display_cc23x0r5.a(DisplayUart2.c.obj)
                0x0000000000001470                DisplayUart2Min_clearLines
 .text.DisplayUart2Min_control
                0x0000000000001474        0x8 /project/staging/core_examples/simplelink-lowpower-f3-sdk/source/ti/display/lib/gcc/m0p/display_cc23x0r5.a(DisplayUart2.c.obj)
                0x0000000000001474                DisplayUart2Min_control
 .text.DisplayUart2Min_getType
                0x000000000000147c        0x8 /project/staging/core_examples/simplelink-lowpower-f3-sdk/source/ti/display/lib/gcc/m0p/display_cc23x0r5.a(DisplayUart2.c.obj)
                0x000000000000147c                DisplayUart2Min_getType
 .text.DisplayUart2Min_open
                0x0000000000001484       0x40 /project/staging/core_examples/simplelink-lowpower-f3-sdk/source/ti/display/lib/gcc/m0p/display_cc23x0r5.a(DisplayUart2.c.obj)
                0x0000000000001484                DisplayUart2Min_open
 .text.DisplayUart2Min_vprintf
                0x00000000000014c4       0x50 /project/staging/core_examples/simplelink-lowpower-f3-sdk/source/ti/display/lib/gcc/m0p/display_cc23x0r5.a(DisplayUart2.c.obj)
                0x00000000000014c4                DisplayUart2Min_vprintf
 .text.DisplayUart2Min_close
                0x0000000000001514       0x18 /project/staging/core_examples/simplelink-lowpower-f3-sdk/source/ti/display/lib/gcc/m0p/display_cc23x0r5.a(DisplayUart2.c.obj)
                0x0000000000001514                DisplayUart2Min_close
 .text.DisplayUart2Min_clear
                0x000000000000152c        0x4 /project/staging/core_examples/simplelink-lowpower-f3-sdk/source/ti/display/lib/gcc/m0p/display_cc23x0r5.a(DisplayUart2.c.obj)
                0x000000000000152c                DisplayUart2Min_clear
 .text.UDMALPF3_postNotifyFxn
                0x0000000000001530       0x4c /project/staging/core_examples/simplelink-lowpower-f3-sdk/source/ti/drivers/lib/gcc/m0p/drivers_cc23x0r5.a(UDMALPF3.c.obj)
 .text.UDMALPF3_init
                0x000000000000157c       0x68 /project/staging/core_examples/simplelink-lowpower-f3-sdk/source/ti/drivers/lib/gcc/m0p/drivers_cc23x0r5.a(UDMALPF3.c.obj)
                0x000000000000157c                UDMALPF3_init
 .text.GPIO_resetConfig
                0x00000000000015e4       0x38 /project/staging/core_examples/simplelink-lowpower-f3-sdk/source/ti/drivers/lib/gcc/m0p/drivers_cc23x0r5.a(GPIO.c.obj)
                0x00000000000015e4                GPIO_resetConfig
 .text.GPIO_hwiIntFxn
                0x000000000000161c       0x44 /project/staging/core_examples/simplelink-lowpower-f3-sdk/source/ti/drivers/lib/gcc/m0p/drivers_cc23x0r5.a(GPIOLPF3.c.obj)
                0x000000000000161c                GPIO_hwiIntFxn
 .text.GPIO_disableInt
                0x0000000000001660       0x14 /project/staging/core_examples/simplelink-lowpower-f3-sdk/source/ti/drivers/lib/gcc/m0p/drivers_cc23x0r5.a(GPIOLPF3.c.obj)
                0x0000000000001660                GPIO_disableInt
 .text.GPIO_init
                0x0000000000001674      0x130 /project/staging/core_examples/simplelink-lowpower-f3-sdk/source/ti/drivers/lib/gcc/m0p/drivers_cc23x0r5.a(GPIOLPF3.c.obj)
                0x0000000000001674                GPIO_init
 .text.GPIO_setConfig
                0x00000000000017a4       0x78 /project/staging/core_examples/simplelink-lowpower-f3-sdk/source/ti/drivers/lib/gcc/m0p/drivers_cc23x0r5.a(GPIOLPF3.c.obj)
                0x00000000000017a4                GPIO_setConfig
 .text.GPIO_toggle
                0x000000000000181c       0x14 /project/staging/core_examples/simplelink-lowpower-f3-sdk/source/ti/drivers/lib/gcc/m0p/drivers_cc23x0r5.a(GPIOLPF3.c.obj)
                0x000000000000181c                GPIO_toggle
 .text.GPIO_write
                0x0000000000001830       0x18 /project/staging/core_examples/simplelink-lowpower-f3-sdk/source/ti/drivers/lib/gcc/m0p/drivers_cc23x0r5.a(GPIOLPF3.c.obj)
                0x0000000000001830                GPIO_write
 .text.GPIO_setConfigAndMux
                0x0000000000001848       0x7c /project/staging/core_examples/simplelink-lowpower-f3-sdk/source/ti/drivers/lib/gcc/m0p/drivers_cc23x0r5.a(GPIOLPF3.c.obj)
                0x0000000000001848                GPIO_setConfigAndMux
 .text.PowerCC23X0_rtcISR
                0x00000000000018c4       0x14 /project/staging/core_examples/simplelink-lowpower-f3-sdk/source/ti/drivers/lib/gcc/m0p/drivers_cc23x0r5.a(PowerCC23X0.c.obj)
 .text.PowerCC23X0_startHFXT.part.0
                0x00000000000018d8       0xb0 /project/staging/core_examples/simplelink-lowpower-f3-sdk/source/ti/drivers/lib/gcc/m0p/drivers_cc23x0r5.a(PowerCC23X0.c.obj)
 .text.PowerCC23X0_oscillatorISR
                0x0000000000001988      0x128 /project/staging/core_examples/simplelink-lowpower-f3-sdk/source/ti/drivers/lib/gcc/m0p/drivers_cc23x0r5.a(PowerCC23X0.c.obj)
 .text.Power_init
                0x0000000000001ab0       0xc0 /project/staging/core_examples/simplelink-lowpower-f3-sdk/source/ti/drivers/lib/gcc/m0p/drivers_cc23x0r5.a(PowerCC23X0.c.obj)
                0x0000000000001ab0                Power_init
 .text.Power_disablePolicy
                0x0000000000001b70       0x10 /project/staging/core_examples/simplelink-lowpower-f3-sdk/source/ti/drivers/lib/gcc/m0p/drivers_cc23x0r5.a(PowerCC23X0.c.obj)
                0x0000000000001b70                Power_disablePolicy
 .text.Power_enablePolicy
                0x0000000000001b80        0xc /project/staging/core_examples/simplelink-lowpower-f3-sdk/source/ti/drivers/lib/gcc/m0p/drivers_cc23x0r5.a(PowerCC23X0.c.obj)
                0x0000000000001b80                Power_enablePolicy
 .text.Power_getConstraintMask
                0x0000000000001b8c        0xc /project/staging/core_examples/simplelink-lowpower-f3-sdk/source/ti/drivers/lib/gcc/m0p/drivers_cc23x0r5.a(PowerCC23X0.c.obj)
                0x0000000000001b8c                Power_getConstraintMask
 .text.Power_idleFunc
                0x0000000000001b98       0x20 /project/staging/core_examples/simplelink-lowpower-f3-sdk/source/ti/drivers/lib/gcc/m0p/drivers_cc23x0r5.a(PowerCC23X0.c.obj)
                0x0000000000001b98                Power_idleFunc
 .text.Power_registerNotify
                0x0000000000001bb8       0x28 /project/staging/core_examples/simplelink-lowpower-f3-sdk/source/ti/drivers/lib/gcc/m0p/drivers_cc23x0r5.a(PowerCC23X0.c.obj)
                0x0000000000001bb8                Power_registerNotify
 .text.Power_unregisterNotify
                0x0000000000001be0       0x10 /project/staging/core_examples/simplelink-lowpower-f3-sdk/source/ti/drivers/lib/gcc/m0p/drivers_cc23x0r5.a(PowerCC23X0.c.obj)
                0x0000000000001be0                Power_unregisterNotify
 .text.Power_setConstraint
                0x0000000000001bf0       0x2c /project/staging/core_examples/simplelink-lowpower-f3-sdk/source/ti/drivers/lib/gcc/m0p/drivers_cc23x0r5.a(PowerCC23X0.c.obj)
                0x0000000000001bf0                Power_setConstraint
 .text.Power_releaseConstraint
                0x0000000000001c1c       0x34 /project/staging/core_examples/simplelink-lowpower-f3-sdk/source/ti/drivers/lib/gcc/m0p/drivers_cc23x0r5.a(PowerCC23X0.c.obj)
                0x0000000000001c1c                Power_releaseConstraint
 .text.Power_setDependency
                0x0000000000001c50       0x6c /project/staging/core_examples/simplelink-lowpower-f3-sdk/source/ti/drivers/lib/gcc/m0p/drivers_cc23x0r5.a(PowerCC23X0.c.obj)
                0x0000000000001c50                Power_setDependency
 .text.Power_releaseDependency
                0x0000000000001cbc       0x70 /project/staging/core_examples/simplelink-lowpower-f3-sdk/source/ti/drivers/lib/gcc/m0p/drivers_cc23x0r5.a(PowerCC23X0.c.obj)
                0x0000000000001cbc                Power_releaseDependency
 .text.Power_sleep
                0x0000000000001d2c       0x80 /project/staging/core_examples/simplelink-lowpower-f3-sdk/source/ti/drivers/lib/gcc/m0p/drivers_cc23x0r5.a(PowerCC23X0.c.obj)
                0x0000000000001d2c                Power_sleep
 .text.PowerLPF3_selectLFXT
                0x0000000000001dac       0x54 /project/staging/core_examples/simplelink-lowpower-f3-sdk/source/ti/drivers/lib/gcc/m0p/drivers_cc23x0r5.a(PowerCC23X0.c.obj)
                0x0000000000001dac                PowerLPF3_selectLFXT
 .text.PowerCC23X0_notify
                0x0000000000001e00       0x34 /project/staging/core_examples/simplelink-lowpower-f3-sdk/source/ti/drivers/lib/gcc/m0p/drivers_cc23x0r5.a(PowerCC23X0.c.obj)
                0x0000000000001e00                PowerCC23X0_notify
 .text.updateThresholds
                0x0000000000001e34       0xe0 /project/staging/core_examples/simplelink-lowpower-f3-sdk/source/ti/drivers/lib/gcc/m0p/drivers_cc23x0r5.a(TemperatureLPF3.c.obj)
 .text.temperatureEventCb
                0x0000000000001f14      0x12c /project/staging/core_examples/simplelink-lowpower-f3-sdk/source/ti/drivers/lib/gcc/m0p/drivers_cc23x0r5.a(TemperatureLPF3.c.obj)
 .text.Temperature_init
                0x0000000000002040       0x40 /project/staging/core_examples/simplelink-lowpower-f3-sdk/source/ti/drivers/lib/gcc/m0p/drivers_cc23x0r5.a(TemperatureLPF3.c.obj)
                0x0000000000002040                Temperature_init
 .text.Temperature_getTemperature
                0x0000000000002080       0x44 /project/staging/core_examples/simplelink-lowpower-f3-sdk/source/ti/drivers/lib/gcc/m0p/drivers_cc23x0r5.a(TemperatureLPF3.c.obj)
                0x0000000000002080                Temperature_getTemperature
 .text.Temperature_registerNotifyHigh
                0x00000000000020c4      0x12c /project/staging/core_examples/simplelink-lowpower-f3-sdk/source/ti/drivers/lib/gcc/m0p/drivers_cc23x0r5.a(TemperatureLPF3.c.obj)
                0x00000000000020c4                Temperature_registerNotifyHigh
 .text.Temperature_registerNotifyLow
                0x00000000000021f0      0x138 /project/staging/core_examples/simplelink-lowpower-f3-sdk/source/ti/drivers/lib/gcc/m0p/drivers_cc23x0r5.a(TemperatureLPF3.c.obj)
                0x00000000000021f0                Temperature_registerNotifyLow
 .text.Temperature_registerNotifyRange
                0x0000000000002328      0x12c /project/staging/core_examples/simplelink-lowpower-f3-sdk/source/ti/drivers/lib/gcc/m0p/drivers_cc23x0r5.a(TemperatureLPF3.c.obj)
                0x0000000000002328                Temperature_registerNotifyRange
 .text.UART2_Params_init
                0x0000000000002454       0x18 /project/staging/core_examples/simplelink-lowpower-f3-sdk/source/ti/drivers/lib/gcc/m0p/drivers_cc23x0r5.a(UART2.c.obj)
                0x0000000000002454                UART2_Params_init
 .text.UART2_readCancel
                0x000000000000246c       0x5c /project/staging/core_examples/simplelink-lowpower-f3-sdk/source/ti/drivers/lib/gcc/m0p/drivers_cc23x0r5.a(UART2.c.obj)
                0x000000000000246c                UART2_readCancel
 .text.UART2_rxDisable
                0x00000000000024c8       0x38 /project/staging/core_examples/simplelink-lowpower-f3-sdk/source/ti/drivers/lib/gcc/m0p/drivers_cc23x0r5.a(UART2.c.obj)
                0x00000000000024c8                UART2_rxDisable
 .text.UART2_writeTimeoutBlocking
                0x0000000000002500      0x1a0 /project/staging/core_examples/simplelink-lowpower-f3-sdk/source/ti/drivers/lib/gcc/m0p/drivers_cc23x0r5.a(UART2.c.obj)
                0x0000000000002500                UART2_writeTimeoutBlocking
 .text.UART2_writeTimeoutNonblocking
                0x00000000000026a0      0x140 /project/staging/core_examples/simplelink-lowpower-f3-sdk/source/ti/drivers/lib/gcc/m0p/drivers_cc23x0r5.a(UART2.c.obj)
                0x00000000000026a0                UART2_writeTimeoutNonblocking
 .text.UART2_writeTimeout
                0x00000000000027e0       0x24 /project/staging/core_examples/simplelink-lowpower-f3-sdk/source/ti/drivers/lib/gcc/m0p/drivers_cc23x0r5.a(UART2.c.obj)
                0x00000000000027e0                UART2_writeTimeout
 .text.UART2_write
                0x0000000000002804       0x14 /project/staging/core_examples/simplelink-lowpower-f3-sdk/source/ti/drivers/lib/gcc/m0p/drivers_cc23x0r5.a(UART2.c.obj)
                0x0000000000002804                UART2_write
 .text.UART2_writeCancel
                0x0000000000002818       0xa8 /project/staging/core_examples/simplelink-lowpower-f3-sdk/source/ti/drivers/lib/gcc/m0p/drivers_cc23x0r5.a(UART2.c.obj)
                0x0000000000002818                UART2_writeCancel
 .text.UART2LPF3_eventCallback
                0x00000000000028c0        0x4 /project/staging/core_examples/simplelink-lowpower-f3-sdk/source/ti/drivers/lib/gcc/m0p/drivers_cc23x0r5.a(UART2LPF3.c.obj)
 .text.UART2LPF3_preNotifyFxn
                0x00000000000028c4       0x40 /project/staging/core_examples/simplelink-lowpower-f3-sdk/source/ti/drivers/lib/gcc/m0p/drivers_cc23x0r5.a(UART2LPF3.c.obj)
 .text.UART2LPF3_initHw.isra.0
                0x0000000000002904      0x164 /project/staging/core_examples/simplelink-lowpower-f3-sdk/source/ti/drivers/lib/gcc/m0p/drivers_cc23x0r5.a(UART2LPF3.c.obj)
 .text.UART2LPF3_postNotifyFxn
                0x0000000000002a68       0x54 /project/staging/core_examples/simplelink-lowpower-f3-sdk/source/ti/drivers/lib/gcc/m0p/drivers_cc23x0r5.a(UART2LPF3.c.obj)
 .text.UART2_close
                0x0000000000002abc       0x9c /project/staging/core_examples/simplelink-lowpower-f3-sdk/source/ti/drivers/lib/gcc/m0p/drivers_cc23x0r5.a(UART2LPF3.c.obj)
                0x0000000000002abc                UART2_close
 .text.UART2_open
                0x0000000000002b58      0x1c8 /project/staging/core_examples/simplelink-lowpower-f3-sdk/source/ti/drivers/lib/gcc/m0p/drivers_cc23x0r5.a(UART2LPF3.c.obj)
                0x0000000000002b58                UART2_open
 .text.UART2Support_disableRx
                0x0000000000002d20       0x28 /project/staging/core_examples/simplelink-lowpower-f3-sdk/source/ti/drivers/lib/gcc/m0p/drivers_cc23x0r5.a(UART2LPF3.c.obj)
                0x0000000000002d20                UART2Support_disableRx
 .text.UART2Support_disableTx
                0x0000000000002d48       0x10 /project/staging/core_examples/simplelink-lowpower-f3-sdk/source/ti/drivers/lib/gcc/m0p/drivers_cc23x0r5.a(UART2LPF3.c.obj)
                0x0000000000002d48                UART2Support_disableTx
 .text.UART2Support_dmaStartTx
                0x0000000000002d58       0xdc /project/staging/core_examples/simplelink-lowpower-f3-sdk/source/ti/drivers/lib/gcc/m0p/drivers_cc23x0r5.a(UART2LPF3.c.obj)
                0x0000000000002d58                UART2Support_dmaStartTx
 .text.UART2Support_dmaStopRx
                0x0000000000002e34       0x7c /project/staging/core_examples/simplelink-lowpower-f3-sdk/source/ti/drivers/lib/gcc/m0p/drivers_cc23x0r5.a(UART2LPF3.c.obj)
                0x0000000000002e34                UART2Support_dmaStopRx
 .text.UART2Support_dmaStartRx
                0x0000000000002eb0      0x108 /project/staging/core_examples/simplelink-lowpower-f3-sdk/source/ti/drivers/lib/gcc/m0p/drivers_cc23x0r5.a(UART2LPF3.c.obj)
                0x0000000000002eb0                UART2Support_dmaStartRx
 .text.UART2Support_dmaStopTx
                0x0000000000002fb8       0x88 /project/staging/core_examples/simplelink-lowpower-f3-sdk/source/ti/drivers/lib/gcc/m0p/drivers_cc23x0r5.a(UART2LPF3.c.obj)
                0x0000000000002fb8                UART2Support_dmaStopTx
 .text.UART2LPF3_hwiIntFxn
                0x0000000000003040      0x314 /project/staging/core_examples/simplelink-lowpower-f3-sdk/source/ti/drivers/lib/gcc/m0p/drivers_cc23x0r5.a(UART2LPF3.c.obj)
 .text.UART2Support_enableTx
                0x0000000000003354       0x10 /project/staging/core_examples/simplelink-lowpower-f3-sdk/source/ti/drivers/lib/gcc/m0p/drivers_cc23x0r5.a(UART2LPF3.c.obj)
                0x0000000000003354                UART2Support_enableTx
 .text.UART2Support_powerRelConstraint
                0x0000000000003364        0xc /project/staging/core_examples/simplelink-lowpower-f3-sdk/source/ti/drivers/lib/gcc/m0p/drivers_cc23x0r5.a(UART2LPF3.c.obj)
                0x0000000000003364                UART2Support_powerRelConstraint
 .text.UART2Support_sendData
                0x0000000000003370       0x24 /project/staging/core_examples/simplelink-lowpower-f3-sdk/source/ti/drivers/lib/gcc/m0p/drivers_cc23x0r5.a(UART2LPF3.c.obj)
                0x0000000000003370                UART2Support_sendData
 .text.UART2Support_txDone
                0x0000000000003394        0xc /project/staging/core_examples/simplelink-lowpower-f3-sdk/source/ti/drivers/lib/gcc/m0p/drivers_cc23x0r5.a(UART2LPF3.c.obj)
                0x0000000000003394                UART2Support_txDone
 .text.List_clearList
                0x00000000000033a0       0x14 /project/staging/core_examples/simplelink-lowpower-f3-sdk/source/ti/drivers/lib/gcc/m0p/drivers_cc23x0r5.a(List.c.obj)
                0x00000000000033a0                List_clearList
 .text.List_put
                0x00000000000033b4       0x24 /project/staging/core_examples/simplelink-lowpower-f3-sdk/source/ti/drivers/lib/gcc/m0p/drivers_cc23x0r5.a(List.c.obj)
                0x00000000000033b4                List_put
 .text.List_remove
                0x00000000000033d8       0x2c /project/staging/core_examples/simplelink-lowpower-f3-sdk/source/ti/drivers/lib/gcc/m0p/drivers_cc23x0r5.a(List.c.obj)
                0x00000000000033d8                List_remove
 .text.RingBuf_construct
                0x0000000000003404       0x14 /project/staging/core_examples/simplelink-lowpower-f3-sdk/source/ti/drivers/lib/gcc/m0p/drivers_cc23x0r5.a(RingBuf.c.obj)
                0x0000000000003404                RingBuf_construct
 .text.RingBuf_getConsume
                0x0000000000003418       0x30 /project/staging/core_examples/simplelink-lowpower-f3-sdk/source/ti/drivers/lib/gcc/m0p/drivers_cc23x0r5.a(RingBuf.c.obj)
                0x0000000000003418                RingBuf_getConsume
 .text.RingBuf_getCount
                0x0000000000003448        0x4 /project/staging/core_examples/simplelink-lowpower-f3-sdk/source/ti/drivers/lib/gcc/m0p/drivers_cc23x0r5.a(RingBuf.c.obj)
                0x0000000000003448                RingBuf_getCount
 .text.RingBuf_getPointer
                0x000000000000344c       0x28 /project/staging/core_examples/simplelink-lowpower-f3-sdk/source/ti/drivers/lib/gcc/m0p/drivers_cc23x0r5.a(RingBuf.c.obj)
                0x000000000000344c                RingBuf_getPointer
 .text.RingBuf_flush
                0x0000000000003474       0x1c /project/staging/core_examples/simplelink-lowpower-f3-sdk/source/ti/drivers/lib/gcc/m0p/drivers_cc23x0r5.a(RingBuf.c.obj)
                0x0000000000003474                RingBuf_flush
 .text.RingBuf_put
                0x0000000000003490       0x48 /project/staging/core_examples/simplelink-lowpower-f3-sdk/source/ti/drivers/lib/gcc/m0p/drivers_cc23x0r5.a(RingBuf.c.obj)
                0x0000000000003490                RingBuf_put
 .text.RingBuf_putAdvance
                0x00000000000034d8       0x44 /project/staging/core_examples/simplelink-lowpower-f3-sdk/source/ti/drivers/lib/gcc/m0p/drivers_cc23x0r5.a(RingBuf.c.obj)
                0x00000000000034d8                RingBuf_putAdvance
 .text.RingBuf_putPointer
                0x000000000000351c       0x34 /project/staging/core_examples/simplelink-lowpower-f3-sdk/source/ti/drivers/lib/gcc/m0p/drivers_cc23x0r5.a(RingBuf.c.obj)
                0x000000000000351c                RingBuf_putPointer
 .text.batMonHwiFxn
                0x0000000000003550       0x54 /project/staging/core_examples/simplelink-lowpower-f3-sdk/source/ti/drivers/lib/gcc/m0p/drivers_cc23x0r5.a(BatMonSupportLPF3.c.obj)
 .text.BatMonSupportLPF3_init
                0x00000000000035a4       0x9c /project/staging/core_examples/simplelink-lowpower-f3-sdk/source/ti/drivers/lib/gcc/m0p/drivers_cc23x0r5.a(BatMonSupportLPF3.c.obj)
                0x00000000000035a4                BatMonSupportLPF3_init
 .text.BatMonSupportLPF3_registerTemperatureCb
                0x0000000000003640       0x20 /project/staging/core_examples/simplelink-lowpower-f3-sdk/source/ti/drivers/lib/gcc/m0p/drivers_cc23x0r5.a(BatMonSupportLPF3.c.obj)
                0x0000000000003640                BatMonSupportLPF3_registerTemperatureCb
 .text.NoRTOS_start
                0x0000000000003660        0x8 /project/staging/core_examples/simplelink-lowpower-f3-sdk/kernel/nortos/lib/gcc/m0p/nortos_cc23x0r5.a(NoRTOS.c.obj)
                0x0000000000003660                NoRTOS_start
 .text.sleep    0x0000000000003668        0x8 /project/staging/core_examples/simplelink-lowpower-f3-sdk/kernel/nortos/lib/gcc/m0p/nortos_cc23x0r5.a(posix_sleep.c.obj)
                0x0000000000003668                sleep
 .text.clkFxn   0x0000000000003670        0x4 /project/staging/core_examples/simplelink-lowpower-f3-sdk/kernel/nortos/lib/gcc/m0p/nortos_cc23x0r5.a(SemaphoreP_nortos.c.obj)
                0x0000000000003670                clkFxn
 .text.SemaphoreP_construct
                0x0000000000003674       0x68 /project/staging/core_examples/simplelink-lowpower-f3-sdk/kernel/nortos/lib/gcc/m0p/nortos_cc23x0r5.a(SemaphoreP_nortos.c.obj)
                0x0000000000003674                SemaphoreP_construct
 .text.SemaphoreP_constructBinary
                0x00000000000036dc       0x40 /project/staging/core_examples/simplelink-lowpower-f3-sdk/kernel/nortos/lib/gcc/m0p/nortos_cc23x0r5.a(SemaphoreP_nortos.c.obj)
                0x00000000000036dc                SemaphoreP_constructBinary
 .text.SemaphoreP_createBinary
                0x000000000000371c       0x44 /project/staging/core_examples/simplelink-lowpower-f3-sdk/kernel/nortos/lib/gcc/m0p/nortos_cc23x0r5.a(SemaphoreP_nortos.c.obj)
                0x000000000000371c                SemaphoreP_createBinary
 .text.SemaphoreP_destruct
                0x0000000000003760        0x4 /project/staging/core_examples/simplelink-lowpower-f3-sdk/kernel/nortos/lib/gcc/m0p/nortos_cc23x0r5.a(SemaphoreP_nortos.c.obj)
                0x0000000000003760                SemaphoreP_destruct
 .text.SemaphoreP_delete
                0x0000000000003764        0x8 /project/staging/core_examples/simplelink-lowpower-f3-sdk/kernel/nortos/lib/gcc/m0p/nortos_cc23x0r5.a(SemaphoreP_nortos.c.obj)
                0x0000000000003764                SemaphoreP_delete
 .text.SemaphoreP_pend
                0x000000000000376c      0x10c /project/staging/core_examples/simplelink-lowpower-f3-sdk/kernel/nortos/lib/gcc/m0p/nortos_cc23x0r5.a(SemaphoreP_nortos.c.obj)
                0x000000000000376c                SemaphoreP_pend
 .text.SemaphoreP_post
                0x0000000000003878       0x48 /project/staging/core_examples/simplelink-lowpower-f3-sdk/kernel/nortos/lib/gcc/m0p/nortos_cc23x0r5.a(SemaphoreP_nortos.c.obj)
                0x0000000000003878                SemaphoreP_post
 .text.doPrint  0x00000000000038c0      0x534 /project/staging/core_examples/simplelink-lowpower-f3-sdk/kernel/nortos/lib/gcc/m0p/nortos_cc23x0r5.a(SystemP_nortos.c.obj)
 .text.SystemP_vsnprintf
                0x0000000000003df4        0x8 /project/staging/core_examples/simplelink-lowpower-f3-sdk/kernel/nortos/lib/gcc/m0p/nortos_cc23x0r5.a(SystemP_nortos.c.obj)
                0x0000000000003df4                SystemP_vsnprintf
 .text.sleepClkFxn
                0x0000000000003dfc        0x8 /project/staging/core_examples/simplelink-lowpower-f3-sdk/kernel/nortos/lib/gcc/m0p/nortos_cc23x0r5.a(ClockPLPF3_nortos.c.obj)
 .text.ClockP_hwiCallback
                0x0000000000003e04      0x110 /project/staging/core_examples/simplelink-lowpower-f3-sdk/kernel/nortos/lib/gcc/m0p/nortos_cc23x0r5.a(ClockPLPF3_nortos.c.obj)
 .text.sleepTicks
                0x0000000000003f14      0x190 /project/staging/core_examples/simplelink-lowpower-f3-sdk/kernel/nortos/lib/gcc/m0p/nortos_cc23x0r5.a(ClockPLPF3_nortos.c.obj)
 .text.ClockP_startup
                0x00000000000040a4       0xb0 /project/staging/core_examples/simplelink-lowpower-f3-sdk/kernel/nortos/lib/gcc/m0p/nortos_cc23x0r5.a(ClockPLPF3_nortos.c.obj)
                0x00000000000040a4                ClockP_startup
 .text.ClockP_destruct
                0x0000000000004154       0x10 /project/staging/core_examples/simplelink-lowpower-f3-sdk/kernel/nortos/lib/gcc/m0p/nortos_cc23x0r5.a(ClockPLPF3_nortos.c.obj)
                0x0000000000004154                ClockP_destruct
 .text.ClockP_add
                0x0000000000004164       0x1c /project/staging/core_examples/simplelink-lowpower-f3-sdk/kernel/nortos/lib/gcc/m0p/nortos_cc23x0r5.a(ClockPLPF3_nortos.c.obj)
                0x0000000000004164                ClockP_add
 .text.ClockP_start
                0x0000000000004180       0x80 /project/staging/core_examples/simplelink-lowpower-f3-sdk/kernel/nortos/lib/gcc/m0p/nortos_cc23x0r5.a(ClockPLPF3_nortos.c.obj)
                0x0000000000004180                ClockP_start
 .text.ClockP_isActive
                0x0000000000004200        0x8 /project/staging/core_examples/simplelink-lowpower-f3-sdk/kernel/nortos/lib/gcc/m0p/nortos_cc23x0r5.a(ClockPLPF3_nortos.c.obj)
                0x0000000000004200                ClockP_isActive
 .text.ClockP_getCpuFreq
                0x0000000000004208        0xc /project/staging/core_examples/simplelink-lowpower-f3-sdk/kernel/nortos/lib/gcc/m0p/nortos_cc23x0r5.a(ClockPLPF3_nortos.c.obj)
                0x0000000000004208                ClockP_getCpuFreq
 .text.ClockP_sleep
                0x0000000000004214       0x24 /project/staging/core_examples/simplelink-lowpower-f3-sdk/kernel/nortos/lib/gcc/m0p/nortos_cc23x0r5.a(ClockPLPF3_nortos.c.obj)
                0x0000000000004214                ClockP_sleep
 .text.HwiP_dispatch
                0x0000000000004238       0x24 /project/staging/core_examples/simplelink-lowpower-f3-sdk/kernel/nortos/lib/gcc/m0p/nortos_cc23x0r5.a(HwiPCC23X0_nortos.c.obj)
                0x0000000000004238                HwiP_dispatch
 .text.HwiP_clearInterrupt
                0x000000000000425c        0x8 /project/staging/core_examples/simplelink-lowpower-f3-sdk/kernel/nortos/lib/gcc/m0p/nortos_cc23x0r5.a(HwiPCC23X0_nortos.c.obj)
                0x000000000000425c                HwiP_clearInterrupt
 .text.HwiP_construct
                0x0000000000004264       0x88 /project/staging/core_examples/simplelink-lowpower-f3-sdk/kernel/nortos/lib/gcc/m0p/nortos_cc23x0r5.a(HwiPCC23X0_nortos.c.obj)
                0x0000000000004264                HwiP_construct
 .text.HwiP_destruct
                0x00000000000042ec       0x14 /project/staging/core_examples/simplelink-lowpower-f3-sdk/kernel/nortos/lib/gcc/m0p/nortos_cc23x0r5.a(HwiPCC23X0_nortos.c.obj)
                0x00000000000042ec                HwiP_destruct
 .text.HwiP_disable
                0x0000000000004300        0xc /project/staging/core_examples/simplelink-lowpower-f3-sdk/kernel/nortos/lib/gcc/m0p/nortos_cc23x0r5.a(HwiPCC23X0_nortos.c.obj)
                0x0000000000004300                HwiP_disable
 .text.HwiP_enable
                0x000000000000430c        0x8 /project/staging/core_examples/simplelink-lowpower-f3-sdk/kernel/nortos/lib/gcc/m0p/nortos_cc23x0r5.a(HwiPCC23X0_nortos.c.obj)
                0x000000000000430c                HwiP_enable
 .text.HwiP_enableInterrupt
                0x0000000000004314        0x8 /project/staging/core_examples/simplelink-lowpower-f3-sdk/kernel/nortos/lib/gcc/m0p/nortos_cc23x0r5.a(HwiPCC23X0_nortos.c.obj)
                0x0000000000004314                HwiP_enableInterrupt
 .text.HwiP_interruptsEnabled
                0x000000000000431c        0xc /project/staging/core_examples/simplelink-lowpower-f3-sdk/kernel/nortos/lib/gcc/m0p/nortos_cc23x0r5.a(HwiPCC23X0_nortos.c.obj)
                0x000000000000431c                HwiP_interruptsEnabled
 .text.HwiP_inISR
                0x0000000000004328       0x14 /project/staging/core_examples/simplelink-lowpower-f3-sdk/kernel/nortos/lib/gcc/m0p/nortos_cc23x0r5.a(HwiPCC23X0_nortos.c.obj)
                0x0000000000004328                HwiP_inISR
 .text.HwiP_Params_init
                0x000000000000433c       0x14 /project/staging/core_examples/simplelink-lowpower-f3-sdk/kernel/nortos/lib/gcc/m0p/nortos_cc23x0r5.a(HwiPCC23X0_nortos.c.obj)
                0x000000000000433c                HwiP_Params_init
 .text.HwiP_restore
                0x0000000000004350        0xc /project/staging/core_examples/simplelink-lowpower-f3-sdk/kernel/nortos/lib/gcc/m0p/nortos_cc23x0r5.a(HwiPCC23X0_nortos.c.obj)
                0x0000000000004350                HwiP_restore
 .text.HwiP_setFunc
                0x000000000000435c       0x18 /project/staging/core_examples/simplelink-lowpower-f3-sdk/kernel/nortos/lib/gcc/m0p/nortos_cc23x0r5.a(HwiPCC23X0_nortos.c.obj)
                0x000000000000435c                HwiP_setFunc
 .text.PowerCC23X0_standbyPolicy
                0x0000000000004374      0x1d0 /project/staging/core_examples/simplelink-lowpower-f3-sdk/kernel/nortos/lib/gcc/m0p/nortos_cc23x0r5.a(PowerCC23X0_nortos.c.obj)
                0x0000000000004374                PowerCC23X0_standbyPolicy
 .text.resetISR
                0x0000000000004544        0xc /project/staging/core_examples/simplelink-lowpower-f3-sdk/kernel/nortos/lib/gcc/m0p/nortos_cc23x0r5.a(startup_cc23x0r5_gcc.c.obj)
                0x0000000000004544                resetISR
 .text.nmiISR   0x0000000000004550        0x4 /project/staging/core_examples/simplelink-lowpower-f3-sdk/kernel/nortos/lib/gcc/m0p/nortos_cc23x0r5.a(startup_cc23x0r5_gcc.c.obj)
 .text.faultISR
                0x0000000000004554        0x4 /project/staging/core_examples/simplelink-lowpower-f3-sdk/kernel/nortos/lib/gcc/m0p/nortos_cc23x0r5.a(startup_cc23x0r5_gcc.c.obj)
 .text.defaultHandler
                0x0000000000004558        0x4 /project/staging/core_examples/simplelink-lowpower-f3-sdk/kernel/nortos/lib/gcc/m0p/nortos_cc23x0r5.a(startup_cc23x0r5_gcc.c.obj)
 .text.localProgramStart
                0x000000000000455c       0x78 /project/staging/core_examples/simplelink-lowpower-f3-sdk/kernel/nortos/lib/gcc/m0p/nortos_cc23x0r5.a(startup_cc23x0r5_gcc.c.obj)
                0x000000000000455c                localProgramStart
 .text._fini    0x00000000000045d4        0x4 /project/staging/core_examples/simplelink-lowpower-f3-sdk/kernel/nortos/lib/gcc/m0p/nortos_cc23x0r5.a(startup_cc23x0r5_gcc.c.obj)
                0x00000000000045d4                _fini
 .text.CPUDelay
                0x00000000000045d8        0x8 /project/staging/core_examples/simplelink-lowpower-f3-sdk/source/ti/devices/cc23x0r5/driverlib/lib/gcc/driverlib.a(cpu.c.obj)
                0x00000000000045d8                CPUDelay
 .text.IntDefaultHandler
                0x00000000000045e0        0x4 /project/staging/core_examples/simplelink-lowpower-f3-sdk/source/ti/devices/cc23x0r5/driverlib/lib/gcc/driverlib.a(interrupt.c.obj)
 .text.IntRegister
                0x00000000000045e4       0x30 /project/staging/core_examples/simplelink-lowpower-f3-sdk/source/ti/devices/cc23x0r5/driverlib/lib/gcc/driverlib.a(interrupt.c.obj)
                0x00000000000045e4                IntRegister
 .text.IntUnregister
                0x0000000000004614       0x14 /project/staging/core_examples/simplelink-lowpower-f3-sdk/source/ti/devices/cc23x0r5/driverlib/lib/gcc/driverlib.a(interrupt.c.obj)
                0x0000000000004614                IntUnregister
 .text.IntSetPriority
                0x0000000000004628       0xb4 /project/staging/core_examples/simplelink-lowpower-f3-sdk/source/ti/devices/cc23x0r5/driverlib/lib/gcc/driverlib.a(interrupt.c.obj)
                0x0000000000004628                IntSetPriority
 .text.IntEnable
                0x00000000000046dc       0x28 /project/staging/core_examples/simplelink-lowpower-f3-sdk/source/ti/devices/cc23x0r5/driverlib/lib/gcc/driverlib.a(interrupt.c.obj)
                0x00000000000046dc                IntEnable
 .text.IntDisable
                0x0000000000004704       0x2c /project/staging/core_examples/simplelink-lowpower-f3-sdk/source/ti/devices/cc23x0r5/driverlib/lib/gcc/driverlib.a(interrupt.c.obj)
                0x0000000000004704                IntDisable
 .text.IntClearPend
                0x0000000000004730       0x40 /project/staging/core_examples/simplelink-lowpower-f3-sdk/source/ti/devices/cc23x0r5/driverlib/lib/gcc/driverlib.a(interrupt.c.obj)
                0x0000000000004730                IntClearPend
 .text.LRFDSetClockDependency
                0x0000000000004770       0x60 /project/staging/core_examples/simplelink-lowpower-f3-sdk/source/ti/devices/cc23x0r5/driverlib/lib/gcc/driverlib.a(lrfd.c.obj)
                0x0000000000004770                LRFDSetClockDependency
 .text.LRFDReleaseClockDependency
                0x00000000000047d0       0x60 /project/staging/core_examples/simplelink-lowpower-f3-sdk/source/ti/devices/cc23x0r5/driverlib/lib/gcc/driverlib.a(lrfd.c.obj)
                0x00000000000047d0                LRFDReleaseClockDependency
 .text.LRFDApplyClockDependencies
                0x0000000000004830       0x54 /project/staging/core_examples/simplelink-lowpower-f3-sdk/source/ti/devices/cc23x0r5/driverlib/lib/gcc/driverlib.a(lrfd.c.obj)
                0x0000000000004830                LRFDApplyClockDependencies
 .text.SetupTrimDevice
                0x0000000000004884       0x48 /project/staging/core_examples/simplelink-lowpower-f3-sdk/source/ti/devices/cc23x0r5/driverlib/lib/gcc/driverlib.a(setup.c.obj)
                0x0000000000004884                SetupTrimDevice
 .text.UARTConfigSetExpClk
                0x00000000000048cc       0x4c /project/staging/core_examples/simplelink-lowpower-f3-sdk/source/ti/devices/cc23x0r5/driverlib/lib/gcc/driverlib.a(uart.c.obj)
                0x00000000000048cc                UARTConfigSetExpClk
 .text.UARTDisable
                0x0000000000004918       0x24 /project/staging/core_examples/simplelink-lowpower-f3-sdk/source/ti/devices/cc23x0r5/driverlib/lib/gcc/driverlib.a(uart.c.obj)
                0x0000000000004918                UARTDisable
 .text.uDMADisableChannelAttribute
                0x000000000000493c       0x34 /project/staging/core_examples/simplelink-lowpower-f3-sdk/source/ti/devices/cc23x0r5/driverlib/lib/gcc/driverlib.a(udma.c.obj)
                0x000000000000493c                uDMADisableChannelAttribute
 .text.uDMAGetChannelSize
                0x0000000000004970       0x18 /project/staging/core_examples/simplelink-lowpower-f3-sdk/source/ti/devices/cc23x0r5/driverlib/lib/gcc/driverlib.a(udma.c.obj)
                0x0000000000004970                uDMAGetChannelSize
 .text.malloc   0x0000000000004988       0x14 /home/developer/.conan/data/arm-none-eabi-gcc/9.2019.q4.major-0/library-msp/ga/package/44fcf6b9a7fb86b2586303e3db40189d3b511830/arm-none-eabi/lib/thumb/v6-m/nofp/libc_nano.a(lib_a-malloc.o)
                0x0000000000004988                malloc
 .text.free     0x000000000000499c       0x14 /home/developer/.conan/data/arm-none-eabi-gcc/9.2019.q4.major-0/library-msp/ga/package/44fcf6b9a7fb86b2586303e3db40189d3b511830/arm-none-eabi/lib/thumb/v6-m/nofp/libc_nano.a(lib_a-malloc.o)
                0x000000000000499c                free
 .text.memcpy   0x00000000000049b0       0x12 /home/developer/.conan/data/arm-none-eabi-gcc/9.2019.q4.major-0/library-msp/ga/package/44fcf6b9a7fb86b2586303e3db40189d3b511830/arm-none-eabi/lib/thumb/v6-m/nofp/libc_nano.a(lib_a-memcpy-stub.o)
                0x00000000000049b0                memcpy
 .text.memset   0x00000000000049c2       0x10 /home/developer/.conan/data/arm-none-eabi-gcc/9.2019.q4.major-0/library-msp/ga/package/44fcf6b9a7fb86b2586303e3db40189d3b511830/arm-none-eabi/lib/thumb/v6-m/nofp/libc_nano.a(lib_a-memset.o)
                0x00000000000049c2                memset
 *fill*         0x00000000000049d2        0x2 
 .text._free_r  0x00000000000049d4       0x94 /home/developer/.conan/data/arm-none-eabi-gcc/9.2019.q4.major-0/library-msp/ga/package/44fcf6b9a7fb86b2586303e3db40189d3b511830/arm-none-eabi/lib/thumb/v6-m/nofp/libc_nano.a(lib_a-nano-freer.o)
                0x00000000000049d4                _free_r
 .text._malloc_r
                0x0000000000004a68       0xbc /home/developer/.conan/data/arm-none-eabi-gcc/9.2019.q4.major-0/library-msp/ga/package/44fcf6b9a7fb86b2586303e3db40189d3b511830/arm-none-eabi/lib/thumb/v6-m/nofp/libc_nano.a(lib_a-nano-mallocr.o)
                0x0000000000004a68                _malloc_r
 .text._sbrk_r  0x0000000000004b24       0x24 /home/developer/.conan/data/arm-none-eabi-gcc/9.2019.q4.major-0/library-msp/ga/package/44fcf6b9a7fb86b2586303e3db40189d3b511830/arm-none-eabi/lib/thumb/v6-m/nofp/libc_nano.a(lib_a-sbrkr.o)
                0x0000000000004b24                _sbrk_r
 .text.__malloc_lock
                0x0000000000004b48       0x10 /home/developer/.conan/data/arm-none-eabi-gcc/9.2019.q4.major-0/library-msp/ga/package/44fcf6b9a7fb86b2586303e3db40189d3b511830/arm-none-eabi/lib/thumb/v6-m/nofp/libc_nano.a(lib_a-mlock.o)
                0x0000000000004b48                __malloc_lock
 .text.__malloc_unlock
                0x0000000000004b58       0x10 /home/developer/.conan/data/arm-none-eabi-gcc/9.2019.q4.major-0/library-msp/ga/package/44fcf6b9a7fb86b2586303e3db40189d3b511830/arm-none-eabi/lib/thumb/v6-m/nofp/libc_nano.a(lib_a-mlock.o)
                0x0000000000004b58                __malloc_unlock
 .text.__retarget_lock_acquire_recursive
                0x0000000000004b68        0x2 /home/developer/.conan/data/arm-none-eabi-gcc/9.2019.q4.major-0/library-msp/ga/package/44fcf6b9a7fb86b2586303e3db40189d3b511830/arm-none-eabi/lib/thumb/v6-m/nofp/libc_nano.a(lib_a-lock.o)
                0x0000000000004b68                __retarget_lock_acquire_recursive
 .text.__retarget_lock_release_recursive
                0x0000000000004b6a        0x2 /home/developer/.conan/data/arm-none-eabi-gcc/9.2019.q4.major-0/library-msp/ga/package/44fcf6b9a7fb86b2586303e3db40189d3b511830/arm-none-eabi/lib/thumb/v6-m/nofp/libc_nano.a(lib_a-lock.o)
                0x0000000000004b6a                __retarget_lock_release_recursive
 .text._sbrk    0x0000000000004b6c       0x1c /home/developer/.conan/data/arm-none-eabi-gcc/9.2019.q4.major-0/library-msp/ga/package/44fcf6b9a7fb86b2586303e3db40189d3b511830/arm-none-eabi/lib/thumb/v6-m/nofp/libnosys.a(sbrk.o)
                0x0000000000004b6c                _sbrk
                0x0000000000004b88                . = ALIGN (0x4)
 *(.ctors)
                0x0000000000004b88                . = ALIGN (0x4)
 *(.dtors)
                0x0000000000004b88                . = ALIGN (0x4)
                0x0000000000004b88                __init_array_start = .
 *(.init_array*)
                0x0000000000004b88                __init_array_end = .
 *(.init)
 *(.fini*)
                [!provide]                        PROVIDE (__etext = .)
                [!provide]                        PROVIDE (_etext = .)
                [!provide]                        PROVIDE (etext = .)

.glue_7         0x0000000000004b88        0x0
 .glue_7        0x0000000000004b88        0x0 linker stubs

.glue_7t        0x0000000000004b88        0x0
 .glue_7t       0x0000000000004b88        0x0 linker stubs

.vfp11_veneer   0x0000000000004b88        0x0
 .vfp11_veneer  0x0000000000004b88        0x0 linker stubs

.v4_bx          0x0000000000004b88        0x0
 .v4_bx         0x0000000000004b88        0x0 linker stubs

.iplt           0x0000000000004b88        0x0
 .iplt          0x0000000000004b88        0x0 temperatureNotify.obj

.rodata         0x0000000000004b88      0x1ad
 *(.rodata)
 .rodata        0x0000000000004b88       0x40 /home/developer/.conan/data/arm-none-eabi-gcc/9.2019.q4.major-0/library-msp/ga/package/44fcf6b9a7fb86b2586303e3db40189d3b511830/bin/../lib/gcc/arm-none-eabi/9.2.1/thumb/v6-m/nofp/libgcc.a(muldf3.o)
 *(.rodata.*)
 .rodata.mainThread.str1.4
                0x0000000000004bc8       0x46 temperatureNotify.obj
 *fill*         0x0000000000004c0e        0x2 
 .rodata.BatMonSupportLPF3_config
                0x0000000000004c10        0xc ti_drivers_config.obj
                0x0000000000004c10                BatMonSupportLPF3_config
 .rodata.Display_config
                0x0000000000004c1c        0xc ti_drivers_config.obj
                0x0000000000004c1c                Display_config
 .rodata.Display_count
                0x0000000000004c28        0x1 ti_drivers_config.obj
                0x0000000000004c28                Display_count
 *fill*         0x0000000000004c29        0x3 
 .rodata.GPIO_config
                0x0000000000004c2c       0x10 ti_drivers_config.obj
                0x0000000000004c2c                GPIO_config
 .rodata.GPIO_pinLowerBound
                0x0000000000004c3c        0x1 ti_drivers_config.obj
                0x0000000000004c3c                GPIO_pinLowerBound
 .rodata.GPIO_pinUpperBound
                0x0000000000004c3d        0x1 ti_drivers_config.obj
                0x0000000000004c3d                GPIO_pinUpperBound
 *fill*         0x0000000000004c3e        0x2 
 .rodata.PowerCC23X0_config
                0x0000000000004c40        0x8 ti_drivers_config.obj
                0x0000000000004c40                PowerCC23X0_config
 .rodata.UART2LPF3_hwAttrs
                0x0000000000004c48       0x58 ti_drivers_config.obj
 .rodata.UART2_config
                0x0000000000004ca0        0x8 ti_drivers_config.obj
                0x0000000000004ca0                UART2_config
 .rodata.UART2_count
                0x0000000000004ca8        0x1 ti_drivers_config.obj
                0x0000000000004ca8                UART2_count
 *fill*         0x0000000000004ca9        0x3 
 .rodata.UDMALPF3_config
                0x0000000000004cac        0x4 ti_drivers_config.obj
                0x0000000000004cac                UDMALPF3_config
 .rodata.displayUart2HWAttrs
                0x0000000000004cb0       0x14 ti_drivers_config.obj
                0x0000000000004cb0                displayUart2HWAttrs
 .rodata.Display_defaultParams
                0x0000000000004cc4        0x1 /project/staging/core_examples/simplelink-lowpower-f3-sdk/source/ti/display/lib/gcc/m0p/display_cc23x0r5.a(Display.c.obj)
                0x0000000000004cc4                Display_defaultParams
 *fill*         0x0000000000004cc5        0x3 
 .rodata.DisplayUart2Min_fxnTable
                0x0000000000004cc8       0x20 /project/staging/core_examples/simplelink-lowpower-f3-sdk/source/ti/display/lib/gcc/m0p/display_cc23x0r5.a(DisplayUart2.c.obj)
                0x0000000000004cc8                DisplayUart2Min_fxnTable
 .rodata.UART2_defaultParams
                0x0000000000004ce8       0x24 /project/staging/core_examples/simplelink-lowpower-f3-sdk/source/ti/drivers/lib/gcc/m0p/drivers_cc23x0r5.a(UART2.c.obj)
                0x0000000000004ce8                UART2_defaultParams
 .rodata.dataLength
                0x0000000000004d0c        0x4 /project/staging/core_examples/simplelink-lowpower-f3-sdk/source/ti/drivers/lib/gcc/m0p/drivers_cc23x0r5.a(UART2LPF3.c.obj)
 .rodata.parityType
                0x0000000000004d10        0x5 /project/staging/core_examples/simplelink-lowpower-f3-sdk/source/ti/drivers/lib/gcc/m0p/drivers_cc23x0r5.a(UART2LPF3.c.obj)
 *fill*         0x0000000000004d15        0x3 
 .rodata.stopBits
                0x0000000000004d18        0x2 /project/staging/core_examples/simplelink-lowpower-f3-sdk/source/ti/drivers/lib/gcc/m0p/drivers_cc23x0r5.a(UART2LPF3.c.obj)
 *fill*         0x0000000000004d1a        0x2 
 .rodata.doPrint.str1.4
                0x0000000000004d1c       0x19 /project/staging/core_examples/simplelink-lowpower-f3-sdk/kernel/nortos/lib/gcc/m0p/nortos_cc23x0r5.a(SystemP_nortos.c.obj)
 *(.timestampPFormat)

.data           0x0000000020000420       0xe0 load address 0x0000000000004d38
                0x0000000000004d38                __data_load__ = LOADADDR (.data)
                0x0000000020000420                __data_start__ = .
 *(.data)
 *(.data.*)
 .data.gpioPinConfigs
                0x0000000020000420       0x68 ti_drivers_config.obj
                0x0000000020000420                gpioPinConfigs
 .data.powerState
                0x0000000020000488        0x1 /project/staging/core_examples/simplelink-lowpower-f3-sdk/source/ti/drivers/lib/gcc/m0p/drivers_cc23x0r5.a(PowerCC23X0.c.obj)
 *fill*         0x0000000020000489        0x1 
 .data.currentThresholdHigh
                0x000000002000048a        0x2 /project/staging/core_examples/simplelink-lowpower-f3-sdk/source/ti/drivers/lib/gcc/m0p/drivers_cc23x0r5.a(TemperatureLPF3.c.obj)
 .data.currentThresholdLow
                0x000000002000048c        0x2 /project/staging/core_examples/simplelink-lowpower-f3-sdk/source/ti/drivers/lib/gcc/m0p/drivers_cc23x0r5.a(TemperatureLPF3.c.obj)
 *fill*         0x000000002000048e        0x2 
 .data.SemaphoreP_defaultParams
                0x0000000020000490        0x8 /project/staging/core_examples/simplelink-lowpower-f3-sdk/kernel/nortos/lib/gcc/m0p/nortos_cc23x0r5.a(SemaphoreP_nortos.c.obj)
                0x0000000020000490                SemaphoreP_defaultParams
 .data.HwiP_swiPIntNum
                0x0000000020000498        0x4 /project/staging/core_examples/simplelink-lowpower-f3-sdk/kernel/nortos/lib/gcc/m0p/nortos_cc23x0r5.a(HwiPCC23X0_nortos.c.obj)
                0x0000000020000498                HwiP_swiPIntNum
 .data._impure_ptr
                0x000000002000049c        0x4 /home/developer/.conan/data/arm-none-eabi-gcc/9.2019.q4.major-0/library-msp/ga/package/44fcf6b9a7fb86b2586303e3db40189d3b511830/arm-none-eabi/lib/thumb/v6-m/nofp/libc_nano.a(lib_a-impure.o)
                0x000000002000049c                _impure_ptr
 .data.impure_data
                0x00000000200004a0       0x60 /home/developer/.conan/data/arm-none-eabi-gcc/9.2019.q4.major-0/library-msp/ga/package/44fcf6b9a7fb86b2586303e3db40189d3b511830/arm-none-eabi/lib/thumb/v6-m/nofp/libc_nano.a(lib_a-impure.o)
                0x0000000020000500                . = ALIGN (0x2)
 *(.TI.ramfunc)
                0x0000000020000500                . = ALIGN (0x4)
                0x0000000020000500                __data_end__ = .

.igot.plt       0x0000000020000500        0x0 load address 0x0000000000004e18
 .igot.plt      0x0000000020000500        0x0 temperatureNotify.obj

.ARM.exidx      0x0000000000004e18        0x0
                0x0000000000004e18                __exidx_start = .
 *(.ARM.exidx* .gnu.linkonce.armexidx.*)
                0x0000000000004e18                __exidx_end = .

.ARM.extab
 *(.ARM.extab* .gnu.linkonce.armextab.*)

.nvs
 *(.nvs)

.ccfg           0x000000004e020000      0x800
 *(.ccfg)
 .ccfg          0x000000004e020000      0x800 ti_devices_config.obj
                0x000000004e020000                ccfg

.rel.dyn        0x000000004e020800        0x0
 .rel.iplt      0x000000004e020800        0x0 temperatureNotify.obj

.bss            0x0000000020000500      0x8ac
                0x0000000020000500                __bss_start__ = .
 *(.shbss)
 *(.bss)
 *(.bss.*)
 .bss.displayUART2Buffer
                0x0000000020000500      0x400 ti_drivers_config.obj
 .bss.uart2RxRingBuffer0
                0x0000000020000900       0x20 ti_drivers_config.obj
 .bss.uart2TxRingBuffer0
                0x0000000020000920       0x20 ti_drivers_config.obj
 .bss.isOpen    0x0000000020000940        0x1 /project/staging/core_examples/simplelink-lowpower-f3-sdk/source/ti/drivers/lib/gcc/m0p/drivers_cc23x0r5.a(UDMALPF3.c.obj)
 *fill*         0x0000000020000941        0x3 
 .bss.postNotify
                0x0000000020000944       0x14 /project/staging/core_examples/simplelink-lowpower-f3-sdk/source/ti/drivers/lib/gcc/m0p/drivers_cc23x0r5.a(UDMALPF3.c.obj)
 .bss.gpioHwi   0x0000000020000958       0x1c /project/staging/core_examples/simplelink-lowpower-f3-sdk/source/ti/drivers/lib/gcc/m0p/drivers_cc23x0r5.a(GPIOLPF3.c.obj)
 .bss.initCalled
                0x0000000020000974        0x1 /project/staging/core_examples/simplelink-lowpower-f3-sdk/source/ti/drivers/lib/gcc/m0p/drivers_cc23x0r5.a(GPIOLPF3.c.obj)
 *fill*         0x0000000020000975        0x3 
 .bss.ckmHwi    0x0000000020000978       0x1c /project/staging/core_examples/simplelink-lowpower-f3-sdk/source/ti/drivers/lib/gcc/m0p/drivers_cc23x0r5.a(PowerCC23X0.c.obj)
 .bss.constraintCounts
                0x0000000020000994        0x4 /project/staging/core_examples/simplelink-lowpower-f3-sdk/source/ti/drivers/lib/gcc/m0p/drivers_cc23x0r5.a(PowerCC23X0.c.obj)
 .bss.constraintMask
                0x0000000020000998        0x4 /project/staging/core_examples/simplelink-lowpower-f3-sdk/source/ti/drivers/lib/gcc/m0p/drivers_cc23x0r5.a(PowerCC23X0.c.obj)
 .bss.controlPreStandby.4975
                0x000000002000099c        0x4 /project/staging/core_examples/simplelink-lowpower-f3-sdk/source/ti/drivers/lib/gcc/m0p/drivers_cc23x0r5.a(PowerCC23X0.c.obj)
 .bss.isInitialized
                0x00000000200009a0        0x1 /project/staging/core_examples/simplelink-lowpower-f3-sdk/source/ti/drivers/lib/gcc/m0p/drivers_cc23x0r5.a(PowerCC23X0.c.obj)
 .bss.isPolicyEnabled
                0x00000000200009a1        0x1 /project/staging/core_examples/simplelink-lowpower-f3-sdk/source/ti/drivers/lib/gcc/m0p/drivers_cc23x0r5.a(PowerCC23X0.c.obj)
 *fill*         0x00000000200009a2        0x2 
 .bss.notifyList
                0x00000000200009a4        0x8 /project/staging/core_examples/simplelink-lowpower-f3-sdk/source/ti/drivers/lib/gcc/m0p/drivers_cc23x0r5.a(PowerCC23X0.c.obj)
 .bss.policyFxn
                0x00000000200009ac        0x4 /project/staging/core_examples/simplelink-lowpower-f3-sdk/source/ti/drivers/lib/gcc/m0p/drivers_cc23x0r5.a(PowerCC23X0.c.obj)
 .bss.resourceCountsClkctl0
                0x00000000200009b0       0x1f /project/staging/core_examples/simplelink-lowpower-f3-sdk/source/ti/drivers/lib/gcc/m0p/drivers_cc23x0r5.a(PowerCC23X0.c.obj)
 *fill*         0x00000000200009cf        0x1 
 .bss.resourceCountsLrfd
                0x00000000200009d0        0xc /project/staging/core_examples/simplelink-lowpower-f3-sdk/source/ti/drivers/lib/gcc/m0p/drivers_cc23x0r5.a(PowerCC23X0.c.obj)
 .bss.isInitialized
                0x00000000200009dc        0x1 /project/staging/core_examples/simplelink-lowpower-f3-sdk/source/ti/drivers/lib/gcc/m0p/drivers_cc23x0r5.a(TemperatureLPF3.c.obj)
 *fill*         0x00000000200009dd        0x3 
 .bss.notificationList
                0x00000000200009e0        0x8 /project/staging/core_examples/simplelink-lowpower-f3-sdk/source/ti/drivers/lib/gcc/m0p/drivers_cc23x0r5.a(TemperatureLPF3.c.obj)
 .bss.batMonHwi
                0x00000000200009e8       0x1c /project/staging/core_examples/simplelink-lowpower-f3-sdk/source/ti/drivers/lib/gcc/m0p/drivers_cc23x0r5.a(BatMonSupportLPF3.c.obj)
 .bss.batteryCb
                0x0000000020000a04        0x4 /project/staging/core_examples/simplelink-lowpower-f3-sdk/source/ti/drivers/lib/gcc/m0p/drivers_cc23x0r5.a(BatMonSupportLPF3.c.obj)
 .bss.batteryEventMask
                0x0000000020000a08        0x4 /project/staging/core_examples/simplelink-lowpower-f3-sdk/source/ti/drivers/lib/gcc/m0p/drivers_cc23x0r5.a(BatMonSupportLPF3.c.obj)
 .bss.isInitialized
                0x0000000020000a0c        0x1 /project/staging/core_examples/simplelink-lowpower-f3-sdk/source/ti/drivers/lib/gcc/m0p/drivers_cc23x0r5.a(BatMonSupportLPF3.c.obj)
 *fill*         0x0000000020000a0d        0x3 
 .bss.temperatureCb
                0x0000000020000a10        0x4 /project/staging/core_examples/simplelink-lowpower-f3-sdk/source/ti/drivers/lib/gcc/m0p/drivers_cc23x0r5.a(BatMonSupportLPF3.c.obj)
 .bss.temperatureEventMask
                0x0000000020000a14        0x4 /project/staging/core_examples/simplelink-lowpower-f3-sdk/source/ti/drivers/lib/gcc/m0p/drivers_cc23x0r5.a(BatMonSupportLPF3.c.obj)
 .bss.SemaphoreP_initialized
                0x0000000020000a18        0x1 /project/staging/core_examples/simplelink-lowpower-f3-sdk/kernel/nortos/lib/gcc/m0p/nortos_cc23x0r5.a(SemaphoreP_nortos.c.obj)
 .bss.doEnablePolicy
                0x0000000020000a19        0x1 /project/staging/core_examples/simplelink-lowpower-f3-sdk/kernel/nortos/lib/gcc/m0p/nortos_cc23x0r5.a(SemaphoreP_nortos.c.obj)
 .bss.pendInProgress
                0x0000000020000a1a        0x1 /project/staging/core_examples/simplelink-lowpower-f3-sdk/kernel/nortos/lib/gcc/m0p/nortos_cc23x0r5.a(SemaphoreP_nortos.c.obj)
 *fill*         0x0000000020000a1b        0x1 
 .bss.ClockP_defaultParams
                0x0000000020000a1c        0xc /project/staging/core_examples/simplelink-lowpower-f3-sdk/kernel/nortos/lib/gcc/m0p/nortos_cc23x0r5.a(ClockPLPF3_nortos.c.obj)
 .bss.ClockP_inWorkFunc
                0x0000000020000a28        0x1 /project/staging/core_examples/simplelink-lowpower-f3-sdk/kernel/nortos/lib/gcc/m0p/nortos_cc23x0r5.a(ClockPLPF3_nortos.c.obj)
 .bss.ClockP_initialized
                0x0000000020000a29        0x1 /project/staging/core_examples/simplelink-lowpower-f3-sdk/kernel/nortos/lib/gcc/m0p/nortos_cc23x0r5.a(ClockPLPF3_nortos.c.obj)
 *fill*         0x0000000020000a2a        0x2 
 .bss.ClockP_list
                0x0000000020000a2c        0x8 /project/staging/core_examples/simplelink-lowpower-f3-sdk/kernel/nortos/lib/gcc/m0p/nortos_cc23x0r5.a(ClockPLPF3_nortos.c.obj)
 .bss.ClockP_nextScheduledTick
                0x0000000020000a34        0x4 /project/staging/core_examples/simplelink-lowpower-f3-sdk/kernel/nortos/lib/gcc/m0p/nortos_cc23x0r5.a(ClockPLPF3_nortos.c.obj)
 .bss.ClockP_startDuringWorkFunc
                0x0000000020000a38        0x1 /project/staging/core_examples/simplelink-lowpower-f3-sdk/kernel/nortos/lib/gcc/m0p/nortos_cc23x0r5.a(ClockPLPF3_nortos.c.obj)
 *fill*         0x0000000020000a39        0x3 
 .bss.ClockP_ticks
                0x0000000020000a3c        0x4 /project/staging/core_examples/simplelink-lowpower-f3-sdk/kernel/nortos/lib/gcc/m0p/nortos_cc23x0r5.a(ClockPLPF3_nortos.c.obj)
 .bss.HwiP_dispatchTable
                0x0000000020000a40       0x8c /project/staging/core_examples/simplelink-lowpower-f3-sdk/kernel/nortos/lib/gcc/m0p/nortos_cc23x0r5.a(HwiPCC23X0_nortos.c.obj)
 .bss.sysTimerTimeouts
                0x0000000020000acc       0x14 /project/staging/core_examples/simplelink-lowpower-f3-sdk/kernel/nortos/lib/gcc/m0p/nortos_cc23x0r5.a(PowerCC23X0_nortos.c.obj)
 .bss.lrfdClockDependencySets
                0x0000000020000ae0        0x4 /project/staging/core_examples/simplelink-lowpower-f3-sdk/source/ti/devices/cc23x0r5/driverlib/lib/gcc/driverlib.a(lrfd.c.obj)
 .bss.lrfdClocked
                0x0000000020000ae4        0x1 /project/staging/core_examples/simplelink-lowpower-f3-sdk/source/ti/devices/cc23x0r5/driverlib/lib/gcc/driverlib.a(lrfd.c.obj)
 *fill*         0x0000000020000ae5        0x3 
 .bss.__malloc_free_list
                0x0000000020000ae8        0x4 /home/developer/.conan/data/arm-none-eabi-gcc/9.2019.q4.major-0/library-msp/ga/package/44fcf6b9a7fb86b2586303e3db40189d3b511830/arm-none-eabi/lib/thumb/v6-m/nofp/libc_nano.a(lib_a-nano-mallocr.o)
                0x0000000020000ae8                __malloc_free_list
 .bss.__malloc_sbrk_start
                0x0000000020000aec        0x4 /home/developer/.conan/data/arm-none-eabi-gcc/9.2019.q4.major-0/library-msp/ga/package/44fcf6b9a7fb86b2586303e3db40189d3b511830/arm-none-eabi/lib/thumb/v6-m/nofp/libc_nano.a(lib_a-nano-mallocr.o)
                0x0000000020000aec                __malloc_sbrk_start
 .bss.heap_end.4144
                0x0000000020000af0        0x4 /home/developer/.conan/data/arm-none-eabi-gcc/9.2019.q4.major-0/library-msp/ga/package/44fcf6b9a7fb86b2586303e3db40189d3b511830/arm-none-eabi/lib/thumb/v6-m/nofp/libnosys.a(sbrk.o)
 *(COMMON)
 COMMON         0x0000000020000af4       0x30 temperatureNotify.obj
                0x0000000020000af4                deltaNotification
                0x0000000020000b0c                aboveBelowNotification
 COMMON         0x0000000020000b24      0x25c ti_drivers_config.obj
                0x0000000020000b24                displayUart2Object
                0x0000000020000b30                UART2LPF3_objects
                0x0000000020000cb0                gpioCallbackFunctions
                0x0000000020000d18                gpioUserArgs
 COMMON         0x0000000020000d80       0x1c /project/staging/core_examples/simplelink-lowpower-f3-sdk/source/ti/drivers/lib/gcc/m0p/drivers_cc23x0r5.a(PowerCC23X0.c.obj)
                0x0000000020000d80                clockHwi
 COMMON         0x0000000020000d9c        0x4 /home/developer/.conan/data/arm-none-eabi-gcc/9.2019.q4.major-0/library-msp/ga/package/44fcf6b9a7fb86b2586303e3db40189d3b511830/arm-none-eabi/lib/thumb/v6-m/nofp/libc_nano.a(lib_a-reent.o)
                0x0000000020000d9c                errno
 COMMON         0x0000000020000da0        0x9 /home/developer/.conan/data/arm-none-eabi-gcc/9.2019.q4.major-0/library-msp/ga/package/44fcf6b9a7fb86b2586303e3db40189d3b511830/arm-none-eabi/lib/thumb/v6-m/nofp/libc_nano.a(lib_a-lock.o)
                0x0000000020000da0                __lock___atexit_recursive_mutex
                0x0000000020000da1                __lock___arc4random_mutex
                0x0000000020000da2                __lock___env_recursive_mutex
                0x0000000020000da3                __lock___sinit_recursive_mutex
                0x0000000020000da4                __lock___malloc_recursive_mutex
                0x0000000020000da5                __lock___at_quick_exit_mutex
                0x0000000020000da6                __lock___dd_hash_mutex
                0x0000000020000da7                __lock___tz_mutex
                0x0000000020000da8                __lock___sfp_recursive_mutex
                0x0000000020000dac                . = ALIGN (0x4)
 *fill*         0x0000000020000da9        0x3 
                0x0000000020000dac                __bss_end__ = .

.s2rram
 *(.s2rram)

.heap           0x0000000020000dac     0x2004
                0x0000000020000dac                __heap_start__ = .
                0x0000000020000dac                end = __heap_start__
                0x0000000020000dac                _end = end
                0x0000000020000dac                __end = end
                0x0000000020002db0                . = (. + HEAPSIZE)
 *fill*         0x0000000020000dac     0x2004 
 *(.heap)
                0x0000000020002db0                __heap_end__ = .
                0x0000000020002db0                __HeapLimit = __heap_end__

.stack          0x0000000020002db0      0x400
                0x0000000020002db0                _stack = .
                0x0000000020002db0                __stack = .
 *(.stack)
                0x00000000200031b0                . = (. + STACKSIZE)
 *fill*         0x0000000020002db0      0x400 
                0x00000000200031b0                _stack_end = .
                0x00000000200031b0                __stack_end = .

.log_data
 *(.log_data)

.log_ptr
 *(.log_ptr*)
LOAD ti_utils_build_linker.cmd.genlibs
LOAD /project/staging/core_examples/simplelink-lowpower-f3-sdk/source/ti/display/lib/gcc/m0p/display_cc23x0r5.a
LOAD /project/staging/core_examples/simplelink-lowpower-f3-sdk/source/ti/drivers/lib/gcc/m0p/drivers_cc23x0r5.a
LOAD /project/staging/core_examples/simplelink-lowpower-f3-sdk/kernel/nortos/lib/gcc/m0p/nortos_cc23x0r5.a
LOAD /project/staging/core_examples/simplelink-lowpower-f3-sdk/source/ti/devices/cc23x0r5/driverlib/lib/gcc/driverlib.a
LOAD /home/developer/.conan/data/arm-none-eabi-gcc/9.2019.q4.major-0/library-msp/ga/package/44fcf6b9a7fb86b2586303e3db40189d3b511830/bin/../lib/gcc/arm-none-eabi/9.2.1/thumb/v6-m/nofp/libgcc.a
LOAD /home/developer/.conan/data/arm-none-eabi-gcc/9.2019.q4.major-0/library-msp/ga/package/44fcf6b9a7fb86b2586303e3db40189d3b511830/arm-none-eabi/lib/thumb/v6-m/nofp/libc_nano.a
LOAD /home/developer/.conan/data/arm-none-eabi-gcc/9.2019.q4.major-0/library-msp/ga/package/44fcf6b9a7fb86b2586303e3db40189d3b511830/arm-none-eabi/lib/thumb/v6-m/nofp/libm.a
LOAD /home/developer/.conan/data/arm-none-eabi-gcc/9.2019.q4.major-0/library-msp/ga/package/44fcf6b9a7fb86b2586303e3db40189d3b511830/arm-none-eabi/lib/thumb/v6-m/nofp/libnosys.a
START GROUP
LOAD /home/developer/.conan/data/arm-none-eabi-gcc/9.2019.q4.major-0/library-msp/ga/package/44fcf6b9a7fb86b2586303e3db40189d3b511830/bin/../lib/gcc/arm-none-eabi/9.2.1/thumb/v6-m/nofp/libgcc.a
LOAD /home/developer/.conan/data/arm-none-eabi-gcc/9.2019.q4.major-0/library-msp/ga/package/44fcf6b9a7fb86b2586303e3db40189d3b511830/arm-none-eabi/lib/thumb/v6-m/nofp/libc_nano.a
END GROUP
START GROUP
LOAD /home/developer/.conan/data/arm-none-eabi-gcc/9.2019.q4.major-0/library-msp/ga/package/44fcf6b9a7fb86b2586303e3db40189d3b511830/bin/../lib/gcc/arm-none-eabi/9.2.1/thumb/v6-m/nofp/libgcc.a
LOAD /home/developer/.conan/data/arm-none-eabi-gcc/9.2019.q4.major-0/library-msp/ga/package/44fcf6b9a7fb86b2586303e3db40189d3b511830/arm-none-eabi/lib/thumb/v6-m/nofp/libc_nano.a
END GROUP
OUTPUT(temperatureNotify.out elf32-littlearm)

.debug_info     0x0000000000000000    0x1bdfd
 .debug_info    0x0000000000000000      0x5ea temperatureNotify.obj
 .debug_info    0x00000000000005ea       0x82 main_nortos.obj
 .debug_info    0x000000000000066c      0x4fe ti_devices_config.obj
 .debug_info    0x0000000000000b6a     0x16fc ti_drivers_config.obj
 .debug_info    0x0000000000002266      0x6e7 /project/staging/core_examples/simplelink-lowpower-f3-sdk/source/ti/display/lib/gcc/m0p/display_cc23x0r5.a(Display.c.obj)
 .debug_info    0x000000000000294d     0x194f /project/staging/core_examples/simplelink-lowpower-f3-sdk/source/ti/display/lib/gcc/m0p/display_cc23x0r5.a(DisplayUart2.c.obj)
 .debug_info    0x000000000000429c      0x4f2 /project/staging/core_examples/simplelink-lowpower-f3-sdk/source/ti/drivers/lib/gcc/m0p/drivers_cc23x0r5.a(UDMALPF3.c.obj)
 .debug_info    0x000000000000478e      0xbfa /project/staging/core_examples/simplelink-lowpower-f3-sdk/source/ti/drivers/lib/gcc/m0p/drivers_cc23x0r5.a(GPIO.c.obj)
 .debug_info    0x0000000000005388     0x1736 /project/staging/core_examples/simplelink-lowpower-f3-sdk/source/ti/drivers/lib/gcc/m0p/drivers_cc23x0r5.a(GPIOLPF3.c.obj)
 .debug_info    0x0000000000006abe     0x1e9f /project/staging/core_examples/simplelink-lowpower-f3-sdk/source/ti/drivers/lib/gcc/m0p/drivers_cc23x0r5.a(PowerCC23X0.c.obj)
 .debug_info    0x000000000000895d     0x1fad /project/staging/core_examples/simplelink-lowpower-f3-sdk/source/ti/drivers/lib/gcc/m0p/drivers_cc23x0r5.a(TemperatureLPF3.c.obj)
 .debug_info    0x000000000000a90a     0x216e /project/staging/core_examples/simplelink-lowpower-f3-sdk/source/ti/drivers/lib/gcc/m0p/drivers_cc23x0r5.a(UART2.c.obj)
 .debug_info    0x000000000000ca78     0x4055 /project/staging/core_examples/simplelink-lowpower-f3-sdk/source/ti/drivers/lib/gcc/m0p/drivers_cc23x0r5.a(UART2LPF3.c.obj)
 .debug_info    0x0000000000010acd      0xc31 /project/staging/core_examples/simplelink-lowpower-f3-sdk/source/ti/drivers/lib/gcc/m0p/drivers_cc23x0r5.a(List.c.obj)
 .debug_info    0x00000000000116fe      0x854 /project/staging/core_examples/simplelink-lowpower-f3-sdk/source/ti/drivers/lib/gcc/m0p/drivers_cc23x0r5.a(RingBuf.c.obj)
 .debug_info    0x0000000000011f52      0x412 /project/staging/core_examples/simplelink-lowpower-f3-sdk/source/ti/drivers/lib/gcc/m0p/drivers_cc23x0r5.a(BatMonSupportLPF3.c.obj)
 .debug_info    0x0000000000012364      0x1ec /project/staging/core_examples/simplelink-lowpower-f3-sdk/kernel/nortos/lib/gcc/m0p/nortos_cc23x0r5.a(NoRTOS.c.obj)
 .debug_info    0x0000000000012550      0x124 /project/staging/core_examples/simplelink-lowpower-f3-sdk/kernel/nortos/lib/gcc/m0p/nortos_cc23x0r5.a(posix_sleep.c.obj)
 .debug_info    0x0000000000012674     0x14ac /project/staging/core_examples/simplelink-lowpower-f3-sdk/kernel/nortos/lib/gcc/m0p/nortos_cc23x0r5.a(SemaphoreP_nortos.c.obj)
 .debug_info    0x0000000000013b20     0x11ae /project/staging/core_examples/simplelink-lowpower-f3-sdk/kernel/nortos/lib/gcc/m0p/nortos_cc23x0r5.a(SystemP_nortos.c.obj)
 .debug_info    0x0000000000014cce     0x228f /project/staging/core_examples/simplelink-lowpower-f3-sdk/kernel/nortos/lib/gcc/m0p/nortos_cc23x0r5.a(ClockPLPF3_nortos.c.obj)
 .debug_info    0x0000000000016f5d     0x1650 /project/staging/core_examples/simplelink-lowpower-f3-sdk/kernel/nortos/lib/gcc/m0p/nortos_cc23x0r5.a(HwiPCC23X0_nortos.c.obj)
 .debug_info    0x00000000000185ad      0x2c5 /project/staging/core_examples/simplelink-lowpower-f3-sdk/kernel/nortos/lib/gcc/m0p/nortos_cc23x0r5.a(PowerCC23X0_nortos.c.obj)
 .debug_info    0x0000000000018872      0xbb6 /project/staging/core_examples/simplelink-lowpower-f3-sdk/kernel/nortos/lib/gcc/m0p/nortos_cc23x0r5.a(startup_cc23x0r5_gcc.c.obj)
 .debug_info    0x0000000000019428       0xa5 /project/staging/core_examples/simplelink-lowpower-f3-sdk/source/ti/devices/cc23x0r5/driverlib/lib/gcc/driverlib.a(cpu.c.obj)
 .debug_info    0x00000000000194cd      0x748 /project/staging/core_examples/simplelink-lowpower-f3-sdk/source/ti/devices/cc23x0r5/driverlib/lib/gcc/driverlib.a(interrupt.c.obj)
 .debug_info    0x0000000000019c15      0x233 /project/staging/core_examples/simplelink-lowpower-f3-sdk/source/ti/devices/cc23x0r5/driverlib/lib/gcc/driverlib.a(lrfd.c.obj)
 .debug_info    0x0000000000019e48     0x1aca /project/staging/core_examples/simplelink-lowpower-f3-sdk/source/ti/devices/cc23x0r5/driverlib/lib/gcc/driverlib.a(setup.c.obj)
 .debug_info    0x000000000001b912      0x1c9 /project/staging/core_examples/simplelink-lowpower-f3-sdk/source/ti/devices/cc23x0r5/driverlib/lib/gcc/driverlib.a(uart.c.obj)
 .debug_info    0x000000000001badb      0x322 /project/staging/core_examples/simplelink-lowpower-f3-sdk/source/ti/devices/cc23x0r5/driverlib/lib/gcc/driverlib.a(udma.c.obj)

.debug_abbrev   0x0000000000000000     0x5565
 .debug_abbrev  0x0000000000000000      0x1a8 temperatureNotify.obj
 .debug_abbrev  0x00000000000001a8       0x43 main_nortos.obj
 .debug_abbrev  0x00000000000001eb      0x127 ti_devices_config.obj
 .debug_abbrev  0x0000000000000312      0x377 ti_drivers_config.obj
 .debug_abbrev  0x0000000000000689      0x230 /project/staging/core_examples/simplelink-lowpower-f3-sdk/source/ti/display/lib/gcc/m0p/display_cc23x0r5.a(Display.c.obj)
 .debug_abbrev  0x00000000000008b9      0x4be /project/staging/core_examples/simplelink-lowpower-f3-sdk/source/ti/display/lib/gcc/m0p/display_cc23x0r5.a(DisplayUart2.c.obj)
 .debug_abbrev  0x0000000000000d77      0x233 /project/staging/core_examples/simplelink-lowpower-f3-sdk/source/ti/drivers/lib/gcc/m0p/drivers_cc23x0r5.a(UDMALPF3.c.obj)
 .debug_abbrev  0x0000000000000faa      0x2d6 /project/staging/core_examples/simplelink-lowpower-f3-sdk/source/ti/drivers/lib/gcc/m0p/drivers_cc23x0r5.a(GPIO.c.obj)
 .debug_abbrev  0x0000000000001280      0x500 /project/staging/core_examples/simplelink-lowpower-f3-sdk/source/ti/drivers/lib/gcc/m0p/drivers_cc23x0r5.a(GPIOLPF3.c.obj)
 .debug_abbrev  0x0000000000001780      0x575 /project/staging/core_examples/simplelink-lowpower-f3-sdk/source/ti/drivers/lib/gcc/m0p/drivers_cc23x0r5.a(PowerCC23X0.c.obj)
 .debug_abbrev  0x0000000000001cf5      0x49c /project/staging/core_examples/simplelink-lowpower-f3-sdk/source/ti/drivers/lib/gcc/m0p/drivers_cc23x0r5.a(TemperatureLPF3.c.obj)
 .debug_abbrev  0x0000000000002191      0x45a /project/staging/core_examples/simplelink-lowpower-f3-sdk/source/ti/drivers/lib/gcc/m0p/drivers_cc23x0r5.a(UART2.c.obj)
 .debug_abbrev  0x00000000000025eb      0x667 /project/staging/core_examples/simplelink-lowpower-f3-sdk/source/ti/drivers/lib/gcc/m0p/drivers_cc23x0r5.a(UART2LPF3.c.obj)
 .debug_abbrev  0x0000000000002c52      0x25c /project/staging/core_examples/simplelink-lowpower-f3-sdk/source/ti/drivers/lib/gcc/m0p/drivers_cc23x0r5.a(List.c.obj)
 .debug_abbrev  0x0000000000002eae      0x295 /project/staging/core_examples/simplelink-lowpower-f3-sdk/source/ti/drivers/lib/gcc/m0p/drivers_cc23x0r5.a(RingBuf.c.obj)
 .debug_abbrev  0x0000000000003143      0x1b2 /project/staging/core_examples/simplelink-lowpower-f3-sdk/source/ti/drivers/lib/gcc/m0p/drivers_cc23x0r5.a(BatMonSupportLPF3.c.obj)
 .debug_abbrev  0x00000000000032f5      0x108 /project/staging/core_examples/simplelink-lowpower-f3-sdk/kernel/nortos/lib/gcc/m0p/nortos_cc23x0r5.a(NoRTOS.c.obj)
 .debug_abbrev  0x00000000000033fd       0xa7 /project/staging/core_examples/simplelink-lowpower-f3-sdk/kernel/nortos/lib/gcc/m0p/nortos_cc23x0r5.a(posix_sleep.c.obj)
 .debug_abbrev  0x00000000000034a4      0x44d /project/staging/core_examples/simplelink-lowpower-f3-sdk/kernel/nortos/lib/gcc/m0p/nortos_cc23x0r5.a(SemaphoreP_nortos.c.obj)
 .debug_abbrev  0x00000000000038f1      0x434 /project/staging/core_examples/simplelink-lowpower-f3-sdk/kernel/nortos/lib/gcc/m0p/nortos_cc23x0r5.a(SystemP_nortos.c.obj)
 .debug_abbrev  0x0000000000003d25      0x566 /project/staging/core_examples/simplelink-lowpower-f3-sdk/kernel/nortos/lib/gcc/m0p/nortos_cc23x0r5.a(ClockPLPF3_nortos.c.obj)
 .debug_abbrev  0x000000000000428b      0x535 /project/staging/core_examples/simplelink-lowpower-f3-sdk/kernel/nortos/lib/gcc/m0p/nortos_cc23x0r5.a(HwiPCC23X0_nortos.c.obj)
 .debug_abbrev  0x00000000000047c0      0x11e /project/staging/core_examples/simplelink-lowpower-f3-sdk/kernel/nortos/lib/gcc/m0p/nortos_cc23x0r5.a(PowerCC23X0_nortos.c.obj)
 .debug_abbrev  0x00000000000048de      0x35a /project/staging/core_examples/simplelink-lowpower-f3-sdk/kernel/nortos/lib/gcc/m0p/nortos_cc23x0r5.a(startup_cc23x0r5_gcc.c.obj)
 .debug_abbrev  0x0000000000004c38       0x64 /project/staging/core_examples/simplelink-lowpower-f3-sdk/source/ti/devices/cc23x0r5/driverlib/lib/gcc/driverlib.a(cpu.c.obj)
 .debug_abbrev  0x0000000000004c9c      0x331 /project/staging/core_examples/simplelink-lowpower-f3-sdk/source/ti/devices/cc23x0r5/driverlib/lib/gcc/driverlib.a(interrupt.c.obj)
 .debug_abbrev  0x0000000000004fcd      0x106 /project/staging/core_examples/simplelink-lowpower-f3-sdk/source/ti/devices/cc23x0r5/driverlib/lib/gcc/driverlib.a(lrfd.c.obj)
 .debug_abbrev  0x00000000000050d3      0x20f /project/staging/core_examples/simplelink-lowpower-f3-sdk/source/ti/devices/cc23x0r5/driverlib/lib/gcc/driverlib.a(setup.c.obj)
 .debug_abbrev  0x00000000000052e2      0x125 /project/staging/core_examples/simplelink-lowpower-f3-sdk/source/ti/devices/cc23x0r5/driverlib/lib/gcc/driverlib.a(uart.c.obj)
 .debug_abbrev  0x0000000000005407      0x15e /project/staging/core_examples/simplelink-lowpower-f3-sdk/source/ti/devices/cc23x0r5/driverlib/lib/gcc/driverlib.a(udma.c.obj)

.debug_loc      0x0000000000000000     0xfb10
 .debug_loc     0x0000000000000000      0x173 temperatureNotify.obj
 .debug_loc     0x0000000000000173       0xb8 ti_drivers_config.obj
 .debug_loc     0x000000000000022b      0x381 /project/staging/core_examples/simplelink-lowpower-f3-sdk/source/ti/display/lib/gcc/m0p/display_cc23x0r5.a(Display.c.obj)
 .debug_loc     0x00000000000005ac      0x795 /project/staging/core_examples/simplelink-lowpower-f3-sdk/source/ti/display/lib/gcc/m0p/display_cc23x0r5.a(DisplayUart2.c.obj)
 .debug_loc     0x0000000000000d41      0x1db /project/staging/core_examples/simplelink-lowpower-f3-sdk/source/ti/drivers/lib/gcc/m0p/drivers_cc23x0r5.a(UDMALPF3.c.obj)
 .debug_loc     0x0000000000000f1c      0x191 /project/staging/core_examples/simplelink-lowpower-f3-sdk/source/ti/drivers/lib/gcc/m0p/drivers_cc23x0r5.a(GPIO.c.obj)
 .debug_loc     0x00000000000010ad      0xbcf /project/staging/core_examples/simplelink-lowpower-f3-sdk/source/ti/drivers/lib/gcc/m0p/drivers_cc23x0r5.a(GPIOLPF3.c.obj)
 .debug_loc     0x0000000000001c7c     0x13e1 /project/staging/core_examples/simplelink-lowpower-f3-sdk/source/ti/drivers/lib/gcc/m0p/drivers_cc23x0r5.a(PowerCC23X0.c.obj)
 .debug_loc     0x000000000000305d     0x1ef6 /project/staging/core_examples/simplelink-lowpower-f3-sdk/source/ti/drivers/lib/gcc/m0p/drivers_cc23x0r5.a(TemperatureLPF3.c.obj)
 .debug_loc     0x0000000000004f53     0x12f6 /project/staging/core_examples/simplelink-lowpower-f3-sdk/source/ti/drivers/lib/gcc/m0p/drivers_cc23x0r5.a(UART2.c.obj)
 .debug_loc     0x0000000000006249     0x1bee /project/staging/core_examples/simplelink-lowpower-f3-sdk/source/ti/drivers/lib/gcc/m0p/drivers_cc23x0r5.a(UART2LPF3.c.obj)
 .debug_loc     0x0000000000007e37      0x396 /project/staging/core_examples/simplelink-lowpower-f3-sdk/source/ti/drivers/lib/gcc/m0p/drivers_cc23x0r5.a(List.c.obj)
 .debug_loc     0x00000000000081cd      0x9c6 /project/staging/core_examples/simplelink-lowpower-f3-sdk/source/ti/drivers/lib/gcc/m0p/drivers_cc23x0r5.a(RingBuf.c.obj)
 .debug_loc     0x0000000000008b93      0x168 /project/staging/core_examples/simplelink-lowpower-f3-sdk/source/ti/drivers/lib/gcc/m0p/drivers_cc23x0r5.a(BatMonSupportLPF3.c.obj)
 .debug_loc     0x0000000000008cfb       0x32 /project/staging/core_examples/simplelink-lowpower-f3-sdk/kernel/nortos/lib/gcc/m0p/nortos_cc23x0r5.a(NoRTOS.c.obj)
 .debug_loc     0x0000000000008d2d       0x4a /project/staging/core_examples/simplelink-lowpower-f3-sdk/kernel/nortos/lib/gcc/m0p/nortos_cc23x0r5.a(posix_sleep.c.obj)
 .debug_loc     0x0000000000008d77      0xd76 /project/staging/core_examples/simplelink-lowpower-f3-sdk/kernel/nortos/lib/gcc/m0p/nortos_cc23x0r5.a(SemaphoreP_nortos.c.obj)
 .debug_loc     0x0000000000009aed     0x28a7 /project/staging/core_examples/simplelink-lowpower-f3-sdk/kernel/nortos/lib/gcc/m0p/nortos_cc23x0r5.a(SystemP_nortos.c.obj)
 .debug_loc     0x000000000000c394     0x1cc7 /project/staging/core_examples/simplelink-lowpower-f3-sdk/kernel/nortos/lib/gcc/m0p/nortos_cc23x0r5.a(ClockPLPF3_nortos.c.obj)
 .debug_loc     0x000000000000e05b      0x810 /project/staging/core_examples/simplelink-lowpower-f3-sdk/kernel/nortos/lib/gcc/m0p/nortos_cc23x0r5.a(HwiPCC23X0_nortos.c.obj)
 .debug_loc     0x000000000000e86b      0x3c1 /project/staging/core_examples/simplelink-lowpower-f3-sdk/kernel/nortos/lib/gcc/m0p/nortos_cc23x0r5.a(PowerCC23X0_nortos.c.obj)
 .debug_loc     0x000000000000ec2c       0x54 /project/staging/core_examples/simplelink-lowpower-f3-sdk/kernel/nortos/lib/gcc/m0p/nortos_cc23x0r5.a(startup_cc23x0r5_gcc.c.obj)
 .debug_loc     0x000000000000ec80      0x81b /project/staging/core_examples/simplelink-lowpower-f3-sdk/source/ti/devices/cc23x0r5/driverlib/lib/gcc/driverlib.a(interrupt.c.obj)
 .debug_loc     0x000000000000f49b      0x226 /project/staging/core_examples/simplelink-lowpower-f3-sdk/source/ti/devices/cc23x0r5/driverlib/lib/gcc/driverlib.a(lrfd.c.obj)
 .debug_loc     0x000000000000f6c1       0x22 /project/staging/core_examples/simplelink-lowpower-f3-sdk/source/ti/devices/cc23x0r5/driverlib/lib/gcc/driverlib.a(setup.c.obj)
 .debug_loc     0x000000000000f6e3      0x133 /project/staging/core_examples/simplelink-lowpower-f3-sdk/source/ti/devices/cc23x0r5/driverlib/lib/gcc/driverlib.a(uart.c.obj)
 .debug_loc     0x000000000000f816      0x2fa /project/staging/core_examples/simplelink-lowpower-f3-sdk/source/ti/devices/cc23x0r5/driverlib/lib/gcc/driverlib.a(udma.c.obj)

.debug_aranges  0x0000000000000000      0xab8
 .debug_aranges
                0x0000000000000000       0x30 temperatureNotify.obj
 .debug_aranges
                0x0000000000000030       0x20 main_nortos.obj
 .debug_aranges
                0x0000000000000050       0x18 ti_devices_config.obj
 .debug_aranges
                0x0000000000000068       0x40 ti_drivers_config.obj
 .debug_aranges
                0x00000000000000a8       0x68 /project/staging/core_examples/simplelink-lowpower-f3-sdk/source/ti/display/lib/gcc/m0p/display_cc23x0r5.a(Display.c.obj)
 .debug_aranges
                0x0000000000000110       0x78 /project/staging/core_examples/simplelink-lowpower-f3-sdk/source/ti/display/lib/gcc/m0p/display_cc23x0r5.a(DisplayUart2.c.obj)
 .debug_aranges
                0x0000000000000188       0x28 /project/staging/core_examples/simplelink-lowpower-f3-sdk/source/ti/drivers/lib/gcc/m0p/drivers_cc23x0r5.a(UDMALPF3.c.obj)
 .debug_aranges
                0x00000000000001b0       0x40 /project/staging/core_examples/simplelink-lowpower-f3-sdk/source/ti/drivers/lib/gcc/m0p/drivers_cc23x0r5.a(GPIO.c.obj)
 .debug_aranges
                0x00000000000001f0       0x80 /project/staging/core_examples/simplelink-lowpower-f3-sdk/source/ti/drivers/lib/gcc/m0p/drivers_cc23x0r5.a(GPIOLPF3.c.obj)
 .debug_aranges
                0x0000000000000270      0x110 /project/staging/core_examples/simplelink-lowpower-f3-sdk/source/ti/drivers/lib/gcc/m0p/drivers_cc23x0r5.a(PowerCC23X0.c.obj)
 .debug_aranges
                0x0000000000000380       0x78 /project/staging/core_examples/simplelink-lowpower-f3-sdk/source/ti/drivers/lib/gcc/m0p/drivers_cc23x0r5.a(TemperatureLPF3.c.obj)
 .debug_aranges
                0x00000000000003f8       0x80 /project/staging/core_examples/simplelink-lowpower-f3-sdk/source/ti/drivers/lib/gcc/m0p/drivers_cc23x0r5.a(UART2.c.obj)
 .debug_aranges
                0x0000000000000478       0xd0 /project/staging/core_examples/simplelink-lowpower-f3-sdk/source/ti/drivers/lib/gcc/m0p/drivers_cc23x0r5.a(UART2LPF3.c.obj)
 .debug_aranges
                0x0000000000000548       0x48 /project/staging/core_examples/simplelink-lowpower-f3-sdk/source/ti/drivers/lib/gcc/m0p/drivers_cc23x0r5.a(List.c.obj)
 .debug_aranges
                0x0000000000000590       0x88 /project/staging/core_examples/simplelink-lowpower-f3-sdk/source/ti/drivers/lib/gcc/m0p/drivers_cc23x0r5.a(RingBuf.c.obj)
 .debug_aranges
                0x0000000000000618       0x38 /project/staging/core_examples/simplelink-lowpower-f3-sdk/source/ti/drivers/lib/gcc/m0p/drivers_cc23x0r5.a(BatMonSupportLPF3.c.obj)
 .debug_aranges
                0x0000000000000650       0x30 /project/staging/core_examples/simplelink-lowpower-f3-sdk/kernel/nortos/lib/gcc/m0p/nortos_cc23x0r5.a(NoRTOS.c.obj)
 .debug_aranges
                0x0000000000000680       0x28 /project/staging/core_examples/simplelink-lowpower-f3-sdk/kernel/nortos/lib/gcc/m0p/nortos_cc23x0r5.a(posix_sleep.c.obj)
 .debug_aranges
                0x00000000000006a8       0x78 /project/staging/core_examples/simplelink-lowpower-f3-sdk/kernel/nortos/lib/gcc/m0p/nortos_cc23x0r5.a(SemaphoreP_nortos.c.obj)
 .debug_aranges
                0x0000000000000720       0x38 /project/staging/core_examples/simplelink-lowpower-f3-sdk/kernel/nortos/lib/gcc/m0p/nortos_cc23x0r5.a(SystemP_nortos.c.obj)
 .debug_aranges
                0x0000000000000758       0xd8 /project/staging/core_examples/simplelink-lowpower-f3-sdk/kernel/nortos/lib/gcc/m0p/nortos_cc23x0r5.a(ClockPLPF3_nortos.c.obj)
 .debug_aranges
                0x0000000000000830       0xb8 /project/staging/core_examples/simplelink-lowpower-f3-sdk/kernel/nortos/lib/gcc/m0p/nortos_cc23x0r5.a(HwiPCC23X0_nortos.c.obj)
 .debug_aranges
                0x00000000000008e8       0x20 /project/staging/core_examples/simplelink-lowpower-f3-sdk/kernel/nortos/lib/gcc/m0p/nortos_cc23x0r5.a(PowerCC23X0_nortos.c.obj)
 .debug_aranges
                0x0000000000000908       0x48 /project/staging/core_examples/simplelink-lowpower-f3-sdk/kernel/nortos/lib/gcc/m0p/nortos_cc23x0r5.a(startup_cc23x0r5_gcc.c.obj)
 .debug_aranges
                0x0000000000000950       0x20 /project/staging/core_examples/simplelink-lowpower-f3-sdk/source/ti/devices/cc23x0r5/driverlib/lib/gcc/driverlib.a(cpu.c.obj)
 .debug_aranges
                0x0000000000000970       0x70 /project/staging/core_examples/simplelink-lowpower-f3-sdk/source/ti/devices/cc23x0r5/driverlib/lib/gcc/driverlib.a(interrupt.c.obj)
 .debug_aranges
                0x00000000000009e0       0x30 /project/staging/core_examples/simplelink-lowpower-f3-sdk/source/ti/devices/cc23x0r5/driverlib/lib/gcc/driverlib.a(lrfd.c.obj)
 .debug_aranges
                0x0000000000000a10       0x20 /project/staging/core_examples/simplelink-lowpower-f3-sdk/source/ti/devices/cc23x0r5/driverlib/lib/gcc/driverlib.a(setup.c.obj)
 .debug_aranges
                0x0000000000000a30       0x38 /project/staging/core_examples/simplelink-lowpower-f3-sdk/source/ti/devices/cc23x0r5/driverlib/lib/gcc/driverlib.a(uart.c.obj)
 .debug_aranges
                0x0000000000000a68       0x50 /project/staging/core_examples/simplelink-lowpower-f3-sdk/source/ti/devices/cc23x0r5/driverlib/lib/gcc/driverlib.a(udma.c.obj)

.debug_ranges   0x0000000000000000     0x2020
 .debug_ranges  0x0000000000000000       0x20 temperatureNotify.obj
 .debug_ranges  0x0000000000000020       0x10 main_nortos.obj
 .debug_ranges  0x0000000000000030       0x60 ti_drivers_config.obj
 .debug_ranges  0x0000000000000090       0x58 /project/staging/core_examples/simplelink-lowpower-f3-sdk/source/ti/display/lib/gcc/m0p/display_cc23x0r5.a(Display.c.obj)