******************************************************************************
            TI ARM Clang Linker Unix v3.2.0                    
******************************************************************************
>> Linked Fri Apr 19 13:35:10 2024

OUTPUT FILE NAME:   <comparatorinterrupt.out>
ENTRY POINT SYMBOL: "resetISR"  address: 0000104d


MEMORY CONFIGURATION

         name            origin    length      used     unused   attr    fill
----------------------  --------  ---------  --------  --------  ----  --------
  FLASH                 00000000   00080000  000011c6  0007ee3a  R  X
  SRAM                  20000000   00009000  0000275a  000068a6  RW X
  S2RRAM                40098000   00001000  00000000  00001000  RW  
  CCFG                  4e020000   00000800  00000800  00000000  R   
  LOG_DATA              90000000   00040000  00000000  00040000  R   
  LOG_PTR               94000008   00040000  00000000  00040000  R   


SEGMENT ALLOCATION MAP

run origin  load origin   length   init length attrs members
----------  ----------- ---------- ----------- ----- -------
00000000    00000000    00001178   00001178    r-x
  00000000    00000000    0000008c   0000008c    r-- .resetVecs
  0000008c    0000008c    00001072   00001072    r-x .text
  00001100    00001100    00000078   00000078    r-- .rodata
00001178    00001178    00000008   00000008    rw-
  00001178    00001178    00000008   00000008    rw- .args
00001180    00001180    00000048   00000048    r--
  00001180    00001180    00000048   00000048    r-- .cinit
20000000    20000000    000022ce   00000000    rw-
  20000000    20000000    00002000   00000000    rw- .sysmem
  20002000    20002000    00000170   00000000    rw- .bss
  20002170    20002170    0000015e   00000000    rw- .data
20008c00    20008c00    00000400   00000000    rw-
  20008c00    20008c00    00000400   00000000    rw- .stack
4e020000    4e020000    00000800   00000800    r--
  4e020000    4e020000    00000800   00000800    r-- .ccfg


SECTION ALLOCATION MAP

 output                                  attributes/
section   page    origin      length       input sections
--------  ----  ----------  ----------   ----------------
.resetVecs 
*          0    00000000    0000008c     
                  00000000    0000008c     nortos_cc23x0r5.a : startup_cc23x0r5_ticlang.c.obj (.resetVecs)

.binit     0    00000000    00000000     

.text      0    0000008c    00001072     
                  0000008c    00000140     nortos_cc23x0r5.a : PowerCC23X0_nortos.c.obj (.text.PowerCC23X0_standbyPolicy)
                  000001cc    00000130     drivers_cc23x0r5.a : ComparatorLPF3LP.c.obj (.text.ComparatorLPF3LP_open)
                  000002fc    000000dc                        : GPIOLPF3.c.obj (.text.GPIO_init)
                  000003d8    000000b8                        : ComparatorLPF3LP.c.obj (.text.ComparatorLPF3LP_setTrigger)
                  00000490    0000009c                        : PowerCC23X0.c.obj (.text.Power_init)
                  0000052c    00000078     nortos_cc23x0r5.a : HwiPCC23X0_nortos.c.obj (.text.HwiP_construct)
                  000005a4    00000078     drivers_cc23x0r5.a : PowerCC23X0.c.obj (.text.PowerCC23X0_oscillatorISR)
                  0000061c    00000078     libc.a : copy_decompress_lzss.c.obj (.text:decompress:lzss)
                  00000694    0000006c     drivers_cc23x0r5.a : PowerCC23X0.c.obj (.text.PowerCC23X0_startHFXT)
                  00000700    00000064                        : GPIOLPF3.c.obj (.text.GPIO_setConfigAndMux)
                  00000764    00000064     driverlib.a : interrupt.c.obj (.text.IntSetPriority)
                  000007c8    0000005c     drivers_cc23x0r5.a : ComparatorLPF3LP.c.obj (.text.ComparatorLPF3LP_start)
                  00000824    00000058                        : PowerCC23X0.c.obj (.text.Power_setDependency)
                  0000087c    00000058     libclang_rt.builtins.a : clzsi2.c.obj (.text.__clzsi2)
                  000008d4    00000054     ti_drivers_config.obj (.text.Board_shutDownExtFlash)
                  00000928    00000054     driverlib.a : lrfd.c.obj (.text.LRFDApplyClockDependencies)
                  0000097c    00000050     drivers_cc23x0r5.a : ComparatorLPF3LP.c.obj (.text.ComparatorLPF3LP_close)
                  000009cc    0000004c     ti_drivers_config.obj (.text.Board_sendExtFlashByte)
                  00000a18    0000004c     drivers_cc23x0r5.a : PowerCC23X0.c.obj (.text.Power_sleep)
                  00000a64    00000048     comparatorinterrupt.obj (.text.mainThread)
                  00000aac    00000040     drivers_cc23x0r5.a : Comparator.c.obj (.text.Comparator_init)
                  00000aec    0000003c     libc.a : autoinit.c.obj (.text:__TI_auto_init_nobinit_nopinit)
                  00000b28    00000038     drivers_cc23x0r5.a : GPIOLPF3.c.obj (.text.GPIO_hwiIntFxn)
                  00000b60    00000038     driverlib.a : interrupt.c.obj (.text.IntClearPend)
                  00000b98    00000034     ti_drivers_config.obj (.text.Board_wakeUpExtFlash)
                  00000bcc    00000034     drivers_cc23x0r5.a : ComparatorLPF3LP.c.obj (.text.ComparatorLPF3LP_stop)
                  00000c00    00000034                        : PowerCC23X0.c.obj (.text.PowerCC23X0_notify)
                  00000c34    00000030                        : Comparator.c.obj (.text.Comparator_open)
                  00000c64    00000030                        : GPIO.c.obj (.text.GPIO_resetConfig)
                  00000c94    00000030     driverlib.a : interrupt.c.obj (.text.IntIsEnabled)
                  00000cc4    00000030     drivers_cc23x0r5.a : PowerCC23X0.c.obj (.text.Power_getDependencyCount)
                  00000cf4    00000030                        : PowerCC23X0.c.obj (.text.Power_releaseConstraint)
                  00000d24    0000002c                        : ComparatorLPF3LP.c.obj (.text.ComparatorLPF3LP_getLevel)
                  00000d50    0000002c     driverlib.a : interrupt.c.obj (.text.IntRegister)
                  00000d7c    0000002c     drivers_cc23x0r5.a : PowerCC23X0.c.obj (.text.PowerCC23X0_setDependencyCount)
                  00000da8    0000002c                        : PowerCC23X0.c.obj (.text.Power_setConstraint)
                  00000dd4    0000002c     driverlib.a : setup.c.obj (.text.SetupTrimDevice)
                  00000e00    00000028     ti_drivers_config.obj (.text.Board_init)
                  00000e28    00000028     driverlib.a : interrupt.c.obj (.text.IntDisable)
                  00000e50    00000028                 : interrupt.c.obj (.text.IntEnable)
                  00000e78    00000024     drivers_cc23x0r5.a : ComparatorLPF3LP.c.obj (.text.ComparatorLPF3LP_hwiIntFxn)
                  00000e9c    00000024     nortos_cc23x0r5.a : HwiPCC23X0_nortos.c.obj (.text.HwiP_dispatch)
                  00000ec0    00000024     drivers_cc23x0r5.a : PowerCC23X0.c.obj (.text.PowerLPF3_selectLFXT)
                  00000ee4    00000024     libc.a : boot_cortex_m.c.obj (.text:_c_int00)
                  00000f08    0000001c     drivers_cc23x0r5.a : GPIO.c.obj (.text.GPIO_setCallback)
                  00000f24    0000001c     driverlib.a : lrfd.c.obj (.text.LRFDSetClockDependency)
                  00000f40    0000001c     libc.a : args_main.c.obj (.text._args_main)
                  00000f5c    00000016            : copy_zero_init.c.obj (.text:decompress:ZI:__TI_zero_init_nomemset)
                  00000f72    00000002     ti_drivers_config.obj (.text.Board_initHook)
                  00000f74    00000014     drivers_cc23x0r5.a : GPIOLPF3.c.obj (.text.GPIO_disableInt)
                  00000f88    00000014                        : GPIOLPF3.c.obj (.text.GPIO_write)
                  00000f9c    00000014     driverlib.a : interrupt.c.obj (.text.IntUnregister)
                  00000fb0    00000012     drivers_cc23x0r5.a : ComparatorLPF3LP.c.obj (.text.ComparatorLPF3LP_getTrigger)
                  00000fc2    00000012     nortos_cc23x0r5.a : HwiPCC23X0_nortos.c.obj (.text.HwiP_destruct)
                  00000fd4    00000012     comparatorinterrupt.obj (.text.comparatorCallback)
                  00000fe6    00000012     libc.a : memcpy16.S.obj (.text:TI_memcpy_small)
                  00000ff8    00000012            : copy_decompress_none.c.obj (.text:decompress:none)
                  0000100a    00000002     driverlib.a : interrupt.c.obj (.text.IntDefaultHandler)
                  0000100c    00000010     drivers_cc23x0r5.a : Comparator.c.obj (.text.Comparator_Params_init)
                  0000101c    00000010                        : GPIOLPF3.c.obj (.text.GPIO_toggle)
                  0000102c    00000010     nortos_cc23x0r5.a : HwiPCC23X0_nortos.c.obj (.text.HwiP_Params_init)
                  0000103c    00000010     main_nortos.obj (.text.main)
                  0000104c    00000010     nortos_cc23x0r5.a : startup_cc23x0r5_ticlang.c.obj (.text.resetISR)
                  0000105c    0000000e     drivers_cc23x0r5.a : ComparatorLPF3LP.c.obj (.text.ComparatorLPF3LP_init)
                  0000106a    0000000e     nortos_cc23x0r5.a : HwiPCC23X0_nortos.c.obj (.text.HwiP_restore)
                  00001078    0000000c                       : HwiPCC23X0_nortos.c.obj (.text.HwiP_disable)
                  00001084    0000000c     drivers_cc23x0r5.a : PowerCC23X0.c.obj (.text.PowerCC23X0_rtcISR)
                  00001090    0000000c                        : PowerCC23X0.c.obj (.text.Power_getConstraintMask)
                  0000109c    0000000a                        : Comparator.c.obj (.text.Comparator_getLevel)
                  000010a6    0000000a                        : Comparator.c.obj (.text.Comparator_start)
                  000010b0    0000000a                        : GPIOLPF3.c.obj (.text.GPIO_setConfig)
                  000010ba    00000008     nortos_cc23x0r5.a : HwiPCC23X0_nortos.c.obj (.text.HwiP_clearInterrupt)
                  000010c2    00000008                       : HwiPCC23X0_nortos.c.obj (.text.HwiP_disableInterrupt)
                  000010ca    00000008                       : HwiPCC23X0_nortos.c.obj (.text.HwiP_enable)
                  000010d2    00000008                       : HwiPCC23X0_nortos.c.obj (.text.HwiP_enableInterrupt)
                  000010da    00000008                       : NoRTOS.c.obj (.text.NoRTOS_start)
                  000010e2    00000002                       : startup_cc23x0r5_ticlang.c.obj (.text.faultISR)
                  000010e4    00000008     libclang_rt.builtins.a : aeabi_memcpy.S.obj (.text.__aeabi_memcpy)
                  000010ec    00000006     driverlib.a : cpu.c.obj (.text.CPUDelay)
                  000010f2    00000004     libc.a : pre_init.c.obj (.text._system_pre_init)
                  000010f6    00000004            : exit.c.obj (.text:abort)
                  000010fa    00000002     nortos_cc23x0r5.a : startup_cc23x0r5_ticlang.c.obj (.text.intDefaultHandler)
                  000010fc    00000002                       : startup_cc23x0r5_ticlang.c.obj (.text.nmiISR)

.rodata    0    00001100    00000078     
                  00001100    00000020     drivers_cc23x0r5.a : ComparatorLPF3LP.c.obj (.rodata.ComparatorLPF3LP_fxnTable)
                  00001120    00000018     ti_drivers_config.obj (.rodata.ComparatorLPF3LP_hwAttrs)
                  00001138    00000010     ti_drivers_config.obj (.rodata.GPIO_config)
                  00001148    0000000c     drivers_cc23x0r5.a : ComparatorLPF3LP.c.obj (.rodata..Lswitch.table.ComparatorLPF3LP_setTrigger)
                  00001154    0000000c     ti_drivers_config.obj (.rodata.Comparator_config)
                  00001160    00000008     drivers_cc23x0r5.a : Comparator.c.obj (.rodata.Comparator_defaultParams)
                  00001168    00000008     ti_drivers_config.obj (.rodata.PowerCC23X0_config)
                  00001170    00000005     nortos_cc23x0r5.a : PowerCC23X0_nortos.c.obj (.rodata.sysTimerResolutionShift)
                  00001175    00000001     ti_drivers_config.obj (.rodata.Comparator_count)
                  00001176    00000001     ti_drivers_config.obj (.rodata.GPIO_pinLowerBound)
                  00001177    00000001     ti_drivers_config.obj (.rodata.GPIO_pinUpperBound)

.cinit     0    00001180    00000048     
                  00001180    00000021     (.cinit..data.load) [load image, compression = lzss]
                  000011a1    00000003     --HOLE-- [fill = 0]
                  000011a4    0000000c     (__TI_handler_table)
                  000011b0    00000008     (.cinit..bss.load) [load image, compression = zero_init]
                  000011b8    00000010     (__TI_cinit_table)

.init_array 
*          0    00000000    00000000     UNINITIALIZED

.sysmem    0    20000000    00002000     UNINITIALIZED
                  20000000    00000010     libc.a : memory.c.obj (.sysmem)
                  20000010    00001ff0     --HOLE--

.bss       0    20002000    00000170     UNINITIALIZED
                  20002000    00000068     (.common:gpioCallbackFunctions)
                  20002068    00000068     (.common:gpioUserArgs)
                  200020d0    00000024     (.common:ComparatorLPF3LP_objects)
                  200020f4    0000001c     drivers_cc23x0r5.a : PowerCC23X0.c.obj (.bss.ckmHwi)
                  20002110    0000001c                        : GPIOLPF3.c.obj (.bss.gpioHwi)
                  2000212c    0000001c     (.common:clockHwi)
                  20002148    00000014     nortos_cc23x0r5.a : PowerCC23X0_nortos.c.obj (.bss.sysTimerTimeouts)
                  2000215c    00000008     drivers_cc23x0r5.a : PowerCC23X0.c.obj (.bss.notifyList)
                  20002164    00000004                        : PowerCC23X0.c.obj (.bss.PowerCC23X0_enterStandby.controlPreStandby)
                  20002168    00000004                        : PowerCC23X0.c.obj (.bss.constraintCounts)
                  2000216c    00000004     driverlib.a : lrfd.c.obj (.bss.lrfdClockDependencySets)

.data      0    20002170    0000015e     UNINITIALIZED
                  20002170    0000008c     nortos_cc23x0r5.a : HwiPCC23X0_nortos.c.obj (.data.HwiP_dispatchTable)
                  200021fc    00000068     ti_drivers_config.obj (.data.gpioPinConfigs)
                  20002264    0000003f     drivers_cc23x0r5.a : PowerCC23X0.c.obj (.data..L_MergedGlobals.1)
                  200022a3    00000001                        : GPIOLPF3.c.obj (.data.initCalled)
                  200022a4    00000024                        : PowerCC23X0.c.obj (.data..L_MergedGlobals)
                  200022c8    00000004     nortos_cc23x0r5.a : HwiPCC23X0_nortos.c.obj (.data.HwiP_swiPIntNum)
                  200022cc    00000001     drivers_cc23x0r5.a : Comparator.c.obj (.data.isInitialized)
                  200022cd    00000001     driverlib.a : lrfd.c.obj (.data.lrfdClocked)

.ramVecs   0    20002300    0000008c     NOLOAD SECTION
                  20002300    0000008c     driverlib.a : interrupt.c.obj (.ramVecs)

.stack     0    20008c00    00000400     UNINITIALIZED
                  20008c00    00000004     libc.a : boot_cortex_m.c.obj (.stack)
                  20008c04    000003fc     --HOLE--

.ccfg      0    4e020000    00000800     
                  4e020000    00000800     ti_devices_config.obj (.ccfg)

.log_data 
*          0    90000000    00000000     COPY SECTION

.log_ptr   0    94000008    00000000     COPY SECTION

__llvm_prf_cnts 
*          0    20000000    00000000     UNINITIALIZED

__llvm_prf_bits 
*          0    20000000    00000000     UNINITIALIZED

.args      0    00001178    00000008     
                  00001178    00000008     --HOLE-- [fill = 0]

MODULE SUMMARY

       Module                           code   ro data   rw data
       ------                           ----   -------   -------
    <current directory>
       ti_devices_config.obj            0      2048      0      
       ti_drivers_config.obj            254    63        348    
       comparatorinterrupt.obj          90     0         0      
       main_nortos.obj                  16     0         0      
    +--+--------------------------------+------+---------+---------+
       Total:                           360    2111      348    
                                                                
    /home/developer/.conan/data/tiarmllvm/3.2.0.LTS-0/library-msp/ga/package/be241241e9d4718e5bab4eb33935bbb69606bb0c/lib/armv6m-ti-none-eabi/c/libc.a
       copy_decompress_lzss.c.obj       120    0         0      
       autoinit.c.obj                   60     0         0      
       boot_cortex_m.c.obj              36     0         0      
       args_main.c.obj                  28     0         0      
       copy_zero_init.c.obj             22     0         0      
       copy_decompress_none.c.obj       18     0         0      
       memcpy16.S.obj                   18     0         0      
       exit.c.obj                       4      0         0      
       pre_init.c.obj                   4      0         0      
    +--+--------------------------------+------+---------+---------+
       Total:                           310    0         0      
                                                                
    /home/developer/.conan/data/tiarmllvm/3.2.0.LTS-0/library-msp/ga/package/be241241e9d4718e5bab4eb33935bbb69606bb0c/lib/clang/15.0.7/lib/armv6m-ti-none-eabi/libclang_rt.builtins.a
       clzsi2.c.obj                     88     0         0      
       aeabi_memcpy.S.obj               8      0         0      
    +--+--------------------------------+------+---------+---------+
       Total:                           96     0         0      
                                                                
    /project/staging/core_examples/simplelink-lowpower-f3-sdk/kernel/nortos/lib/ticlang/m0p/nortos_cc23x0r5.a
       HwiPCC23X0_nortos.c.obj          248    0         144    
       PowerCC23X0_nortos.c.obj         320    5         20     
       startup_cc23x0r5_ticlang.c.obj   22     140       0      
       NoRTOS.c.obj                     8      0         0      
    +--+--------------------------------+------+---------+---------+
       Total:                           598    145       164    
                                                                
    /project/staging/core_examples/simplelink-lowpower-f3-sdk/source/ti/devices/cc23x0r5/driverlib/lib/ticlang/driverlib.a
       interrupt.c.obj                  350    0         140    
       lrfd.c.obj                       112    0         5      
       setup.c.obj                      44     0         0      
       cpu.c.obj                        6      0         0      
    +--+--------------------------------+------+---------+---------+
       Total:                           512    0         145    
                                                                
    /project/staging/core_examples/simplelink-lowpower-f3-sdk/source/ti/drivers/lib/ticlang/m0p/drivers_cc23x0r5.a
       PowerCC23X0.c.obj                844    0         171    
       ComparatorLPF3LP.c.obj           824    44        0      
       GPIOLPF3.c.obj                   442    0         29     
       Comparator.c.obj                 148    8         1      
       GPIO.c.obj                       76     0         0      
    +--+--------------------------------+------+---------+---------+
       Total:                           2334   52        201    
                                                                
       Heap:                            0      0         8192   
       Stack:                           0      0         1024   
       Linker Generated:                0      69        0      
    +--+--------------------------------+------+---------+---------+
       Grand Total:                     4210   2377      10074  


LINKER GENERATED COPY TABLES

__TI_cinit_table @ 000011b8 records: 2, size/record: 8, table size: 16
	.data: load addr=00001180, load size=00000021 bytes, run addr=20002170, run size=0000015e bytes, compression=lzss
	.bss: load addr=000011b0, load size=00000008 bytes, run addr=20002000, run size=00000170 bytes, compression=zero_init


LINKER GENERATED HANDLER TABLE

__TI_handler_table @ 000011a4 records: 3, size/record: 4, table size: 12
	index: 0, handler: __TI_decompress_lzss
	index: 1, handler: __TI_decompress_none
	index: 2, handler: __TI_zero_init


GLOBAL SYMBOLS: SORTED ALPHABETICALLY BY Name 

address   name                          
-------   ----                          
00000e01  Board_init                    
00000f73  Board_initHook                
000009cd  Board_sendExtFlashByte        
000008d5  Board_shutDownExtFlash        
00000b99  Board_wakeUpExtFlash          
000010f6  C$$EXIT                       
000010ed  CPUDelay                      
0000097d  ComparatorLPF3LP_close        
00001100  ComparatorLPF3LP_fxnTable     
00000d25  ComparatorLPF3LP_getLevel     
00000fb1  ComparatorLPF3LP_getTrigger   
00001120  ComparatorLPF3LP_hwAttrs      
0000105d  ComparatorLPF3LP_init         
200020d0  ComparatorLPF3LP_objects      
000001cd  ComparatorLPF3LP_open         
000003d9  ComparatorLPF3LP_setTrigger   
000007c9  ComparatorLPF3LP_start        
00000bcd  ComparatorLPF3LP_stop         
0000100d  Comparator_Params_init        
00001154  Comparator_config             
00001175  Comparator_count              
0000109d  Comparator_getLevel           
00000aad  Comparator_init               
00000c35  Comparator_open               
000010a7  Comparator_start              
00001138  GPIO_config                   
00000f75  GPIO_disableInt               
00000b29  GPIO_hwiIntFxn                
000002fd  GPIO_init                     
00001176  GPIO_pinLowerBound            
00001177  GPIO_pinUpperBound            
00000c65  GPIO_resetConfig              
00000f09  GPIO_setCallback              
000010b1  GPIO_setConfig                
00000701  GPIO_setConfigAndMux          
0000101d  GPIO_toggle                   
00000f89  GPIO_write                    
0000102d  HwiP_Params_init              
000010bb  HwiP_clearInterrupt           
0000052d  HwiP_construct                
00000fc3  HwiP_destruct                 
00001079  HwiP_disable                  
000010c3  HwiP_disableInterrupt         
00000e9d  HwiP_dispatch                 
000010cb  HwiP_enable                   
000010d3  HwiP_enableInterrupt          
0000106b  HwiP_restore                  
200022c8  HwiP_swiPIntNum               
00000b61  IntClearPend                  
00000e29  IntDisable                    
00000e51  IntEnable                     
00000c95  IntIsEnabled                  
00000d51  IntRegister                   
00000765  IntSetPriority                
00000f9d  IntUnregister                 
00000929  LRFDApplyClockDependencies    
00000f25  LRFDSetClockDependency        
000010db  NoRTOS_start                  
00001168  PowerCC23X0_config            
00000c01  PowerCC23X0_notify            
0000008d  PowerCC23X0_standbyPolicy     
00000ec1  PowerLPF3_selectLFXT          
00001091  Power_getConstraintMask       
00000cc5  Power_getDependencyCount      
00000491  Power_init                    
00000cf5  Power_releaseConstraint       
00000da9  Power_setConstraint           
00000825  Power_setDependency           
00000a19  Power_sleep                   
00000dd5  SetupTrimDevice               
00000fe7  TI_memcpy_small               
20009000  __STACK_END                   
00000400  __STACK_SIZE                  
00002000  __SYSMEM_SIZE                 
00000000  __TI_ATRegion0_region_sz      
00000000  __TI_ATRegion0_src_addr       
00000000  __TI_ATRegion0_trg_addr       
00000000  __TI_ATRegion1_region_sz      
00000000  __TI_ATRegion1_src_addr       
00000000  __TI_ATRegion1_trg_addr       
00000000  __TI_ATRegion2_region_sz      
00000000  __TI_ATRegion2_src_addr       
00000000  __TI_ATRegion2_trg_addr       
000011b8  __TI_CINIT_Base               
000011c8  __TI_CINIT_Limit              
000011c8  __TI_CINIT_Warm               
000011a4  __TI_Handler_Table_Base       
000011b0  __TI_Handler_Table_Limit      
00000aed  __TI_auto_init_nobinit_nopinit
0000061d  __TI_decompress_lzss          
00000ff9  __TI_decompress_none          
ffffffff  __TI_pprof_out_hndl           
ffffffff  __TI_prof_data_size           
ffffffff  __TI_prof_data_start          
00000000  __TI_static_base__            
00000f5d  __TI_zero_init_nomemset       
000010e5  __aeabi_memcpy                
000010e5  __aeabi_memcpy4               
000010e5  __aeabi_memcpy8               
ffffffff  __binit__                     
00001178  __c_args__                    
0000087d  __clzsi2                      
UNDEFED   __mpu_init                    
20008c00  __stack                       
20000000  __start___llvm_prf_bits       
20000000  __start___llvm_prf_cnts       
20000000  __stop___llvm_prf_bits        
20000000  __stop___llvm_prf_cnts        
00000f41  _args_main                    
00000ee5  _c_int00                      
20000000  _sys_memory                   
UNDEFED   _system_post_cinit            
000010f3  _system_pre_init              
000010f7  abort                         
ffffffff  binit                         
4e020000  ccfg                          
2000212c  clockHwi                      
00000fd5  comparatorCallback            
20002000  gpioCallbackFunctions         
200021fc  gpioPinConfigs                
20002068  gpioUserArgs                  
0000103d  main                          
00000a65  mainThread                    
0000104d  resetISR                      


GLOBAL SYMBOLS: SORTED BY Symbol Address 

address   name                          
-------   ----                          
00000000  __TI_ATRegion0_region_sz      
00000000  __TI_ATRegion0_src_addr       
00000000  __TI_ATRegion0_trg_addr       
00000000  __TI_ATRegion1_region_sz      
00000000  __TI_ATRegion1_src_addr       
00000000  __TI_ATRegion1_trg_addr       
00000000  __TI_ATRegion2_region_sz      
00000000  __TI_ATRegion2_src_addr       
00000000  __TI_ATRegion2_trg_addr       
00000000  __TI_static_base__            
0000008d  PowerCC23X0_standbyPolicy     
000001cd  ComparatorLPF3LP_open         
000002fd  GPIO_init                     
000003d9  ComparatorLPF3LP_setTrigger   
00000400  __STACK_SIZE                  
00000491  Power_init                    
0000052d  HwiP_construct                
0000061d  __TI_decompress_lzss          
00000701  GPIO_setConfigAndMux          
00000765  IntSetPriority                
000007c9  ComparatorLPF3LP_start        
00000825  Power_setDependency           
0000087d  __clzsi2                      
000008d5  Board_shutDownExtFlash        
00000929  LRFDApplyClockDependencies    
0000097d  ComparatorLPF3LP_close        
000009cd  Board_sendExtFlashByte        
00000a19  Power_sleep                   
00000a65  mainThread                    
00000aad  Comparator_init               
00000aed  __TI_auto_init_nobinit_nopinit
00000b29  GPIO_hwiIntFxn                
00000b61  IntClearPend                  
00000b99  Board_wakeUpExtFlash          
00000bcd  ComparatorLPF3LP_stop         
00000c01  PowerCC23X0_notify            
00000c35  Comparator_open               
00000c65  GPIO_resetConfig              
00000c95  IntIsEnabled                  
00000cc5  Power_getDependencyCount      
00000cf5  Power_releaseConstraint       
00000d25  ComparatorLPF3LP_getLevel     
00000d51  IntRegister                   
00000da9  Power_setConstraint           
00000dd5  SetupTrimDevice               
00000e01  Board_init                    
00000e29  IntDisable                    
00000e51  IntEnable                     
00000e9d  HwiP_dispatch                 
00000ec1  PowerLPF3_selectLFXT          
00000ee5  _c_int00                      
00000f09  GPIO_setCallback              
00000f25  LRFDSetClockDependency        
00000f41  _args_main                    
00000f5d  __TI_zero_init_nomemset       
00000f73  Board_initHook                
00000f75  GPIO_disableInt               
00000f89  GPIO_write                    
00000f9d  IntUnregister                 
00000fb1  ComparatorLPF3LP_getTrigger   
00000fc3  HwiP_destruct                 
00000fd5  comparatorCallback            
00000fe7  TI_memcpy_small               
00000ff9  __TI_decompress_none          
0000100d  Comparator_Params_init        
0000101d  GPIO_toggle                   
0000102d  HwiP_Params_init              
0000103d  main                          
0000104d  resetISR                      
0000105d  ComparatorLPF3LP_init         
0000106b  HwiP_restore                  
00001079  HwiP_disable                  
00001091  Power_getConstraintMask       
0000109d  Comparator_getLevel           
000010a7  Comparator_start              
000010b1  GPIO_setConfig                
000010bb  HwiP_clearInterrupt           
000010c3  HwiP_disableInterrupt         
000010cb  HwiP_enable                   
000010d3  HwiP_enableInterrupt          
000010db  NoRTOS_start                  
000010e5  __aeabi_memcpy                
000010e5  __aeabi_memcpy4               
000010e5  __aeabi_memcpy8               
000010ed  CPUDelay                      
000010f3  _system_pre_init              
000010f6  C$$EXIT                       
000010f7  abort                         
00001100  ComparatorLPF3LP_fxnTable     
00001120  ComparatorLPF3LP_hwAttrs      
00001138  GPIO_config                   
00001154  Comparator_config             
00001168  PowerCC23X0_config            
00001175  Comparator_count              
00001176  GPIO_pinLowerBound            
00001177  GPIO_pinUpperBound            
00001178  __c_args__                    
000011a4  __TI_Handler_Table_Base       
000011b0  __TI_Handler_Table_Limit      
000011b8  __TI_CINIT_Base               
000011c8  __TI_CINIT_Limit              
000011c8  __TI_CINIT_Warm               
00002000  __SYSMEM_SIZE                 
20000000  __start___llvm_prf_bits       
20000000  __start___llvm_prf_cnts       
20000000  __stop___llvm_prf_bits        
20000000  __stop___llvm_prf_cnts        
20000000  _sys_memory                   
20002000  gpioCallbackFunctions         
20002068  gpioUserArgs                  
200020d0  ComparatorLPF3LP_objects      
2000212c  clockHwi                      
200021fc  gpioPinConfigs                
200022c8  HwiP_swiPIntNum               
20008c00  __stack                       
20009000  __STACK_END                   
4e020000  ccfg                          
ffffffff  __TI_pprof_out_hndl           
ffffffff  __TI_prof_data_size           
ffffffff  __TI_prof_data_start          
ffffffff  __binit__                     
ffffffff  binit                         
UNDEFED   __mpu_init                    
UNDEFED   _system_post_cinit            

[124 symbols]
